40.77.167.65 - - [22/May/2024:17:07:41 -0700] "GET /services/search/search/?q=&f.facet_instrument.facet.prefix=2%2Cglobal%20positioning%20system%2C&f.facet_investigation.facet.prefix=2%2Csupport%20archives%2C&fq=facet_agency%3A%221%2Cnasa%22&fq=facet_investigation%3A%221%2Csupport%20archives%22&f.facet_agency.facet.prefix=2%2Cnasa%2C&start=200 HTTP/1.1" 200 36979 "-" "Mozilla/5.0 AppleWebKit/537.36 (KHTML, like Gecko; compatible; bingbot/2.0; +http://www.bing.com/bingbot.htm) Chrome/116.0.1938.76 Safari/537.36"
40.77.167.65 - - [22/May/2024:17:07:41 -0700] "GET /services/search/search/?q=&f.facet_instrument.facet.prefix=2%2Cglobal%20positioning%20system%2C&f.facet_investigation.facet.prefix=2%2Csupport%20archives%2C&fq=facet_agency%3A%221%2Cnasa%22&fq=facet_investigation%3A%221%2Csupport%20archives%22&f.facet_agency.facet.prefix=2%2Cnasa%2C&start=250 HTTP/1.1" 200 34294 "-" "Mozilla/5.0 AppleWebKit/537.36 (KHTML, like Gecko; compatible; bingbot/2.0; +http://www.bing.com/bingbot.htm) Chrome/116.0.1938.76 Safari/537.36"
128.97.31.2 - - [22/May/2024:17:07:43 -0700] "GET /pds4/pds/v1/PDS4_PDS_1L00.xsd HTTP/1.1" 200 414576 "-" "Oxygen XML Editor/20.1"
128.97.31.2 - - [22/May/2024:17:07:43 -0700] "GET /pds4/pds/v1/PDS4_PDS_1L00.xsd HTTP/1.1" 200 414576 "-" "Oxygen XML Editor/20.1"
52.167.144.173 - - [22/May/2024:17:07:44 -0700] "GET /services/search/search?q=&f.facet_pds_model_version.facet.prefix=2%2Cpds3%2C&f.facet_investigation.facet.prefix=2%252Clunar_crater_observation_and_sensing_satellite%252C&fq=facet_pds_model_version%3A%221%2Cpds3%22&fq=facet_type%3A%221%2Cresource%22&f.facet_target.facet.prefix=3%2Casteroid%2C289%20nenetta%2C&f.facet_type.facet.prefix=2%2Cresource%2C&start=400 HTTP/1.1" 200 14885 "-" "Mozilla/5.0 AppleWebKit/537.36 (KHTML, like Gecko; compatible; bingbot/2.0; +http://www.bing.com/bingbot.htm) Chrome/116.0.1938.76 Safari/537.36"
52.167.144.173 - - [22/May/2024:17:07:45 -0700] "GET /services/search/search?q=&f.facet_pds_model_version.facet.prefix=2%2Cpds3%2C&f.facet_investigation.facet.prefix=2%252Clunar_crater_observation_and_sensing_satellite%252C&fq=facet_pds_model_version%3A%221%2Cpds3%22&f.facet_target.facet.prefix=3%2Casteroid%2C289%20nenetta%2C&fq=facet_instrument%3A%221%2Caccelerometer%22&f.facet_instrument.facet.prefix=2%2Caccelerometer%2C HTTP/1.1" 200 16902 "-" "Mozilla/5.0 AppleWebKit/537.36 (KHTML, like Gecko; compatible; bingbot/2.0; +http://www.bing.com/bingbot.htm) Chrome/116.0.1938.76 Safari/537.36"
52.167.144.173 - - [22/May/2024:17:07:46 -0700] "GET /services/search/search?q=&f.facet_instrument.facet.prefix=3%2Cmeteorology%2Cweather%20station%2C&f.facet_investigation.facet.prefix=2%252Clunar_crater_observation_and_sensing_satellite%252C&fq=facet_instrument%3A%222%2Cmeteorology%2Cweather%20station%22&f.facet_target.facet.prefix=3%2Casteroid%2C289%20nenetta%2C&fq=facet_type%3A%221%2Cinstrument%22&f.facet_type.facet.prefix=2%2Cinstrument%2C HTTP/1.1" 200 3126 "-" "Mozilla/5.0 AppleWebKit/537.36 (KHTML, like Gecko; compatible; bingbot/2.0; +http://www.bing.com/bingbot.htm) Chrome/116.0.1938.76 Safari/537.36"
52.167.144.173 - - [22/May/2024:17:07:46 -0700] "GET /services/search/search?q=&f.facet_pds_model_version.facet.prefix=2%2Cpds3%2C&f.facet_investigation.facet.prefix=2%252Clunar_crater_observation_and_sensing_satellite%252C&fq=facet_pds_model_version%3A%221%2Cpds3%22&fq=facet_type%3A%221%2Cinstrument_host%22&f.facet_target.facet.prefix=3%2Casteroid%2C289%20nenetta%2C&f.facet_type.facet.prefix=2%2Cinstrument_host%2C&start=100 HTTP/1.1" 200 21851 "-" "Mozilla/5.0 AppleWebKit/537.36 (KHTML, like Gecko; compatible; bingbot/2.0; +http://www.bing.com/bingbot.htm) Chrome/116.0.1938.76 Safari/537.36"
52.167.144.173 - - [22/May/2024:17:07:46 -0700] "GET /services/search/search?q=&f.facet_pds_model_version.facet.prefix=2%2Cpds3%2C&f.facet_investigation.facet.prefix=2%252Clunar_crater_observation_and_sensing_satellite%252C&fq=facet_pds_model_version%3A%221%2Cpds3%22&f.facet_target.facet.prefix=3%2Casteroid%2C289%20nenetta%2C&start=1050 HTTP/1.1" 200 23784 "-" "Mozilla/5.0 AppleWebKit/537.36 (KHTML, like Gecko; compatible; bingbot/2.0; +http://www.bing.com/bingbot.htm) Chrome/116.0.1938.76 Safari/537.36"
52.233.106.168 - - [22/May/2024:17:07:48 -0700] "GET /data/pvo-v-omag-3--sccoords-hires-v1.0/pv01_0001/data/omag/24s/orb0028.ffh HTTP/1.1" 200 2304 "-" "Mozilla/5.0 AppleWebKit/537.36 (KHTML, like Gecko; compatible; GPTBot/1.0; +https://openai.com/gptbot)"
52.233.106.168 - - [22/May/2024:17:07:49 -0700] "GET /services/search/search?q=&f.facet_primary_result_purpose.facet.prefix=2%2Cnavigation%2C&f.facet_pds_model_version.facet.prefix=2%252Cpds4%252C&f.facet_target.facet.prefix=2%2Casteroid%2C&f.facet_agency.facet.prefix=2%252Cesa%252C&f.facet_type.facet.prefix=2%2Cservice%2C&start=600 HTTP/1.1" 200 152085 "-" "Mozilla/5.0 AppleWebKit/537.36 (KHTML, like Gecko; compatible; GPTBot/1.0; +https://openai.com/gptbot)"
52.167.144.173 - - [22/May/2024:17:07:49 -0700] "GET /services/search/search/?q=&f.facet_primary_result_purpose.facet.prefix=2%2Cengineering%2C&f.facet_instrument.facet.prefix=3%2Cspectrometer%2Cspex%2C&fq=facet_target%3A%222%2Cmeteorite%2Chomestead%22&f.facet_target.facet.prefix=3%2Cmeteorite%2Chomestead%2C&f.facet_type.facet.prefix=2%2Cinvestigation%2C HTTP/1.1" 200 6557 "-" "Mozilla/5.0 AppleWebKit/537.36 (KHTML, like Gecko; compatible; bingbot/2.0; +http://www.bing.com/bingbot.htm) Chrome/116.0.1938.76 Safari/537.36"
52.167.144.173 - - [22/May/2024:17:07:49 -0700] "GET /services/search/search?q=&f.facet_instrument.facet.prefix=2%2Cradio%20spectrometer%2C&f.facet_investigation.facet.prefix=2%252Clunar_crater_observation_and_sensing_satellite%252C&fq=facet_instrument%3A%221%2Cradio%20spectrometer%22&f.facet_target.facet.prefix=3%2Casteroid%2C289%20nenetta%2C HTTP/1.1" 200 23807 "-" "Mozilla/5.0 AppleWebKit/537.36 (KHTML, like Gecko; compatible; bingbot/2.0; +http://www.bing.com/bingbot.htm) Chrome/116.0.1938.76 Safari/537.36"
52.167.144.173 - - [22/May/2024:17:07:50 -0700] "GET /services/search/search?q=&f.facet_pds_model_version.facet.prefix=2%2Cpds3%2C&f.facet_investigation.facet.prefix=2%252Clunar_crater_observation_and_sensing_satellite%252C&fq=facet_pds_model_version%3A%221%2Cpds3%22&f.facet_target.facet.prefix=3%2Casteroid%2C289%20nenetta%2C&start=850 HTTP/1.1" 200 23776 "-" "Mozilla/5.0 AppleWebKit/537.36 (KHTML, like Gecko; compatible; bingbot/2.0; +http://www.bing.com/bingbot.htm) Chrome/116.0.1938.76 Safari/537.36"
52.167.144.173 - - [22/May/2024:17:07:50 -0700] "GET /services/search/search?q=&f.facet_pds_model_version.facet.prefix=2%2Cpds3%2C&f.facet_instrument.facet.prefix=2%2Cradio%20science%2C&f.facet_investigation.facet.prefix=2%252Clunar_crater_observation_and_sensing_satellite%252C&fq=facet_pds_model_version%3A%221%2Cpds3%22&fq=facet_instrument%3A%221%2Cradio%20science%22&f.facet_target.facet.prefix=3%2Casteroid%2C289%20nenetta%2C&start=50 HTTP/1.1" 200 48589 "-" "Mozilla/5.0 AppleWebKit/537.36 (KHTML, like Gecko; compatible; bingbot/2.0; +http://www.bing.com/bingbot.htm) Chrome/116.0.1938.76 Safari/537.36"
52.167.144.173 - - [22/May/2024:17:07:51 -0700] "GET /services/search/search?q=&f.facet_pds_model_version.facet.prefix=2%2Cpds3%2C&f.facet_investigation.facet.prefix=2%252Clunar_crater_observation_and_sensing_satellite%252C&fq=facet_pds_model_version%3A%221%2Cpds3%22&fq=facet_type%3A%221%2Cresource%22&f.facet_target.facet.prefix=3%2Casteroid%2C289%20nenetta%2C&f.facet_type.facet.prefix=2%2Cresource%2C&start=1200 HTTP/1.1" 200 15683 "-" "Mozilla/5.0 AppleWebKit/537.36 (KHTML, like Gecko; compatible; bingbot/2.0; +http://www.bing.com/bingbot.htm) Chrome/116.0.1938.76 Safari/537.36"
128.97.31.2 - - [22/May/2024:17:07:52 -0700] "GET /pds4/pds/v1/PDS4_PDS_1L00.xsd HTTP/1.1" 200 414576 "-" "Oxygen XML Editor/20.1"
128.97.31.2 - - [22/May/2024:17:07:52 -0700] "GET /pds4/pds/v1/PDS4_PDS_1L00.xsd HTTP/1.1" 200 414576 "-" "Oxygen XML Editor/20.1"
40.77.167.15 - - [22/May/2024:17:07:54 -0700] "GET /services/search/search?q=&f.facet_investigation.facet.prefix=2%2Cmars%20reconnaissance%20orbiter%2C&fq=facet_type%3A%221%2Ccollection%22&fq=facet_investigation%3A%221%2Cmars%20reconnaissance%20orbiter%22&f.facet_target.facet.prefix=2%2Ccalibration%2C&f.facet_type.facet.prefix=2%2Ccollection%2C HTTP/1.1" 200 14158 "-" "Mozilla/5.0 AppleWebKit/537.36 (KHTML, like Gecko; compatible; bingbot/2.0; +http://www.bing.com/bingbot.htm) Chrome/116.0.1938.76 Safari/537.36"
40.77.167.15 - - [22/May/2024:17:07:54 -0700] "GET /services/search/search?q=&f.facet_pds_model_version.facet.prefix=2%2Cpds3%2C&f.facet_investigation.facet.prefix=2%252Clunar_crater_observation_and_sensing_satellite%252C&fq=facet_pds_model_version%3A%221%2Cpds3%22&f.facet_target.facet.prefix=3%2Casteroid%2C289%20nenetta%2C&fq=facet_instrument%3A%222%2Cmagnetometer%2Cfluxgate%20magnetometer%22&f.facet_instrument.facet.prefix=3%2Cmagnetometer%2Cfluxgate%20magnetometer%2C HTTP/1.1" 200 35131 "-" "Mozilla/5.0 AppleWebKit/537.36 (KHTML, like Gecko; compatible; bingbot/2.0; +http://www.bing.com/bingbot.htm) Chrome/116.0.1938.76 Safari/537.36"
40.77.167.15 - - [22/May/2024:17:07:55 -0700] "GET /services/search/search?q=&f.facet_pds_model_version.facet.prefix=2%2Cpds3%2C&f.facet_investigation.facet.prefix=2%252Clunar_crater_observation_and_sensing_satellite%252C&fq=facet_pds_model_version%3A%221%2Cpds3%22&f.facet_target.facet.prefix=3%2Casteroid%2C289%20nenetta%2C&start=700 HTTP/1.1" 200 23770 "-" "Mozilla/5.0 AppleWebKit/537.36 (KHTML, like Gecko; compatible; bingbot/2.0; +http://www.bing.com/bingbot.htm) Chrome/116.0.1938.76 Safari/537.36"
40.77.167.15 - - [22/May/2024:17:07:55 -0700] "GET /services/search/search?q=&f.facet_pds_model_version.facet.prefix=2%2Cpds3%2C&f.facet_investigation.facet.prefix=2%252Clunar_crater_observation_and_sensing_satellite%252C&fq=facet_pds_model_version%3A%221%2Cpds3%22&fq=facet_type%3A%221%2Cinstrument%22&f.facet_target.facet.prefix=3%2Casteroid%2C289%20nenetta%2C&f.facet_type.facet.prefix=2%2Cinstrument%2C&start=550 HTTP/1.1" 200 40619 "-" "Mozilla/5.0 AppleWebKit/537.36 (KHTML, like Gecko; compatible; bingbot/2.0; +http://www.bing.com/bingbot.htm) Chrome/116.0.1938.76 Safari/537.36"
40.77.167.15 - - [22/May/2024:17:07:55 -0700] "GET /services/search/search?q=&f.facet_pds_model_version.facet.prefix=2%2Cpds3%2C&f.facet_investigation.facet.prefix=2%252Clunar_crater_observation_and_sensing_satellite%252C&fq=facet_pds_model_version%3A%221%2Cpds3%22&fq=facet_type%3A%221%2Cinstrument%22&f.facet_target.facet.prefix=3%2Casteroid%2C289%20nenetta%2C&f.facet_type.facet.prefix=2%2Cinstrument%2C&start=0 HTTP/1.1" 200 37368 "-" "Mozilla/5.0 AppleWebKit/537.36 (KHTML, like Gecko; compatible; bingbot/2.0; +http://www.bing.com/bingbot.htm) Chrome/116.0.1938.76 Safari/537.36"
40.77.167.15 - - [22/May/2024:17:07:56 -0700] "GET /services/search/search?q=&f.facet_pds_model_version.facet.prefix=2%2Cpds3%2C&f.facet_investigation.facet.prefix=2%252Clunar_crater_observation_and_sensing_satellite%252C&fq=facet_pds_model_version%3A%221%2Cpds3%22&fq=facet_type%3A%221%2Cinstrument%22&f.facet_target.facet.prefix=3%2Casteroid%2C289%20nenetta%2C&f.facet_type.facet.prefix=2%2Cinstrument%2C&start=600 HTTP/1.1" 200 40321 "-" "Mozilla/5.0 AppleWebKit/537.36 (KHTML, like Gecko; compatible; bingbot/2.0; +http://www.bing.com/bingbot.htm) Chrome/116.0.1938.76 Safari/537.36"
40.77.167.15 - - [22/May/2024:17:07:56 -0700] "GET /services/search/search?q=&f.facet_pds_model_version.facet.prefix=2%2Cpds3%2C&f.facet_investigation.facet.prefix=2%252Clunar_crater_observation_and_sensing_satellite%252C&fq=facet_pds_model_version%3A%221%2Cpds3%22&fq=facet_type%3A%221%2Cresource%22&f.facet_target.facet.prefix=3%2Casteroid%2C289%20nenetta%2C&f.facet_type.facet.prefix=2%2Cresource%2C&start=800 HTTP/1.1" 200 15670 "-" "Mozilla/5.0 AppleWebKit/537.36 (KHTML, like Gecko; compatible; bingbot/2.0; +http://www.bing.com/bingbot.htm) Chrome/116.0.1938.76 Safari/537.36"
40.77.167.15 - - [22/May/2024:17:07:56 -0700] "GET /services/search/search?q=&f.facet_pds_model_version.facet.prefix=2%2Cpds3%2C&f.facet_investigation.facet.prefix=2%252Clunar_crater_observation_and_sensing_satellite%252C&fq=facet_pds_model_version%3A%221%2Cpds3%22&fq=facet_type%3A%221%2Cresource%22&f.facet_target.facet.prefix=3%2Casteroid%2C289%20nenetta%2C&f.facet_type.facet.prefix=2%2Cresource%2C&start=550 HTTP/1.1" 200 15659 "-" "Mozilla/5.0 AppleWebKit/537.36 (KHTML, like Gecko; compatible; bingbot/2.0; +http://www.bing.com/bingbot.htm) Chrome/116.0.1938.76 Safari/537.36"
10.100.1.224 - - [22/May/2024:17:07:56 -0700] "GET / HTTP/1.1" 200 44321 "-" "ELB-HealthChecker/2.0"
40.77.167.15 - - [22/May/2024:17:07:57 -0700] "GET /services/search/search?q=&f.facet_pds_model_version.facet.prefix=2%2Cpds3%2C&f.facet_investigation.facet.prefix=2%252Clunar_crater_observation_and_sensing_satellite%252C&fq=facet_pds_model_version%3A%221%2Cpds3%22&fq=facet_type%3A%221%2Cresource%22&f.facet_target.facet.prefix=3%2Casteroid%2C289%20nenetta%2C&f.facet_type.facet.prefix=2%2Cresource%2C&start=700 HTTP/1.1" 200 15666 "-" "Mozilla/5.0 AppleWebKit/537.36 (KHTML, like Gecko; compatible; bingbot/2.0; +http://www.bing.com/bingbot.htm) Chrome/116.0.1938.76 Safari/537.36"
40.77.167.15 - - [22/May/2024:17:07:57 -0700] "GET /services/search/search?q=&f.facet_instrument.facet.prefix=3%2Cradiometer%2Cnet%20flux%20radiometer%2C&f.facet_investigation.facet.prefix=2%252Clunar_crater_observation_and_sensing_satellite%252C&fq=facet_instrument%3A%222%2Cradiometer%2Cnet%20flux%20radiometer%22&f.facet_target.facet.prefix=3%2Casteroid%2C289%20nenetta%2C HTTP/1.1" 200 9507 "-" "Mozilla/5.0 AppleWebKit/537.36 (KHTML, like Gecko; compatible; bingbot/2.0; +http://www.bing.com/bingbot.htm) Chrome/116.0.1938.76 Safari/537.36"
40.77.167.15 - - [22/May/2024:17:07:57 -0700] "GET /services/search/search?q=&f.facet_pds_model_version.facet.prefix=2%2Cpds3%2C&f.facet_instrument.facet.prefix=3%2Cmagnetometer%2Ctriaxial%20fluxgate%20magnetometer%2C&f.facet_investigation.facet.prefix=2%252Clunar_crater_observation_and_sensing_satellite%252C&fq=facet_pds_model_version%3A%221%2Cpds3%22&fq=facet_instrument%3A%222%2Cmagnetometer%2Ctriaxial%20fluxgate%20magnetometer%22&f.facet_target.facet.prefix=3%2Casteroid%2C289%20nenetta%2C&start=50 HTTP/1.1" 200 11671 "-" "Mozilla/5.0 AppleWebKit/537.36 (KHTML, like Gecko; compatible; bingbot/2.0; +http://www.bing.com/bingbot.htm) Chrome/116.0.1938.76 Safari/537.36"
40.77.167.15 - - [22/May/2024:17:07:57 -0700] "GET /services/search/search/?q=&f.facet_instrument.facet.prefix=2%2Cglobal%20positioning%20system%2C&f.facet_investigation.facet.prefix=2%2Csupport%20archives%2C&fq=facet_agency%3A%221%2Cnasa%22&fq=facet_investigation%3A%221%2Csupport%20archives%22&f.facet_agency.facet.prefix=2%2Cnasa%2C&start=100 HTTP/1.1" 200 36902 "-" "Mozilla/5.0 AppleWebKit/537.36 (KHTML, like Gecko; compatible; bingbot/2.0; +http://www.bing.com/bingbot.htm) Chrome/116.0.1938.76 Safari/537.36"
40.77.167.15 - - [22/May/2024:17:07:58 -0700] "GET /services/search/search?q=&f.facet_instrument.facet.prefix=3%2Cmeteorology%2Cweather%20station%2C&f.facet_investigation.facet.prefix=2%252Clunar_crater_observation_and_sensing_satellite%252C&fq=facet_instrument%3A%222%2Cmeteorology%2Cweather%20station%22&f.facet_target.facet.prefix=3%2Casteroid%2C289%20nenetta%2C&fq=facet_type%3A%221%2Cdata_set%22&f.facet_type.facet.prefix=2%2Cdata_set%2C HTTP/1.1" 200 3545 "-" "Mozilla/5.0 AppleWebKit/537.36 (KHTML, like Gecko; compatible; bingbot/2.0; +http://www.bing.com/bingbot.htm) Chrome/116.0.1938.76 Safari/537.36"
40.77.167.15 - - [22/May/2024:17:07:58 -0700] "GET /services/search/search?q=&f.facet_pds_model_version.facet.prefix=2%2Cpds3%2C&f.facet_investigation.facet.prefix=2%252Clunar_crater_observation_and_sensing_satellite%252C&fq=facet_pds_model_version%3A%221%2Cpds3%22&fq=facet_type%3A%221%2Cinstrument%22&f.facet_target.facet.prefix=3%2Casteroid%2C289%20nenetta%2C&f.facet_type.facet.prefix=2%2Cinstrument%2C&start=700 HTTP/1.1" 200 39168 "-" "Mozilla/5.0 AppleWebKit/537.36 (KHTML, like Gecko; compatible; bingbot/2.0; +http://www.bing.com/bingbot.htm) Chrome/116.0.1938.76 Safari/537.36"
40.77.167.15 - - [22/May/2024:17:07:58 -0700] "GET /services/search/search?q=&f.facet_pds_model_version.facet.prefix=2%2Cpds3%2C&f.facet_instrument.facet.prefix=2%2Cradio%20science%2C&f.facet_investigation.facet.prefix=2%252Clunar_crater_observation_and_sensing_satellite%252C&fq=facet_pds_model_version%3A%221%2Cpds3%22&fq=facet_instrument%3A%221%2Cradio%20science%22&f.facet_target.facet.prefix=3%2Casteroid%2C289%20nenetta%2C&start=100 HTTP/1.1" 200 47245 "-" "Mozilla/5.0 AppleWebKit/537.36 (KHTML, like Gecko; compatible; bingbot/2.0; +http://www.bing.com/bingbot.htm) Chrome/116.0.1938.76 Safari/537.36"
40.77.167.15 - - [22/May/2024:17:07:59 -0700] "GET /services/search/search?q=&f.facet_pds_model_version.facet.prefix=2%2Cpds3%2C&f.facet_instrument.facet.prefix=2%2Cradio%20science%2C&f.facet_investigation.facet.prefix=2%252Clunar_crater_observation_and_sensing_satellite%252C&fq=facet_pds_model_version%3A%221%2Cpds3%22&fq=facet_instrument%3A%221%2Cradio%20science%22&f.facet_target.facet.prefix=3%2Casteroid%2C289%20nenetta%2C&start=200 HTTP/1.1" 200 47084 "-" "Mozilla/5.0 AppleWebKit/537.36 (KHTML, like Gecko; compatible; bingbot/2.0; +http://www.bing.com/bingbot.htm) Chrome/116.0.1938.76 Safari/537.36"
40.77.167.15 - - [22/May/2024:17:07:59 -0700] "GET /services/search/search?q=&f.facet_pds_model_version.facet.prefix=2%2Cpds3%2C&f.facet_investigation.facet.prefix=2%252Clunar_crater_observation_and_sensing_satellite%252C&fq=facet_pds_model_version%3A%221%2Cpds3%22&f.facet_target.facet.prefix=3%2Casteroid%2C289%20nenetta%2C&fq=facet_instrument%3A%222%2Cradio%20science%2Cshallow%20radar%22&f.facet_instrument.facet.prefix=3%2Cradio%20science%2Cshallow%20radar%2C HTTP/1.1" 200 7555 "-" "Mozilla/5.0 AppleWebKit/537.36 (KHTML, like Gecko; compatible; bingbot/2.0; +http://www.bing.com/bingbot.htm) Chrome/116.0.1938.76 Safari/537.36"
52.233.106.168 - - [22/May/2024:17:07:59 -0700] "GET /services/search/search?q=&f.facet_instrument.facet.prefix=2%2Crss%2C&f.facet_investigation.facet.prefix=2%2Cviking%2C&fq=facet_instrument%3A%221%2Crss%22&f.facet_agency.facet.prefix=2%2Cnasa%2C&fq=facet_target%3A%222%2Cplanet%2Cmercury%22&f.facet_target.facet.prefix=3%2Cplanet%2Cmercury%2C HTTP/1.1" 200 7188 "-" "Mozilla/5.0 AppleWebKit/537.36 (KHTML, like Gecko; compatible; GPTBot/1.0; +https://openai.com/gptbot)"
10.100.2.72 - - [22/May/2024:17:08:00 -0700] "GET / HTTP/1.1" 200 44321 "-" "ELB-HealthChecker/2.0"
52.233.106.168 - - [22/May/2024:17:08:00 -0700] "GET /data/mgs-m-moc-na_wa-2-sdp-l0-v1.0/dmgsc_1004/mgsc_1145/e05011/e0501131.imq HTTP/1.1" 200 2289664 "-" "Mozilla/5.0 AppleWebKit/537.36 (KHTML, like Gecko; compatible; GPTBot/1.0; +https://openai.com/gptbot)"
128.97.31.2 - - [22/May/2024:17:08:02 -0700] "GET /pds4/pds/v1/PDS4_PDS_1L00.xsd HTTP/1.1" 200 414576 "-" "Oxygen XML Editor/20.1"
128.97.31.2 - - [22/May/2024:17:08:02 -0700] "GET /pds4/pds/v1/PDS4_PDS_1L00.xsd HTTP/1.1" 200 414576 "-" "Oxygen XML Editor/20.1"
52.233.106.168 - - [22/May/2024:17:08:07 -0700] "GET /data/lp-l-6-ephemeris-v1.0/lp_0015/MERGED/D06X/M9906602.LBL HTTP/1.1" 200 9634 "-" "Mozilla/5.0 AppleWebKit/537.36 (KHTML, like Gecko; compatible; GPTBot/1.0; +https://openai.com/gptbot)"
52.233.106.168 - - [22/May/2024:17:08:08 -0700] "GET /data/ihw-c-irspec-n-ndr-halley-v1.0/hal_0019/y1984/m02/astrom/astr0055.dat HTTP/1.1" 200 2880 "-" "Mozilla/5.0 AppleWebKit/537.36 (KHTML, like Gecko; compatible; GPTBot/1.0; +https://openai.com/gptbot)"
185.191.171.12 - - [22/May/2024:17:08:09 -0700] "GET /data/clem1-l_e_y-a_b_u_h_l_n-2-edr-v1.0/cl_0044/lun197/luxxxxxx/luxxxxxd/lue0746d.197 HTTP/1.1" 200 22380 "-" "Mozilla/5.0 (compatible; SemrushBot/7~bl; +http://www.semrush.com/bot.html)"
128.97.68.224 - - [22/May/2024:17:08:09 -0700] "GET /pds4/pds/v1/PDS4_PDS_1K00.xsd HTTP/1.1" 200 413841 "-" "Oxygen XML Editor/20.1"
128.97.68.224 - - [22/May/2024:17:08:09 -0700] "GET /pds4/particle/v2/PDS4_PARTICLE_1K00_2010.xsd HTTP/1.1" 200 7311 "-" "Oxygen XML Editor/20.1"
128.97.68.224 - - [22/May/2024:17:08:10 -0700] "GET /pds4/msn/v1/PDS4_MSN_1K00_1300.xsd HTTP/1.1" 200 22734 "-" "Oxygen XML Editor/20.1"
128.97.68.224 - - [22/May/2024:17:08:10 -0700] "GET /pds4/pds/v1/PDS4_PDS_1K00.xsd HTTP/1.1" 200 413841 "-" "Oxygen XML Editor/20.1"
128.97.68.224 - - [22/May/2024:17:08:10 -0700] "GET /pds4/particle/v2/PDS4_PARTICLE_1K00_2010.xsd HTTP/1.1" 200 7311 "-" "Oxygen XML Editor/20.1"
52.233.106.168 - - [22/May/2024:17:08:10 -0700] "GET /services/search/search?q=&f.facet_primary_result_purpose.facet.prefix=2%2Cscience%2C&f.facet_pds_model_version.facet.prefix=2%2Cpds3%2C&f.facet_investigation.facet.prefix=2%252Csupport_archives%252C&fq=facet_primary_result_purpose%3A%221%2Cscience%22&f.facet_target.facet.prefix=3%2Casteroid%2C148%20gallia%2C&f.facet_agency.facet.prefix=2%252Cesa%252C&start=700 HTTP/1.1" 200 104061 "-" "Mozilla/5.0 AppleWebKit/537.36 (KHTML, like Gecko; compatible; GPTBot/1.0; +https://openai.com/gptbot)"
128.97.68.224 - - [22/May/2024:17:08:10 -0700] "GET /pds4/msn/v1/PDS4_MSN_1K00_1300.xsd HTTP/1.1" 200 22734 "-" "Oxygen XML Editor/20.1"
128.97.68.224 - - [22/May/2024:17:08:10 -0700] "GET /pds4/pds/v1/PDS4_PDS_1K00.xsd HTTP/1.1" 200 413841 "-" "Oxygen XML Editor/20.1"
128.97.68.224 - - [22/May/2024:17:08:10 -0700] "GET /pds4/particle/v2/PDS4_PARTICLE_1K00_2010.xsd HTTP/1.1" 200 7311 "-" "Oxygen XML Editor/20.1"
128.97.68.224 - - [22/May/2024:17:08:10 -0700] "GET /pds4/msn/v1/PDS4_MSN_1K00_1300.xsd HTTP/1.1" 200 22734 "-" "Oxygen XML Editor/20.1"
128.97.68.224 - - [22/May/2024:17:08:10 -0700] "GET /pds4/pds/v1/PDS4_PDS_1K00.xsd HTTP/1.1" 200 413841 "-" "Oxygen XML Editor/20.1"
128.97.68.224 - - [22/May/2024:17:08:10 -0700] "GET /pds4/particle/v2/PDS4_PARTICLE_1K00_2010.xsd HTTP/1.1" 200 7311 "-" "Oxygen XML Editor/20.1"
128.97.68.224 - - [22/May/2024:17:08:10 -0700] "GET /pds4/msn/v1/PDS4_MSN_1K00_1300.xsd HTTP/1.1" 200 22734 "-" "Oxygen XML Editor/20.1"
128.97.68.224 - - [22/May/2024:17:08:10 -0700] "GET /pds4/pds/v1/PDS4_PDS_1K00.xsd HTTP/1.1" 200 413841 "-" "Oxygen XML Editor/20.1"
128.97.68.224 - - [22/May/2024:17:08:10 -0700] "GET /pds4/particle/v2/PDS4_PARTICLE_1K00_2010.xsd HTTP/1.1" 200 7311 "-" "Oxygen XML Editor/20.1"
128.97.68.224 - - [22/May/2024:17:08:11 -0700] "GET /pds4/msn/v1/PDS4_MSN_1K00_1300.xsd HTTP/1.1" 200 22734 "-" "Oxygen XML Editor/20.1"
128.97.68.224 - - [22/May/2024:17:08:11 -0700] "GET /pds4/pds/v1/PDS4_PDS_1K00.xsd HTTP/1.1" 200 413841 "-" "Oxygen XML Editor/20.1"
128.97.68.224 - - [22/May/2024:17:08:11 -0700] "GET /pds4/particle/v2/PDS4_PARTICLE_1K00_2010.xsd HTTP/1.1" 200 7311 "-" "Oxygen XML Editor/20.1"
128.97.68.224 - - [22/May/2024:17:08:11 -0700] "GET /pds4/msn/v1/PDS4_MSN_1K00_1300.xsd HTTP/1.1" 200 22734 "-" "Oxygen XML Editor/20.1"
128.97.68.224 - - [22/May/2024:17:08:11 -0700] "GET /pds4/pds/v1/PDS4_PDS_1K00.xsd HTTP/1.1" 200 413841 "-" "Oxygen XML Editor/20.1"
128.97.68.224 - - [22/May/2024:17:08:11 -0700] "GET /pds4/particle/v2/PDS4_PARTICLE_1K00_2010.xsd HTTP/1.1" 200 7311 "-" "Oxygen XML Editor/20.1"
128.97.68.224 - - [22/May/2024:17:08:11 -0700] "GET /pds4/msn/v1/PDS4_MSN_1K00_1300.xsd HTTP/1.1" 200 22734 "-" "Oxygen XML Editor/20.1"
40.77.167.15 - - [22/May/2024:17:08:11 -0700] "GET /services/search/search?q=&f.facet_pds_model_version.facet.prefix=2%2Cpds3%2C&f.facet_investigation.facet.prefix=2%252Clunar_crater_observation_and_sensing_satellite%252C&fq=facet_pds_model_version%3A%221%2Cpds3%22&fq=facet_type%3A%221%2Cresource%22&f.facet_target.facet.prefix=3%2Casteroid%2C289%20nenetta%2C&f.facet_type.facet.prefix=2%2Cresource%2C&start=1000 HTTP/1.1" 200 15679 "-" "Mozilla/5.0 AppleWebKit/537.36 (KHTML, like Gecko; compatible; bingbot/2.0; +http://www.bing.com/bingbot.htm) Chrome/116.0.1938.76 Safari/537.36"
128.97.68.224 - - [22/May/2024:17:08:11 -0700] "GET /pds4/pds/v1/PDS4_PDS_1K00.xsd HTTP/1.1" 200 413841 "-" "Oxygen XML Editor/20.1"
128.97.68.224 - - [22/May/2024:17:08:11 -0700] "GET /pds4/particle/v2/PDS4_PARTICLE_1K00_2010.xsd HTTP/1.1" 200 7311 "-" "Oxygen XML Editor/20.1"
128.97.68.224 - - [22/May/2024:17:08:11 -0700] "GET /pds4/msn/v1/PDS4_MSN_1K00_1300.xsd HTTP/1.1" 200 22734 "-" "Oxygen XML Editor/20.1"
128.97.68.224 - - [22/May/2024:17:08:11 -0700] "GET /pds4/pds/v1/PDS4_PDS_1K00.xsd HTTP/1.1" 200 413841 "-" "Oxygen XML Editor/20.1"
128.97.68.224 - - [22/May/2024:17:08:11 -0700] "GET /pds4/particle/v2/PDS4_PARTICLE_1K00_2010.xsd HTTP/1.1" 200 7311 "-" "Oxygen XML Editor/20.1"
128.97.68.224 - - [22/May/2024:17:08:11 -0700] "GET /pds4/msn/v1/PDS4_MSN_1K00_1300.xsd HTTP/1.1" 200 22734 "-" "Oxygen XML Editor/20.1"
128.97.68.224 - - [22/May/2024:17:08:11 -0700] "GET /pds4/pds/v1/PDS4_PDS_1K00.xsd HTTP/1.1" 200 413841 "-" "Oxygen XML Editor/20.1"
40.77.167.15 - - [22/May/2024:17:08:11 -0700] "GET /services/search/search?q=&f.facet_pds_model_version.facet.prefix=2%2Cpds3%2C&f.facet_instrument.facet.prefix=2%2Cmagnetometer%2C&f.facet_investigation.facet.prefix=2%252Clunar_crater_observation_and_sensing_satellite%252C&fq=facet_pds_model_version%3A%221%2Cpds3%22&fq=facet_instrument%3A%221%2Cmagnetometer%22&f.facet_target.facet.prefix=3%2Casteroid%2C289%20nenetta%2C&start=0 HTTP/1.1" 200 40418 "-" "Mozilla/5.0 AppleWebKit/537.36 (KHTML, like Gecko; compatible; bingbot/2.0; +http://www.bing.com/bingbot.htm) Chrome/116.0.1938.76 Safari/537.36"
128.97.68.224 - - [22/May/2024:17:08:11 -0700] "GET /pds4/particle/v2/PDS4_PARTICLE_1K00_2010.xsd HTTP/1.1" 200 7311 "-" "Oxygen XML Editor/20.1"
128.97.68.224 - - [22/May/2024:17:08:12 -0700] "GET /pds4/msn/v1/PDS4_MSN_1K00_1300.xsd HTTP/1.1" 200 22734 "-" "Oxygen XML Editor/20.1"
40.77.167.15 - - [22/May/2024:17:08:12 -0700] "GET /services/search/search?q=&f.facet_instrument.facet.prefix=2%2Cmagnetometer%2C&f.facet_investigation.facet.prefix=2%252Clunar_crater_observation_and_sensing_satellite%252C&fq=facet_instrument%3A%221%2Cmagnetometer%22&f.facet_target.facet.prefix=3%2Casteroid%2C289%20nenetta%2C&fq=facet_primary_result_purpose%3A%221%2Ccalibration%22&f.facet_primary_result_purpose.facet.prefix=2%2Ccalibration%2C HTTP/1.1" 200 3285 "-" "Mozilla/5.0 AppleWebKit/537.36 (KHTML, like Gecko; compatible; bingbot/2.0; +http://www.bing.com/bingbot.htm) Chrome/116.0.1938.76 Safari/537.36"
40.77.167.15 - - [22/May/2024:17:08:12 -0700] "GET /services/search/search?q=&f.facet_pds_model_version.facet.prefix=2%2Cpds3%2C&f.facet_investigation.facet.prefix=2%252Clunar_crater_observation_and_sensing_satellite%252C&fq=facet_pds_model_version%3A%221%2Cpds3%22&f.facet_target.facet.prefix=3%2Casteroid%2C289%20nenetta%2C&start=1000 HTTP/1.1" 200 23783 "-" "Mozilla/5.0 AppleWebKit/537.36 (KHTML, like Gecko; compatible; bingbot/2.0; +http://www.bing.com/bingbot.htm) Chrome/116.0.1938.76 Safari/537.36"
40.77.167.15 - - [22/May/2024:17:08:13 -0700] "GET /services/search/search?q=&f.facet_instrument.facet.prefix=2%2Cradio%20spectrometer%2C&f.facet_investigation.facet.prefix=2%252Clunar_crater_observation_and_sensing_satellite%252C&fq=facet_instrument%3A%221%2Cradio%20spectrometer%22&f.facet_target.facet.prefix=3%2Casteroid%2C289%20nenetta%2C&fq=facet_type%3A%221%2Cbundle%22&f.facet_type.facet.prefix=2%2Cbundle%2C HTTP/1.1" 200 4135 "-" "Mozilla/5.0 AppleWebKit/537.36 (KHTML, like Gecko; compatible; bingbot/2.0; +http://www.bing.com/bingbot.htm) Chrome/116.0.1938.76 Safari/537.36"
128.97.68.224 - - [22/May/2024:17:08:13 -0700] "GET /pds4/pds/v1/PDS4_PDS_1K00.xsd HTTP/1.1" 200 413841 "-" "Oxygen XML Editor/20.1"
128.97.68.224 - - [22/May/2024:17:08:13 -0700] "GET /pds4/msn/v1/PDS4_MSN_1K00_1300.xsd HTTP/1.1" 200 22734 "-" "Oxygen XML Editor/20.1"
128.97.68.224 - - [22/May/2024:17:08:13 -0700] "GET /pds4/particle/v2/PDS4_PARTICLE_1K00_2010.xsd HTTP/1.1" 200 7311 "-" "Oxygen XML Editor/20.1"
128.97.68.224 - - [22/May/2024:17:08:13 -0700] "GET /pds4/pds/v1/PDS4_PDS_1K00.xsd HTTP/1.1" 200 413841 "-" "Oxygen XML Editor/20.1"
128.97.68.224 - - [22/May/2024:17:08:13 -0700] "GET /pds4/msn/v1/PDS4_MSN_1K00_1300.xsd HTTP/1.1" 200 22734 "-" "Oxygen XML Editor/20.1"
128.97.68.224 - - [22/May/2024:17:08:13 -0700] "GET /pds4/particle/v2/PDS4_PARTICLE_1K00_2010.xsd HTTP/1.1" 200 7311 "-" "Oxygen XML Editor/20.1"
128.97.68.224 - - [22/May/2024:17:08:13 -0700] "GET /pds4/pds/v1/PDS4_PDS_1K00.xsd HTTP/1.1" 200 413841 "-" "Oxygen XML Editor/20.1"
128.97.68.224 - - [22/May/2024:17:08:13 -0700] "GET /pds4/msn/v1/PDS4_MSN_1K00_1300.xsd HTTP/1.1" 200 22734 "-" "Oxygen XML Editor/20.1"
128.97.68.224 - - [22/May/2024:17:08:13 -0700] "GET /pds4/particle/v2/PDS4_PARTICLE_1K00_2010.xsd HTTP/1.1" 200 7311 "-" "Oxygen XML Editor/20.1"
40.77.167.15 - - [22/May/2024:17:08:16 -0700] "GET /services/search/search?q=&f.facet_instrument.facet.prefix=2%2Cmagnetometer%2C&f.facet_investigation.facet.prefix=2%252Clunar_crater_observation_and_sensing_satellite%252C&fq=facet_instrument%3A%221%2Cmagnetometer%22&f.facet_target.facet.prefix=3%2Casteroid%2C289%20nenetta%2C&fq=facet_primary_result_purpose%3A%221%2Cengineering%22&f.facet_primary_result_purpose.facet.prefix=2%2Cengineering%2C HTTP/1.1" 200 15193 "-" "Mozilla/5.0 AppleWebKit/537.36 (KHTML, like Gecko; compatible; bingbot/2.0; +http://www.bing.com/bingbot.htm) Chrome/116.0.1938.76 Safari/537.36"
40.77.167.15 - - [22/May/2024:17:08:17 -0700] "GET /services/search/search?q=&f.facet_pds_model_version.facet.prefix=2%2Cpds3%2C&f.facet_investigation.facet.prefix=2%252Clunar_crater_observation_and_sensing_satellite%252C&fq=facet_pds_model_version%3A%221%2Cpds3%22&fq=facet_type%3A%221%2Cinstrument%22&f.facet_target.facet.prefix=3%2Casteroid%2C289%20nenetta%2C&f.facet_type.facet.prefix=2%2Cinstrument%2C&start=950 HTTP/1.1" 200 36619 "-" "Mozilla/5.0 AppleWebKit/537.36 (KHTML, like Gecko; compatible; bingbot/2.0; +http://www.bing.com/bingbot.htm) Chrome/116.0.1938.76 Safari/537.36"
40.77.167.15 - - [22/May/2024:17:08:17 -0700] "GET /services/search/search?q=&f.facet_pds_model_version.facet.prefix=2%2Cpds3%2C&f.facet_investigation.facet.prefix=2%252Clunar_crater_observation_and_sensing_satellite%252C&fq=facet_pds_model_version%3A%221%2Cpds3%22&fq=facet_type%3A%221%2Cresource%22&f.facet_target.facet.prefix=3%2Casteroid%2C289%20nenetta%2C&f.facet_type.facet.prefix=2%2Cresource%2C&start=1350 HTTP/1.1" 200 15686 "-" "Mozilla/5.0 AppleWebKit/537.36 (KHTML, like Gecko; compatible; bingbot/2.0; +http://www.bing.com/bingbot.htm) Chrome/116.0.1938.76 Safari/537.36"
40.77.167.15 - - [22/May/2024:17:08:17 -0700] "GET /services/search/search?q=&f.facet_pds_model_version.facet.prefix=2%2Cpds3%2C&f.facet_investigation.facet.prefix=2%252Clunar_crater_observation_and_sensing_satellite%252C&fq=facet_pds_model_version%3A%221%2Cpds3%22&fq=facet_type%3A%221%2Cresource%22&f.facet_target.facet.prefix=3%2Casteroid%2C289%20nenetta%2C&f.facet_type.facet.prefix=2%2Cresource%2C&start=1400 HTTP/1.1" 200 15687 "-" "Mozilla/5.0 AppleWebKit/537.36 (KHTML, like Gecko; compatible; bingbot/2.0; +http://www.bing.com/bingbot.htm) Chrome/116.0.1938.76 Safari/537.36"
128.97.31.2 - - [22/May/2024:17:08:19 -0700] "GET /pds4/pds/v1/PDS4_PDS_1L00.xsd HTTP/1.1" 200 414576 "-" "Oxygen XML Editor/20.1"
128.97.31.2 - - [22/May/2024:17:08:19 -0700] "GET /pds4/pds/v1/PDS4_PDS_1L00.xsd HTTP/1.1" 200 414576 "-" "Oxygen XML Editor/20.1"
40.77.167.15 - - [22/May/2024:17:08:21 -0700] "GET /services/search/search?q=&f.facet_pds_model_version.facet.prefix=2%2Cpds3%2C&f.facet_investigation.facet.prefix=2%252Csmall%2520missions%2520for%2520advanced%2520research%2520and%2520technology%252C&fq=facet_type%3A%221%2Cattribute_definition%22&fq=facet_pds_model_version%3A%221%2Cpds3%22&f.facet_target.facet.prefix=3%2Casteroid%2C25%20phocaea%2C&f.facet_type.facet.prefix=2%2Cattribute_definition%2C&start=1850 HTTP/1.1" 200 35835 "-" "Mozilla/5.0 AppleWebKit/537.36 (KHTML, like Gecko; compatible; bingbot/2.0; +http://www.bing.com/bingbot.htm) Chrome/116.0.1938.76 Safari/537.36"
40.77.167.15 - - [22/May/2024:17:08:21 -0700] "GET /services/search/search/?q=&f.facet_primary_result_purpose.facet.prefix=2%2Cengineering%2C&f.facet_instrument.facet.prefix=3%2Cspectrometer%2Cspex%2C&fq=facet_target%3A%222%2Cmeteorite%2Chomestead%22&f.facet_target.facet.prefix=3%2Cmeteorite%2Chomestead%2C&f.facet_type.facet.prefix=2%2Cinvestigation%2C&fq=facet_pds_model_version%3A%221%2Cpds4%22&f.facet_pds_model_version.facet.prefix=2%2Cpds4%2C HTTP/1.1" 200 4407 "-" "Mozilla/5.0 AppleWebKit/537.36 (KHTML, like Gecko; compatible; bingbot/2.0; +http://www.bing.com/bingbot.htm) Chrome/116.0.1938.76 Safari/537.36"
40.77.167.15 - - [22/May/2024:17:08:22 -0700] "GET /services/search/search?q=&f.facet_pds_model_version.facet.prefix=2%252Cpds4%252C&f.facet_investigation.facet.prefix=2%2Cground%20based%20atmospheric%20observations%2C&fq=facet_type%3A%221%2Cresource%22&f.facet_agency.facet.prefix=2%252Cesa%252C&f.facet_type.facet.prefix=2%2Cresource%2C&fq=facet_instrument%3A%222%2Cmagnetometer%2Cmagnetometer%22&f.facet_instrument.facet.prefix=3%2Cmagnetometer%2Cmagnetometer%2C HTTP/1.1" 200 5252 "-" "Mozilla/5.0 AppleWebKit/537.36 (KHTML, like Gecko; compatible; bingbot/2.0; +http://www.bing.com/bingbot.htm) Chrome/116.0.1938.76 Safari/537.36"
40.77.167.15 - - [22/May/2024:17:08:22 -0700] "GET /data/mgn-v-rdrs-5-midr-c2-v1.0/mg_0056/f40n046/ff21.img HTTP/1.1" 200 1050624 "-" "Mozilla/5.0 AppleWebKit/537.36 (KHTML, like Gecko; compatible; bingbot/2.0; +http://www.bing.com/bingbot.htm) Chrome/116.0.1938.76 Safari/537.36"
40.77.167.15 - - [22/May/2024:17:08:23 -0700] "GET /data/pds4/test-bundles/data_calibrated/1466L/UVS_CAL_1466l_0067.XML HTTP/1.1" 200 11938 "-" "Mozilla/5.0 AppleWebKit/537.36 (KHTML, like Gecko; compatible; bingbot/2.0; +http://www.bing.com/bingbot.htm) Chrome/116.0.1938.76 Safari/537.36"
41.85.163.240 - - [22/May/2024:17:08:24 -0700] "GET /data/go-j-nims-3-tube-v1.0/go_1118/JUPITER/22J003TR.QUB HTTP/1.1" 200 1661952 "-" "Mozilla/5.0 (Linux; U; Android 13; fr-fr; TECNO BG6 Build/TP1A.220624.014) AppleWebKit/537.36 (KHTML, like Gecko) Chrome/123.0.6312.40 Mobile Safari/537.36 PHX/15.4"
52.167.144.173 - - [22/May/2024:17:08:25 -0700] "GET /services/search/search?q=&f.facet_pds_model_version.facet.prefix=2%2Cpds3%2C&f.facet_investigation.facet.prefix=2%252Clunar_crater_observation_and_sensing_satellite%252C&fq=facet_pds_model_version%3A%221%2Cpds3%22&fq=facet_type%3A%221%2Cresource%22&f.facet_target.facet.prefix=3%2Casteroid%2C289%20nenetta%2C&f.facet_type.facet.prefix=2%2Cresource%2C&start=850 HTTP/1.1" 200 15672 "-" "Mozilla/5.0 AppleWebKit/537.36 (KHTML, like Gecko; compatible; bingbot/2.0; +http://www.bing.com/bingbot.htm) Chrome/116.0.1938.76 Safari/537.36"
114.119.129.205 - - [22/May/2024:17:08:26 -0700] "GET /datasearch/subscription-service/data_product_information.cfm?dsid=CO-S-ISSNA/ISSWA-2-EDR-V1.0&releaseid=0003 HTTP/1.1" 200 6496 "-" "Mozilla/5.0 (Linux; Android 7.0;) AppleWebKit/537.36 (KHTML, like Gecko) Mobile Safari/537.36 (compatible; PetalBot;+https://webmaster.petalsearch.com/site/petalbot)"
52.167.144.173 - - [22/May/2024:17:08:26 -0700] "GET /services/search/search?q=&f.facet_pds_model_version.facet.prefix=2%2Cpds3%2C&f.facet_investigation.facet.prefix=2%252Clunar_crater_observation_and_sensing_satellite%252C&fq=facet_pds_model_version%3A%221%2Cpds3%22&fq=facet_type%3A%221%2Cresource%22&f.facet_target.facet.prefix=3%2Casteroid%2C289%20nenetta%2C&f.facet_type.facet.prefix=2%2Cresource%2C&start=1100 HTTP/1.1" 200 15681 "-" "Mozilla/5.0 AppleWebKit/537.36 (KHTML, like Gecko; compatible; bingbot/2.0; +http://www.bing.com/bingbot.htm) Chrome/116.0.1938.76 Safari/537.36"
52.167.144.173 - - [22/May/2024:17:08:26 -0700] "GET /services/search/search?q=&f.facet_instrument.facet.prefix=2%2Cmagnetometer%2C&f.facet_investigation.facet.prefix=2%252Clunar_crater_observation_and_sensing_satellite%252C&fq=facet_instrument%3A%221%2Cmagnetometer%22&f.facet_target.facet.prefix=3%2Casteroid%2C289%20nenetta%2C&start=250 HTTP/1.1" 200 34800 "-" "Mozilla/5.0 AppleWebKit/537.36 (KHTML, like Gecko; compatible; bingbot/2.0; +http://www.bing.com/bingbot.htm) Chrome/116.0.1938.76 Safari/537.36"
10.100.1.224 - - [22/May/2024:17:08:26 -0700] "GET / HTTP/1.1" 200 44321 "-" "ELB-HealthChecker/2.0"
52.167.144.173 - - [22/May/2024:17:08:27 -0700] "GET /services/search/search?q=&f.facet_instrument.facet.prefix=3%2Cmagnetometer%2Ctriaxial%20fluxgate%20magnetometer%2C&f.facet_investigation.facet.prefix=2%252Clunar_crater_observation_and_sensing_satellite%252C&fq=facet_instrument%3A%222%2Cmagnetometer%2Ctriaxial%20fluxgate%20magnetometer%22&f.facet_target.facet.prefix=3%2Casteroid%2C289%20nenetta%2C&fq=facet_primary_result_purpose%3A%221%2Cengineering%22&f.facet_primary_result_purpose.facet.prefix=2%2Cengineering%2C HTTP/1.1" 200 3502 "-" "Mozilla/5.0 AppleWebKit/537.36 (KHTML, like Gecko; compatible; bingbot/2.0; +http://www.bing.com/bingbot.htm) Chrome/116.0.1938.76 Safari/537.36"
52.167.144.173 - - [22/May/2024:17:08:27 -0700] "GET /services/search/search?q=&f.facet_instrument.facet.prefix=2%2Cmagnetometer%2C&f.facet_investigation.facet.prefix=2%252Clunar_crater_observation_and_sensing_satellite%252C&fq=facet_instrument%3A%221%2Cmagnetometer%22&f.facet_target.facet.prefix=3%2Casteroid%2C289%20nenetta%2C&fq=facet_type%3A%221%2Cdocument%22&f.facet_type.facet.prefix=2%2Cdocument%2C HTTP/1.1" 200 4753 "-" "Mozilla/5.0 AppleWebKit/537.36 (KHTML, like Gecko; compatible; bingbot/2.0; +http://www.bing.com/bingbot.htm) Chrome/116.0.1938.76 Safari/537.36"
52.167.144.173 - - [22/May/2024:17:08:27 -0700] "GET /services/search/search?q=&f.facet_pds_model_version.facet.prefix=2%2Cpds3%2C&f.facet_investigation.facet.prefix=2%252Clunar_crater_observation_and_sensing_satellite%252C&fq=facet_pds_model_version%3A%221%2Cpds3%22&fq=facet_type%3A%221%2Cinstrument_host%22&f.facet_target.facet.prefix=3%2Casteroid%2C289%20nenetta%2C&f.facet_type.facet.prefix=2%2Cinstrument_host%2C&start=0 HTTP/1.1" 200 21907 "-" "Mozilla/5.0 AppleWebKit/537.36 (KHTML, like Gecko; compatible; bingbot/2.0; +http://www.bing.com/bingbot.htm) Chrome/116.0.1938.76 Safari/537.36"
41.85.163.240 - - [22/May/2024:17:08:28 -0700] "GET /favicon.ico HTTP/1.1" 404 209 "-" "okhttp/4.10.0"
52.167.144.173 - - [22/May/2024:17:08:28 -0700] "GET /services/search/search?q=&f.facet_instrument.facet.prefix=2%2Cradio%20spectrometer%2C&f.facet_investigation.facet.prefix=2%252Clunar_crater_observation_and_sensing_satellite%252C&fq=facet_instrument%3A%221%2Cradio%20spectrometer%22&f.facet_target.facet.prefix=3%2Casteroid%2C289%20nenetta%2C&fq=facet_type%3A%221%2Ccollection%22&f.facet_type.facet.prefix=2%2Ccollection%2C HTTP/1.1" 200 5896 "-" "Mozilla/5.0 AppleWebKit/537.36 (KHTML, like Gecko; compatible; bingbot/2.0; +http://www.bing.com/bingbot.htm) Chrome/116.0.1938.76 Safari/537.36"
52.167.144.173 - - [22/May/2024:17:08:28 -0700] "GET /services/search/search?q=&f.facet_instrument.facet.prefix=2%2Cmagnetometer%2C&f.facet_investigation.facet.prefix=2%252Clunar_crater_observation_and_sensing_satellite%252C&fq=facet_instrument%3A%221%2Cmagnetometer%22&f.facet_target.facet.prefix=3%2Casteroid%2C289%20nenetta%2C&fq=facet_pds_model_version%3A%221%2Cpds4%22&f.facet_pds_model_version.facet.prefix=2%2Cpds4%2C HTTP/1.1" 200 42398 "-" "Mozilla/5.0 AppleWebKit/537.36 (KHTML, like Gecko; compatible; bingbot/2.0; +http://www.bing.com/bingbot.htm) Chrome/116.0.1938.76 Safari/537.36"
52.167.144.173 - - [22/May/2024:17:08:29 -0700] "GET /services/search/search?q=&f.facet_pds_model_version.facet.prefix=2%2Cpds3%2C&f.facet_instrument.facet.prefix=2%2Cradio%20science%2C&f.facet_investigation.facet.prefix=2%252Clunar_crater_observation_and_sensing_satellite%252C&fq=facet_pds_model_version%3A%221%2Cpds3%22&fq=facet_instrument%3A%221%2Cradio%20science%22&f.facet_target.facet.prefix=3%2Casteroid%2C289%20nenetta%2C&start=0 HTTP/1.1" 200 48591 "-" "Mozilla/5.0 AppleWebKit/537.36 (KHTML, like Gecko; compatible; bingbot/2.0; +http://www.bing.com/bingbot.htm) Chrome/116.0.1938.76 Safari/537.36"
52.167.144.173 - - [22/May/2024:17:08:29 -0700] "GET /services/search/search?q=&f.facet_pds_model_version.facet.prefix=2%2Cpds3%2C&f.facet_investigation.facet.prefix=2%252Clunar_crater_observation_and_sensing_satellite%252C&fq=facet_pds_model_version%3A%221%2Cpds3%22&fq=facet_type%3A%221%2Cresource%22&f.facet_target.facet.prefix=3%2Casteroid%2C289%20nenetta%2C&f.facet_type.facet.prefix=2%2Cresource%2C&start=1650 HTTP/1.1" 200 15689 "-" "Mozilla/5.0 AppleWebKit/537.36 (KHTML, like Gecko; compatible; bingbot/2.0; +http://www.bing.com/bingbot.htm) Chrome/116.0.1938.76 Safari/537.36"
52.167.144.173 - - [22/May/2024:17:08:30 -0700] "GET /services/search/search?q=&f.facet_pds_model_version.facet.prefix=2%2Cpds3%2C&f.facet_investigation.facet.prefix=2%252Clunar_crater_observation_and_sensing_satellite%252C&fq=facet_pds_model_version%3A%221%2Cpds3%22&fq=facet_type%3A%221%2Cinstrument%22&f.facet_target.facet.prefix=3%2Casteroid%2C289%20nenetta%2C&f.facet_type.facet.prefix=2%2Cinstrument%2C&start=800 HTTP/1.1" 200 38406 "-" "Mozilla/5.0 AppleWebKit/537.36 (KHTML, like Gecko; compatible; bingbot/2.0; +http://www.bing.com/bingbot.htm) Chrome/116.0.1938.76 Safari/537.36"
52.167.144.173 - - [22/May/2024:17:08:30 -0700] "GET /services/search/search?q=&f.facet_pds_model_version.facet.prefix=2%2Cpds3%2C&f.facet_investigation.facet.prefix=2%252Clunar_crater_observation_and_sensing_satellite%252C&fq=facet_pds_model_version%3A%221%2Cpds3%22&fq=facet_type%3A%221%2Cresource%22&f.facet_target.facet.prefix=3%2Casteroid%2C289%20nenetta%2C&f.facet_type.facet.prefix=2%2Cresource%2C&start=1500 HTTP/1.1" 200 15689 "-" "Mozilla/5.0 AppleWebKit/537.36 (KHTML, like Gecko; compatible; bingbot/2.0; +http://www.bing.com/bingbot.htm) Chrome/116.0.1938.76 Safari/537.36"
52.167.144.173 - - [22/May/2024:17:08:30 -0700] "GET /services/search/search?q=&f.facet_instrument.facet.prefix=3%2Cmagnetometer%2Cfluxgate%20magnetometer%2C&f.facet_investigation.facet.prefix=2%252Clunar_crater_observation_and_sensing_satellite%252C&fq=facet_instrument%3A%222%2Cmagnetometer%2Cfluxgate%20magnetometer%22&f.facet_target.facet.prefix=3%2Casteroid%2C289%20nenetta%2C HTTP/1.1" 200 37828 "-" "Mozilla/5.0 AppleWebKit/537.36 (KHTML, like Gecko; compatible; bingbot/2.0; +http://www.bing.com/bingbot.htm) Chrome/116.0.1938.76 Safari/537.36"
10.100.2.72 - - [22/May/2024:17:08:30 -0700] "GET / HTTP/1.1" 200 44321 "-" "ELB-HealthChecker/2.0"
185.191.171.19 - - [22/May/2024:17:08:32 -0700] "GET /data/clem1-l_e_y-a_b_u_h_l_n-2-edr-v1.0/cl_0010/lun062/lnxxxxxx/lnxxxxxr/lnb5656r.062 HTTP/1.1" 200 8396 "-" "Mozilla/5.0 (compatible; SemrushBot/7~bl; +http://www.semrush.com/bot.html)"
40.77.167.15 - - [22/May/2024:17:08:32 -0700] "GET /services/search/search?q=&f.facet_instrument.facet.prefix=3%2Cradio%20science%2Cshallow%20radar%2C&f.facet_investigation.facet.prefix=2%252Clunar_crater_observation_and_sensing_satellite%252C&fq=facet_instrument%3A%222%2Cradio%20science%2Cshallow%20radar%22&f.facet_target.facet.prefix=3%2Casteroid%2C289%20nenetta%2C HTTP/1.1" 200 12627 "-" "Mozilla/5.0 AppleWebKit/537.36 (KHTML, like Gecko; compatible; bingbot/2.0; +http://www.bing.com/bingbot.htm) Chrome/116.0.1938.76 Safari/537.36"
128.97.68.224 - - [22/May/2024:17:08:32 -0700] "GET /pds4/pds/v1/PDS4_PDS_1K00.xsd HTTP/1.1" 200 413841 "-" "Oxygen XML Editor/20.1"
128.97.68.224 - - [22/May/2024:17:08:32 -0700] "GET /pds4/msn/v1/PDS4_MSN_1K00_1300.xsd HTTP/1.1" 200 22734 "-" "Oxygen XML Editor/20.1"
128.97.68.224 - - [22/May/2024:17:08:32 -0700] "GET /pds4/particle/v2/PDS4_PARTICLE_1K00_2010.xsd HTTP/1.1" 200 7311 "-" "Oxygen XML Editor/20.1"
128.97.68.224 - - [22/May/2024:17:08:32 -0700] "GET /pds4/pds/v1/PDS4_PDS_1K00.xsd HTTP/1.1" 200 413841 "-" "Oxygen XML Editor/20.1"
128.97.68.224 - - [22/May/2024:17:08:32 -0700] "GET /pds4/msn/v1/PDS4_MSN_1K00_1300.xsd HTTP/1.1" 200 22734 "-" "Oxygen XML Editor/20.1"
128.97.68.224 - - [22/May/2024:17:08:33 -0700] "GET /pds4/particle/v2/PDS4_PARTICLE_1K00_2010.xsd HTTP/1.1" 200 7311 "-" "Oxygen XML Editor/20.1"
128.97.68.224 - - [22/May/2024:17:08:33 -0700] "GET /pds4/pds/v1/PDS4_PDS_1K00.xsd HTTP/1.1" 200 413841 "-" "Oxygen XML Editor/20.1"
128.97.68.224 - - [22/May/2024:17:08:33 -0700] "GET /pds4/msn/v1/PDS4_MSN_1K00_1300.xsd HTTP/1.1" 200 22734 "-" "Oxygen XML Editor/20.1"
128.97.68.224 - - [22/May/2024:17:08:33 -0700] "GET /pds4/particle/v2/PDS4_PARTICLE_1K00_2010.xsd HTTP/1.1" 200 7311 "-" "Oxygen XML Editor/20.1"
185.191.171.3 - - [22/May/2024:17:08:33 -0700] "GET /data/clem1-l_e_y-a_b_u_h_l_n-2-edr-v1.0/cl_0006/lun050/llxxxxxx/llxxxxxf/lla1782f.050 HTTP/1.1" 200 22463 "-" "Mozilla/5.0 (compatible; SemrushBot/7~bl; +http://www.semrush.com/bot.html)"
52.167.144.173 - - [22/May/2024:17:08:39 -0700] "GET /services/search/search?q=&f.facet_pds_model_version.facet.prefix=2%2Cpds3%2C&f.facet_investigation.facet.prefix=2%252Clunar_crater_observation_and_sensing_satellite%252C&fq=facet_pds_model_version%3A%221%2Cpds3%22&f.facet_target.facet.prefix=3%2Casteroid%2C289%20nenetta%2C&start=900 HTTP/1.1" 200 23778 "-" "Mozilla/5.0 AppleWebKit/537.36 (KHTML, like Gecko; compatible; bingbot/2.0; +http://www.bing.com/bingbot.htm) Chrome/116.0.1938.76 Safari/537.36"
52.167.144.173 - - [22/May/2024:17:08:39 -0700] "GET /services/search/search/?q=&f.facet_primary_result_purpose.facet.prefix=2%2Cengineering%2C&f.facet_instrument.facet.prefix=3%2Cspectrometer%2Cspex%2C&fq=facet_target%3A%222%2Cmeteorite%2Chomestead%22&f.facet_target.facet.prefix=3%2Cmeteorite%2Chomestead%2C&f.facet_type.facet.prefix=2%2Cinvestigation%2C&fq=facet_investigation%3A%221%2Csupport%20archives%22&f.facet_investigation.facet.prefix=2%2Csupport%20archives%2C HTTP/1.1" 200 3411 "-" "Mozilla/5.0 AppleWebKit/537.36 (KHTML, like Gecko; compatible; bingbot/2.0; +http://www.bing.com/bingbot.htm) Chrome/116.0.1938.76 Safari/537.36"
52.167.144.173 - - [22/May/2024:17:08:39 -0700] "GET /services/search/search?q=&f.facet_pds_model_version.facet.prefix=2%2Cpds3%2C&f.facet_investigation.facet.prefix=2%252Clunar_crater_observation_and_sensing_satellite%252C&fq=facet_pds_model_version%3A%221%2Cpds3%22&fq=facet_type%3A%221%2Cinstrument%22&f.facet_target.facet.prefix=3%2Casteroid%2C289%20nenetta%2C&f.facet_type.facet.prefix=2%2Cinstrument%2C&start=850 HTTP/1.1" 200 38198 "-" "Mozilla/5.0 AppleWebKit/537.36 (KHTML, like Gecko; compatible; bingbot/2.0; +http://www.bing.com/bingbot.htm) Chrome/116.0.1938.76 Safari/537.36"
52.167.144.173 - - [22/May/2024:17:08:39 -0700] "GET /services/search/search?q=&f.facet_instrument.facet.prefix=3%2Cradiometer%2Cnet%20flux%20radiometer%2C&f.facet_investigation.facet.prefix=2%252Clunar_crater_observation_and_sensing_satellite%252C&fq=facet_instrument%3A%222%2Cradiometer%2Cnet%20flux%20radiometer%22&f.facet_target.facet.prefix=3%2Casteroid%2C289%20nenetta%2C&fq=facet_type%3A%221%2Cdata_set%22&f.facet_type.facet.prefix=2%2Cdata_set%2C HTTP/1.1" 200 3266 "-" "Mozilla/5.0 AppleWebKit/537.36 (KHTML, like Gecko; compatible; bingbot/2.0; +http://www.bing.com/bingbot.htm) Chrome/116.0.1938.76 Safari/537.36"
52.167.144.173 - - [22/May/2024:17:08:40 -0700] "GET /services/search/search?q=&f.facet_investigation.facet.prefix=2%252Cnew_horizons%252C&fq=facet_agency%3A%221%2Cnasa%22&fq=facet_type%3A%221%2Cresource%22&f.facet_target.facet.prefix=3%2Casteroid%2C230%20athamantis%2C&f.facet_agency.facet.prefix=2%2Cnasa%2C&f.facet_type.facet.prefix=2%2Cresource%2C&start=9450 HTTP/1.1" 200 15618 "-" "Mozilla/5.0 AppleWebKit/537.36 (KHTML, like Gecko; compatible; bingbot/2.0; +http://www.bing.com/bingbot.htm) Chrome/116.0.1938.76 Safari/537.36"
52.167.144.173 - - [22/May/2024:17:08:44 -0700] "GET /services/search/search/?q=&f.facet_primary_result_purpose.facet.prefix=2%2Ccalibration%2C&f.facet_pds_model_version.facet.prefix=2%2Cpds3%2C&fq=facet_target%3A%221%2Csatellite%22&f.facet_target.facet.prefix=2%2Csatellite%2C&f.facet_type.facet.prefix=2%2Cinvestigation%2C&fq=facet_investigation%3A%221%2Cbrrison%22&f.facet_investigation.facet.prefix=2%2Cbrrison%2C HTTP/1.1" 200 3236 "-" "Mozilla/5.0 AppleWebKit/537.36 (KHTML, like Gecko; compatible; bingbot/2.0; +http://www.bing.com/bingbot.htm) Chrome/116.0.1938.76 Safari/537.36"
52.167.144.173 - - [22/May/2024:17:08:44 -0700] "GET /services/search/search?q=&f.facet_instrument.facet.prefix=2%2Ccamera%2C&f.facet_investigation.facet.prefix=2%2Cmars%20pathfinder%2C&fq=facet_agency%3A%221%2Cnasa%22&f.facet_agency.facet.prefix=2%2Cnasa%2C&start=28750 HTTP/1.1" 200 81961 "-" "Mozilla/5.0 AppleWebKit/537.36 (KHTML, like Gecko; compatible; bingbot/2.0; +http://www.bing.com/bingbot.htm) Chrome/116.0.1938.76 Safari/537.36"
52.167.144.173 - - [22/May/2024:17:08:45 -0700] "GET /data/uly-j-swoops-5-rdr-plasma-hires-v1.0/uly_5001/data/urap/wfbp/ HTTP/1.1" 200 98178 "-" "Mozilla/5.0 AppleWebKit/537.36 (KHTML, like Gecko; compatible; bingbot/2.0; +http://www.bing.com/bingbot.htm) Chrome/116.0.1938.76 Safari/537.36"
52.167.144.173 - - [22/May/2024:17:08:47 -0700] "GET /services/search/search?q=&f.facet_instrument.facet.prefix=3%2Cmagnetometer%2Cfluxgate%20magnetometer%2C&f.facet_investigation.facet.prefix=2%252Clunar_crater_observation_and_sensing_satellite%252C&fq=facet_instrument%3A%222%2Cmagnetometer%2Cfluxgate%20magnetometer%22&f.facet_target.facet.prefix=3%2Casteroid%2C289%20nenetta%2C&fq=facet_type%3A%221%2Cdata_set%22&f.facet_type.facet.prefix=2%2Cdata_set%2C HTTP/1.1" 200 31493 "-" "Mozilla/5.0 AppleWebKit/537.36 (KHTML, like Gecko; compatible; bingbot/2.0; +http://www.bing.com/bingbot.htm) Chrome/116.0.1938.76 Safari/537.36"
