52.167.144.173 - - [22/May/2024:17:08:47 -0700] "GET /services/search/search?q=&f.facet_instrument.facet.prefix=3%2Cmagnetometer%2Cfluxgate%20magnetometer%2C&f.facet_investigation.facet.prefix=2%252Clunar_crater_observation_and_sensing_satellite%252C&fq=facet_instrument%3A%222%2Cmagnetometer%2Cfluxgate%20magnetometer%22&f.facet_target.facet.prefix=3%2Casteroid%2C289%20nenetta%2C&start=50 HTTP/1.1" 200 30972 "-" "Mozilla/5.0 AppleWebKit/537.36 (KHTML, like Gecko; compatible; bingbot/2.0; +http://www.bing.com/bingbot.htm) Chrome/116.0.1938.76 Safari/537.36"
40.77.167.65 - - [22/May/2024:17:08:49 -0700] "GET /services/search/search/?q=&f.facet_instrument.facet.prefix=2%2Cglobal%20positioning%20system%2C&f.facet_investigation.facet.prefix=2%2Csupport%20archives%2C&fq=facet_agency%3A%221%2Cnasa%22&fq=facet_investigation%3A%221%2Csupport%20archives%22&f.facet_agency.facet.prefix=2%2Cnasa%2C&start=150 HTTP/1.1" 200 37264 "-" "Mozilla/5.0 AppleWebKit/537.36 (KHTML, like Gecko; compatible; bingbot/2.0; +http://www.bing.com/bingbot.htm) Chrome/116.0.1938.76 Safari/537.36"
40.77.167.65 - - [22/May/2024:17:08:49 -0700] "GET /services/search/search?q=&f.facet_pds_model_version.facet.prefix=2%2Cpds3%2C&f.facet_investigation.facet.prefix=2%252Clunar_crater_observation_and_sensing_satellite%252C&fq=facet_pds_model_version%3A%221%2Cpds3%22&f.facet_target.facet.prefix=3%2Casteroid%2C289%20nenetta%2C&start=950 HTTP/1.1" 200 23781 "-" "Mozilla/5.0 AppleWebKit/537.36 (KHTML, like Gecko; compatible; bingbot/2.0; +http://www.bing.com/bingbot.htm) Chrome/116.0.1938.76 Safari/537.36"
40.77.167.65 - - [22/May/2024:17:08:50 -0700] "GET /services/search/search?q=&f.facet_pds_model_version.facet.prefix=2%2Cpds3%2C&f.facet_investigation.facet.prefix=2%252Clunar_crater_observation_and_sensing_satellite%252C&fq=facet_pds_model_version%3A%221%2Cpds3%22&fq=facet_type%3A%221%2Cinstrument%22&f.facet_target.facet.prefix=3%2Casteroid%2C289%20nenetta%2C&f.facet_type.facet.prefix=2%2Cinstrument%2C&start=500 HTTP/1.1" 200 40811 "-" "Mozilla/5.0 AppleWebKit/537.36 (KHTML, like Gecko; compatible; bingbot/2.0; +http://www.bing.com/bingbot.htm) Chrome/116.0.1938.76 Safari/537.36"
40.77.167.65 - - [22/May/2024:17:08:50 -0700] "GET /services/search/search?q=&f.facet_pds_model_version.facet.prefix=2%2Cpds3%2C&f.facet_investigation.facet.prefix=2%252Clunar_crater_observation_and_sensing_satellite%252C&fq=facet_pds_model_version%3A%221%2Cpds3%22&f.facet_target.facet.prefix=3%2Casteroid%2C289%20nenetta%2C&start=1100 HTTP/1.1" 200 23785 "-" "Mozilla/5.0 AppleWebKit/537.36 (KHTML, like Gecko; compatible; bingbot/2.0; +http://www.bing.com/bingbot.htm) Chrome/116.0.1938.76 Safari/537.36"
40.77.167.65 - - [22/May/2024:17:08:51 -0700] "GET /services/search/search?q=&f.facet_pds_model_version.facet.prefix=2%2Cpds3%2C&f.facet_investigation.facet.prefix=2%252Clunar_crater_observation_and_sensing_satellite%252C&fq=facet_pds_model_version%3A%221%2Cpds3%22&fq=facet_type%3A%221%2Cinstrument%22&f.facet_target.facet.prefix=3%2Casteroid%2C289%20nenetta%2C&f.facet_type.facet.prefix=2%2Cinstrument%2C&start=750 HTTP/1.1" 200 38774 "-" "Mozilla/5.0 AppleWebKit/537.36 (KHTML, like Gecko; compatible; bingbot/2.0; +http://www.bing.com/bingbot.htm) Chrome/116.0.1938.76 Safari/537.36"
40.77.167.65 - - [22/May/2024:17:08:51 -0700] "GET /services/search/search?q=&f.facet_pds_model_version.facet.prefix=2%2Cpds3%2C&f.facet_instrument.facet.prefix=2%2Cparticle%20detector%2C&f.facet_investigation.facet.prefix=2%252Clunar_crater_observation_and_sensing_satellite%252C&fq=facet_pds_model_version%3A%221%2Cpds3%22&fq=facet_instrument%3A%221%2Cparticle%20detector%22&f.facet_target.facet.prefix=3%2Casteroid%2C289%20nenetta%2C&start=0 HTTP/1.1" 200 51291 "-" "Mozilla/5.0 AppleWebKit/537.36 (KHTML, like Gecko; compatible; bingbot/2.0; +http://www.bing.com/bingbot.htm) Chrome/116.0.1938.76 Safari/537.36"
40.77.167.65 - - [22/May/2024:17:08:51 -0700] "GET /services/search/search?q=&f.facet_instrument.facet.prefix=3%2Cmagnetometer%2Cdual%20technique%20magnetometer%2C&f.facet_investigation.facet.prefix=2%252Clunar_crater_observation_and_sensing_satellite%252C&fq=facet_instrument%3A%222%2Cmagnetometer%2Cdual%20technique%20magnetometer%22&f.facet_target.facet.prefix=3%2Casteroid%2C289%20nenetta%2C HTTP/1.1" 200 37226 "-" "Mozilla/5.0 AppleWebKit/537.36 (KHTML, like Gecko; compatible; bingbot/2.0; +http://www.bing.com/bingbot.htm) Chrome/116.0.1938.76 Safari/537.36"
40.77.167.65 - - [22/May/2024:17:08:51 -0700] "GET /services/search/search?q=&f.facet_pds_model_version.facet.prefix=2%2Cpds3%2C&f.facet_investigation.facet.prefix=2%252Clunar_crater_observation_and_sensing_satellite%252C&fq=facet_pds_model_version%3A%221%2Cpds3%22&f.facet_target.facet.prefix=3%2Casteroid%2C289%20nenetta%2C&fq=facet_instrument%3A%222%2Cradio%20science%2Cairsar%22&f.facet_instrument.facet.prefix=3%2Cradio%20science%2Cairsar%2C HTTP/1.1" 200 5775 "-" "Mozilla/5.0 AppleWebKit/537.36 (KHTML, like Gecko; compatible; bingbot/2.0; +http://www.bing.com/bingbot.htm) Chrome/116.0.1938.76 Safari/537.36"
40.77.167.65 - - [22/May/2024:17:08:52 -0700] "GET /services/search/search?q=&f.facet_pds_model_version.facet.prefix=2%2Cpds3%2C&f.facet_instrument.facet.prefix=2%2Cradio%20science%2C&f.facet_investigation.facet.prefix=2%252Clunar_crater_observation_and_sensing_satellite%252C&fq=facet_pds_model_version%3A%221%2Cpds3%22&fq=facet_instrument%3A%221%2Cradio%20science%22&f.facet_target.facet.prefix=3%2Casteroid%2C289%20nenetta%2C&start=250 HTTP/1.1" 200 39955 "-" "Mozilla/5.0 AppleWebKit/537.36 (KHTML, like Gecko; compatible; bingbot/2.0; +http://www.bing.com/bingbot.htm) Chrome/116.0.1938.76 Safari/537.36"
40.77.167.65 - - [22/May/2024:17:08:52 -0700] "GET /services/search/search?q=&f.facet_pds_model_version.facet.prefix=2%2Cpds3%2C&f.facet_instrument.facet.prefix=2%2Cradio%20science%2C&f.facet_investigation.facet.prefix=2%252Clunar_crater_observation_and_sensing_satellite%252C&fq=facet_pds_model_version%3A%221%2Cpds3%22&fq=facet_instrument%3A%221%2Cradio%20science%22&f.facet_target.facet.prefix=3%2Casteroid%2C289%20nenetta%2C&start=150 HTTP/1.1" 200 48595 "-" "Mozilla/5.0 AppleWebKit/537.36 (KHTML, like Gecko; compatible; bingbot/2.0; +http://www.bing.com/bingbot.htm) Chrome/116.0.1938.76 Safari/537.36"
40.77.167.65 - - [22/May/2024:17:08:52 -0700] "GET /services/search/search?q=&f.facet_pds_model_version.facet.prefix=2%2Cpds3%2C&f.facet_investigation.facet.prefix=2%252Clunar_crater_observation_and_sensing_satellite%252C&fq=facet_pds_model_version%3A%221%2Cpds3%22&f.facet_target.facet.prefix=3%2Casteroid%2C289%20nenetta%2C&fq=facet_instrument%3A%222%2Cradio%20science%2Cradio%20telescope%22&f.facet_instrument.facet.prefix=3%2Cradio%20science%2Cradio%20telescope%2C HTTP/1.1" 200 14147 "-" "Mozilla/5.0 AppleWebKit/537.36 (KHTML, like Gecko; compatible; bingbot/2.0; +http://www.bing.com/bingbot.htm) Chrome/116.0.1938.76 Safari/537.36"
40.77.167.65 - - [22/May/2024:17:08:53 -0700] "GET /services/search/search?q=&f.facet_pds_model_version.facet.prefix=2%2Cpds3%2C&f.facet_investigation.facet.prefix=2%252Clunar_crater_observation_and_sensing_satellite%252C&fq=facet_pds_model_version%3A%221%2Cpds3%22&f.facet_target.facet.prefix=3%2Casteroid%2C289%20nenetta%2C&fq=facet_instrument%3A%222%2Cradio%20science%2Cmini-rf%20lro%22&f.facet_instrument.facet.prefix=3%2Cradio%20science%2Cmini-rf%20lro%2C HTTP/1.1" 200 12083 "-" "Mozilla/5.0 AppleWebKit/537.36 (KHTML, like Gecko; compatible; bingbot/2.0; +http://www.bing.com/bingbot.htm) Chrome/116.0.1938.76 Safari/537.36"
40.77.167.65 - - [22/May/2024:17:08:53 -0700] "GET /services/search/search?q=&f.facet_pds_model_version.facet.prefix=2%2Cpds3%2C&f.facet_investigation.facet.prefix=2%252Clunar_crater_observation_and_sensing_satellite%252C&fq=facet_pds_model_version%3A%221%2Cpds3%22&f.facet_target.facet.prefix=3%2Casteroid%2C289%20nenetta%2C&fq=facet_instrument%3A%222%2Cradio%20science%2Cratan-600%22&f.facet_instrument.facet.prefix=3%2Cradio%20science%2Cratan-600%2C HTTP/1.1" 200 5470 "-" "Mozilla/5.0 AppleWebKit/537.36 (KHTML, like Gecko; compatible; bingbot/2.0; +http://www.bing.com/bingbot.htm) Chrome/116.0.1938.76 Safari/537.36"
40.77.167.65 - - [22/May/2024:17:08:53 -0700] "GET /services/search/search?q=&f.facet_pds_model_version.facet.prefix=2%2Cpds3%2C&f.facet_investigation.facet.prefix=2%252Clunar_crater_observation_and_sensing_satellite%252C&fq=facet_pds_model_version%3A%221%2Cpds3%22&fq=facet_type%3A%221%2Cresource%22&f.facet_target.facet.prefix=3%2Casteroid%2C289%20nenetta%2C&f.facet_type.facet.prefix=2%2Cresource%2C&start=900 HTTP/1.1" 200 15674 "-" "Mozilla/5.0 AppleWebKit/537.36 (KHTML, like Gecko; compatible; bingbot/2.0; +http://www.bing.com/bingbot.htm) Chrome/116.0.1938.76 Safari/537.36"
40.77.167.65 - - [22/May/2024:17:08:53 -0700] "GET /services/search/search?q=&f.facet_instrument.facet.prefix=2%2Cmagnetometer%2C&f.facet_investigation.facet.prefix=2%252Clunar_crater_observation_and_sensing_satellite%252C&fq=facet_instrument%3A%221%2Cmagnetometer%22&f.facet_target.facet.prefix=3%2Casteroid%2C289%20nenetta%2C&start=50 HTTP/1.1" 200 47184 "-" "Mozilla/5.0 AppleWebKit/537.36 (KHTML, like Gecko; compatible; bingbot/2.0; +http://www.bing.com/bingbot.htm) Chrome/116.0.1938.76 Safari/537.36"
40.77.167.65 - - [22/May/2024:17:08:54 -0700] "GET /services/search/search?q=&f.facet_pds_model_version.facet.prefix=2%2Cpds3%2C&f.facet_investigation.facet.prefix=2%252Clunar_crater_observation_and_sensing_satellite%252C&fq=facet_pds_model_version%3A%221%2Cpds3%22&f.facet_target.facet.prefix=3%2Casteroid%2C289%20nenetta%2C&fq=facet_instrument%3A%222%2Cradio%20science%2Cradar%22&f.facet_instrument.facet.prefix=3%2Cradio%20science%2Cradar%2C HTTP/1.1" 200 10506 "-" "Mozilla/5.0 AppleWebKit/537.36 (KHTML, like Gecko; compatible; bingbot/2.0; +http://www.bing.com/bingbot.htm) Chrome/116.0.1938.76 Safari/537.36"
40.77.167.65 - - [22/May/2024:17:08:54 -0700] "GET /services/search/search?q=&f.facet_instrument.facet.prefix=3%2Cmagnetometer%2Ctriaxial%20fluxgate%20magnetometer%2C&f.facet_investigation.facet.prefix=2%252Clunar_crater_observation_and_sensing_satellite%252C&fq=facet_instrument%3A%222%2Cmagnetometer%2Ctriaxial%20fluxgate%20magnetometer%22&f.facet_target.facet.prefix=3%2Casteroid%2C289%20nenetta%2C&fq=facet_type%3A%221%2Ccollection%22&f.facet_type.facet.prefix=2%2Ccollection%2C HTTP/1.1" 200 29772 "-" "Mozilla/5.0 AppleWebKit/537.36 (KHTML, like Gecko; compatible; bingbot/2.0; +http://www.bing.com/bingbot.htm) Chrome/116.0.1938.76 Safari/537.36"
40.77.167.65 - - [22/May/2024:17:08:54 -0700] "GET /services/search/search?q=&f.facet_instrument.facet.prefix=3%2Cmagnetometer%2Ctriaxial%20fluxgate%20magnetometer%2C&f.facet_investigation.facet.prefix=2%252Clunar_crater_observation_and_sensing_satellite%252C&fq=facet_instrument%3A%222%2Cmagnetometer%2Ctriaxial%20fluxgate%20magnetometer%22&f.facet_target.facet.prefix=3%2Casteroid%2C289%20nenetta%2C&start=50 HTTP/1.1" 200 35500 "-" "Mozilla/5.0 AppleWebKit/537.36 (KHTML, like Gecko; compatible; bingbot/2.0; +http://www.bing.com/bingbot.htm) Chrome/116.0.1938.76 Safari/537.36"
40.77.167.65 - - [22/May/2024:17:08:55 -0700] "GET /services/search/search?q=&f.facet_pds_model_version.facet.prefix=2%2Cpds3%2C&f.facet_investigation.facet.prefix=2%252Clunar_crater_observation_and_sensing_satellite%252C&fq=facet_pds_model_version%3A%221%2Cpds3%22&f.facet_target.facet.prefix=3%2Casteroid%2C289%20nenetta%2C&start=1350 HTTP/1.1" 200 23790 "-" "Mozilla/5.0 AppleWebKit/537.36 (KHTML, like Gecko; compatible; bingbot/2.0; +http://www.bing.com/bingbot.htm) Chrome/116.0.1938.76 Safari/537.36"
40.77.167.65 - - [22/May/2024:17:08:55 -0700] "GET /services/search/search?q=&f.facet_pds_model_version.facet.prefix=2%2Cpds3%2C&f.facet_investigation.facet.prefix=2%252Clunar_crater_observation_and_sensing_satellite%252C&fq=facet_pds_model_version%3A%221%2Cpds3%22&f.facet_target.facet.prefix=3%2Casteroid%2C289%20nenetta%2C&start=1300 HTTP/1.1" 200 23789 "-" "Mozilla/5.0 AppleWebKit/537.36 (KHTML, like Gecko; compatible; bingbot/2.0; +http://www.bing.com/bingbot.htm) Chrome/116.0.1938.76 Safari/537.36"
40.77.167.65 - - [22/May/2024:17:08:55 -0700] "GET /services/search/search?q=&f.facet_pds_model_version.facet.prefix=2%2Cpds3%2C&f.facet_investigation.facet.prefix=2%252Clunar_crater_observation_and_sensing_satellite%252C&fq=facet_pds_model_version%3A%221%2Cpds3%22&f.facet_target.facet.prefix=3%2Casteroid%2C289%20nenetta%2C&start=1200 HTTP/1.1" 200 23787 "-" "Mozilla/5.0 AppleWebKit/537.36 (KHTML, like Gecko; compatible; bingbot/2.0; +http://www.bing.com/bingbot.htm) Chrome/116.0.1938.76 Safari/537.36"
40.77.167.65 - - [22/May/2024:17:08:55 -0700] "GET /services/search/search?q=&f.facet_instrument.facet.prefix=2%2Cradio%20spectrometer%2C&f.facet_investigation.facet.prefix=2%252Clunar_crater_observation_and_sensing_satellite%252C&fq=facet_instrument%3A%221%2Cradio%20spectrometer%22&f.facet_target.facet.prefix=3%2Casteroid%2C289%20nenetta%2C&fq=facet_pds_model_version%3A%221%2Cpds3%22&f.facet_pds_model_version.facet.prefix=2%2Cpds3%2C HTTP/1.1" 200 15307 "-" "Mozilla/5.0 AppleWebKit/537.36 (KHTML, like Gecko; compatible; bingbot/2.0; +http://www.bing.com/bingbot.htm) Chrome/116.0.1938.76 Safari/537.36"
40.77.167.65 - - [22/May/2024:17:08:55 -0700] "GET /services/search/search?q=&f.facet_pds_model_version.facet.prefix=2%2Cpds3%2C&f.facet_investigation.facet.prefix=2%252Clunar_crater_observation_and_sensing_satellite%252C&fq=facet_pds_model_version%3A%221%2Cpds3%22&f.facet_target.facet.prefix=3%2Casteroid%2C289%20nenetta%2C&fq=facet_instrument%3A%222%2Cmagnetometer%2Cvector%20helium%2Ffluxgate%20magnetometers%22&f.facet_instrument.facet.prefix=3%2Cmagnetometer%2Cvector%20helium%2Ffluxgate%20magnetometers%2C HTTP/1.1" 200 5627 "-" "Mozilla/5.0 AppleWebKit/537.36 (KHTML, like Gecko; compatible; bingbot/2.0; +http://www.bing.com/bingbot.htm) Chrome/116.0.1938.76 Safari/537.36"
40.77.167.65 - - [22/May/2024:17:08:56 -0700] "GET /services/search/search?q=&f.facet_pds_model_version.facet.prefix=2%2Cpds3%2C&f.facet_investigation.facet.prefix=2%252Clunar_crater_observation_and_sensing_satellite%252C&fq=facet_pds_model_version%3A%221%2Cpds3%22&fq=facet_type%3A%221%2Cresource%22&f.facet_target.facet.prefix=3%2Casteroid%2C289%20nenetta%2C&f.facet_type.facet.prefix=2%2Cresource%2C&start=1250 HTTP/1.1" 200 15684 "-" "Mozilla/5.0 AppleWebKit/537.36 (KHTML, like Gecko; compatible; bingbot/2.0; +http://www.bing.com/bingbot.htm) Chrome/116.0.1938.76 Safari/537.36"
40.77.167.65 - - [22/May/2024:17:08:56 -0700] "GET /services/search/search?q=&f.facet_pds_model_version.facet.prefix=2%2Cpds3%2C&f.facet_investigation.facet.prefix=2%252Clunar_crater_observation_and_sensing_satellite%252C&fq=facet_pds_model_version%3A%221%2Cpds3%22&fq=facet_type%3A%221%2Cresource%22&f.facet_target.facet.prefix=3%2Casteroid%2C289%20nenetta%2C&f.facet_type.facet.prefix=2%2Cresource%2C&start=1550 HTTP/1.1" 200 15689 "-" "Mozilla/5.0 AppleWebKit/537.36 (KHTML, like Gecko; compatible; bingbot/2.0; +http://www.bing.com/bingbot.htm) Chrome/116.0.1938.76 Safari/537.36"
66.249.69.169 - - [22/May/2024:17:08:56 -0700] "GET /registry?id=urn:nasa:pds:cassini-caps-raw:browse-tof:tof_200906012::1.0 HTTP/1.1" 404 206 "-" "Mozilla/5.0 (Linux; Android 6.0.1; Nexus 5X Build/MMB29P) AppleWebKit/537.36 (KHTML, like Gecko) Chrome/125.0.6422.65 Mobile Safari/537.36 (compatible; GoogleOther)"
10.100.1.224 - - [22/May/2024:17:08:56 -0700] "GET / HTTP/1.1" 200 44321 "-" "ELB-HealthChecker/2.0"
40.77.167.65 - - [22/May/2024:17:08:57 -0700] "GET /services/search/search?q=&f.facet_pds_model_version.facet.prefix=2%2Cpds3%2C&f.facet_investigation.facet.prefix=2%252Clunar_crater_observation_and_sensing_satellite%252C&fq=facet_pds_model_version%3A%221%2Cpds3%22&f.facet_target.facet.prefix=3%2Casteroid%2C289%20nenetta%2C&fq=facet_instrument%3A%222%2Caccelerometer%2Cinertial%20measurement%20unit%22&f.facet_instrument.facet.prefix=3%2Caccelerometer%2Cinertial%20measurement%20unit%2C HTTP/1.1" 200 6119 "-" "Mozilla/5.0 AppleWebKit/537.36 (KHTML, like Gecko; compatible; bingbot/2.0; +http://www.bing.com/bingbot.htm) Chrome/116.0.1938.76 Safari/537.36"
40.77.167.65 - - [22/May/2024:17:08:57 -0700] "GET /services/search/search?q=&f.facet_investigation.facet.prefix=2%252Clunar_crater_observation_and_sensing_satellite%252C&f.facet_target.facet.prefix=3%2Casteroid%2C289%20nenetta%2C&fq=facet_instrument%3A%222%2Cmagnetometer%2Chelium%20vector%20magnetometer%22&f.facet_instrument.facet.prefix=3%2Cmagnetometer%2Chelium%20vector%20magnetometer%2C HTTP/1.1" 200 15931 "-" "Mozilla/5.0 AppleWebKit/537.36 (KHTML, like Gecko; compatible; bingbot/2.0; +http://www.bing.com/bingbot.htm) Chrome/116.0.1938.76 Safari/537.36"
40.77.167.65 - - [22/May/2024:17:08:57 -0700] "GET /services/search/search?q=&f.facet_pds_model_version.facet.prefix=2%2Cpds3%2C&f.facet_instrument.facet.prefix=3%2Cparticle%20detector%2Chigh%20rate%20detector%2C&f.facet_investigation.facet.prefix=2%2Ccomet%20sl9%2Fjupiter%20collision%2C&fq=facet_investigation%3A%221%2Ccomet%20sl9%2Fjupiter%20collision%22&fq=facet_type%3A%221%2Cinstrument_host%22&f.facet_type.facet.prefix=2%2Cinstrument_host%2C HTTP/1.1" 200 7608 "-" "Mozilla/5.0 AppleWebKit/537.36 (KHTML, like Gecko; compatible; bingbot/2.0; +http://www.bing.com/bingbot.htm) Chrome/116.0.1938.76 Safari/537.36"
40.77.167.65 - - [22/May/2024:17:08:57 -0700] "GET /services/search/search?q=&f.facet_instrument.facet.prefix=3%2Cradio%20science%2Cshallow%20radar%2C&f.facet_investigation.facet.prefix=2%252Clunar_crater_observation_and_sensing_satellite%252C&fq=facet_instrument%3A%222%2Cradio%20science%2Cshallow%20radar%22&f.facet_target.facet.prefix=3%2Casteroid%2C289%20nenetta%2C&fq=facet_type%3A%221%2Cinstrument%22&f.facet_type.facet.prefix=2%2Cinstrument%2C HTTP/1.1" 200 5052 "-" "Mozilla/5.0 AppleWebKit/537.36 (KHTML, like Gecko; compatible; bingbot/2.0; +http://www.bing.com/bingbot.htm) Chrome/116.0.1938.76 Safari/537.36"
40.77.167.65 - - [22/May/2024:17:08:57 -0700] "GET /services/search/search?q=&f.facet_instrument.facet.prefix=3%2Cradio%20science%2Cshallow%20radar%2C&f.facet_investigation.facet.prefix=2%252Clunar_crater_observation_and_sensing_satellite%252C&fq=facet_instrument%3A%222%2Cradio%20science%2Cshallow%20radar%22&f.facet_target.facet.prefix=3%2Casteroid%2C289%20nenetta%2C&fq=facet_type%3A%221%2Cbundle%22&f.facet_type.facet.prefix=2%2Cbundle%2C HTTP/1.1" 200 4288 "-" "Mozilla/5.0 AppleWebKit/537.36 (KHTML, like Gecko; compatible; bingbot/2.0; +http://www.bing.com/bingbot.htm) Chrome/116.0.1938.76 Safari/537.36"
10.100.2.72 - - [22/May/2024:17:09:00 -0700] "GET / HTTP/1.1" 200 44321 "-" "ELB-HealthChecker/2.0"
128.97.31.2 - - [22/May/2024:17:09:04 -0700] "GET /pds4/pds/v1/PDS4_PDS_1L00.xsd HTTP/1.1" 200 414576 "-" "Oxygen XML Editor/20.1"
128.97.31.2 - - [22/May/2024:17:09:05 -0700] "GET /pds4/pds/v1/PDS4_PDS_1L00.xsd HTTP/1.1" 200 414576 "-" "Oxygen XML Editor/20.1"
44.223.39.67 - - [22/May/2024:17:09:07 -0700] "GET /data/clem1-l-u-5-dim-uvvis-v1.0/cl_4048/ HTTP/1.1" 200 7206 "-" "CCBot/2.0 (https://commoncrawl.org/faq/)"
128.97.31.2 - - [22/May/2024:17:09:17 -0700] "GET /pds4/pds/v1/PDS4_PDS_1L00.xsd HTTP/1.1" 200 414576 "-" "Oxygen XML Editor/20.1"
128.97.31.2 - - [22/May/2024:17:09:17 -0700] "GET /pds4/pds/v1/PDS4_PDS_1L00.xsd HTTP/1.1" 200 414576 "-" "Oxygen XML Editor/20.1"
52.233.106.97 - - [22/May/2024:17:09:18 -0700] "GET /data/mgs-m-er-3-premap_omnidir-flux-v1.0/dmgsm_1001/extras/5DEGSQR/N015/N015N180.HTM HTTP/1.1" 404 282 "-" "Mozilla/5.0 AppleWebKit/537.36 (KHTML, like Gecko; compatible; GPTBot/1.0; +https://openai.com/gptbot)"
40.77.167.15 - - [22/May/2024:17:09:19 -0700] "GET /services/search/search?q=&f.facet_primary_result_purpose.facet.prefix=2%2Cengineering%2C&f.facet_investigation.facet.prefix=2%252Clunar_crater_observation_and_sensing_satellite%252C&fq=facet_primary_result_purpose%3A%221%2Cengineering%22&f.facet_target.facet.prefix=3%2Casteroid%2C289%20nenetta%2C&fq=facet_instrument%3A%222%2Cmagnetometer%2Cmagnetometer%22&f.facet_instrument.facet.prefix=3%2Cmagnetometer%2Cmagnetometer%2C HTTP/1.1" 200 8258 "-" "Mozilla/5.0 AppleWebKit/537.36 (KHTML, like Gecko; compatible; bingbot/2.0; +http://www.bing.com/bingbot.htm) Chrome/116.0.1938.76 Safari/537.36"
40.77.167.15 - - [22/May/2024:17:09:20 -0700] "GET /services/search/search?q=&f.facet_pds_model_version.facet.prefix=2%2Cpds3%2C&f.facet_investigation.facet.prefix=2%252Clunar_crater_observation_and_sensing_satellite%252C&fq=facet_pds_model_version%3A%221%2Cpds3%22&f.facet_target.facet.prefix=3%2Casteroid%2C289%20nenetta%2C&fq=facet_instrument%3A%222%2Cradio%20science%2Corbiting%20radar%22&f.facet_instrument.facet.prefix=3%2Cradio%20science%2Corbiting%20radar%2C HTTP/1.1" 200 6363 "-" "Mozilla/5.0 AppleWebKit/537.36 (KHTML, like Gecko; compatible; bingbot/2.0; +http://www.bing.com/bingbot.htm) Chrome/116.0.1938.76 Safari/537.36"
40.77.167.15 - - [22/May/2024:17:09:20 -0700] "GET /services/search/search?q=&f.facet_instrument.facet.prefix=3%2Cradio%20science%2Cshallow%20radar%2C&f.facet_investigation.facet.prefix=2%252Clunar_crater_observation_and_sensing_satellite%252C&fq=facet_instrument%3A%222%2Cradio%20science%2Cshallow%20radar%22&f.facet_target.facet.prefix=3%2Casteroid%2C289%20nenetta%2C&fq=facet_type%3A%221%2Cinstrument_host%22&f.facet_type.facet.prefix=2%2Cinstrument_host%2C HTTP/1.1" 200 3203 "-" "Mozilla/5.0 AppleWebKit/537.36 (KHTML, like Gecko; compatible; bingbot/2.0; +http://www.bing.com/bingbot.htm) Chrome/116.0.1938.76 Safari/537.36"
40.77.167.15 - - [22/May/2024:17:09:20 -0700] "GET /services/search/search?q=&f.facet_instrument.facet.prefix=3%2Cmagnetometer%2Cfluxgate%20magnetometer%2C&f.facet_investigation.facet.prefix=2%252Clunar_crater_observation_and_sensing_satellite%252C&fq=facet_instrument%3A%222%2Cmagnetometer%2Cfluxgate%20magnetometer%22&f.facet_target.facet.prefix=3%2Casteroid%2C289%20nenetta%2C&fq=facet_primary_result_purpose%3A%221%2Cengineering%22&f.facet_primary_result_purpose.facet.prefix=2%2Cengineering%2C HTTP/1.1" 200 4115 "-" "Mozilla/5.0 AppleWebKit/537.36 (KHTML, like Gecko; compatible; bingbot/2.0; +http://www.bing.com/bingbot.htm) Chrome/116.0.1938.76 Safari/537.36"
40.77.167.15 - - [22/May/2024:17:09:21 -0700] "GET /services/search/search?q=&f.facet_instrument.facet.prefix=3%2Cmagnetometer%2Cfluxgate%20magnetometer%2C&f.facet_investigation.facet.prefix=2%252Clunar_crater_observation_and_sensing_satellite%252C&fq=facet_instrument%3A%222%2Cmagnetometer%2Cfluxgate%20magnetometer%22&f.facet_target.facet.prefix=3%2Casteroid%2C289%20nenetta%2C&fq=facet_type%3A%221%2Ccollection%22&f.facet_type.facet.prefix=2%2Ccollection%2C HTTP/1.1" 200 18474 "-" "Mozilla/5.0 AppleWebKit/537.36 (KHTML, like Gecko; compatible; bingbot/2.0; +http://www.bing.com/bingbot.htm) Chrome/116.0.1938.76 Safari/537.36"
40.77.167.15 - - [22/May/2024:17:09:21 -0700] "GET /data/uly-j-swoops-5-rdr-plasma-hires-v1.0/uly_5001/data/urap/wfbp/t92063.lbl HTTP/1.1" 200 1309 "-" "Mozilla/5.0 AppleWebKit/537.36 (KHTML, like Gecko; compatible; bingbot/2.0; +http://www.bing.com/bingbot.htm) Chrome/116.0.1938.76 Safari/537.36"
40.77.167.15 - - [22/May/2024:17:09:21 -0700] "GET /data/uly-j-swoops-5-rdr-plasma-hires-v1.0/uly_5001/data/urap/wfbp/t92150.lbl HTTP/1.1" 200 1309 "-" "Mozilla/5.0 AppleWebKit/537.36 (KHTML, like Gecko; compatible; bingbot/2.0; +http://www.bing.com/bingbot.htm) Chrome/116.0.1938.76 Safari/537.36"
40.77.167.15 - - [22/May/2024:17:09:22 -0700] "GET /data/uly-j-swoops-5-rdr-plasma-hires-v1.0/uly_5001/data/urap/wfbp/t92080.lbl HTTP/1.1" 200 1309 "-" "Mozilla/5.0 AppleWebKit/537.36 (KHTML, like Gecko; compatible; bingbot/2.0; +http://www.bing.com/bingbot.htm) Chrome/116.0.1938.76 Safari/537.36"
40.77.167.15 - - [22/May/2024:17:09:22 -0700] "GET /data/uly-j-swoops-5-rdr-plasma-hires-v1.0/uly_5001/data/urap/wfbp/t92144.tab HTTP/1.1" 200 36144 "-" "Mozilla/5.0 AppleWebKit/537.36 (KHTML, like Gecko; compatible; bingbot/2.0; +http://www.bing.com/bingbot.htm) Chrome/116.0.1938.76 Safari/537.36"
40.77.167.15 - - [22/May/2024:17:09:22 -0700] "GET /data/uly-j-swoops-5-rdr-plasma-hires-v1.0/uly_5001/data/urap/wfbp/t92042.tab HTTP/1.1" 200 36144 "-" "Mozilla/5.0 AppleWebKit/537.36 (KHTML, like Gecko; compatible; bingbot/2.0; +http://www.bing.com/bingbot.htm) Chrome/116.0.1938.76 Safari/537.36"
128.97.31.2 - - [22/May/2024:17:09:22 -0700] "GET /pds4/pds/v1/PDS4_PDS_1L00.xsd HTTP/1.1" 200 414576 "-" "Oxygen XML Editor/20.1"
40.77.167.15 - - [22/May/2024:17:09:23 -0700] "GET /data/uly-j-swoops-5-rdr-plasma-hires-v1.0/uly_5001/data/urap/wfbp/t92077.lbl HTTP/1.1" 200 1309 "-" "Mozilla/5.0 AppleWebKit/537.36 (KHTML, like Gecko; compatible; bingbot/2.0; +http://www.bing.com/bingbot.htm) Chrome/116.0.1938.76 Safari/537.36"
128.97.31.2 - - [22/May/2024:17:09:23 -0700] "GET /pds4/pds/v1/PDS4_PDS_1L00.xsd HTTP/1.1" 200 414576 "-" "Oxygen XML Editor/20.1"
40.77.167.15 - - [22/May/2024:17:09:23 -0700] "GET /data/uly-j-swoops-5-rdr-plasma-hires-v1.0/uly_5001/data/urap/wfbp/t92151.lbl HTTP/1.1" 200 1309 "-" "Mozilla/5.0 AppleWebKit/537.36 (KHTML, like Gecko; compatible; bingbot/2.0; +http://www.bing.com/bingbot.htm) Chrome/116.0.1938.76 Safari/537.36"
40.77.167.15 - - [22/May/2024:17:09:24 -0700] "GET /services/search/search?q=&f.facet_pds_model_version.facet.prefix=2%2Cpds4%2C&f.facet_investigation.facet.prefix=2%252Clunar_crater_observation_and_sensing_satellite%252C&fq=facet_pds_model_version%3A%221%2Cpds4%22&f.facet_target.facet.prefix=3%2Casteroid%2C289%20nenetta%2C&fq=facet_instrument%3A%222%2Cmagnetometer%2Ctriaxial%20fluxgate%20magnetometer%22&f.facet_instrument.facet.prefix=3%2Cmagnetometer%2Ctriaxial%20fluxgate%20magnetometer%2C HTTP/1.1" 200 36175 "-" "Mozilla/5.0 AppleWebKit/537.36 (KHTML, like Gecko; compatible; bingbot/2.0; +http://www.bing.com/bingbot.htm) Chrome/116.0.1938.76 Safari/537.36"
128.97.31.2 - - [22/May/2024:17:09:24 -0700] "GET /pds4/pds/v1/PDS4_PDS_1L00.xsd HTTP/1.1" 200 414576 "-" "Oxygen XML Editor/20.1"
40.77.167.15 - - [22/May/2024:17:09:24 -0700] "GET /data/uly-j-swoops-5-rdr-plasma-hires-v1.0/uly_5001/data/urap/wfbp/t92152.lbl HTTP/1.1" 200 1309 "-" "Mozilla/5.0 AppleWebKit/537.36 (KHTML, like Gecko; compatible; bingbot/2.0; +http://www.bing.com/bingbot.htm) Chrome/116.0.1938.76 Safari/537.36"
40.77.167.15 - - [22/May/2024:17:09:24 -0700] "GET /data/uly-j-swoops-5-rdr-plasma-hires-v1.0/uly_5001/data/urap/wfbp/t91336.lbl HTTP/1.1" 200 1309 "-" "Mozilla/5.0 AppleWebKit/537.36 (KHTML, like Gecko; compatible; bingbot/2.0; +http://www.bing.com/bingbot.htm) Chrome/116.0.1938.76 Safari/537.36"
128.97.31.2 - - [22/May/2024:17:09:25 -0700] "GET /pds4/pds/v1/PDS4_PDS_1L00.xsd HTTP/1.1" 200 414576 "-" "Oxygen XML Editor/20.1"
40.77.167.15 - - [22/May/2024:17:09:25 -0700] "GET /services/search/search?q=&f.facet_instrument.facet.prefix=3%2Cradio%20science%2Cradio%20telescope%2C&f.facet_investigation.facet.prefix=2%252Clunar_crater_observation_and_sensing_satellite%252C&fq=facet_instrument%3A%222%2Cradio%20science%2Cradio%20telescope%22&f.facet_target.facet.prefix=3%2Casteroid%2C289%20nenetta%2C HTTP/1.1" 200 13141 "-" "Mozilla/5.0 AppleWebKit/537.36 (KHTML, like Gecko; compatible; bingbot/2.0; +http://www.bing.com/bingbot.htm) Chrome/116.0.1938.76 Safari/537.36"
185.191.171.4 - - [22/May/2024:17:09:26 -0700] "GET /data/clem1-l_e_y-a_b_u_h_l_n-2-edr-v1.0/cl_0003/lun042/lnxxxxxx/lnxxxxxe/lnb1623e.042 HTTP/1.1" 200 34387 "-" "Mozilla/5.0 (compatible; SemrushBot/7~bl; +http://www.semrush.com/bot.html)"
128.97.31.2 - - [22/May/2024:17:09:26 -0700] "GET /pds4/pds/v1/PDS4_PDS_1L00.xsd HTTP/1.1" 200 414576 "-" "Oxygen XML Editor/20.1"
10.100.1.224 - - [22/May/2024:17:09:26 -0700] "GET / HTTP/1.1" 200 44321 "-" "ELB-HealthChecker/2.0"
128.97.31.2 - - [22/May/2024:17:09:27 -0700] "GET /pds4/pds/v1/PDS4_PDS_1L00.xsd HTTP/1.1" 200 414576 "-" "Oxygen XML Editor/20.1"
52.233.106.97 - - [22/May/2024:17:09:27 -0700] "GET /data/pvo-v-omag-3--sccoords-hires-v1.0/pv01_0060/data/omag/hires/orb3967.ffd HTTP/1.1" 200 6989400 "-" "Mozilla/5.0 AppleWebKit/537.36 (KHTML, like Gecko; compatible; GPTBot/1.0; +https://openai.com/gptbot)"
10.100.2.72 - - [22/May/2024:17:09:30 -0700] "GET / HTTP/1.1" 200 44321 "-" "ELB-HealthChecker/2.0"
40.77.167.65 - - [22/May/2024:17:09:35 -0700] "GET /services/search/search?q=&f.facet_pds_model_version.facet.prefix=2%2Cpds3%2C&f.facet_investigation.facet.prefix=2%252Clunar_crater_observation_and_sensing_satellite%252C&fq=facet_pds_model_version%3A%221%2Cpds3%22&fq=facet_type%3A%221%2Cresource%22&f.facet_target.facet.prefix=3%2Casteroid%2C289%20nenetta%2C&f.facet_type.facet.prefix=2%2Cresource%2C&start=2050 HTTP/1.1" 200 15689 "-" "Mozilla/5.0 AppleWebKit/537.36 (KHTML, like Gecko; compatible; bingbot/2.0; +http://www.bing.com/bingbot.htm) Chrome/116.0.1938.76 Safari/537.36"
40.77.167.65 - - [22/May/2024:17:09:35 -0700] "GET /services/search/search?q=&f.facet_pds_model_version.facet.prefix=2%2Cpds3%2C&f.facet_investigation.facet.prefix=2%252Clunar_crater_observation_and_sensing_satellite%252C&fq=facet_pds_model_version%3A%221%2Cpds3%22&fq=facet_type%3A%221%2Cresource%22&f.facet_target.facet.prefix=3%2Casteroid%2C289%20nenetta%2C&f.facet_type.facet.prefix=2%2Cresource%2C&start=1950 HTTP/1.1" 200 15689 "-" "Mozilla/5.0 AppleWebKit/537.36 (KHTML, like Gecko; compatible; bingbot/2.0; +http://www.bing.com/bingbot.htm) Chrome/116.0.1938.76 Safari/537.36"
40.77.167.65 - - [22/May/2024:17:09:36 -0700] "GET /services/search/search?q=&f.facet_pds_model_version.facet.prefix=2%2Cpds3%2C&f.facet_investigation.facet.prefix=2%252Clunar_crater_observation_and_sensing_satellite%252C&fq=facet_pds_model_version%3A%221%2Cpds3%22&fq=facet_type%3A%221%2Cinstrument%22&f.facet_target.facet.prefix=3%2Casteroid%2C289%20nenetta%2C&f.facet_type.facet.prefix=2%2Cinstrument%2C&start=650 HTTP/1.1" 200 39800 "-" "Mozilla/5.0 AppleWebKit/537.36 (KHTML, like Gecko; compatible; bingbot/2.0; +http://www.bing.com/bingbot.htm) Chrome/116.0.1938.76 Safari/537.36"
40.77.167.65 - - [22/May/2024:17:09:36 -0700] "GET /data/uly-j-swoops-5-rdr-plasma-hires-v1.0/uly_5001/data/urap/wfbp/t92104.lbl HTTP/1.1" 200 1309 "-" "Mozilla/5.0 AppleWebKit/537.36 (KHTML, like Gecko; compatible; bingbot/2.0; +http://www.bing.com/bingbot.htm) Chrome/116.0.1938.76 Safari/537.36"
40.77.167.65 - - [22/May/2024:17:09:36 -0700] "GET /data/uly-j-swoops-5-rdr-plasma-hires-v1.0/uly_5001/data/urap/wfbp/t92139.lbl HTTP/1.1" 200 1309 "-" "Mozilla/5.0 AppleWebKit/537.36 (KHTML, like Gecko; compatible; bingbot/2.0; +http://www.bing.com/bingbot.htm) Chrome/116.0.1938.76 Safari/537.36"
40.77.167.65 - - [22/May/2024:17:09:37 -0700] "GET /data/uly-j-swoops-5-rdr-plasma-hires-v1.0/uly_5001/data/urap/wfbp/t92081.lbl HTTP/1.1" 200 1309 "-" "Mozilla/5.0 AppleWebKit/537.36 (KHTML, like Gecko; compatible; bingbot/2.0; +http://www.bing.com/bingbot.htm) Chrome/116.0.1938.76 Safari/537.36"
40.77.167.65 - - [22/May/2024:17:09:37 -0700] "GET /data/uly-j-swoops-5-rdr-plasma-hires-v1.0/uly_5001/data/urap/wfbp/t92037.lbl HTTP/1.1" 200 1309 "-" "Mozilla/5.0 AppleWebKit/537.36 (KHTML, like Gecko; compatible; bingbot/2.0; +http://www.bing.com/bingbot.htm) Chrome/116.0.1938.76 Safari/537.36"
54.218.129.214 - - [22/May/2024:17:09:37 -0700] "GET /api/doi/0.2/dois?ids=urn%3Anasa%3Apds%3Alro-l-lroc-2-edr%3Alrolrc_0027_data%3A%3A1.0 HTTP/1.1" 200 3 "-" "Java/1.8.0_271"
54.218.129.214 - - [22/May/2024:17:09:37 -0700] "GET /api/doi/0.2/dois?ids=urn%3Anasa%3Apds%3Alro-l-lroc-2-edr%3Alrolrc_0027_data%3A%3A* HTTP/1.1" 200 3 "-" "Java/1.8.0_271"
52.233.106.97 - - [22/May/2024:17:09:37 -0700] "GET /ds-view/pds/viewCollection.jsp?identifier=urn:nasa:pds:lro-l-lroc-2-edr:lrolrc_0027_data HTTP/1.1" 200 16910 "-" "Mozilla/5.0 AppleWebKit/537.36 (KHTML, like Gecko; compatible; GPTBot/1.0; +https://openai.com/gptbot)"
40.77.167.65 - - [22/May/2024:17:09:37 -0700] "GET /services/search/search?q=&f.facet_instrument.facet.prefix=3%2Cmagnetometer%2Cdual%20technique%20magnetometer%2C&f.facet_investigation.facet.prefix=2%252Clunar_crater_observation_and_sensing_satellite%252C&fq=facet_instrument%3A%222%2Cmagnetometer%2Cdual%20technique%20magnetometer%22&f.facet_target.facet.prefix=3%2Casteroid%2C289%20nenetta%2C&fq=facet_pds_model_version%3A%221%2Cpds4%22&f.facet_pds_model_version.facet.prefix=2%2Cpds4%2C HTTP/1.1" 200 30130 "-" "Mozilla/5.0 AppleWebKit/537.36 (KHTML, like Gecko; compatible; bingbot/2.0; +http://www.bing.com/bingbot.htm) Chrome/116.0.1938.76 Safari/537.36"
52.233.106.97 - - [22/May/2024:17:09:38 -0700] "GET /data/pvo-v-omag-3--sccoords-hires-v1.0/pv01_0027/data/oefd/24s/orb1270.ffd HTTP/1.1" 200 376376 "-" "Mozilla/5.0 AppleWebKit/537.36 (KHTML, like Gecko; compatible; GPTBot/1.0; +https://openai.com/gptbot)"
40.77.167.65 - - [22/May/2024:17:09:38 -0700] "GET /services/search/search?q=&f.facet_instrument.facet.prefix=3%2Cmagnetometer%2Chelium%20vector%20magnetometer%2C&f.facet_investigation.facet.prefix=2%252Clunar_crater_observation_and_sensing_satellite%252C&fq=facet_instrument%3A%222%2Cmagnetometer%2Chelium%20vector%20magnetometer%22&f.facet_target.facet.prefix=3%2Casteroid%2C289%20nenetta%2C&fq=facet_pds_model_version%3A%221%2Cpds3%22&f.facet_pds_model_version.facet.prefix=2%2Cpds3%2C HTTP/1.1" 200 13751 "-" "Mozilla/5.0 AppleWebKit/537.36 (KHTML, like Gecko; compatible; bingbot/2.0; +http://www.bing.com/bingbot.htm) Chrome/116.0.1938.76 Safari/537.36"
40.77.167.65 - - [22/May/2024:17:09:38 -0700] "GET /services/search/search?q=&f.facet_pds_model_version.facet.prefix=2%2Cpds3%2C&f.facet_investigation.facet.prefix=2%252Clunar_crater_observation_and_sensing_satellite%252C&fq=facet_pds_model_version%3A%221%2Cpds3%22&f.facet_target.facet.prefix=3%2Casteroid%2C289%20nenetta%2C&start=1700 HTTP/1.1" 200 23793 "-" "Mozilla/5.0 AppleWebKit/537.36 (KHTML, like Gecko; compatible; bingbot/2.0; +http://www.bing.com/bingbot.htm) Chrome/116.0.1938.76 Safari/537.36"
85.208.96.197 - - [22/May/2024:17:09:39 -0700] "GET /data/vo1_vo2-m-vis-2-edr-v2.0/vo_1052/browse/f077bxx/f077b69.ibg HTTP/1.1" 200 82500 "-" "Mozilla/5.0 (compatible; SemrushBot/7~bl; +http://www.semrush.com/bot.html)"
128.97.31.2 - - [22/May/2024:17:09:43 -0700] "GET /pds4/pds/v1/PDS4_PDS_1L00.xsd HTTP/1.1" 200 414576 "-" "Oxygen XML Editor/20.1"
128.97.31.2 - - [22/May/2024:17:09:43 -0700] "GET /pds4/pds/v1/PDS4_PDS_1L00.xsd HTTP/1.1" 200 414576 "-" "Oxygen XML Editor/20.1"
185.191.171.18 - - [22/May/2024:17:09:44 -0700] "GET /data/clem1-l-u-5-dim-uvvis-v1.0/cl_4048/browse/ratio/large/ui10n231.htm HTTP/1.1" 200 2257 "-" "Mozilla/5.0 (compatible; SemrushBot/7~bl; +http://www.semrush.com/bot.html)"
40.77.167.65 - - [22/May/2024:17:09:45 -0700] "GET /services/search/search/?q=&f.facet_primary_result_purpose.facet.prefix=2%2Ccalibration%2C&f.facet_instrument.facet.prefix=2%2Cmeteorology%2C&f.facet_investigation.facet.prefix=2%2Cmars%20pathfinder%2C&fq=facet_primary_result_purpose%3A%221%2Ccalibration%22&fq=facet_target%3A%222%2Cplanet%2Cjupiter%22&f.facet_target.facet.prefix=3%2Cplanet%2Cjupiter%2C HTTP/1.1" 200 6804 "-" "Mozilla/5.0 AppleWebKit/537.36 (KHTML, like Gecko; compatible; bingbot/2.0; +http://www.bing.com/bingbot.htm) Chrome/116.0.1938.76 Safari/537.36"
40.77.167.65 - - [22/May/2024:17:09:45 -0700] "GET /services/search/search?q=&f.facet_investigation.facet.prefix=2%2Cinternational%20rosetta%20mission%2C&fq=facet_target%3A%222%2Ccalibration%2Ccalibration%22&f.facet_target.facet.prefix=3%2Ccalibration%2Ccalibration%2C&fq=facet_type%3A%221%2Cbundle%22&f.facet_type.facet.prefix=2%2Cbundle%2C HTTP/1.1" 200 4170 "-" "Mozilla/5.0 AppleWebKit/537.36 (KHTML, like Gecko; compatible; bingbot/2.0; +http://www.bing.com/bingbot.htm) Chrome/116.0.1938.76 Safari/537.36"
40.77.167.65 - - [22/May/2024:17:09:46 -0700] "GET /services/search/search/?q=&f.facet_primary_result_purpose.facet.prefix=2%2Ccalibration%2C&f.facet_pds_model_version.facet.prefix=2%2Cpds3%2C&f.facet_investigation.facet.prefix=2%2Capollo%2017%2C&fq=facet_investigation%3A%221%2Capollo%2017%22&f.facet_type.facet.prefix=2%2Cinvestigation%2C&fq=facet_instrument%3A%221%2Cimaging%20photopolarimeter%22&f.facet_instrument.facet.prefix=2%2Cimaging%20photopolarimeter%2C HTTP/1.1" 200 6492 "-" "Mozilla/5.0 AppleWebKit/537.36 (KHTML, like Gecko; compatible; bingbot/2.0; +http://www.bing.com/bingbot.htm) Chrome/116.0.1938.76 Safari/537.36"
128.97.31.2 - - [22/May/2024:17:09:46 -0700] "GET /pds4/pds/v1/PDS4_PDS_1L00.xsd HTTP/1.1" 200 414576 "-" "Oxygen XML Editor/20.1"
35.245.245.37 - - [22/May/2024:17:09:46 -0700] "GET / HTTP/1.1" 200 44321 "-" "Mozilla/5.0 (Windows NT 6.3; WOW64; rv:33.0) Gecko/20100101 Firefox/33.0"
128.97.31.2 - - [22/May/2024:17:09:46 -0700] "GET /pds4/pds/v1/PDS4_PDS_1L00.xsd HTTP/1.1" 200 414576 "-" "Oxygen XML Editor/20.1"
40.77.167.65 - - [22/May/2024:17:09:47 -0700] "GET /services/search/search/?q=&f.facet_instrument.facet.prefix=2%2Cdsn%20instrumentation%2C&fq=facet_target%3A%222%2Cplanet%2Cmars%22&fq=facet_investigation%3A%221%2Cexomars%202016%22&f.facet_investigation.facet.prefix=2%2Cexomars%202016%2C HTTP/1.1" 200 4678 "-" "Mozilla/5.0 AppleWebKit/537.36 (KHTML, like Gecko; compatible; bingbot/2.0; +http://www.bing.com/bingbot.htm) Chrome/116.0.1938.76 Safari/537.36"
40.77.167.65 - - [22/May/2024:17:09:47 -0700] "GET /services/search/search?q=&f.facet_type.facet.prefix=2%2Cinstrument%2C&fq=facet_instrument%3A%221%2Ctagcams%22&f.facet_instrument.facet.prefix=2%2Ctagcams%2C HTTP/1.1" 200 9567 "-" "Mozilla/5.0 AppleWebKit/537.36 (KHTML, like Gecko; compatible; bingbot/2.0; +http://www.bing.com/bingbot.htm) Chrome/116.0.1938.76 Safari/537.36"
66.249.69.170 - - [22/May/2024:17:09:49 -0700] "GET /data/pds4/test-data/registry/orex.otes/geometry/orbit_r/20191114T121419S375_ote_geo.xml HTTP/1.1" 200 17288 "-" "Mozilla/5.0 (Linux; Android 6.0.1; Nexus 5X Build/MMB29P) AppleWebKit/537.36 (KHTML, like Gecko) Chrome/125.0.6422.65 Mobile Safari/537.36 (compatible; GoogleOther)"
185.191.171.18 - - [22/May/2024:17:09:49 -0700] "GET /data/clem1-l_e_y-a_b_u_h_l_n-2-edr-v1.0/cl_0009/lun058/lnxxxxxx/lnxxxxxp/lnb5406p.058 HTTP/1.1" 200 37643 "-" "Mozilla/5.0 (compatible; SemrushBot/7~bl; +http://www.semrush.com/bot.html)"
40.77.167.65 - - [22/May/2024:17:09:50 -0700] "GET /services/search/search?q=&f.facet_investigation.facet.prefix=2%2Cmaven%2C&fq=facet_agency%3A%221%2Cnasa%22&fq=facet_investigation%3A%221%2Cmaven%22&f.facet_target.facet.prefix=3%2Casteroid%2C71%20niobe%2C&f.facet_agency.facet.prefix=2%2Cnasa%2C&fq=facet_primary_result_purpose%3A%221%2Cnavigation%22&f.facet_primary_result_purpose.facet.prefix=2%2Cnavigation%2C HTTP/1.1" 200 3590 "-" "Mozilla/5.0 AppleWebKit/537.36 (KHTML, like Gecko; compatible; bingbot/2.0; +http://www.bing.com/bingbot.htm) Chrome/116.0.1938.76 Safari/537.36"
40.77.167.65 - - [22/May/2024:17:09:50 -0700] "GET /services/search/search/?q=&f.facet_primary_result_purpose.facet.prefix=2%2Cscience%2C&fq=facet_agency%3A%221%2Cnasa%22&f.facet_type.facet.prefix=2%2Cinstrument_host%2C&f.facet_agency.facet.prefix=2%2Cnasa%2C&fq=facet_target%3A%222%2Ccalibration%2Cplaque%22&f.facet_target.facet.prefix=3%2Ccalibration%2Cplaque%2C HTTP/1.1" 200 12706 "-" "Mozilla/5.0 AppleWebKit/537.36 (KHTML, like Gecko; compatible; bingbot/2.0; +http://www.bing.com/bingbot.htm) Chrome/116.0.1938.76 Safari/537.36"
40.77.167.65 - - [22/May/2024:17:09:51 -0700] "GET /services/search/search?q=&f.facet_instrument.facet.prefix=3%2Cmagnetometer%2Cfluxgate%20magnetometer%2C&fq=facet_type%3A%221%2Ccollection%22&fq=facet_target%3A%221%2Csatellite%22&fq=facet_instrument%3A%222%2Cmagnetometer%2Cfluxgate%20magnetometer%22&f.facet_target.facet.prefix=2%2Csatellite%2C&f.facet_type.facet.prefix=2%2Ccollection%2C HTTP/1.1" 200 12289 "-" "Mozilla/5.0 AppleWebKit/537.36 (KHTML, like Gecko; compatible; bingbot/2.0; +http://www.bing.com/bingbot.htm) Chrome/116.0.1938.76 Safari/537.36"
185.191.171.10 - - [22/May/2024:17:09:51 -0700] "GET /data/vo1_vo2-m-vis-2-edr-v2.0/vo_1007/browse/f419sxx/f419s45.ibg HTTP/1.1" 200 82500 "-" "Mozilla/5.0 (compatible; SemrushBot/7~bl; +http://www.semrush.com/bot.html)"
40.77.167.65 - - [22/May/2024:17:09:51 -0700] "GET /services/search/search?q=&f.facet_pds_model_version.facet.prefix=2%2Cpds3%2C&f.facet_investigation.facet.prefix=2%252Clunar_crater_observation_and_sensing_satellite%252C&fq=facet_pds_model_version%3A%221%2Cpds3%22&fq=facet_type%3A%221%2Cresource%22&f.facet_target.facet.prefix=3%2Casteroid%2C289%20nenetta%2C&f.facet_type.facet.prefix=2%2Cresource%2C&start=1600 HTTP/1.1" 200 15689 "-" "Mozilla/5.0 AppleWebKit/537.36 (KHTML, like Gecko; compatible; bingbot/2.0; +http://www.bing.com/bingbot.htm) Chrome/116.0.1938.76 Safari/537.36"
40.77.167.65 - - [22/May/2024:17:09:51 -0700] "GET /services/search/search/?q=&f.facet_instrument.facet.prefix=3%2Ccamera%2Cccd47%2C&fq=facet_target%3A%222%2Casteroid%2C1036%20ganymed%22&f.facet_target.facet.prefix=3%2Casteroid%2C1036%20ganymed%2C&fq=facet_type%3A%221%2Cservice%22&f.facet_type.facet.prefix=2%2Cservice%2C HTTP/1.1" 200 2302 "-" "Mozilla/5.0 AppleWebKit/537.36 (KHTML, like Gecko; compatible; bingbot/2.0; +http://www.bing.com/bingbot.htm) Chrome/116.0.1938.76 Safari/537.36"
40.77.167.65 - - [22/May/2024:17:09:52 -0700] "GET /services/search/search/?q=&f.facet_instrument.facet.prefix=2%2Cphotometer%2C&fq=facet_target%3A%222%2Ccalibration%2Csky%22&fq=facet_instrument%3A%221%2Cphotometer%22&f.facet_target.facet.prefix=3%2Ccalibration%2Csky%2C&f.facet_agency.facet.prefix=2%2Cnasa%2C&fq=facet_investigation%3A%221%2Cvoyager%22&f.facet_investigation.facet.prefix=2%2Cvoyager%2C HTTP/1.1" 200 3459 "-" "Mozilla/5.0 AppleWebKit/537.36 (KHTML, like Gecko; compatible; bingbot/2.0; +http://www.bing.com/bingbot.htm) Chrome/116.0.1938.76 Safari/537.36"
40.77.167.65 - - [22/May/2024:17:09:52 -0700] "GET /services/search/search?q=&f.facet_investigation.facet.prefix=2%2Ccomet%20sl9%2Fjupiter%20collision%2C&f.facet_target.facet.prefix=2%252Cplanet%252C&f.facet_agency.facet.prefix=2%252Cesa%252C&fq=facet_instrument%3A%222%2Cphotometer%2Ctinsley%20photometer%22&f.facet_instrument.facet.prefix=3%2Cphotometer%2Ctinsley%20photometer%2C HTTP/1.1" 200 12184 "-" "Mozilla/5.0 AppleWebKit/537.36 (KHTML, like Gecko; compatible; bingbot/2.0; +http://www.bing.com/bingbot.htm) Chrome/116.0.1938.76 Safari/537.36"
40.77.167.65 - - [22/May/2024:17:09:52 -0700] "GET /data/pds4/test-bundles/data_calibrated/1897L/UVS_CAL_1897l_0463.TAB HTTP/1.1" 200 13312 "-" "Mozilla/5.0 AppleWebKit/537.36 (KHTML, like Gecko; compatible; bingbot/2.0; +http://www.bing.com/bingbot.htm) Chrome/116.0.1938.76 Safari/537.36"
40.77.167.65 - - [22/May/2024:17:09:52 -0700] "GET /services/search/search?q=&f.facet_investigation.facet.prefix=2%2Cnext%2C&fq=facet_target%3A%222%2Cplanet%2Cjupiter%22&f.facet_target.facet.prefix=3%2Cplanet%2Cjupiter%2C&f.facet_agency.facet.prefix=2%252Cesa%252C&fq=facet_instrument%3A%221%2Chiscale-heliospheric%20insta-spectra%2Ccomposition%2C%20anisotrophy%20at%20low%20energies%22&f.facet_instrument.facet.prefix=2%2Chiscale-heliospheric%20insta-spectra%2Ccomposition%2C%20anisotrophy%20at%20low%20energies%2C HTTP/1.1" 200 7750 "-" "Mozilla/5.0 AppleWebKit/537.36 (KHTML, like Gecko; compatible; bingbot/2.0; +http://www.bing.com/bingbot.htm) Chrome/116.0.1938.76 Safari/537.36"
128.97.31.2 - - [22/May/2024:17:09:54 -0700] "GET /pds4/pds/v1/PDS4_PDS_1L00.xsd HTTP/1.1" 200 414576 "-" "Oxygen XML Editor/20.1"
128.97.31.2 - - [22/May/2024:17:09:54 -0700] "GET /pds4/pds/v1/PDS4_PDS_1L00.xsd HTTP/1.1" 200 414576 "-" "Oxygen XML Editor/20.1"
10.100.1.224 - - [22/May/2024:17:09:56 -0700] "GET / HTTP/1.1" 200 44321 "-" "ELB-HealthChecker/2.0"
52.167.144.173 - - [22/May/2024:17:09:59 -0700] "GET /services/search/search?q=&f.facet_instrument.facet.prefix=3%2Cmagnetometer%2Cfluxgate%20magnetometer%2C&f.facet_investigation.facet.prefix=2%252Clunar_crater_observation_and_sensing_satellite%252C&fq=facet_instrument%3A%222%2Cmagnetometer%2Cfluxgate%20magnetometer%22&f.facet_target.facet.prefix=3%2Casteroid%2C289%20nenetta%2C&fq=facet_type%3A%221%2Cinstrument_host%22&f.facet_type.facet.prefix=2%2Cinstrument_host%2C HTTP/1.1" 200 5005 "-" "Mozilla/5.0 AppleWebKit/537.36 (KHTML, like Gecko; compatible; bingbot/2.0; +http://www.bing.com/bingbot.htm) Chrome/116.0.1938.76 Safari/537.36"
52.167.144.173 - - [22/May/2024:17:10:00 -0700] "GET /services/search/search?q=&f.facet_instrument.facet.prefix=3%2Cmagnetometer%2Cfluxgate%20magnetometer%2C&f.facet_investigation.facet.prefix=2%252Clunar_crater_observation_and_sensing_satellite%252C&fq=facet_instrument%3A%222%2Cmagnetometer%2Cfluxgate%20magnetometer%22&f.facet_target.facet.prefix=3%2Casteroid%2C289%20nenetta%2C&fq=facet_pds_model_version%3A%221%2Cpds3%22&f.facet_pds_model_version.facet.prefix=2%2Cpds3%2C HTTP/1.1" 200 35131 "-" "Mozilla/5.0 AppleWebKit/537.36 (KHTML, like Gecko; compatible; bingbot/2.0; +http://www.bing.com/bingbot.htm) Chrome/116.0.1938.76 Safari/537.36"
52.167.144.173 - - [22/May/2024:17:10:00 -0700] "GET /services/search/search?q=&f.facet_investigation.facet.prefix=2%252Clunar_crater_observation_and_sensing_satellite%252C&fq=facet_type%3A%221%2Cdocument%22&f.facet_target.facet.prefix=3%2Casteroid%2C289%20nenetta%2C&f.facet_type.facet.prefix=2%2Cdocument%2C&fq=facet_instrument%3A%222%2Cmagnetometer%2Cmagnetometer%22&f.facet_instrument.facet.prefix=3%2Cmagnetometer%2Cmagnetometer%2C HTTP/1.1" 200 3322 "-" "Mozilla/5.0 AppleWebKit/537.36 (KHTML, like Gecko; compatible; bingbot/2.0; +http://www.bing.com/bingbot.htm) Chrome/116.0.1938.76 Safari/537.36"
10.100.2.72 - - [22/May/2024:17:10:00 -0700] "GET / HTTP/1.1" 200 44321 "-" "ELB-HealthChecker/2.0"
52.167.144.173 - - [22/May/2024:17:10:00 -0700] "GET /data/uly-j-swoops-5-rdr-plasma-hires-v1.0/uly_5001/data/urap/wfbp/t92131.lbl HTTP/1.1" 200 1309 "-" "Mozilla/5.0 AppleWebKit/537.36 (KHTML, like Gecko; compatible; bingbot/2.0; +http://www.bing.com/bingbot.htm) Chrome/116.0.1938.76 Safari/537.36"
52.167.144.173 - - [22/May/2024:17:10:01 -0700] "GET /data/uly-j-swoops-5-rdr-plasma-hires-v1.0/uly_5001/data/urap/wfbp/t92102.tab HTTP/1.1" 200 36144 "-" "Mozilla/5.0 AppleWebKit/537.36 (KHTML, like Gecko; compatible; bingbot/2.0; +http://www.bing.com/bingbot.htm) Chrome/116.0.1938.76 Safari/537.36"
52.167.144.173 - - [22/May/2024:17:10:01 -0700] "GET /services/search/search?q=&f.facet_instrument.facet.prefix=3%2Cmagnetometer%2Cdual%20technique%20magnetometer%2C&f.facet_investigation.facet.prefix=2%252Clunar_crater_observation_and_sensing_satellite%252C&fq=facet_instrument%3A%222%2Cmagnetometer%2Cdual%20technique%20magnetometer%22&f.facet_target.facet.prefix=3%2Casteroid%2C289%20nenetta%2C&fq=facet_type%3A%221%2Cdata_set%22&f.facet_type.facet.prefix=2%2Cdata_set%2C HTTP/1.1" 200 10804 "-" "Mozilla/5.0 AppleWebKit/537.36 (KHTML, like Gecko; compatible; bingbot/2.0; +http://www.bing.com/bingbot.htm) Chrome/116.0.1938.76 Safari/537.36"
52.167.144.173 - - [22/May/2024:17:10:01 -0700] "GET /services/search/search?q=&f.facet_instrument.facet.prefix=3%2Cmagnetometer%2Cdual%20technique%20magnetometer%2C&f.facet_investigation.facet.prefix=2%252Clunar_crater_observation_and_sensing_satellite%252C&fq=facet_instrument%3A%222%2Cmagnetometer%2Cdual%20technique%20magnetometer%22&f.facet_target.facet.prefix=3%2Casteroid%2C289%20nenetta%2C&fq=facet_type%3A%221%2Ccollection%22&f.facet_type.facet.prefix=2%2Ccollection%2C HTTP/1.1" 200 23691 "-" "Mozilla/5.0 AppleWebKit/537.36 (KHTML, like Gecko; compatible; bingbot/2.0; +http://www.bing.com/bingbot.htm) Chrome/116.0.1938.76 Safari/537.36"
52.167.144.173 - - [22/May/2024:17:10:02 -0700] "GET /services/search/search?q=&f.facet_instrument.facet.prefix=3%2Cmagnetometer%2Chelium%20vector%20magnetometer%2C&f.facet_investigation.facet.prefix=2%252Clunar_crater_observation_and_sensing_satellite%252C&fq=facet_instrument%3A%222%2Cmagnetometer%2Chelium%20vector%20magnetometer%22&f.facet_target.facet.prefix=3%2Casteroid%2C289%20nenetta%2C&fq=facet_type%3A%221%2Cinstrument%22&f.facet_type.facet.prefix=2%2Cinstrument%2C HTTP/1.1" 200 6364 "-" "Mozilla/5.0 AppleWebKit/537.36 (KHTML, like Gecko; compatible; bingbot/2.0; +http://www.bing.com/bingbot.htm) Chrome/116.0.1938.76 Safari/537.36"
52.167.144.173 - - [22/May/2024:17:10:02 -0700] "GET /services/search/search?q=&f.facet_pds_model_version.facet.prefix=2%2Cpds3%2C&f.facet_investigation.facet.prefix=2%252Clunar_crater_observation_and_sensing_satellite%252C&fq=facet_pds_model_version%3A%221%2Cpds3%22&f.facet_target.facet.prefix=3%2Casteroid%2C289%20nenetta%2C&start=1800 HTTP/1.1" 200 23793 "-" "Mozilla/5.0 AppleWebKit/537.36 (KHTML, like Gecko; compatible; bingbot/2.0; +http://www.bing.com/bingbot.htm) Chrome/116.0.1938.76 Safari/537.36"
52.167.144.173 - - [22/May/2024:17:10:02 -0700] "GET /services/search/search?q=&f.facet_pds_model_version.facet.prefix=2%2Cpds4%2C&f.facet_instrument.facet.prefix=3%2Cmagnetometer%2Ctriaxial%20fluxgate%20magnetometer%2C&f.facet_investigation.facet.prefix=2%252Clunar_crater_observation_and_sensing_satellite%252C&fq=facet_pds_model_version%3A%221%2Cpds4%22&fq=facet_instrument%3A%222%2Cmagnetometer%2Ctriaxial%20fluxgate%20magnetometer%22&f.facet_target.facet.prefix=3%2Casteroid%2C289%20nenetta%2C&start=50 HTTP/1.1" 200 10889 "-" "Mozilla/5.0 AppleWebKit/537.36 (KHTML, like Gecko; compatible; bingbot/2.0; +http://www.bing.com/bingbot.htm) Chrome/116.0.1938.76 Safari/537.36"
