52.167.144.173 - - [22/May/2024:17:10:02 -0700] "GET /services/search/search?q=&f.facet_instrument.facet.prefix=3%2Cmagnetometer%2Chelium%20vector%20magnetometer%2C&f.facet_investigation.facet.prefix=2%252Clunar_crater_observation_and_sensing_satellite%252C&fq=facet_instrument%3A%222%2Cmagnetometer%2Chelium%20vector%20magnetometer%22&f.facet_target.facet.prefix=3%2Casteroid%2C289%20nenetta%2C&fq=facet_type%3A%221%2Cdata_set%22&f.facet_type.facet.prefix=2%2Cdata_set%2C HTTP/1.1" 200 10972 "-" "Mozilla/5.0 AppleWebKit/537.36 (KHTML, like Gecko; compatible; bingbot/2.0; +http://www.bing.com/bingbot.htm) Chrome/116.0.1938.76 Safari/537.36"
128.97.31.2 - - [22/May/2024:17:10:03 -0700] "GET /pds4/pds/v1/PDS4_PDS_1L00.xsd HTTP/1.1" 200 414576 "-" "Oxygen XML Editor/20.1"
128.97.31.2 - - [22/May/2024:17:10:04 -0700] "GET /pds4/pds/v1/PDS4_PDS_1L00.xsd HTTP/1.1" 200 414576 "-" "Oxygen XML Editor/20.1"
40.77.167.65 - - [22/May/2024:17:10:08 -0700] "GET /services/search/search?q=&f.facet_pds_model_version.facet.prefix=2%2Cpds3%2C&f.facet_investigation.facet.prefix=2%252Clunar_crater_observation_and_sensing_satellite%252C&fq=facet_pds_model_version%3A%221%2Cpds3%22&fq=facet_type%3A%221%2Cresource%22&f.facet_target.facet.prefix=3%2Casteroid%2C289%20nenetta%2C&f.facet_type.facet.prefix=2%2Cresource%2C&start=2300 HTTP/1.1" 200 15689 "-" "Mozilla/5.0 AppleWebKit/537.36 (KHTML, like Gecko; compatible; bingbot/2.0; +http://www.bing.com/bingbot.htm) Chrome/116.0.1938.76 Safari/537.36"
52.233.106.97 - - [22/May/2024:17:10:09 -0700] "GET /data/go-j-pws-4-summ-sa60s-v1.0/gomw_5001/DATA/PWS/WAVEFORM/01KHZ/C032091/20919155.LBL HTTP/1.1" 404 284 "-" "Mozilla/5.0 AppleWebKit/537.36 (KHTML, like Gecko; compatible; GPTBot/1.0; +https://openai.com/gptbot)"
52.167.144.173 - - [22/May/2024:17:10:09 -0700] "GET /services/search/search/?q=&f.facet_instrument.facet.prefix=2%2Cphotometer%2C&f.facet_investigation.facet.prefix=2%2Cvoyager%2C&fq=facet_instrument%3A%221%2Cphotometer%22&fq=facet_investigation%3A%221%2Cvoyager%22&f.facet_agency.facet.prefix=2%2Cnasa%2C HTTP/1.1" 200 7463 "-" "Mozilla/5.0 AppleWebKit/537.36 (KHTML, like Gecko; compatible; bingbot/2.0; +http://www.bing.com/bingbot.htm) Chrome/116.0.1938.76 Safari/537.36"
52.233.106.97 - - [22/May/2024:17:10:09 -0700] "GET /services/search/search?q=&f.facet_instrument.facet.prefix=2%2Caccelerometer%2C&f.facet_agency.facet.prefix=2%2Cesa%2C&fq=facet_target%3A%222%2Casteroid%2C115%20thyra%22&f.facet_target.facet.prefix=3%2Casteroid%2C115%20thyra%2C HTTP/1.1" 200 8506 "-" "Mozilla/5.0 AppleWebKit/537.36 (KHTML, like Gecko; compatible; GPTBot/1.0; +https://openai.com/gptbot)"
52.167.144.173 - - [22/May/2024:17:10:10 -0700] "GET /services/search/search?q=&f.facet_pds_model_version.facet.prefix=2%2Cpds3%2C&f.facet_investigation.facet.prefix=2%252Clunar_crater_observation_and_sensing_satellite%252C&fq=facet_pds_model_version%3A%221%2Cpds3%22&f.facet_target.facet.prefix=3%2Casteroid%2C289%20nenetta%2C&start=1900 HTTP/1.1" 200 23793 "-" "Mozilla/5.0 AppleWebKit/537.36 (KHTML, like Gecko; compatible; bingbot/2.0; +http://www.bing.com/bingbot.htm) Chrome/116.0.1938.76 Safari/537.36"
52.167.144.173 - - [22/May/2024:17:10:10 -0700] "GET /services/search/search?q=&f.facet_primary_result_purpose.facet.prefix=2%2Cnavigation%2C&fq=facet_type%3A%221%2Cbundle%22&fq=facet_target%3A%222%2Csatellite%2Cearth%27s%20moon%22&f.facet_target.facet.prefix=3%2Csatellite%2Cearth%27s%20moon%2C&f.facet_type.facet.prefix=2%2Cbundle%2C&fq=facet_instrument%3A%221%2Cphotometer%22&f.facet_instrument.facet.prefix=2%2Cphotometer%2C HTTP/1.1" 200 4048 "-" "Mozilla/5.0 AppleWebKit/537.36 (KHTML, like Gecko; compatible; bingbot/2.0; +http://www.bing.com/bingbot.htm) Chrome/116.0.1938.76 Safari/537.36"
52.167.144.173 - - [22/May/2024:17:10:10 -0700] "GET /data/pds4/test-bundles/data_calibrated/1400L/UVS_CAL_1400l_0369.XML HTTP/1.1" 200 11932 "-" "Mozilla/5.0 AppleWebKit/537.36 (KHTML, like Gecko; compatible; bingbot/2.0; +http://www.bing.com/bingbot.htm) Chrome/116.0.1938.76 Safari/537.36"
52.167.144.173 - - [22/May/2024:17:10:11 -0700] "GET /services/search/search?q=&f.facet_instrument.facet.prefix=2%252Ccamera%252C&fq=facet_target%3A%222%2Csatellite%2Cearth%27s%20moon%22&f.facet_target.facet.prefix=3%2Csatellite%2Cearth%27s%20moon%2C&f.facet_agency.facet.prefix=2%252Cesa%252C&fq=facet_investigation%3A%221%2Cjuno%22&f.facet_investigation.facet.prefix=2%2Cjuno%2C HTTP/1.1" 200 7079 "-" "Mozilla/5.0 AppleWebKit/537.36 (KHTML, like Gecko; compatible; bingbot/2.0; +http://www.bing.com/bingbot.htm) Chrome/116.0.1938.76 Safari/537.36"
52.167.144.173 - - [22/May/2024:17:10:11 -0700] "GET /services/search/search?q=&f.facet_primary_result_purpose.facet.prefix=2%2Ccalibration%2C&fq=facet_primary_result_purpose%3A%221%2Ccalibration%22&f.facet_target.facet.prefix=3%2Cplanet%2Cmars%2C&f.facet_agency.facet.prefix=2%252Cesa%252C&f.facet_type.facet.prefix=2%2Ctarget%2C&start=50 HTTP/1.1" 200 60293 "-" "Mozilla/5.0 AppleWebKit/537.36 (KHTML, like Gecko; compatible; bingbot/2.0; +http://www.bing.com/bingbot.htm) Chrome/116.0.1938.76 Safari/537.36"
128.97.31.2 - - [22/May/2024:17:10:13 -0700] "GET /pds4/pds/v1/PDS4_PDS_1H00.xsd HTTP/1.1" 200 394204 "-" "Oxygen XML Editor/20.1"
128.97.31.2 - - [22/May/2024:17:10:13 -0700] "GET /pds4/pds/v1/PDS4_PDS_1H00.xsd HTTP/1.1" 200 394204 "-" "Oxygen XML Editor/20.1"
128.97.31.2 - - [22/May/2024:17:10:13 -0700] "GET /pds4/pds/v1/PDS4_PDS_1H00.xsd HTTP/1.1" 200 394204 "-" "Oxygen XML Editor/20.1"
40.77.167.15 - - [22/May/2024:17:10:15 -0700] "GET /services/search/search?q=&f.facet_pds_model_version.facet.prefix=2%2Cpds3%2C&f.facet_investigation.facet.prefix=2%252Clunar_crater_observation_and_sensing_satellite%252C&fq=facet_pds_model_version%3A%221%2Cpds3%22&f.facet_target.facet.prefix=3%2Casteroid%2C289%20nenetta%2C&start=1650 HTTP/1.1" 200 23793 "-" "Mozilla/5.0 AppleWebKit/537.36 (KHTML, like Gecko; compatible; bingbot/2.0; +http://www.bing.com/bingbot.htm) Chrome/116.0.1938.76 Safari/537.36"
40.77.167.15 - - [22/May/2024:17:10:16 -0700] "GET /services/search/search?q=&f.facet_pds_model_version.facet.prefix=2%2Cpds3%2C&f.facet_investigation.facet.prefix=2%252Clunar_crater_observation_and_sensing_satellite%252C&fq=facet_pds_model_version%3A%221%2Cpds3%22&f.facet_target.facet.prefix=3%2Casteroid%2C289%20nenetta%2C&start=1850 HTTP/1.1" 200 23793 "-" "Mozilla/5.0 AppleWebKit/537.36 (KHTML, like Gecko; compatible; bingbot/2.0; +http://www.bing.com/bingbot.htm) Chrome/116.0.1938.76 Safari/537.36"
40.77.167.15 - - [22/May/2024:17:10:16 -0700] "GET /services/search/search?q=&f.facet_investigation.facet.prefix=2%2Cinternational%20rosetta%20mission%2C&fq=facet_target%3A%223%2Csatellite%2Curanus%20moon%2Coberon%22&f.facet_target.facet.prefix=4%2Csatellite%2Curanus%20moon%2Coberon%2C&fq=facet_instrument%3A%221%2Cparticle%20detector%22&f.facet_instrument.facet.prefix=2%2Cparticle%20detector%2C HTTP/1.1" 200 3947 "-" "Mozilla/5.0 AppleWebKit/537.36 (KHTML, like Gecko; compatible; bingbot/2.0; +http://www.bing.com/bingbot.htm) Chrome/116.0.1938.76 Safari/537.36"
40.77.167.15 - - [22/May/2024:17:10:17 -0700] "GET /services/search/search?q=&f.facet_primary_result_purpose.facet.prefix=2%2Cscience%2C&f.facet_investigation.facet.prefix=2%252Cmidcourse%2520space%2520experiment%252C&fq=facet_type%3A%221%2Ccollection%22&fq=facet_primary_result_purpose%3A%221%2Cscience%22&f.facet_target.facet.prefix=3%2Cmeteorite%2Cchainpur%2C&f.facet_type.facet.prefix=2%2Ccollection%2C&fq=facet_instrument%3A%221%2Cvarious%20ground-based%20detectors%22&f.facet_instrument.facet.prefix=2%2Cvarious%20ground-based%20detectors%2C HTTP/1.1" 200 13727 "-" "Mozilla/5.0 AppleWebKit/537.36 (KHTML, like Gecko; compatible; bingbot/2.0; +http://www.bing.com/bingbot.htm) Chrome/116.0.1938.76 Safari/537.36"
40.77.167.15 - - [22/May/2024:17:10:17 -0700] "GET /services/search/search?q=&fq=facet_type%3A%221%2Cresource%22&f.facet_target.facet.prefix=3%2Casteroid%2C1069%20planckia%2C&f.facet_type.facet.prefix=2%2Cresource%2C&start=600 HTTP/1.1" 200 18617 "-" "Mozilla/5.0 AppleWebKit/537.36 (KHTML, like Gecko; compatible; bingbot/2.0; +http://www.bing.com/bingbot.htm) Chrome/116.0.1938.76 Safari/537.36"
98.245.241.54 - - [22/May/2024:17:10:17 -0700] "GET /pds-app-bar/pds-app-bar.js HTTP/1.1" 200 9259 "-" "Mozilla/5.0 (Windows NT 10.0; Win64; x64) AppleWebKit/537.36 (KHTML, like Gecko) Chrome/125.0.0.0 Safari/537.36"
98.245.241.54 - - [22/May/2024:17:10:17 -0700] "GET /pds-app-bar/pds-app-bar.css HTTP/1.1" 200 2962 "-" "Mozilla/5.0 (Windows NT 10.0; Win64; x64) AppleWebKit/537.36 (KHTML, like Gecko) Chrome/125.0.0.0 Safari/537.36"
98.245.241.54 - - [22/May/2024:17:10:17 -0700] "GET /pds-app-bar/images/PDS_Planets-acr-inv-bw.png HTTP/1.1" 200 94724 "-" "Mozilla/5.0 (Windows NT 10.0; Win64; x64) AppleWebKit/537.36 (KHTML, like Gecko) Chrome/125.0.0.0 Safari/537.36"
98.245.241.54 - - [22/May/2024:17:10:17 -0700] "GET /pds-app-bar/images/info.svg HTTP/1.1" 200 430 "-" "Mozilla/5.0 (Windows NT 10.0; Win64; x64) AppleWebKit/537.36 (KHTML, like Gecko) Chrome/125.0.0.0 Safari/537.36"
128.97.31.2 - - [22/May/2024:17:10:19 -0700] "GET /pds4/pds/v1/PDS4_PDS_1H00.xsd HTTP/1.1" 200 394204 "-" "Oxygen XML Editor/20.1"
44.223.39.67 - - [22/May/2024:17:10:19 -0700] "GET /data/clem1-l-u-5-dim-uvvis-v1.0/cl_4035/document/ HTTP/1.1" 200 6110 "-" "CCBot/2.0 (https://commoncrawl.org/faq/)"
128.97.31.2 - - [22/May/2024:17:10:19 -0700] "GET /pds4/pds/v1/PDS4_PDS_1H00.xsd HTTP/1.1" 200 394204 "-" "Oxygen XML Editor/20.1"
128.97.31.2 - - [22/May/2024:17:10:20 -0700] "GET /pds4/pds/v1/PDS4_PDS_1H00.xsd HTTP/1.1" 200 394204 "-" "Oxygen XML Editor/20.1"
52.167.144.173 - - [22/May/2024:17:10:22 -0700] "GET /services/search/search?q=&f.facet_pds_model_version.facet.prefix=2%2Cpds3%2C&f.facet_instrument.facet.prefix=2%2Cmulti-spectral%20imager%2C&fq=facet_instrument%3A%221%2Cmulti-spectral%20imager%22&f.facet_target.facet.prefix=3%2Cmeteorite%2Cpetersburg%2C&f.facet_agency.facet.prefix=2%252Cesa%252C&fq=facet_type%3A%221%2Cbundle%22&f.facet_type.facet.prefix=2%2Cbundle%2C HTTP/1.1" 200 11530 "-" "Mozilla/5.0 AppleWebKit/537.36 (KHTML, like Gecko; compatible; bingbot/2.0; +http://www.bing.com/bingbot.htm) Chrome/116.0.1938.76 Safari/537.36"
52.167.144.173 - - [22/May/2024:17:10:23 -0700] "GET /services/search/search?q=&fq=facet_type%3A%221%2Cresource%22&f.facet_target.facet.prefix=3%2Casteroid%2C1069%20planckia%2C&f.facet_type.facet.prefix=2%2Cresource%2C&start=500 HTTP/1.1" 200 18610 "-" "Mozilla/5.0 AppleWebKit/537.36 (KHTML, like Gecko; compatible; bingbot/2.0; +http://www.bing.com/bingbot.htm) Chrome/116.0.1938.76 Safari/537.36"
52.167.144.173 - - [22/May/2024:17:10:23 -0700] "GET /services/search/search?q=&f.facet_pds_model_version.facet.prefix=2%2Cpds3%2C&f.facet_instrument.facet.prefix=2%252Caccelerometer%252C&f.facet_investigation.facet.prefix=2%2Cmars%20pathfinder%2C&fq=facet_pds_model_version%3A%221%2Cpds3%22&fq=facet_type%3A%221%2Cdata_set%22&f.facet_target.facet.prefix=3%2Casteroid%2C16%20psyche%2C&f.facet_agency.facet.prefix=2%252Cesa%252C&f.facet_type.facet.prefix=2%2Cdata_set%2C&start=3400 HTTP/1.1" 200 45782 "-" "Mozilla/5.0 AppleWebKit/537.36 (KHTML, like Gecko; compatible; bingbot/2.0; +http://www.bing.com/bingbot.htm) Chrome/116.0.1938.76 Safari/537.36"
52.167.144.173 - - [22/May/2024:17:10:24 -0700] "GET /services/search/search?q=&fq=facet_target%3A%223%2Csatellite%2Cjupiter%20moon%2Camalthea%22&f.facet_target.facet.prefix=4%2Csatellite%2Cjupiter%20moon%2Camalthea%2C&f.facet_agency.facet.prefix=2%252Cesa%252C&f.facet_type.facet.prefix=2%252Cdata_set%252C&fq=facet_instrument%3A%221%2Cppr%22&f.facet_instrument.facet.prefix=2%2Cppr%2C HTTP/1.1" 200 2992 "-" "Mozilla/5.0 AppleWebKit/537.36 (KHTML, like Gecko; compatible; bingbot/2.0; +http://www.bing.com/bingbot.htm) Chrome/116.0.1938.76 Safari/537.36"
10.100.1.224 - - [22/May/2024:17:10:27 -0700] "GET / HTTP/1.1" 200 44321 "-" "ELB-HealthChecker/2.0"
40.77.167.15 - - [22/May/2024:17:10:27 -0700] "GET /services/search/search/?f.facet_type.facet.prefix=2%2Ccollection%2C&f.facet_agency.facet.prefix=2%2Cnasa%2C&fq=facet_target%3A%222%2Cmeteorite%2Callende%22 HTTP/1.1" 200 6502 "-" "Mozilla/5.0 AppleWebKit/537.36 (KHTML, like Gecko; compatible; bingbot/2.0; +http://www.bing.com/bingbot.htm) Chrome/116.0.1938.76 Safari/537.36"
40.77.167.15 - - [22/May/2024:17:10:27 -0700] "GET /services/search/search?q=&f.facet_instrument.facet.prefix=3%2Cphotometer%2Ctotal%20luminance%20photometer%2C&fq=facet_type%3A%221%2Ccollection%22&fq=facet_instrument%3A%222%2Cphotometer%2Ctotal%20luminance%20photometer%22&f.facet_target.facet.prefix=3%2Cmeteorite%2Cdandapur%2C&f.facet_type.facet.prefix=2%2Ccollection%2C&fq=facet_primary_result_purpose%3A%221%2Cscience%22&f.facet_primary_result_purpose.facet.prefix=2%2Cscience%2C HTTP/1.1" 200 3883 "-" "Mozilla/5.0 AppleWebKit/537.36 (KHTML, like Gecko; compatible; bingbot/2.0; +http://www.bing.com/bingbot.htm) Chrome/116.0.1938.76 Safari/537.36"
40.77.167.15 - - [22/May/2024:17:10:28 -0700] "GET /services/search/search/?q=&f.facet_instrument.facet.prefix=3%2Cphotometer%2Cphotopolarimeter%20subsystem%2C&fq=facet_instrument%3A%222%2Cphotometer%2Cphotopolarimeter%20subsystem%22&f.facet_type.facet.prefix=2%2Cservice%2C&fq=facet_target%3A%222%2Cother%2Csun%22&f.facet_target.facet.prefix=3%2Cother%2Csun%2C HTTP/1.1" 200 3872 "-" "Mozilla/5.0 AppleWebKit/537.36 (KHTML, like Gecko; compatible; bingbot/2.0; +http://www.bing.com/bingbot.htm) Chrome/116.0.1938.76 Safari/537.36"
40.77.167.15 - - [22/May/2024:17:10:28 -0700] "GET /services/search/search?q=&f.facet_pds_model_version.facet.prefix=2%2Cpds4%2C&f.facet_instrument.facet.prefix=2%2Cradio%20science%2C&f.facet_investigation.facet.prefix=2%2Cmars%20express%2C&fq=facet_instrument%3A%221%2Cradio%20science%22&f.facet_target.facet.prefix=2%2Cring%2C&f.facet_type.facet.prefix=2%2Cinvestigation%2C&start=2150 HTTP/1.1" 200 16296 "-" "Mozilla/5.0 AppleWebKit/537.36 (KHTML, like Gecko; compatible; bingbot/2.0; +http://www.bing.com/bingbot.htm) Chrome/116.0.1938.76 Safari/537.36"
128.97.31.2 - - [22/May/2024:17:10:28 -0700] "GET /pds4/pds/v1/PDS4_PDS_1L00.xsd HTTP/1.1" 200 414576 "-" "Oxygen XML Editor/20.1"
40.77.167.15 - - [22/May/2024:17:10:28 -0700] "GET /services/search/search?q=&f.facet_investigation.facet.prefix=2%252Cmidcourse%2520space%2520experiment%252C&fq=facet_type%3A%221%2Cinstrument_host%22&f.facet_target.facet.prefix=3%2Casteroid%2C25%20phocaea%2C&f.facet_type.facet.prefix=2%2Cinstrument_host%2C&fq=facet_instrument%3A%221%2Cradio%20science%22&f.facet_instrument.facet.prefix=2%2Cradio%20science%2C HTTP/1.1" 200 20958 "-" "Mozilla/5.0 AppleWebKit/537.36 (KHTML, like Gecko; compatible; bingbot/2.0; +http://www.bing.com/bingbot.htm) Chrome/116.0.1938.76 Safari/537.36"
40.77.167.15 - - [22/May/2024:17:10:29 -0700] "GET /services/search/search?q=&f.facet_instrument.facet.prefix=3%252Ccamera%252Cadvance%2520camera%2520for%2520surveys%252C&fq=facet_target%3A%222%2Cplanet%2Csaturn%22&f.facet_target.facet.prefix=3%2Cplanet%2Csaturn%2C&f.facet_agency.facet.prefix=2%252Cesa%252C&fq=facet_investigation%3A%221%2Cmessenger%22&f.facet_investigation.facet.prefix=2%2Cmessenger%2C HTTP/1.1" 200 3762 "-" "Mozilla/5.0 AppleWebKit/537.36 (KHTML, like Gecko; compatible; bingbot/2.0; +http://www.bing.com/bingbot.htm) Chrome/116.0.1938.76 Safari/537.36"
128.97.31.2 - - [22/May/2024:17:10:29 -0700] "GET /pds4/pds/v1/PDS4_PDS_1L00.xsd HTTP/1.1" 200 414576 "-" "Oxygen XML Editor/20.1"
10.100.2.72 - - [22/May/2024:17:10:30 -0700] "GET / HTTP/1.1" 200 44321 "-" "ELB-HealthChecker/2.0"
139.196.36.209 - - [22/May/2024:17:10:31 -0700] "GET /data/mpfl-m-asimet-2_3-edr_rdr-edl-v1.0/mpam_0001/surf_rdr/scidata/sr06xxs/sr0646s.tab HTTP/1.1" 200 6862 "-" "Mozilla/5.0 (Windows NT 10.0; Win64; x64) AppleWebKit/537.36 (KHTML, like Gecko) Chrome/122.0.0.0 Safari/537.36"
52.167.144.173 - - [22/May/2024:17:10:33 -0700] "GET /data/uly-j-swoops-5-rdr-plasma-hires-v1.0/uly_5001/data/urap/wfbp/t92095.tab HTTP/1.1" 200 36144 "-" "Mozilla/5.0 AppleWebKit/537.36 (KHTML, like Gecko; compatible; bingbot/2.0; +http://www.bing.com/bingbot.htm) Chrome/116.0.1938.76 Safari/537.36"
52.167.144.173 - - [22/May/2024:17:10:34 -0700] "GET /services/search/search?q=&f.facet_pds_model_version.facet.prefix=2%2Cpds3%2C&f.facet_investigation.facet.prefix=2%252Clunar_crater_observation_and_sensing_satellite%252C&fq=facet_pds_model_version%3A%221%2Cpds3%22&f.facet_target.facet.prefix=3%2Casteroid%2C289%20nenetta%2C&start=2250 HTTP/1.1" 200 23793 "-" "Mozilla/5.0 AppleWebKit/537.36 (KHTML, like Gecko; compatible; bingbot/2.0; +http://www.bing.com/bingbot.htm) Chrome/116.0.1938.76 Safari/537.36"
52.167.144.173 - - [22/May/2024:17:10:35 -0700] "GET /services/search/search?q=&f.facet_instrument.facet.prefix=2%2Cmercury%20laser%20altimeter%2C&fq=facet_target%3A%221%2Cother%22&fq=facet_instrument%3A%221%2Cmercury%20laser%20altimeter%22&f.facet_target.facet.prefix=2%2Cother%2C&fq=facet_type%3A%221%2Ccollection%22&f.facet_type.facet.prefix=2%2Ccollection%2C HTTP/1.1" 200 3262 "-" "Mozilla/5.0 AppleWebKit/537.36 (KHTML, like Gecko; compatible; bingbot/2.0; +http://www.bing.com/bingbot.htm) Chrome/116.0.1938.76 Safari/537.36"
52.167.144.173 - - [22/May/2024:17:10:37 -0700] "GET /data/mgs-m-rss-1-ext-v1.0/mors_0624/bro/11311823.ps1 HTTP/1.1" 200 147227 "-" "Mozilla/5.0 AppleWebKit/537.36 (KHTML, like Gecko; compatible; bingbot/2.0; +http://www.bing.com/bingbot.htm) Chrome/116.0.1938.76 Safari/537.36"
185.191.171.15 - - [22/May/2024:17:10:37 -0700] "GET /data/clem1-l_e_y-a_b_u_h_l_n-2-edr-v1.0/cl_0049/lun218/luxxxxxx/luxxxxxh/lua1549h.218 HTTP/1.1" 200 30042 "-" "Mozilla/5.0 (compatible; SemrushBot/7~bl; +http://www.semrush.com/bot.html)"
40.77.167.65 - - [22/May/2024:17:10:39 -0700] "GET /services/search/search?q=&f.facet_pds_model_version.facet.prefix=2%2Cpds3%2C&f.facet_investigation.facet.prefix=2%252Clunar_crater_observation_and_sensing_satellite%252C&fq=facet_pds_model_version%3A%221%2Cpds3%22&f.facet_target.facet.prefix=3%2Casteroid%2C289%20nenetta%2C&start=2150 HTTP/1.1" 200 23793 "-" "Mozilla/5.0 AppleWebKit/537.36 (KHTML, like Gecko; compatible; bingbot/2.0; +http://www.bing.com/bingbot.htm) Chrome/116.0.1938.76 Safari/537.36"
185.191.171.17 - - [22/May/2024:17:10:39 -0700] "GET /data/clem1-l_e_y-a_b_u_h_l_n-2-edr-v1.0/cl_0008/lun055/lhxxxxxx/lhxxxxxp/lhd4959p.055 HTTP/1.1" 200 19441 "-" "Mozilla/5.0 (compatible; SemrushBot/7~bl; +http://www.semrush.com/bot.html)"
185.191.171.2 - - [22/May/2024:17:10:41 -0700] "GET /data/clem1-l_e_y-a_b_u_h_l_n-2-edr-v1.0/cl_0001/lun034/llxxxxxx/llxxxxxa/lla0242a.034 HTTP/1.1" 200 22464 "-" "Mozilla/5.0 (compatible; SemrushBot/7~bl; +http://www.semrush.com/bot.html)"
40.77.167.15 - - [22/May/2024:17:10:42 -0700] "GET /services/search/search?q=&f.facet_instrument.facet.prefix=3%252Ccamera%252Cadvance%2520camera%2520for%2520surveys%252C&fq=facet_target%3A%222%2Cplanet%2Csaturn%22&f.facet_target.facet.prefix=3%2Cplanet%2Csaturn%2C&f.facet_agency.facet.prefix=2%252Cesa%252C HTTP/1.1" 200 52820 "-" "Mozilla/5.0 AppleWebKit/537.36 (KHTML, like Gecko; compatible; bingbot/2.0; +http://www.bing.com/bingbot.htm) Chrome/116.0.1938.76 Safari/537.36"
44.223.39.67 - - [22/May/2024:17:10:43 -0700] "GET /data/clem1-l-u-5-dim-uvvis-v1.0/cl_4063/ HTTP/1.1" 200 7206 "-" "CCBot/2.0 (https://commoncrawl.org/faq/)"
185.191.171.15 - - [22/May/2024:17:10:43 -0700] "GET /data/clem1-l-u-5-dim-uvvis-v1.0/cl_4016/browse/color/large/ui45n085.htm HTTP/1.1" 200 2258 "-" "Mozilla/5.0 (compatible; SemrushBot/7~bl; +http://www.semrush.com/bot.html)"
40.77.167.70 - - [22/May/2024:17:10:43 -0700] "GET /data/pds4/test-bundles/data_calibrated/1936O/UVS_CAL_1936o_0862.XML HTTP/1.1" 200 11907 "-" "Mozilla/5.0 AppleWebKit/537.36 (KHTML, like Gecko; compatible; bingbot/2.0; +http://www.bing.com/bingbot.htm) Chrome/116.0.1938.76 Safari/537.36"
128.97.31.2 - - [22/May/2024:17:10:45 -0700] "GET /pds4/pds/v1/PDS4_PDS_1L00.xsd HTTP/1.1" 200 414576 "-" "Oxygen XML Editor/20.1"
128.97.31.2 - - [22/May/2024:17:10:45 -0700] "GET /pds4/pds/v1/PDS4_PDS_1L00.xsd HTTP/1.1" 200 414576 "-" "Oxygen XML Editor/20.1"
128.97.31.2 - - [22/May/2024:17:10:46 -0700] "GET /pds4/pds/v1/PDS4_PDS_1L00.xsd HTTP/1.1" 200 414576 "-" "Oxygen XML Editor/20.1"
128.97.31.2 - - [22/May/2024:17:10:46 -0700] "GET /pds4/pds/v1/PDS4_PDS_1L00.xsd HTTP/1.1" 200 414576 "-" "Oxygen XML Editor/20.1"
85.208.96.210 - - [22/May/2024:17:10:49 -0700] "GET /data/clem1-l_e_y-a_b_u_h_l_n-2-edr-v1.0/cl_0004/lun045/luxxxxxx/luxxxxxo/luc4879o.045 HTTP/1.1" 200 14151 "-" "Mozilla/5.0 (compatible; SemrushBot/7~bl; +http://www.semrush.com/bot.html)"
40.77.167.70 - - [22/May/2024:17:10:49 -0700] "GET /services/search/search?q=&fq=facet_type%3A%221%2Cresource%22&f.facet_target.facet.prefix=3%2Casteroid%2C1069%20planckia%2C&f.facet_type.facet.prefix=2%2Cresource%2C&start=700 HTTP/1.1" 200 18621 "-" "Mozilla/5.0 AppleWebKit/537.36 (KHTML, like Gecko; compatible; bingbot/2.0; +http://www.bing.com/bingbot.htm) Chrome/116.0.1938.76 Safari/537.36"
66.249.69.162 - - [22/May/2024:17:10:51 -0700] "GET /data/mgn-v-rdrs-5-midr-c1-v1.0/mg_0040/c130s261/c1f03.lbl HTTP/1.1" 200 5200 "-" "Mozilla/5.0 (Linux; Android 6.0.1; Nexus 5X Build/MMB29P) AppleWebKit/537.36 (KHTML, like Gecko) Chrome/125.0.6422.65 Mobile Safari/537.36 (compatible; Googlebot/2.1; +http://www.google.com/bot.html)"
3.122.151.221 - - [22/May/2024:17:10:52 -0700] "HEAD /datastandards/about HTTP/1.1" 301 - "-" "Mozilla/5.0 (Windows NT 6.3; Win64; x64) AppleWebKit/537.36 (KHTML, like Gecko) Chrome/79.0.3945.0 Safari/537.36 (WebConnector)"
3.122.151.221 - - [22/May/2024:17:10:53 -0700] "HEAD /datastandards/about/ HTTP/1.1" 200 - "-" "Mozilla/5.0 (Windows NT 6.3; Win64; x64) AppleWebKit/537.36 (KHTML, like Gecko) Chrome/79.0.3945.0 Safari/537.36 (WebConnector)"
52.167.144.173 - - [22/May/2024:17:10:53 -0700] "GET /services/search/search?q=&fq=facet_type%3A%221%2Cresource%22&f.facet_target.facet.prefix=3%2Casteroid%2C1069%20planckia%2C&f.facet_type.facet.prefix=2%2Cresource%2C&start=550 HTTP/1.1" 200 18614 "-" "Mozilla/5.0 AppleWebKit/537.36 (KHTML, like Gecko; compatible; bingbot/2.0; +http://www.bing.com/bingbot.htm) Chrome/116.0.1938.76 Safari/537.36"
128.97.31.2 - - [22/May/2024:17:10:53 -0700] "GET /pds4/pds/v1/PDS4_PDS_1L00.xsd HTTP/1.1" 200 414576 "-" "Oxygen XML Editor/20.1"
3.122.151.221 - - [22/May/2024:17:10:53 -0700] "GET /datastandards/about HTTP/1.1" 301 249 "-" "Mozilla/5.0 (Windows NT 6.3; Win64; x64) AppleWebKit/537.36 (KHTML, like Gecko) Chrome/79.0.3945.0 Safari/537.36 (WebConnector)"
3.122.151.221 - - [22/May/2024:17:10:53 -0700] "GET /datastandards/about/ HTTP/1.1" 200 10969 "-" "Mozilla/5.0 (Windows NT 6.3; Win64; x64) AppleWebKit/537.36 (KHTML, like Gecko) Chrome/79.0.3945.0 Safari/537.36 (WebConnector)"
128.97.31.2 - - [22/May/2024:17:10:54 -0700] "GET /pds4/pds/v1/PDS4_PDS_1L00.xsd HTTP/1.1" 200 414576 "-" "Oxygen XML Editor/20.1"
85.208.96.207 - - [22/May/2024:17:10:54 -0700] "GET /data/clem1-l_e_y-a_b_u_h_l_n-2-edr-v1.0/cl_0001/lun034/llxxxxxx/llxxxxxh/lla2970h.034 HTTP/1.1" 200 22463 "-" "Mozilla/5.0 (compatible; SemrushBot/7~bl; +http://www.semrush.com/bot.html)"
10.100.1.224 - - [22/May/2024:17:10:57 -0700] "GET / HTTP/1.1" 200 44321 "-" "ELB-HealthChecker/2.0"
10.100.2.72 - - [22/May/2024:17:11:00 -0700] "GET / HTTP/1.1" 200 44321 "-" "ELB-HealthChecker/2.0"
52.167.144.173 - - [22/May/2024:17:11:02 -0700] "GET /services/search/search?q=&f.facet_instrument.facet.prefix=3%252Ccamera%252Cadvance%2520camera%2520for%2520surveys%252C&fq=facet_target%3A%222%2Cplanet%2Csaturn%22&f.facet_target.facet.prefix=3%2Cplanet%2Csaturn%2C&f.facet_agency.facet.prefix=2%252Cesa%252C&fq=facet_investigation%3A%221%2Cgalileo%22&f.facet_investigation.facet.prefix=2%2Cgalileo%2C HTTP/1.1" 200 5467 "-" "Mozilla/5.0 AppleWebKit/537.36 (KHTML, like Gecko; compatible; bingbot/2.0; +http://www.bing.com/bingbot.htm) Chrome/116.0.1938.76 Safari/537.36"
52.167.144.173 - - [22/May/2024:17:11:02 -0700] "GET /services/search/search?q=&f.facet_instrument.facet.prefix=3%252Ccamera%252Cadvance%2520camera%2520for%2520surveys%252C&fq=facet_target%3A%222%2Cplanet%2Csaturn%22&f.facet_target.facet.prefix=3%2Cplanet%2Csaturn%2C&f.facet_agency.facet.prefix=2%252Cesa%252C&fq=facet_type%3A%221%2Ccollection%22&f.facet_type.facet.prefix=2%2Ccollection%2C HTTP/1.1" 200 40228 "-" "Mozilla/5.0 AppleWebKit/537.36 (KHTML, like Gecko; compatible; bingbot/2.0; +http://www.bing.com/bingbot.htm) Chrome/116.0.1938.76 Safari/537.36"
52.167.144.173 - - [22/May/2024:17:11:03 -0700] "GET /services/search/search?q=&f.facet_instrument.facet.prefix=3%252Ccamera%252Cadvance%2520camera%2520for%2520surveys%252C&fq=facet_target%3A%222%2Cplanet%2Csaturn%22&f.facet_target.facet.prefix=3%2Cplanet%2Csaturn%2C&f.facet_agency.facet.prefix=2%252Cesa%252C&fq=facet_investigation%3A%221%2Ccassini-huygens%22&f.facet_investigation.facet.prefix=2%2Ccassini-huygens%2C HTTP/1.1" 200 39103 "-" "Mozilla/5.0 AppleWebKit/537.36 (KHTML, like Gecko; compatible; bingbot/2.0; +http://www.bing.com/bingbot.htm) Chrome/116.0.1938.76 Safari/537.36"
52.167.144.173 - - [22/May/2024:17:11:03 -0700] "GET /services/search/search?q=&f.facet_instrument.facet.prefix=3%252Ccamera%252Cadvance%2520camera%2520for%2520surveys%252C&fq=facet_target%3A%222%2Cplanet%2Csaturn%22&f.facet_target.facet.prefix=3%2Cplanet%2Csaturn%2C&f.facet_agency.facet.prefix=2%252Cesa%252C&start=450 HTTP/1.1" 200 46299 "-" "Mozilla/5.0 AppleWebKit/537.36 (KHTML, like Gecko; compatible; bingbot/2.0; +http://www.bing.com/bingbot.htm) Chrome/116.0.1938.76 Safari/537.36"
44.223.39.67 - - [22/May/2024:17:11:04 -0700] "GET /data/clem1-l-u-5-dim-uvvis-v1.0/cl_4040/?C=M;O=A HTTP/1.1" 200 7206 "-" "CCBot/2.0 (https://commoncrawl.org/faq/)"
40.77.167.15 - - [22/May/2024:17:11:07 -0700] "GET /services/search/search?q=&fq=facet_type%3A%221%2Cresource%22&f.facet_target.facet.prefix=3%2Casteroid%2C1069%20planckia%2C&f.facet_type.facet.prefix=2%2Cresource%2C&start=750 HTTP/1.1" 200 18623 "-" "Mozilla/5.0 AppleWebKit/537.36 (KHTML, like Gecko; compatible; bingbot/2.0; +http://www.bing.com/bingbot.htm) Chrome/116.0.1938.76 Safari/537.36"
40.77.167.15 - - [22/May/2024:17:11:07 -0700] "GET /services/search/search?q=&fq=facet_type%3A%221%2Cresource%22&f.facet_target.facet.prefix=3%2Casteroid%2C1069%20planckia%2C&f.facet_type.facet.prefix=2%2Cresource%2C&start=650 HTTP/1.1" 200 18619 "-" "Mozilla/5.0 AppleWebKit/537.36 (KHTML, like Gecko; compatible; bingbot/2.0; +http://www.bing.com/bingbot.htm) Chrome/116.0.1938.76 Safari/537.36"
40.77.167.15 - - [22/May/2024:17:11:07 -0700] "GET /services/search/search?q=&fq=facet_type%3A%221%2Cresource%22&f.facet_target.facet.prefix=3%2Casteroid%2C1069%20planckia%2C&f.facet_type.facet.prefix=2%2Cresource%2C&start=600 HTTP/1.1" 200 18617 "-" "Mozilla/5.0 AppleWebKit/537.36 (KHTML, like Gecko; compatible; bingbot/2.0; +http://www.bing.com/bingbot.htm) Chrome/116.0.1938.76 Safari/537.36"
40.77.167.15 - - [22/May/2024:17:11:07 -0700] "GET /services/search/search?q=&f.facet_instrument.facet.prefix=3%252Ccamera%252Cadvance%2520camera%2520for%2520surveys%252C&fq=facet_target%3A%222%2Cplanet%2Csaturn%22&f.facet_target.facet.prefix=3%2Cplanet%2Csaturn%2C&f.facet_agency.facet.prefix=2%252Cesa%252C&fq=facet_investigation%3A%221%2Chst%22&f.facet_investigation.facet.prefix=2%2Chst%2C HTTP/1.1" 200 7859 "-" "Mozilla/5.0 AppleWebKit/537.36 (KHTML, like Gecko; compatible; bingbot/2.0; +http://www.bing.com/bingbot.htm) Chrome/116.0.1938.76 Safari/537.36"
40.77.167.15 - - [22/May/2024:17:11:08 -0700] "GET /services/search/search?q=&f.facet_instrument.facet.prefix=3%252Ccamera%252Cadvance%2520camera%2520for%2520surveys%252C&fq=facet_target%3A%222%2Cplanet%2Csaturn%22&f.facet_target.facet.prefix=3%2Cplanet%2Csaturn%2C&f.facet_agency.facet.prefix=2%252Cesa%252C&fq=facet_investigation%3A%221%2Ccassini%22&f.facet_investigation.facet.prefix=2%2Ccassini%2C HTTP/1.1" 200 14313 "-" "Mozilla/5.0 AppleWebKit/537.36 (KHTML, like Gecko; compatible; bingbot/2.0; +http://www.bing.com/bingbot.htm) Chrome/116.0.1938.76 Safari/537.36"
52.233.106.97 - - [22/May/2024:17:11:08 -0700] "GET /services/search/search?q=&f.facet_instrument.facet.prefix=2%2Cparticle%20detector%2C&fq=facet_instrument%3A%221%2Cparticle%20detector%22&f.facet_type.facet.prefix=2%2Cservice%2C&fq=facet_target%3A%222%2Cplanet%2Cjupiter%22&f.facet_target.facet.prefix=3%2Cplanet%2Cjupiter%2C HTTP/1.1" 200 51594 "-" "Mozilla/5.0 AppleWebKit/537.36 (KHTML, like Gecko; compatible; GPTBot/1.0; +https://openai.com/gptbot)"
40.77.167.15 - - [22/May/2024:17:11:08 -0700] "GET /services/search/search?q=&f.facet_instrument.facet.prefix=3%252Ccamera%252Cadvance%2520camera%2520for%2520surveys%252C&fq=facet_target%3A%222%2Cplanet%2Csaturn%22&f.facet_target.facet.prefix=3%2Cplanet%2Csaturn%2C&f.facet_agency.facet.prefix=2%252Cesa%252C&fq=facet_investigation%3A%221%2Cvoyager%201%22&f.facet_investigation.facet.prefix=2%2Cvoyager%201%2C HTTP/1.1" 200 38545 "-" "Mozilla/5.0 AppleWebKit/537.36 (KHTML, like Gecko; compatible; bingbot/2.0; +http://www.bing.com/bingbot.htm) Chrome/116.0.1938.76 Safari/537.36"
40.77.167.15 - - [22/May/2024:17:11:08 -0700] "GET /services/search/search?q=&f.facet_instrument.facet.prefix=3%252Ccamera%252Cadvance%2520camera%2520for%2520surveys%252C&fq=facet_target%3A%222%2Cplanet%2Csaturn%22&f.facet_target.facet.prefix=3%2Cplanet%2Csaturn%2C&f.facet_agency.facet.prefix=2%252Cesa%252C&fq=facet_type%3A%221%2Cdata_set%22&f.facet_type.facet.prefix=2%2Cdata_set%2C HTTP/1.1" 200 41213 "-" "Mozilla/5.0 AppleWebKit/537.36 (KHTML, like Gecko; compatible; bingbot/2.0; +http://www.bing.com/bingbot.htm) Chrome/116.0.1938.76 Safari/537.36"
40.77.167.15 - - [22/May/2024:17:11:09 -0700] "GET /services/search/search?q=&f.facet_instrument.facet.prefix=3%252Ccamera%252Cadvance%2520camera%2520for%2520surveys%252C&fq=facet_target%3A%222%2Cplanet%2Csaturn%22&f.facet_target.facet.prefix=3%2Cplanet%2Csaturn%2C&f.facet_agency.facet.prefix=2%252Cesa%252C&start=300 HTTP/1.1" 200 47983 "-" "Mozilla/5.0 AppleWebKit/537.36 (KHTML, like Gecko; compatible; bingbot/2.0; +http://www.bing.com/bingbot.htm) Chrome/116.0.1938.76 Safari/537.36"
52.233.106.97 - - [22/May/2024:17:11:10 -0700] "GET /datastandards/documents/dd/all/current/ch33s48.html HTTP/1.1" 404 249 "-" "Mozilla/5.0 AppleWebKit/537.36 (KHTML, like Gecko; compatible; GPTBot/1.0; +https://openai.com/gptbot)"
40.77.167.70 - - [22/May/2024:17:11:15 -0700] "GET /services/search/search?q=&f.facet_instrument.facet.prefix=3%252Ccamera%252Cadvance%2520camera%2520for%2520surveys%252C&fq=facet_target%3A%222%2Cplanet%2Csaturn%22&f.facet_target.facet.prefix=3%2Cplanet%2Csaturn%2C&f.facet_agency.facet.prefix=2%252Cesa%252C&fq=facet_investigation%3A%221%2Cpioneer%2011%22&f.facet_investigation.facet.prefix=2%2Cpioneer%2011%2C HTTP/1.1" 200 11186 "-" "Mozilla/5.0 AppleWebKit/537.36 (KHTML, like Gecko; compatible; bingbot/2.0; +http://www.bing.com/bingbot.htm) Chrome/116.0.1938.76 Safari/537.36"
40.77.167.70 - - [22/May/2024:17:11:15 -0700] "GET /services/search/search?q=&f.facet_instrument.facet.prefix=3%252Ccamera%252Cadvance%2520camera%2520for%2520surveys%252C&fq=facet_target%3A%222%2Cplanet%2Csaturn%22&f.facet_target.facet.prefix=3%2Cplanet%2Csaturn%2C&f.facet_agency.facet.prefix=2%252Cesa%252C&fq=facet_investigation%3A%221%2Ccassini-hyugens%22&f.facet_investigation.facet.prefix=2%2Ccassini-hyugens%2C HTTP/1.1" 200 3678 "-" "Mozilla/5.0 AppleWebKit/537.36 (KHTML, like Gecko; compatible; bingbot/2.0; +http://www.bing.com/bingbot.htm) Chrome/116.0.1938.76 Safari/537.36"
40.77.167.70 - - [22/May/2024:17:11:16 -0700] "GET /services/search/search?q=&f.facet_instrument.facet.prefix=3%252Ccamera%252Cadvance%2520camera%2520for%2520surveys%252C&fq=facet_target%3A%222%2Cplanet%2Csaturn%22&f.facet_target.facet.prefix=3%2Cplanet%2Csaturn%2C&f.facet_agency.facet.prefix=2%252Cesa%252C&start=250 HTTP/1.1" 200 52477 "-" "Mozilla/5.0 AppleWebKit/537.36 (KHTML, like Gecko; compatible; bingbot/2.0; +http://www.bing.com/bingbot.htm) Chrome/116.0.1938.76 Safari/537.36"
40.77.167.70 - - [22/May/2024:17:11:16 -0700] "GET /services/search/search?q=&f.facet_instrument.facet.prefix=3%252Ccamera%252Cadvance%2520camera%2520for%2520surveys%252C&fq=facet_target%3A%222%2Cplanet%2Csaturn%22&f.facet_target.facet.prefix=3%2Cplanet%2Csaturn%2C&f.facet_agency.facet.prefix=2%252Cesa%252C&start=350 HTTP/1.1" 200 52062 "-" "Mozilla/5.0 AppleWebKit/537.36 (KHTML, like Gecko; compatible; bingbot/2.0; +http://www.bing.com/bingbot.htm) Chrome/116.0.1938.76 Safari/537.36"
40.77.167.15 - - [22/May/2024:17:11:13 -0700] "GET /data/mgs-m-mola-5-iegdr-l3-v2.0/mgsl_2038/data/egdr/ieg0031t.img HTTP/1.1" 200 132710400 "-" "Mozilla/5.0 AppleWebKit/537.36 (KHTML, like Gecko; compatible; bingbot/2.0; +http://www.bing.com/bingbot.htm) Chrome/116.0.1938.76 Safari/537.36"
40.77.167.70 - - [22/May/2024:17:11:17 -0700] "GET /services/search/search?q=&f.facet_instrument.facet.prefix=3%252Ccamera%252Cadvance%2520camera%2520for%2520surveys%252C&fq=facet_target%3A%222%2Cplanet%2Csaturn%22&f.facet_target.facet.prefix=3%2Cplanet%2Csaturn%2C&f.facet_agency.facet.prefix=2%252Cesa%252C&fq=facet_type%3A%221%2Ctarget%22&f.facet_type.facet.prefix=2%2Ctarget%2C HTTP/1.1" 200 4226 "-" "Mozilla/5.0 AppleWebKit/537.36 (KHTML, like Gecko; compatible; bingbot/2.0; +http://www.bing.com/bingbot.htm) Chrome/116.0.1938.76 Safari/537.36"
76.151.6.76 - - [22/May/2024:17:11:18 -0700] "GET /pds-app-bar/pds-app-bar.css HTTP/1.1" 200 2962 "-" "Mozilla/5.0 (X11; Linux x86_64) AppleWebKit/537.36 (KHTML, like Gecko) Chrome/125.0.0.0 Safari/537.36"
76.151.6.76 - - [22/May/2024:17:11:19 -0700] "GET /pds-app-bar/pds-app-bar.js HTTP/1.1" 200 9259 "-" "Mozilla/5.0 (X11; Linux x86_64) AppleWebKit/537.36 (KHTML, like Gecko) Chrome/125.0.0.0 Safari/537.36"
128.97.68.224 - - [22/May/2024:17:11:19 -0700] "GET /pds4/pds/v1/PDS4_PDS_1K00.xsd HTTP/1.1" 200 413841 "-" "Oxygen XML Editor/20.1"
128.97.68.224 - - [22/May/2024:17:11:19 -0700] "GET /pds4/msn/v1/PDS4_MSN_1K00_1300.xsd HTTP/1.1" 200 22734 "-" "Oxygen XML Editor/20.1"
76.151.6.76 - - [22/May/2024:17:11:19 -0700] "GET /pds-app-bar/images/info.svg HTTP/1.1" 200 430 "-" "Mozilla/5.0 (X11; Linux x86_64) AppleWebKit/537.36 (KHTML, like Gecko) Chrome/125.0.0.0 Safari/537.36"
76.151.6.76 - - [22/May/2024:17:11:19 -0700] "GET /pds-app-bar/images/PDS_Planets-acr-inv-bw.png HTTP/1.1" 200 94724 "-" "Mozilla/5.0 (X11; Linux x86_64) AppleWebKit/537.36 (KHTML, like Gecko) Chrome/125.0.0.0 Safari/537.36"
128.97.68.224 - - [22/May/2024:17:11:19 -0700] "GET /pds4/particle/v2/PDS4_PARTICLE_1K00_2010.xsd HTTP/1.1" 200 7311 "-" "Oxygen XML Editor/20.1"
128.97.68.224 - - [22/May/2024:17:11:19 -0700] "GET /pds4/pds/v1/PDS4_PDS_1K00.xsd HTTP/1.1" 200 413841 "-" "Oxygen XML Editor/20.1"
128.97.68.224 - - [22/May/2024:17:11:19 -0700] "GET /pds4/msn/v1/PDS4_MSN_1K00_1300.xsd HTTP/1.1" 200 22734 "-" "Oxygen XML Editor/20.1"
128.97.68.224 - - [22/May/2024:17:11:19 -0700] "GET /pds4/particle/v2/PDS4_PARTICLE_1K00_2010.xsd HTTP/1.1" 200 7311 "-" "Oxygen XML Editor/20.1"
128.97.68.224 - - [22/May/2024:17:11:19 -0700] "GET /pds4/pds/v1/PDS4_PDS_1K00.xsd HTTP/1.1" 200 413841 "-" "Oxygen XML Editor/20.1"
128.97.68.224 - - [22/May/2024:17:11:20 -0700] "GET /pds4/msn/v1/PDS4_MSN_1K00_1300.xsd HTTP/1.1" 200 22734 "-" "Oxygen XML Editor/20.1"
128.97.68.224 - - [22/May/2024:17:11:20 -0700] "GET /pds4/particle/v2/PDS4_PARTICLE_1K00_2010.xsd HTTP/1.1" 200 7311 "-" "Oxygen XML Editor/20.1"
128.97.68.224 - - [22/May/2024:17:11:22 -0700] "GET /pds4/pds/v1/PDS4_PDS_1K00.xsd HTTP/1.1" 200 413841 "-" "Oxygen XML Editor/20.1"
128.97.68.224 - - [22/May/2024:17:11:22 -0700] "GET /pds4/particle/v2/PDS4_PARTICLE_1K00_2010.xsd HTTP/1.1" 200 7311 "-" "Oxygen XML Editor/20.1"
128.97.68.224 - - [22/May/2024:17:11:22 -0700] "GET /pds4/msn/v1/PDS4_MSN_1K00_1300.xsd HTTP/1.1" 200 22734 "-" "Oxygen XML Editor/20.1"
128.97.68.224 - - [22/May/2024:17:11:22 -0700] "GET /pds4/pds/v1/PDS4_PDS_1K00.xsd HTTP/1.1" 200 413841 "-" "Oxygen XML Editor/20.1"
128.97.68.224 - - [22/May/2024:17:11:22 -0700] "GET /pds4/particle/v2/PDS4_PARTICLE_1K00_2010.xsd HTTP/1.1" 200 7311 "-" "Oxygen XML Editor/20.1"
52.167.144.173 - - [22/May/2024:17:11:22 -0700] "GET /services/search/search?q=&f.facet_instrument.facet.prefix=3%252Ccamera%252Cadvance%2520camera%2520for%2520surveys%252C&fq=facet_target%3A%222%2Cplanet%2Csaturn%22&f.facet_target.facet.prefix=3%2Cplanet%2Csaturn%2C&f.facet_agency.facet.prefix=2%252Cesa%252C&start=0 HTTP/1.1" 200 52878 "-" "Mozilla/5.0 AppleWebKit/537.36 (KHTML, like Gecko; compatible; bingbot/2.0; +http://www.bing.com/bingbot.htm) Chrome/116.0.1938.76 Safari/537.36"
128.97.68.224 - - [22/May/2024:17:11:22 -0700] "GET /pds4/msn/v1/PDS4_MSN_1K00_1300.xsd HTTP/1.1" 200 22734 "-" "Oxygen XML Editor/20.1"
128.97.68.224 - - [22/May/2024:17:11:23 -0700] "GET /pds4/pds/v1/PDS4_PDS_1K00.xsd HTTP/1.1" 200 413841 "-" "Oxygen XML Editor/20.1"
128.97.68.224 - - [22/May/2024:17:11:23 -0700] "GET /pds4/particle/v2/PDS4_PARTICLE_1K00_2010.xsd HTTP/1.1" 200 7311 "-" "Oxygen XML Editor/20.1"
128.97.68.224 - - [22/May/2024:17:11:23 -0700] "GET /pds4/msn/v1/PDS4_MSN_1K00_1300.xsd HTTP/1.1" 200 22734 "-" "Oxygen XML Editor/20.1"
128.97.68.224 - - [22/May/2024:17:11:23 -0700] "GET /pds4/pds/v1/PDS4_PDS_1K00.xsd HTTP/1.1" 200 413841 "-" "Oxygen XML Editor/20.1"
128.97.68.224 - - [22/May/2024:17:11:23 -0700] "GET /pds4/particle/v2/PDS4_PARTICLE_1K00_2010.xsd HTTP/1.1" 200 7311 "-" "Oxygen XML Editor/20.1"
128.97.68.224 - - [22/May/2024:17:11:23 -0700] "GET /pds4/msn/v1/PDS4_MSN_1K00_1300.xsd HTTP/1.1" 200 22734 "-" "Oxygen XML Editor/20.1"
128.97.68.224 - - [22/May/2024:17:11:23 -0700] "GET /pds4/pds/v1/PDS4_PDS_1K00.xsd HTTP/1.1" 200 413841 "-" "Oxygen XML Editor/20.1"
128.97.68.224 - - [22/May/2024:17:11:23 -0700] "GET /pds4/particle/v2/PDS4_PARTICLE_1K00_2010.xsd HTTP/1.1" 200 7311 "-" "Oxygen XML Editor/20.1"
85.208.96.199 - - [22/May/2024:17:11:22 -0700] "GET /data/clem1-l_e_y-a_b_u_h_l_n-2-edr-v1.0/cl_0023/lun110/lhxxxxxx/lhxxxxxf/ HTTP/1.1" 200 38859 "-" "Mozilla/5.0 (compatible; SemrushBot/7~bl; +http://www.semrush.com/bot.html)"
128.97.68.224 - - [22/May/2024:17:11:23 -0700] "GET /pds4/msn/v1/PDS4_MSN_1K00_1300.xsd HTTP/1.1" 200 22734 "-" "Oxygen XML Editor/20.1"
128.97.68.224 - - [22/May/2024:17:11:23 -0700] "GET /pds4/pds/v1/PDS4_PDS_1K00.xsd HTTP/1.1" 200 413841 "-" "Oxygen XML Editor/20.1"
128.97.68.224 - - [22/May/2024:17:11:23 -0700] "GET /pds4/particle/v2/PDS4_PARTICLE_1K00_2010.xsd HTTP/1.1" 200 7311 "-" "Oxygen XML Editor/20.1"
128.97.68.224 - - [22/May/2024:17:11:23 -0700] "GET /pds4/msn/v1/PDS4_MSN_1K00_1300.xsd HTTP/1.1" 200 22734 "-" "Oxygen XML Editor/20.1"
128.97.68.224 - - [22/May/2024:17:11:23 -0700] "GET /pds4/pds/v1/PDS4_PDS_1K00.xsd HTTP/1.1" 200 413841 "-" "Oxygen XML Editor/20.1"
128.97.68.224 - - [22/May/2024:17:11:23 -0700] "GET /pds4/particle/v2/PDS4_PARTICLE_1K00_2010.xsd HTTP/1.1" 200 7311 "-" "Oxygen XML Editor/20.1"
128.97.68.224 - - [22/May/2024:17:11:23 -0700] "GET /pds4/msn/v1/PDS4_MSN_1K00_1300.xsd HTTP/1.1" 200 22734 "-" "Oxygen XML Editor/20.1"
128.97.68.224 - - [22/May/2024:17:11:23 -0700] "GET /pds4/pds/v1/PDS4_PDS_1K00.xsd HTTP/1.1" 200 413841 "-" "Oxygen XML Editor/20.1"
128.97.68.224 - - [22/May/2024:17:11:24 -0700] "GET /pds4/particle/v2/PDS4_PARTICLE_1K00_2010.xsd HTTP/1.1" 200 7311 "-" "Oxygen XML Editor/20.1"
128.97.68.224 - - [22/May/2024:17:11:24 -0700] "GET /pds4/msn/v1/PDS4_MSN_1K00_1300.xsd HTTP/1.1" 200 22734 "-" "Oxygen XML Editor/20.1"
128.97.68.224 - - [22/May/2024:17:11:24 -0700] "GET /pds4/pds/v1/PDS4_PDS_1K00.xsd HTTP/1.1" 200 413841 "-" "Oxygen XML Editor/20.1"
128.97.68.224 - - [22/May/2024:17:11:24 -0700] "GET /pds4/particle/v2/PDS4_PARTICLE_1K00_2010.xsd HTTP/1.1" 200 7311 "-" "Oxygen XML Editor/20.1"
128.97.68.224 - - [22/May/2024:17:11:24 -0700] "GET /pds4/msn/v1/PDS4_MSN_1K00_1300.xsd HTTP/1.1" 200 22734 "-" "Oxygen XML Editor/20.1"
128.97.68.224 - - [22/May/2024:17:11:24 -0700] "GET /pds4/pds/v1/PDS4_PDS_1K00.xsd HTTP/1.1" 200 413841 "-" "Oxygen XML Editor/20.1"
128.97.68.224 - - [22/May/2024:17:11:24 -0700] "GET /pds4/particle/v2/PDS4_PARTICLE_1K00_2010.xsd HTTP/1.1" 200 7311 "-" "Oxygen XML Editor/20.1"
128.97.68.224 - - [22/May/2024:17:11:24 -0700] "GET /pds4/msn/v1/PDS4_MSN_1K00_1300.xsd HTTP/1.1" 200 22734 "-" "Oxygen XML Editor/20.1"
128.97.68.224 - - [22/May/2024:17:11:24 -0700] "GET /pds4/pds/v1/PDS4_PDS_1K00.xsd HTTP/1.1" 200 413841 "-" "Oxygen XML Editor/20.1"
128.97.68.224 - - [22/May/2024:17:11:24 -0700] "GET /pds4/particle/v2/PDS4_PARTICLE_1K00_2010.xsd HTTP/1.1" 200 7311 "-" "Oxygen XML Editor/20.1"
128.97.68.224 - - [22/May/2024:17:11:24 -0700] "GET /pds4/msn/v1/PDS4_MSN_1K00_1300.xsd HTTP/1.1" 200 22734 "-" "Oxygen XML Editor/20.1"
128.97.68.224 - - [22/May/2024:17:11:24 -0700] "GET /pds4/pds/v1/PDS4_PDS_1K00.xsd HTTP/1.1" 200 413841 "-" "Oxygen XML Editor/20.1"
128.97.68.224 - - [22/May/2024:17:11:24 -0700] "GET /pds4/particle/v2/PDS4_PARTICLE_1K00_2010.xsd HTTP/1.1" 200 7311 "-" "Oxygen XML Editor/20.1"
128.97.68.224 - - [22/May/2024:17:11:24 -0700] "GET /pds4/msn/v1/PDS4_MSN_1K00_1300.xsd HTTP/1.1" 200 22734 "-" "Oxygen XML Editor/20.1"
128.97.68.224 - - [22/May/2024:17:11:25 -0700] "GET /pds4/pds/v1/PDS4_PDS_1K00.xsd HTTP/1.1" 200 413841 "-" "Oxygen XML Editor/20.1"
128.97.68.224 - - [22/May/2024:17:11:25 -0700] "GET /pds4/particle/v2/PDS4_PARTICLE_1K00_2010.xsd HTTP/1.1" 200 7311 "-" "Oxygen XML Editor/20.1"
128.97.68.224 - - [22/May/2024:17:11:25 -0700] "GET /pds4/msn/v1/PDS4_MSN_1K00_1300.xsd HTTP/1.1" 200 22734 "-" "Oxygen XML Editor/20.1"
128.97.68.224 - - [22/May/2024:17:11:25 -0700] "GET /pds4/pds/v1/PDS4_PDS_1K00.xsd HTTP/1.1" 200 413841 "-" "Oxygen XML Editor/20.1"
128.97.68.224 - - [22/May/2024:17:11:25 -0700] "GET /pds4/particle/v2/PDS4_PARTICLE_1K00_2010.xsd HTTP/1.1" 200 7311 "-" "Oxygen XML Editor/20.1"
128.97.68.224 - - [22/May/2024:17:11:25 -0700] "GET /pds4/msn/v1/PDS4_MSN_1K00_1300.xsd HTTP/1.1" 200 22734 "-" "Oxygen XML Editor/20.1"
44.223.39.67 - - [22/May/2024:17:11:25 -0700] "GET /data/clem1-l-u-5-dim-uvvis-v1.0/cl_4068/phase/ HTTP/1.1" 200 11184 "-" "CCBot/2.0 (https://commoncrawl.org/faq/)"
128.97.68.224 - - [22/May/2024:17:11:26 -0700] "GET /pds4/pds/v1/PDS4_PDS_1K00.xsd HTTP/1.1" 200 413841 "-" "Oxygen XML Editor/20.1"
128.97.68.224 - - [22/May/2024:17:11:26 -0700] "GET /pds4/msn/v1/PDS4_MSN_1K00_1300.xsd HTTP/1.1" 200 22734 "-" "Oxygen XML Editor/20.1"
128.97.68.224 - - [22/May/2024:17:11:26 -0700] "GET /pds4/particle/v2/PDS4_PARTICLE_1K00_2010.xsd HTTP/1.1" 200 7311 "-" "Oxygen XML Editor/20.1"
128.97.68.224 - - [22/May/2024:17:11:26 -0700] "GET /pds4/pds/v1/PDS4_PDS_1K00.xsd HTTP/1.1" 200 413841 "-" "Oxygen XML Editor/20.1"
128.97.68.224 - - [22/May/2024:17:11:26 -0700] "GET /pds4/msn/v1/PDS4_MSN_1K00_1300.xsd HTTP/1.1" 200 22734 "-" "Oxygen XML Editor/20.1"
128.97.68.224 - - [22/May/2024:17:11:26 -0700] "GET /pds4/particle/v2/PDS4_PARTICLE_1K00_2010.xsd HTTP/1.1" 200 7311 "-" "Oxygen XML Editor/20.1"
128.97.68.224 - - [22/May/2024:17:11:26 -0700] "GET /pds4/pds/v1/PDS4_PDS_1K00.xsd HTTP/1.1" 200 413841 "-" "Oxygen XML Editor/20.1"
128.97.68.224 - - [22/May/2024:17:11:26 -0700] "GET /pds4/msn/v1/PDS4_MSN_1K00_1300.xsd HTTP/1.1" 200 22734 "-" "Oxygen XML Editor/20.1"
128.97.68.224 - - [22/May/2024:17:11:26 -0700] "GET /pds4/particle/v2/PDS4_PARTICLE_1K00_2010.xsd HTTP/1.1" 200 7311 "-" "Oxygen XML Editor/20.1"
10.100.1.224 - - [22/May/2024:17:11:27 -0700] "GET / HTTP/1.1" 200 44321 "-" "ELB-HealthChecker/2.0"
40.77.167.15 - - [22/May/2024:17:11:27 -0700] "GET /services/search/search?q=&f.facet_instrument.facet.prefix=3%252Ccamera%252Cadvance%2520camera%2520for%2520surveys%252C&fq=facet_target%3A%222%2Cplanet%2Csaturn%22&fq=facet_type%3A%221%2Ccollection%22&f.facet_target.facet.prefix=3%2Cplanet%2Csaturn%2C&f.facet_agency.facet.prefix=2%252Cesa%252C&f.facet_type.facet.prefix=2%2Ccollection%2C&start=100 HTTP/1.1" 200 40052 "-" "Mozilla/5.0 AppleWebKit/537.36 (KHTML, like Gecko; compatible; bingbot/2.0; +http://www.bing.com/bingbot.htm) Chrome/116.0.1938.76 Safari/537.36"
185.191.171.1 - - [22/May/2024:17:11:27 -0700] "GET /data/clem1-l_e_y-a_b_u_h_l_n-2-edr-v1.0/cl_0010/lun063/lhxxxxxx/lhxxxxxh/lhd2580h.063 HTTP/1.1" 200 18907 "-" "Mozilla/5.0 (compatible; SemrushBot/7~bl; +http://www.semrush.com/bot.html)"
52.233.106.97 - - [22/May/2024:17:11:27 -0700] "GET /data/mgn-v-rdrs-5-dim-v1.0/mg_1406/fo30s078/fo35s073.img HTTP/1.1" 200 6969180 "-" "Mozilla/5.0 AppleWebKit/537.36 (KHTML, like Gecko; compatible; GPTBot/1.0; +https://openai.com/gptbot)"
40.77.167.15 - - [22/May/2024:17:11:28 -0700] "GET /services/search/search?q=&f.facet_instrument.facet.prefix=3%252Ccamera%252Cadvance%2520camera%2520for%2520surveys%252C&fq=facet_target%3A%222%2Cplanet%2Csaturn%22&fq=facet_type%3A%221%2Cdata_set%22&f.facet_target.facet.prefix=3%2Cplanet%2Csaturn%2C&f.facet_agency.facet.prefix=2%252Cesa%252C&f.facet_type.facet.prefix=2%2Cdata_set%2C&start=100 HTTP/1.1" 200 41132 "-" "Mozilla/5.0 AppleWebKit/537.36 (KHTML, like Gecko; compatible; bingbot/2.0; +http://www.bing.com/bingbot.htm) Chrome/116.0.1938.76 Safari/537.36"
128.97.68.224 - - [22/May/2024:17:11:28 -0700] "GET /pds4/pds/v1/PDS4_PDS_1K00.xsd HTTP/1.1" 200 413841 "-" "Oxygen XML Editor/20.1"
128.97.68.224 - - [22/May/2024:17:11:28 -0700] "GET /pds4/particle/v2/PDS4_PARTICLE_1K00_2010.xsd HTTP/1.1" 200 7311 "-" "Oxygen XML Editor/20.1"
128.97.68.224 - - [22/May/2024:17:11:28 -0700] "GET /pds4/msn/v1/PDS4_MSN_1K00_1300.xsd HTTP/1.1" 200 22734 "-" "Oxygen XML Editor/20.1"
40.77.167.70 - - [22/May/2024:17:11:28 -0700] "GET /services/search/search?q=&f.facet_instrument.facet.prefix=3%252Ccamera%252Cadvance%2520camera%2520for%2520surveys%252C&f.facet_investigation.facet.prefix=2%2Cvoyager%201%2C&fq=facet_investigation%3A%221%2Cvoyager%201%22&f.facet_agency.facet.prefix=2%252Cesa%252C HTTP/1.1" 200 42555 "-" "Mozilla/5.0 AppleWebKit/537.36 (KHTML, like Gecko; compatible; bingbot/2.0; +http://www.bing.com/bingbot.htm) Chrome/116.0.1938.76 Safari/537.36"
40.77.167.15 - - [22/May/2024:17:11:28 -0700] "GET /services/search/search?q=&f.facet_instrument.facet.prefix=3%252Ccamera%252Cadvance%2520camera%2520for%2520surveys%252C&f.facet_investigation.facet.prefix=2%2Ccassini-huygens%2C&fq=facet_target%3A%222%2Cplanet%2Csaturn%22&fq=facet_investigation%3A%221%2Ccassini-huygens%22&f.facet_target.facet.prefix=3%2Cplanet%2Csaturn%2C&f.facet_agency.facet.prefix=2%252Cesa%252C&start=100 HTTP/1.1" 200 41082 "-" "Mozilla/5.0 AppleWebKit/537.36 (KHTML, like Gecko; compatible; bingbot/2.0; +http://www.bing.com/bingbot.htm) Chrome/116.0.1938.76 Safari/537.36"
185.191.171.19 - - [22/May/2024:17:11:28 -0700] "GET /data/clem1-l_e_y-a_b_u_h_l_n-2-edr-v1.0/cl_0007/lun052/lnxxxxxx/lnxxxxxh/lna2732h.052 HTTP/1.1" 200 15230 "-" "Mozilla/5.0 (compatible; SemrushBot/7~bl; +http://www.semrush.com/bot.html)"
128.97.68.224 - - [22/May/2024:17:11:28 -0700] "GET /pds4/pds/v1/PDS4_PDS_1K00.xsd HTTP/1.1" 200 413841 "-" "Oxygen XML Editor/20.1"
128.97.68.224 - - [22/May/2024:17:11:29 -0700] "GET /pds4/particle/v2/PDS4_PARTICLE_1K00_2010.xsd HTTP/1.1" 200 7311 "-" "Oxygen XML Editor/20.1"
128.97.68.224 - - [22/May/2024:17:11:29 -0700] "GET /pds4/msn/v1/PDS4_MSN_1K00_1300.xsd HTTP/1.1" 200 22734 "-" "Oxygen XML Editor/20.1"
40.77.167.15 - - [22/May/2024:17:11:29 -0700] "GET /data/go-j_jsa-ssi-2-redr-v1.0/go_0019/g8/callisto/c039436/ HTTP/1.1" 200 11896 "-" "Mozilla/5.0 AppleWebKit/537.36 (KHTML, like Gecko; compatible; bingbot/2.0; +http://www.bing.com/bingbot.htm) Chrome/116.0.1938.76 Safari/537.36"
128.97.68.224 - - [22/May/2024:17:11:29 -0700] "GET /pds4/pds/v1/PDS4_PDS_1K00.xsd HTTP/1.1" 200 413841 "-" "Oxygen XML Editor/20.1"
128.97.68.224 - - [22/May/2024:17:11:29 -0700] "GET /pds4/particle/v2/PDS4_PARTICLE_1K00_2010.xsd HTTP/1.1" 200 7311 "-" "Oxygen XML Editor/20.1"
128.97.68.224 - - [22/May/2024:17:11:29 -0700] "GET /pds4/msn/v1/PDS4_MSN_1K00_1300.xsd HTTP/1.1" 200 22734 "-" "Oxygen XML Editor/20.1"
40.77.167.15 - - [22/May/2024:17:11:29 -0700] "GET /services/search/search/?q=&f.facet_instrument.facet.prefix=3%2Cradio%20science%2Cradar%2C&fq=facet_target%3A%223%2Csatellite%2Cjupiter%20moon%2Cganymede%22&f.facet_target.facet.prefix=4%2Csatellite%2Cjupiter%20moon%2Cganymede%2C&fq=facet_type%3A%221%2Cinstrument_host%22&f.facet_type.facet.prefix=2%2Cinstrument_host%2C HTTP/1.1" 200 9335 "-" "Mozilla/5.0 AppleWebKit/537.36 (KHTML, like Gecko; compatible; bingbot/2.0; +http://www.bing.com/bingbot.htm) Chrome/116.0.1938.76 Safari/537.36"
209.141.132.140 - - [22/May/2024:17:11:29 -0700] "GET /pds-app-bar/pds-app-bar.js HTTP/1.1" 200 9259 "-" "Mozilla/5.0 (iPad; CPU OS 12_5_7 like Mac OS X) AppleWebKit/605.1.15 (KHTML, like Gecko) Version/12.1.2 Mobile/15E148 Safari/604.1"
209.141.132.140 - - [22/May/2024:17:11:29 -0700] "GET /pds-app-bar/pds-app-bar.css HTTP/1.1" 200 2962 "-" "Mozilla/5.0 (iPad; CPU OS 12_5_7 like Mac OS X) AppleWebKit/605.1.15 (KHTML, like Gecko) Version/12.1.2 Mobile/15E148 Safari/604.1"
209.141.132.140 - - [22/May/2024:17:11:30 -0700] "GET /pds-app-bar/images/info.svg HTTP/1.1" 200 430 "-" "Mozilla/5.0 (iPad; CPU OS 12_5_7 like Mac OS X) AppleWebKit/605.1.15 (KHTML, like Gecko) Version/12.1.2 Mobile/15E148 Safari/604.1"
209.141.132.140 - - [22/May/2024:17:11:30 -0700] "GET /pds-app-bar/images/PDS_Planets-acr-inv-bw.png HTTP/1.1" 200 94724 "-" "Mozilla/5.0 (iPad; CPU OS 12_5_7 like Mac OS X) AppleWebKit/605.1.15 (KHTML, like Gecko) Version/12.1.2 Mobile/15E148 Safari/604.1"
128.97.68.224 - - [22/May/2024:17:11:30 -0700] "GET /pds4/pds/v1/PDS4_PDS_1K00.xsd HTTP/1.1" 200 413841 "-" "Oxygen XML Editor/20.1"
128.97.68.224 - - [22/May/2024:17:11:30 -0700] "GET /pds4/msn/v1/PDS4_MSN_1K00_1300.xsd HTTP/1.1" 200 22734 "-" "Oxygen XML Editor/20.1"
128.97.68.224 - - [22/May/2024:17:11:30 -0700] "GET /pds4/particle/v2/PDS4_PARTICLE_1K00_2010.xsd HTTP/1.1" 200 7311 "-" "Oxygen XML Editor/20.1"
