52.167.144.173 - - [22/May/2024:17:03:22 -0700] "GET /services/search/search?q=&f.facet_investigation.facet.prefix=2%252Cground%2520based%2520atmospheric%2520observations%252C&fq=facet_type%3A%221%2Ccollection%22&fq=facet_target%3A%222%2Csatellite%2Cjupiter%20moon%22&f.facet_target.facet.prefix=3%2Csatellite%2Cjupiter%20moon%2C&f.facet_type.facet.prefix=2%2Ccollection%2C HTTP/1.1" 200 56393 "-" "Mozilla/5.0 AppleWebKit/537.36 (KHTML, like Gecko; compatible; bingbot/2.0; +http://www.bing.com/bingbot.htm) Chrome/116.0.1938.76 Safari/537.36"
40.77.167.65 - - [22/May/2024:17:03:23 -0700] "GET /services/search/search/?q=&f.facet_instrument.facet.prefix=2%2Cmeteorology%2C&f.facet_investigation.facet.prefix=2%2Cmars%20pathfinder%2C&fq=facet_type%3A%221%2Cdata_set%22&f.facet_type.facet.prefix=2%2Cdata_set%2C&fq=facet_target%3A%223%2Csatellite%2Curanus%20moon%2Cu12%20portia%22&f.facet_target.facet.prefix=4%2Csatellite%2Curanus%20moon%2Cu12%20portia%2C HTTP/1.1" 200 3158 "-" "Mozilla/5.0 AppleWebKit/537.36 (KHTML, like Gecko; compatible; bingbot/2.0; +http://www.bing.com/bingbot.htm) Chrome/116.0.1938.76 Safari/537.36"
185.191.171.12 - - [22/May/2024:17:03:23 -0700] "GET /data/clem1-l-u-5-dim-uvvis-v1.0/cl_4040/browse/ratio/large/ui52n185.htm HTTP/1.1" 200 2259 "-" "Mozilla/5.0 (compatible; SemrushBot/7~bl; +http://www.semrush.com/bot.html)"
40.77.167.65 - - [22/May/2024:17:03:23 -0700] "GET /services/search/search?q=&f.facet_instrument.facet.prefix=3%2Cother%2Ccompilation%2C&f.facet_investigation.facet.prefix=2%252Clunar_crater_observation_and_sensing_satellite%252C&fq=facet_instrument%3A%222%2Cother%2Ccompilation%22&fq=facet_type%3A%221%2Cdata_set%22&f.facet_target.facet.prefix=3%2Casteroid%2C289%20nenetta%2C&f.facet_type.facet.prefix=2%2Cdata_set%2C&start=100 HTTP/1.1" 200 16671 "-" "Mozilla/5.0 AppleWebKit/537.36 (KHTML, like Gecko; compatible; bingbot/2.0; +http://www.bing.com/bingbot.htm) Chrome/116.0.1938.76 Safari/537.36"
52.233.106.101 - - [22/May/2024:17:03:26 -0700] "GET /services/search/search?q=&f.facet_pds_model_version.facet.prefix=2%2Cpds4%2C&f.facet_investigation.facet.prefix=2%2Cphoenix%2C&fq=facet_pds_model_version%3A%221%2Cpds4%22&fq=facet_primary_result_purpose%3A%221%2Cobservation%20geometry%22&f.facet_primary_result_purpose.facet.prefix=2%2Cobservation%20geometry%2C HTTP/1.1" 200 43728 "-" "Mozilla/5.0 AppleWebKit/537.36 (KHTML, like Gecko; compatible; GPTBot/1.0; +https://openai.com/gptbot)"
10.100.1.224 - - [22/May/2024:17:03:26 -0700] "GET / HTTP/1.1" 200 44321 "-" "ELB-HealthChecker/2.0"
52.233.106.101 - - [22/May/2024:17:03:28 -0700] "GET /services/search/search/?q=&f.facet_primary_result_purpose.facet.prefix=2%2Cscience%2C&fq=facet_target%3A%222%2Cplanet%2Cneptune%22&f.facet_target.facet.prefix=3%2Cplanet%2Cneptune%2C&f.facet_type.facet.prefix=2%2Ccollection%2C&fq=facet_pds_model_version%3A%221%2Cpds3%22&f.facet_pds_model_version.facet.prefix=2%2Cpds3%2C HTTP/1.1" 200 42681 "-" "Mozilla/5.0 AppleWebKit/537.36 (KHTML, like Gecko; compatible; GPTBot/1.0; +https://openai.com/gptbot)"
10.100.2.72 - - [22/May/2024:17:03:30 -0700] "GET / HTTP/1.1" 200 44321 "-" "ELB-HealthChecker/2.0"
40.77.167.15 - - [22/May/2024:17:03:31 -0700] "GET /services/search/search/?q=&f.facet_instrument.facet.prefix=2%2Ccosmic%20ray%20detector%2C&fq=facet_target%3A%222%2Cplanet%2Cmars%22&f.facet_target.facet.prefix=3%2Cplanet%2Cmars%2C&start=1200 HTTP/1.1" 200 72782 "-" "Mozilla/5.0 AppleWebKit/537.36 (KHTML, like Gecko; compatible; bingbot/2.0; +http://www.bing.com/bingbot.htm) Chrome/116.0.1938.76 Safari/537.36"
85.208.96.211 - - [22/May/2024:17:03:31 -0700] "GET /data/clem1-l_e_y-a_b_u_h_l_n-2-edr-v1.0/cl_0007/lun053/luxxxxxx/luxxxxxq/lud5206q.053 HTTP/1.1" 200 26455 "-" "Mozilla/5.0 (compatible; SemrushBot/7~bl; +http://www.semrush.com/bot.html)"
40.77.167.15 - - [22/May/2024:17:03:32 -0700] "GET /services/search/search?q=&f.facet_investigation.facet.prefix=2%2Ccomet%20sl9%2Fjupiter%20collision%2C&fq=facet_target%3A%222%2Ccalibration%2Ccalibration%22&f.facet_target.facet.prefix=3%2Ccalibration%2Ccalibration%2C&f.facet_type.facet.prefix=2%2Ctarget%2C&start=450 HTTP/1.1" 200 48468 "-" "Mozilla/5.0 AppleWebKit/537.36 (KHTML, like Gecko; compatible; bingbot/2.0; +http://www.bing.com/bingbot.htm) Chrome/116.0.1938.76 Safari/537.36"
40.77.167.15 - - [22/May/2024:17:03:33 -0700] "GET /services/search/search?q=&f.facet_instrument.facet.prefix=2%252Caltimeter%252C&f.facet_investigation.facet.prefix=2%2Ccassini-huygens%2C&fq=facet_investigation%3A%221%2Ccassini-huygens%22&f.facet_agency.facet.prefix=2%252Cesa%252C&f.facet_type.facet.prefix=2%2Cinstrument_host%2C&fq=facet_target%3A%223%2Csatellite%2Csaturn%20moon%2Cpolydeuces%22&f.facet_target.facet.prefix=4%2Csatellite%2Csaturn%20moon%2Cpolydeuces%2C HTTP/1.1" 200 9529 "-" "Mozilla/5.0 AppleWebKit/537.36 (KHTML, like Gecko; compatible; bingbot/2.0; +http://www.bing.com/bingbot.htm) Chrome/116.0.1938.76 Safari/537.36"
44.223.39.67 - - [22/May/2024:17:03:34 -0700] "GET /data/clem1-l-u-5-dim-uvvis-v1.0/cl_4051/errata.txt HTTP/1.1" 200 9574 "-" "CCBot/2.0 (https://commoncrawl.org/faq/)"
128.97.31.2 - - [22/May/2024:17:03:36 -0700] "GET /pds4/pds/v1/PDS4_PDS_1L00.xsd HTTP/1.1" 200 414576 "-" "Oxygen XML Editor/20.1"
128.97.31.2 - - [22/May/2024:17:03:36 -0700] "GET /pds4/pds/v1/PDS4_PDS_1L00.xsd HTTP/1.1" 200 414576 "-" "Oxygen XML Editor/20.1"
40.77.167.65 - - [22/May/2024:17:03:41 -0700] "GET /services/search/search?q=&f.facet_instrument.facet.prefix=3%2Cother%2Ccompilation%2C&f.facet_investigation.facet.prefix=2%252Clunar_crater_observation_and_sensing_satellite%252C&fq=facet_instrument%3A%222%2Cother%2Ccompilation%22&fq=facet_type%3A%221%2Cdata_set%22&f.facet_target.facet.prefix=3%2Casteroid%2C289%20nenetta%2C&f.facet_type.facet.prefix=2%2Cdata_set%2C&start=0 HTTP/1.1" 200 31733 "-" "Mozilla/5.0 AppleWebKit/537.36 (KHTML, like Gecko; compatible; bingbot/2.0; +http://www.bing.com/bingbot.htm) Chrome/116.0.1938.76 Safari/537.36"
52.167.144.173 - - [22/May/2024:17:03:41 -0700] "GET /data/go-v-nims-2-edr-v1.0/go_1001/edr/c100611/e1006118.95a HTTP/1.1" 200 471040 "-" "Mozilla/5.0 AppleWebKit/537.36 (KHTML, like Gecko; compatible; bingbot/2.0; +http://www.bing.com/bingbot.htm) Chrome/116.0.1938.76 Safari/537.36"
40.77.167.15 - - [22/May/2024:17:03:41 -0700] "GET /services/search/search?q=&f.facet_investigation.facet.prefix=2%252Cground%2520based%2520atmospheric%2520observations%252C&fq=facet_type%3A%221%2Ccollection%22&fq=facet_target%3A%222%2Csatellite%2Cjupiter%20moon%22&f.facet_target.facet.prefix=3%2Csatellite%2Cjupiter%20moon%2C&f.facet_type.facet.prefix=2%2Ccollection%2C&start=100 HTTP/1.1" 200 31494 "-" "Mozilla/5.0 AppleWebKit/537.36 (KHTML, like Gecko; compatible; bingbot/2.0; +http://www.bing.com/bingbot.htm) Chrome/116.0.1938.76 Safari/537.36"
40.77.167.65 - - [22/May/2024:17:03:43 -0700] "GET /services/search/search/?q=&f.facet_instrument.facet.prefix=3%2Cmagnetometer%2Cdual%20technique%20magnetometer%2C&fq=facet_type%3A%221%2Ctarget%22&f.facet_type.facet.prefix=2%2Ctarget%2C&fq=facet_target%3A%222%2Cother%2Crover%22&f.facet_target.facet.prefix=3%2Cother%2Crover%2C HTTP/1.1" 200 3895 "-" "Mozilla/5.0 AppleWebKit/537.36 (KHTML, like Gecko; compatible; bingbot/2.0; +http://www.bing.com/bingbot.htm) Chrome/116.0.1938.76 Safari/537.36"
52.167.144.173 - - [22/May/2024:17:03:46 -0700] "GET /services/search/search?q=&f.facet_investigation.facet.prefix=2%252Clunar_crater_observation_and_sensing_satellite%252C&fq=facet_type%3A%221%2Cdata_set%22&f.facet_target.facet.prefix=3%2Casteroid%2C863%20benkoela%2C&f.facet_type.facet.prefix=2%2Cdata_set%2C&fq=facet_instrument%3A%222%2Ccamera%2Cvisible%20camera%22&f.facet_instrument.facet.prefix=3%2Ccamera%2Cvisible%20camera%2C HTTP/1.1" 200 3360 "-" "Mozilla/5.0 AppleWebKit/537.36 (KHTML, like Gecko; compatible; bingbot/2.0; +http://www.bing.com/bingbot.htm) Chrome/116.0.1938.76 Safari/537.36"
128.97.31.2 - - [22/May/2024:17:03:47 -0700] "GET /pds4/pds/v1/PDS4_PDS_1L00.xsd HTTP/1.1" 200 414576 "-" "Oxygen XML Editor/20.1"
128.97.31.2 - - [22/May/2024:17:03:47 -0700] "GET /pds4/pds/v1/PDS4_PDS_1L00.xsd HTTP/1.1" 200 414576 "-" "Oxygen XML Editor/20.1"
80.189.240.126 - - [22/May/2024:17:03:50 -0700] "GET /pds-app-bar/images/PDS_Planets-acr-inv-bw.png HTTP/1.1" 200 94724 "-" "Mozilla/5.0 (Windows NT 10.0; Win64; x64) AppleWebKit/537.36 (KHTML, like Gecko) Chrome/124.0.0.0 Safari/537.36"
80.189.240.126 - - [22/May/2024:17:03:50 -0700] "GET /pds-app-bar/images/info.svg HTTP/1.1" 200 430 "-" "Mozilla/5.0 (Windows NT 10.0; Win64; x64) AppleWebKit/537.36 (KHTML, like Gecko) Chrome/124.0.0.0 Safari/537.36"
52.167.144.173 - - [22/May/2024:17:03:51 -0700] "GET /services/search/search/?q=&f.facet_instrument.facet.prefix=2%2Ccosmic%20ray%20detector%2C&fq=facet_target%3A%222%2Cplanet%2Cmars%22&f.facet_target.facet.prefix=3%2Cplanet%2Cmars%2C&start=1600 HTTP/1.1" 200 62636 "-" "Mozilla/5.0 AppleWebKit/537.36 (KHTML, like Gecko; compatible; bingbot/2.0; +http://www.bing.com/bingbot.htm) Chrome/116.0.1938.76 Safari/537.36"
52.167.144.173 - - [22/May/2024:17:03:51 -0700] "GET /services/search/search/?q=&f.facet_instrument.facet.prefix=2%2Ccosmic%20ray%20detector%2C&fq=facet_target%3A%222%2Cplanet%2Cmars%22&f.facet_target.facet.prefix=3%2Cplanet%2Cmars%2C&start=1650 HTTP/1.1" 200 65519 "-" "Mozilla/5.0 AppleWebKit/537.36 (KHTML, like Gecko; compatible; bingbot/2.0; +http://www.bing.com/bingbot.htm) Chrome/116.0.1938.76 Safari/537.36"
10.100.1.224 - - [22/May/2024:17:03:56 -0700] "GET / HTTP/1.1" 200 44321 "-" "ELB-HealthChecker/2.0"
40.77.167.65 - - [22/May/2024:17:03:57 -0700] "GET /services/search/search/?q=&f.facet_instrument.facet.prefix=2%2Ccosmic%20ray%20detector%2C&fq=facet_target%3A%222%2Cplanet%2Cmars%22&f.facet_target.facet.prefix=3%2Cplanet%2Cmars%2C&start=1400 HTTP/1.1" 200 63534 "-" "Mozilla/5.0 AppleWebKit/537.36 (KHTML, like Gecko; compatible; bingbot/2.0; +http://www.bing.com/bingbot.htm) Chrome/116.0.1938.76 Safari/537.36"
40.77.167.65 - - [22/May/2024:17:03:58 -0700] "GET /services/search/search/?q=&f.facet_instrument.facet.prefix=2%2Ccosmic%20ray%20detector%2C&fq=facet_target%3A%222%2Cplanet%2Cmars%22&f.facet_target.facet.prefix=3%2Cplanet%2Cmars%2C&start=1500 HTTP/1.1" 200 65537 "-" "Mozilla/5.0 AppleWebKit/537.36 (KHTML, like Gecko; compatible; bingbot/2.0; +http://www.bing.com/bingbot.htm) Chrome/116.0.1938.76 Safari/537.36"
10.100.2.72 - - [22/May/2024:17:04:00 -0700] "GET / HTTP/1.1" 200 44321 "-" "ELB-HealthChecker/2.0"
44.223.39.67 - - [22/May/2024:17:04:02 -0700] "GET /data/clem1-l-u-5-dim-uvvis-v1.0/cl_4058/phase/ HTTP/1.1" 200 10222 "-" "CCBot/2.0 (https://commoncrawl.org/faq/)"
128.97.31.2 - - [22/May/2024:17:04:02 -0700] "GET /pds4/pds/v1/PDS4_PDS_1L00.xsd HTTP/1.1" 200 414576 "-" "Oxygen XML Editor/20.1"
128.97.31.2 - - [22/May/2024:17:04:03 -0700] "GET /pds4/pds/v1/PDS4_PDS_1L00.xsd HTTP/1.1" 200 414576 "-" "Oxygen XML Editor/20.1"
185.191.171.5 - - [22/May/2024:17:04:06 -0700] "GET /data/clem1-l_e_y-a_b_u_h_l_n-2-edr-v1.0/cl_0048/lun214/llxxxxxx/llxxxxxj/lla2317j.214 HTTP/1.1" 200 22464 "-" "Mozilla/5.0 (compatible; SemrushBot/7~bl; +http://www.semrush.com/bot.html)"
185.191.171.5 - - [22/May/2024:17:04:10 -0700] "GET /data/clem1-l_e_y-a_b_u_h_l_n-2-edr-v1.0/cl_0008/lun057/lnxxxxxx/lnxxxxxm/lnd4472m.057 HTTP/1.1" 200 35504 "-" "Mozilla/5.0 (compatible; SemrushBot/7~bl; +http://www.semrush.com/bot.html)"
52.233.106.101 - - [22/May/2024:17:04:11 -0700] "GET /services/search/search?q=&f.facet_pds_model_version.facet.prefix=2%2Cpds4%2C&f.facet_investigation.facet.prefix=2%252Clunar_crater_observation_and_sensing_satellite%252C&fq=facet_pds_model_version%3A%221%2Cpds4%22&f.facet_target.facet.prefix=3%2Casteroid%2C863%20benkoela%2C&fq=facet_instrument%3A%221%2Cssp%22&f.facet_instrument.facet.prefix=2%2Cssp%2C HTTP/1.1" 200 10296 "-" "Mozilla/5.0 AppleWebKit/537.36 (KHTML, like Gecko; compatible; GPTBot/1.0; +https://openai.com/gptbot)"
52.233.106.101 - - [22/May/2024:17:04:12 -0700] "GET /services/search/search?q=&f.facet_instrument.facet.prefix=2%2Cparticle%20detector%2C&f.facet_investigation.facet.prefix=2%2Ccassini-huygens%2C&fq=facet_investigation%3A%221%2Ccassini-huygens%22&fq=facet_agency%3A%221%2Cnasa%22&f.facet_target.facet.prefix=3%2Ccomet%2C2p%2Fencke%201%20%281818%20w1%29%2C&f.facet_agency.facet.prefix=2%2Cnasa%2C&fq=facet_primary_result_purpose%3A%221%2Cengineering%22&f.facet_primary_result_purpose.facet.prefix=2%2Cengineering%2C HTTP/1.1" 200 12643 "-" "Mozilla/5.0 AppleWebKit/537.36 (KHTML, like Gecko; compatible; GPTBot/1.0; +https://openai.com/gptbot)"
40.77.167.15 - - [22/May/2024:17:04:12 -0700] "GET /services/search/search/?q=&f.facet_instrument.facet.prefix=2%2Ccosmic%20ray%20detector%2C&fq=facet_target%3A%222%2Cplanet%2Cmars%22&f.facet_target.facet.prefix=3%2Cplanet%2Cmars%2C&start=1300 HTTP/1.1" 200 65151 "-" "Mozilla/5.0 AppleWebKit/537.36 (KHTML, like Gecko; compatible; bingbot/2.0; +http://www.bing.com/bingbot.htm) Chrome/116.0.1938.76 Safari/537.36"
52.233.106.101 - - [22/May/2024:17:04:12 -0700] "GET /datastandards/documents/dd/all/current/ch28s11.html HTTP/1.1" 404 249 "-" "Mozilla/5.0 AppleWebKit/537.36 (KHTML, like Gecko; compatible; GPTBot/1.0; +https://openai.com/gptbot)"
66.249.69.160 - - [22/May/2024:17:04:13 -0700] "GET /registry?id=urn:nasa:pds:lro-crater:data-der-sec:crat_l2_sec_2016174::1.0 HTTP/1.1" 404 206 "-" "Mozilla/5.0 (Linux; Android 6.0.1; Nexus 5X Build/MMB29P) AppleWebKit/537.36 (KHTML, like Gecko) Chrome/125.0.6422.65 Mobile Safari/537.36 (compatible; Googlebot/2.1; +http://www.google.com/bot.html)"
40.77.167.15 - - [22/May/2024:17:04:13 -0700] "GET /services/search/search/?q=&f.facet_instrument.facet.prefix=2%2Ccosmic%20ray%20detector%2C&fq=facet_target%3A%222%2Cplanet%2Cmars%22&f.facet_target.facet.prefix=3%2Cplanet%2Cmars%2C&start=1250 HTTP/1.1" 200 65067 "-" "Mozilla/5.0 AppleWebKit/537.36 (KHTML, like Gecko; compatible; bingbot/2.0; +http://www.bing.com/bingbot.htm) Chrome/116.0.1938.76 Safari/537.36"
52.233.106.101 - - [22/May/2024:17:04:13 -0700] "GET /services/search/search?f.facet_pds_model_version.facet.prefix=2%252Cpds4%252C&f.facet_investigation.facet.prefix=2%2Cmars%20pathfinder%2C&fq=facet_type%3A%221%2Ccollection%22&f.facet_agency.facet.prefix=2%252Cesa%252C&f.facet_type.facet.prefix=2%2Ccollection%2C&start=2100 HTTP/1.1" 200 90491 "-" "Mozilla/5.0 AppleWebKit/537.36 (KHTML, like Gecko; compatible; GPTBot/1.0; +https://openai.com/gptbot)"
40.77.167.15 - - [22/May/2024:17:04:13 -0700] "GET /services/search/search/?q=&f.facet_instrument.facet.prefix=2%2Ccosmic%20ray%20detector%2C&fq=facet_target%3A%222%2Cplanet%2Cmars%22&f.facet_target.facet.prefix=3%2Cplanet%2Cmars%2C&start=1100 HTTP/1.1" 200 77242 "-" "Mozilla/5.0 AppleWebKit/537.36 (KHTML, like Gecko; compatible; bingbot/2.0; +http://www.bing.com/bingbot.htm) Chrome/116.0.1938.76 Safari/537.36"
40.77.167.15 - - [22/May/2024:17:04:14 -0700] "GET /services/search/search/?q=&f.facet_instrument.facet.prefix=2%2Ccosmic%20ray%20detector%2C&fq=facet_target%3A%222%2Cplanet%2Cmars%22&f.facet_target.facet.prefix=3%2Cplanet%2Cmars%2C&start=1850 HTTP/1.1" 200 63774 "-" "Mozilla/5.0 AppleWebKit/537.36 (KHTML, like Gecko; compatible; bingbot/2.0; +http://www.bing.com/bingbot.htm) Chrome/116.0.1938.76 Safari/537.36"
40.77.167.15 - - [22/May/2024:17:04:14 -0700] "GET /services/search/search/?q=&f.facet_instrument.facet.prefix=2%2Ccosmic%20ray%20detector%2C&fq=facet_target%3A%222%2Cplanet%2Cmars%22&f.facet_target.facet.prefix=3%2Cplanet%2Cmars%2C&start=1450 HTTP/1.1" 200 64328 "-" "Mozilla/5.0 AppleWebKit/537.36 (KHTML, like Gecko; compatible; bingbot/2.0; +http://www.bing.com/bingbot.htm) Chrome/116.0.1938.76 Safari/537.36"
76.143.214.122 - - [22/May/2024:17:04:15 -0700] "GET /pds-app-bar/images/PDS_Planets-acr-inv-bw.png HTTP/1.1" 200 94724 "-" "Mozilla/5.0 (Macintosh; Intel Mac OS X 10_15_7) AppleWebKit/537.36 (KHTML, like Gecko) Chrome/125.0.0.0 Safari/537.36"
182.98.3.205 - - [22/May/2024:17:04:19 -0700] "GET /js/popWindow.js HTTP/1.1" 200 571 "-" "Mozilla/5.0 (Linux; Android 13; CLK-AN00 Build/HONORCLK-AN00;) AppleWebKit/537.36 (KHTML, like Gecko) Version/4.0 Chrome/97.0.4692.98 Mobile Safari/537.36 T7/13.38 SP-engine/2.76.0 languageType/0 bdh_dvt/0 bdh_de/1 bdh_ds/1 bdapp/1.0 (bdhonorbrowser; bdhonorbrowser) bdhonorbrowser/8.0.9.18 (Baidu; P1 13) NABar/1.0"
71.233.218.95 - - [22/May/2024:17:04:19 -0700] "GET / HTTP/1.1" 200 44321 "-" "Mozilla/5.0 (iPhone; CPU iPhone OS 17_4 like Mac OS X) AppleWebKit/605.1.15 (KHTML, like Gecko) GSA/317.0.634488990 Mobile/15E148 Safari/604.1"
182.98.3.205 - - [22/May/2024:17:04:19 -0700] "GET /feedback/css/feedback.css HTTP/1.1" 200 16478 "-" "Mozilla/5.0 (Linux; Android 13; CLK-AN00 Build/HONORCLK-AN00;) AppleWebKit/537.36 (KHTML, like Gecko) Version/4.0 Chrome/97.0.4692.98 Mobile Safari/537.36 T7/13.38 SP-engine/2.76.0 languageType/0 bdh_dvt/0 bdh_de/1 bdh_ds/1 bdapp/1.0 (bdhonorbrowser; bdhonorbrowser) bdhonorbrowser/8.0.9.18 (Baidu; P1 13) NABar/1.0"
71.233.218.95 - - [22/May/2024:17:04:19 -0700] "GET /pds-app-bar/pds-app-bar.css HTTP/1.1" 200 2962 "-" "Mozilla/5.0 (iPhone; CPU iPhone OS 17_4 like Mac OS X) AppleWebKit/605.1.15 (KHTML, like Gecko) GSA/317.0.634488990 Mobile/15E148 Safari/604.1"
71.233.218.95 - - [22/May/2024:17:04:19 -0700] "GET /css/main.css?v=20221014 HTTP/1.1" 200 16957 "-" "Mozilla/5.0 (iPhone; CPU iPhone OS 17_4 like Mac OS X) AppleWebKit/605.1.15 (KHTML, like Gecko) GSA/317.0.634488990 Mobile/15E148 Safari/604.1"
71.233.218.95 - - [22/May/2024:17:04:19 -0700] "GET /js/popWindow.js HTTP/1.1" 200 571 "-" "Mozilla/5.0 (iPhone; CPU iPhone OS 17_4 like Mac OS X) AppleWebKit/605.1.15 (KHTML, like Gecko) GSA/317.0.634488990 Mobile/15E148 Safari/604.1"
71.233.218.95 - - [22/May/2024:17:04:19 -0700] "GET /pds-app-bar/pds-app-bar.js HTTP/1.1" 200 9259 "-" "Mozilla/5.0 (iPhone; CPU iPhone OS 17_4 like Mac OS X) AppleWebKit/605.1.15 (KHTML, like Gecko) GSA/317.0.634488990 Mobile/15E148 Safari/604.1"
71.233.218.95 - - [22/May/2024:17:04:19 -0700] "GET /feedback/css/feedback.css HTTP/1.1" 200 16478 "-" "Mozilla/5.0 (iPhone; CPU iPhone OS 17_4 like Mac OS X) AppleWebKit/605.1.15 (KHTML, like Gecko) GSA/317.0.634488990 Mobile/15E148 Safari/604.1"
71.233.218.95 - - [22/May/2024:17:04:19 -0700] "GET /scripts/email.js HTTP/1.1" 200 1455 "-" "Mozilla/5.0 (iPhone; CPU iPhone OS 17_4 like Mac OS X) AppleWebKit/605.1.15 (KHTML, like Gecko) GSA/317.0.634488990 Mobile/15E148 Safari/604.1"
71.233.218.95 - - [22/May/2024:17:04:19 -0700] "GET /feedback/js/modernizr-custom.js HTTP/1.1" 200 3450 "-" "Mozilla/5.0 (iPhone; CPU iPhone OS 17_4 like Mac OS X) AppleWebKit/605.1.15 (KHTML, like Gecko) GSA/317.0.634488990 Mobile/15E148 Safari/604.1"
71.233.218.95 - - [22/May/2024:17:04:19 -0700] "GET /feedback/js/config.js HTTP/1.1" 200 1013 "-" "Mozilla/5.0 (iPhone; CPU iPhone OS 17_4 like Mac OS X) AppleWebKit/605.1.15 (KHTML, like Gecko) GSA/317.0.634488990 Mobile/15E148 Safari/604.1"
71.233.218.95 - - [22/May/2024:17:04:19 -0700] "GET /feedback/js/feedback.js HTTP/1.1" 200 18497 "-" "Mozilla/5.0 (iPhone; CPU iPhone OS 17_4 like Mac OS X) AppleWebKit/605.1.15 (KHTML, like Gecko) GSA/317.0.634488990 Mobile/15E148 Safari/604.1"
71.233.218.95 - - [22/May/2024:17:04:20 -0700] "GET /images/usa-gov.gif HTTP/1.1" 200 1307 "-" "Mozilla/5.0 (iPhone; CPU iPhone OS 17_4 like Mac OS X) AppleWebKit/605.1.15 (KHTML, like Gecko) GSA/317.0.634488990 Mobile/15E148 Safari/604.1"
71.233.218.95 - - [22/May/2024:17:04:20 -0700] "GET /images/nasa_logo(280x280).png HTTP/1.1" 200 44541 "-" "Mozilla/5.0 (iPhone; CPU iPhone OS 17_4 like Mac OS X) AppleWebKit/605.1.15 (KHTML, like Gecko) GSA/317.0.634488990 Mobile/15E148 Safari/604.1"
71.233.218.95 - - [22/May/2024:17:04:20 -0700] "GET /images/nasa_logo(220x220).png HTTP/1.1" 200 37587 "-" "Mozilla/5.0 (iPhone; CPU iPhone OS 17_4 like Mac OS X) AppleWebKit/605.1.15 (KHTML, like Gecko) GSA/317.0.634488990 Mobile/15E148 Safari/604.1"
71.233.218.95 - - [22/May/2024:17:04:20 -0700] "GET /pds-app-bar/images/PDS_Planets-acr-inv-bw.png HTTP/1.1" 200 94724 "-" "Mozilla/5.0 (iPhone; CPU iPhone OS 17_4 like Mac OS X) AppleWebKit/605.1.15 (KHTML, like Gecko) GSA/317.0.634488990 Mobile/15E148 Safari/604.1"
71.233.218.95 - - [22/May/2024:17:04:20 -0700] "GET /pds-app-bar/images/info.svg HTTP/1.1" 200 430 "-" "Mozilla/5.0 (iPhone; CPU iPhone OS 17_4 like Mac OS X) AppleWebKit/605.1.15 (KHTML, like Gecko) GSA/317.0.634488990 Mobile/15E148 Safari/604.1"
182.98.3.205 - - [22/May/2024:17:04:20 -0700] "GET /feedback/js/modernizr-custom.js HTTP/1.1" 200 3450 "-" "Mozilla/5.0 (Linux; Android 13; CLK-AN00 Build/HONORCLK-AN00;) AppleWebKit/537.36 (KHTML, like Gecko) Version/4.0 Chrome/97.0.4692.98 Mobile Safari/537.36 T7/13.38 SP-engine/2.76.0 languageType/0 bdh_dvt/0 bdh_de/1 bdh_ds/1 bdapp/1.0 (bdhonorbrowser; bdhonorbrowser) bdhonorbrowser/8.0.9.18 (Baidu; P1 13) NABar/1.0"
71.233.218.95 - - [22/May/2024:17:04:20 -0700] "GET /feedback/image/iconfinder_Help.svg HTTP/1.1" 200 5678 "-" "Mozilla/5.0 (iPhone; CPU iPhone OS 17_4 like Mac OS X) AppleWebKit/605.1.15 (KHTML, like Gecko) GSA/317.0.634488990 Mobile/15E148 Safari/604.1"
182.98.3.205 - - [22/May/2024:17:04:21 -0700] "GET /feedback/js/config.js HTTP/1.1" 200 1013 "-" "Mozilla/5.0 (Linux; Android 13; CLK-AN00 Build/HONORCLK-AN00;) AppleWebKit/537.36 (KHTML, like Gecko) Version/4.0 Chrome/97.0.4692.98 Mobile Safari/537.36 T7/13.38 SP-engine/2.76.0 languageType/0 bdh_dvt/0 bdh_de/1 bdh_ds/1 bdapp/1.0 (bdhonorbrowser; bdhonorbrowser) bdhonorbrowser/8.0.9.18 (Baidu; P1 13) NABar/1.0"
40.77.167.15 - - [22/May/2024:17:04:21 -0700] "GET /services/search/search?q=&f.facet_primary_result_purpose.facet.prefix=2%2Cnavigation%2C&f.facet_pds_model_version.facet.prefix=2%252Cpds3%252C&fq=facet_target%3A%221%2Cother%22&f.facet_target.facet.prefix=2%2Cother%2C&f.facet_agency.facet.prefix=2%252Cesa%252C&f.facet_type.facet.prefix=2%2Cinvestigation%2C&fq=facet_instrument%3A%221%2Cdetector%20array%22&f.facet_instrument.facet.prefix=2%2Cdetector%20array%2C HTTP/1.1" 200 7893 "-" "Mozilla/5.0 AppleWebKit/537.36 (KHTML, like Gecko; compatible; bingbot/2.0; +http://www.bing.com/bingbot.htm) Chrome/116.0.1938.76 Safari/537.36"
182.98.3.205 - - [22/May/2024:17:04:21 -0700] "GET /feedback/js/feedback.js HTTP/1.1" 200 18497 "-" "Mozilla/5.0 (Linux; Android 13; CLK-AN00 Build/HONORCLK-AN00;) AppleWebKit/537.36 (KHTML, like Gecko) Version/4.0 Chrome/97.0.4692.98 Mobile Safari/537.36 T7/13.38 SP-engine/2.76.0 languageType/0 bdh_dvt/0 bdh_de/1 bdh_ds/1 bdapp/1.0 (bdhonorbrowser; bdhonorbrowser) bdhonorbrowser/8.0.9.18 (Baidu; P1 13) NABar/1.0"
182.98.3.205 - - [22/May/2024:17:04:22 -0700] "GET /pds-app-bar/pds-app-bar.js HTTP/1.1" 200 9259 "-" "Mozilla/5.0 (Linux; Android 13; CLK-AN00 Build/HONORCLK-AN00;) AppleWebKit/537.36 (KHTML, like Gecko) Version/4.0 Chrome/97.0.4692.98 Mobile Safari/537.36 T7/13.38 SP-engine/2.76.0 languageType/0 bdh_dvt/0 bdh_de/1 bdh_ds/1 bdapp/1.0 (bdhonorbrowser; bdhonorbrowser) bdhonorbrowser/8.0.9.18 (Baidu; P1 13) NABar/1.0"
40.77.167.15 - - [22/May/2024:17:04:22 -0700] "GET /data/uly-j-hiscale-4-summ-lems30-v1.0/uly_5001/data/urap/pfrp/t92107.tab HTTP/1.1" 200 27360 "-" "Mozilla/5.0 AppleWebKit/537.36 (KHTML, like Gecko; compatible; bingbot/2.0; +http://www.bing.com/bingbot.htm) Chrome/116.0.1938.76 Safari/537.36"
182.98.3.205 - - [22/May/2024:17:04:23 -0700] "GET /pds-app-bar/pds-app-bar.css HTTP/1.1" 200 2962 "-" "Mozilla/5.0 (Linux; Android 13; CLK-AN00 Build/HONORCLK-AN00;) AppleWebKit/537.36 (KHTML, like Gecko) Version/4.0 Chrome/97.0.4692.98 Mobile Safari/537.36 T7/13.38 SP-engine/2.76.0 languageType/0 bdh_dvt/0 bdh_de/1 bdh_ds/1 bdapp/1.0 (bdhonorbrowser; bdhonorbrowser) bdhonorbrowser/8.0.9.18 (Baidu; P1 13) NABar/1.0"
40.77.167.15 - - [22/May/2024:17:04:23 -0700] "GET /services/search/search?q=&f.facet_pds_model_version.facet.prefix=2%2Cpds3%2C&f.facet_instrument.facet.prefix=2%252Cother%252C&fq=facet_target%3A%222%2Cother%2Csun%22&f.facet_target.facet.prefix=3%2Cother%2Csun%2C&f.facet_agency.facet.prefix=2%252Cesa%252C&fq=facet_type%3A%221%2Cdata_set%22&f.facet_type.facet.prefix=2%2Cdata_set%2C HTTP/1.1" 200 43705 "-" "Mozilla/5.0 AppleWebKit/537.36 (KHTML, like Gecko; compatible; bingbot/2.0; +http://www.bing.com/bingbot.htm) Chrome/116.0.1938.76 Safari/537.36"
52.167.144.173 - - [22/May/2024:17:04:26 -0700] "GET /services/search/search/?q=&f.facet_instrument.facet.prefix=2%2Ccosmic%20ray%20detector%2C&fq=facet_target%3A%222%2Cplanet%2Cmars%22&f.facet_target.facet.prefix=3%2Cplanet%2Cmars%2C&start=1750 HTTP/1.1" 200 64241 "-" "Mozilla/5.0 AppleWebKit/537.36 (KHTML, like Gecko; compatible; bingbot/2.0; +http://www.bing.com/bingbot.htm) Chrome/116.0.1938.76 Safari/537.36"
10.100.1.224 - - [22/May/2024:17:04:26 -0700] "GET / HTTP/1.1" 200 44321 "-" "ELB-HealthChecker/2.0"
44.223.39.67 - - [22/May/2024:17:04:29 -0700] "GET /data/clem1-l-u-5-dim-uvvis-v1.0/cl_4014/aareadme.txt HTTP/1.1" 200 17795 "-" "CCBot/2.0 (https://commoncrawl.org/faq/)"
185.191.171.10 - - [22/May/2024:17:04:30 -0700] "GET /data/clem1-l_e_y-a_b_u_h_l_n-2-edr-v1.0/cl_0006/lun049/lnxxxxxx/lnxxxxxn/lna4717n.049 HTTP/1.1" 200 72371 "-" "Mozilla/5.0 (compatible; SemrushBot/7~bl; +http://www.semrush.com/bot.html)"
10.100.2.72 - - [22/May/2024:17:04:30 -0700] "GET / HTTP/1.1" 200 44321 "-" "ELB-HealthChecker/2.0"
40.77.167.65 - - [22/May/2024:17:04:30 -0700] "GET /services/search/search/?q=&f.facet_instrument.facet.prefix=2%2Ccosmic%20ray%20detector%2C&fq=facet_target%3A%222%2Cplanet%2Cmars%22&f.facet_target.facet.prefix=3%2Cplanet%2Cmars%2C&start=1950 HTTP/1.1" 200 62855 "-" "Mozilla/5.0 AppleWebKit/537.36 (KHTML, like Gecko; compatible; bingbot/2.0; +http://www.bing.com/bingbot.htm) Chrome/116.0.1938.76 Safari/537.36"
40.77.167.65 - - [22/May/2024:17:04:31 -0700] "GET /services/search/search/?q=&f.facet_instrument.facet.prefix=2%2Ccosmic%20ray%20detector%2C&fq=facet_target%3A%222%2Cplanet%2Cmars%22&f.facet_target.facet.prefix=3%2Cplanet%2Cmars%2C&start=2050 HTTP/1.1" 200 62781 "-" "Mozilla/5.0 AppleWebKit/537.36 (KHTML, like Gecko; compatible; bingbot/2.0; +http://www.bing.com/bingbot.htm) Chrome/116.0.1938.76 Safari/537.36"
216.244.66.244 - - [22/May/2024:17:04:31 -0700] "GET /planets/captions/mars/cerberus.htm HTTP/1.1" 404 232 "-" "Mozilla/5.0 (compatible; DotBot/1.2; +https://opensiteexplorer.org/dotbot; help@moz.com)"
40.77.167.65 - - [22/May/2024:17:04:32 -0700] "GET /services/search/search/?q=&f.facet_instrument.facet.prefix=2%2Ccosmic%20ray%20detector%2C&fq=facet_target%3A%222%2Cplanet%2Cmars%22&f.facet_target.facet.prefix=3%2Cplanet%2Cmars%2C&start=2100 HTTP/1.1" 200 62540 "-" "Mozilla/5.0 AppleWebKit/537.36 (KHTML, like Gecko; compatible; bingbot/2.0; +http://www.bing.com/bingbot.htm) Chrome/116.0.1938.76 Safari/537.36"
40.77.167.65 - - [22/May/2024:17:04:33 -0700] "GET /services/search/search/?q=&f.facet_instrument.facet.prefix=2%2Ccosmic%20ray%20detector%2C&fq=facet_target%3A%222%2Cplanet%2Cmars%22&f.facet_target.facet.prefix=3%2Cplanet%2Cmars%2C&start=1900 HTTP/1.1" 200 64055 "-" "Mozilla/5.0 AppleWebKit/537.36 (KHTML, like Gecko; compatible; bingbot/2.0; +http://www.bing.com/bingbot.htm) Chrome/116.0.1938.76 Safari/537.36"
40.77.167.65 - - [22/May/2024:17:04:33 -0700] "GET /data/vg1-j-pos-6-summ-s3coords-v1.1/vg_1501/data/pra/t790124.dat HTTP/1.1" 200 419286 "-" "Mozilla/5.0 AppleWebKit/537.36 (KHTML, like Gecko; compatible; bingbot/2.0; +http://www.bing.com/bingbot.htm) Chrome/116.0.1938.76 Safari/537.36"
52.167.144.173 - - [22/May/2024:17:04:36 -0700] "GET /services/search/search/?q=&f.facet_instrument.facet.prefix=2%2Ccosmic%20ray%20detector%2C&fq=facet_target%3A%222%2Cplanet%2Cmars%22&f.facet_target.facet.prefix=3%2Cplanet%2Cmars%2C&start=1350 HTTP/1.1" 200 65373 "-" "Mozilla/5.0 AppleWebKit/537.36 (KHTML, like Gecko; compatible; bingbot/2.0; +http://www.bing.com/bingbot.htm) Chrome/116.0.1938.76 Safari/537.36"
47.101.182.100 - - [22/May/2024:17:04:39 -0700] "GET /data/mgs-m-rss-1-map-v1.0/mors_0547/hea/ HTTP/1.1" 200 5401 "-" "Mozilla/5.0 (Macintosh; Intel Mac OS X 10_15_7) AppleWebKit/537.36 (KHTML, like Gecko) Chrome/112.0.0.0 Safari/537.36"
47.101.182.100 - - [22/May/2024:17:04:39 -0700] "GET /data/.index-style/style.css HTTP/1.1" 200 3348 "-" "Mozilla/5.0 (Macintosh; Intel Mac OS X 10_15_7) AppleWebKit/537.36 (KHTML, like Gecko) Chrome/112.0.0.0 Safari/537.36"
40.77.167.15 - - [22/May/2024:17:04:42 -0700] "GET /services/search/search?q=&f.facet_investigation.facet.prefix=2%2Cinternational%20rosetta%20mission%2C&fq=facet_target%3A%222%2Ccalibration%2Ccalibration%22&f.facet_target.facet.prefix=3%2Ccalibration%2Ccalibration%2C&fq=facet_instrument%3A%222%2Ccamera%2Ccfim%2Bt2ka%22&f.facet_instrument.facet.prefix=3%2Ccamera%2Ccfim%2Bt2ka%2C HTTP/1.1" 200 4273 "-" "Mozilla/5.0 AppleWebKit/537.36 (KHTML, like Gecko; compatible; bingbot/2.0; +http://www.bing.com/bingbot.htm) Chrome/116.0.1938.76 Safari/537.36"
40.77.167.15 - - [22/May/2024:17:04:42 -0700] "GET /data/pds4/test-bundles/data_calibrated/1935L/UVS_CAL_1935l_0178.TAB HTTP/1.1" 200 13312 "-" "Mozilla/5.0 AppleWebKit/537.36 (KHTML, like Gecko; compatible; bingbot/2.0; +http://www.bing.com/bingbot.htm) Chrome/116.0.1938.76 Safari/537.36"
40.77.167.15 - - [22/May/2024:17:04:43 -0700] "GET /data/pds4/test-bundles/data_calibrated/1464L/UVS_CAL_1464l_0509.TAB HTTP/1.1" 200 13312 "-" "Mozilla/5.0 AppleWebKit/537.36 (KHTML, like Gecko; compatible; bingbot/2.0; +http://www.bing.com/bingbot.htm) Chrome/116.0.1938.76 Safari/537.36"
40.77.167.15 - - [22/May/2024:17:04:46 -0700] "GET /data/mgn-v-rdrs-5-midr-full-res-v1.0/mg_0113/c115n077/c1f39.img HTTP/1.1" 200 1050624 "-" "Mozilla/5.0 AppleWebKit/537.36 (KHTML, like Gecko; compatible; bingbot/2.0; +http://www.bing.com/bingbot.htm) Chrome/116.0.1938.76 Safari/537.36"
130.118.161.13 - - [22/May/2024:17:04:48 -0700] "GET /pds4/pds/v1/PDS4_PDS_1L00.xsd HTTP/1.1" 200 414576 "-" "Oxygen XML Editor/24.0"
130.118.161.13 - - [22/May/2024:17:04:49 -0700] "GET /pds4/img/v1/PDS4_IMG_1L00_1890.xsd HTTP/1.1" 200 244376 "-" "Oxygen XML Editor/24.0"
130.118.161.13 - - [22/May/2024:17:04:49 -0700] "GET /pds4/proc/v1/PDS4_PROC_1L00_1300.xsd HTTP/1.1" 200 16361 "-" "Oxygen XML Editor/24.0"
130.118.161.13 - - [22/May/2024:17:04:50 -0700] "GET /pds4/cart/v1/PDS4_CART_1L00_1970.xsd HTTP/1.1" 200 150272 "-" "Oxygen XML Editor/24.0"
130.118.161.13 - - [22/May/2024:17:04:50 -0700] "GET /pds4/geom/v1/PDS4_GEOM_1L00_1970.xsd HTTP/1.1" 200 384207 "-" "Oxygen XML Editor/24.0"
130.118.161.13 - - [22/May/2024:17:04:51 -0700] "GET /pds4/disp/v1/PDS4_DISP_1L00_1510.xsd HTTP/1.1" 200 15008 "-" "Oxygen XML Editor/24.0"
130.118.161.13 - - [22/May/2024:17:04:51 -0700] "GET /pds4/pds/v1/PDS4_PDS_1L00.xsd HTTP/1.1" 200 414576 "-" "Oxygen XML Editor/24.0"
52.167.144.173 - - [22/May/2024:17:04:51 -0700] "GET /services/search/search/?q=&f.facet_instrument.facet.prefix=2%2Ccosmic%20ray%20detector%2C&fq=facet_target%3A%222%2Cplanet%2Cmars%22&f.facet_target.facet.prefix=3%2Cplanet%2Cmars%2C&start=2150 HTTP/1.1" 200 48435 "-" "Mozilla/5.0 AppleWebKit/537.36 (KHTML, like Gecko; compatible; bingbot/2.0; +http://www.bing.com/bingbot.htm) Chrome/116.0.1938.76 Safari/537.36"
130.118.161.13 - - [22/May/2024:17:04:52 -0700] "GET /pds4/img/v1/PDS4_IMG_1L00_1890.xsd HTTP/1.1" 200 244376 "-" "Oxygen XML Editor/24.0"
52.167.144.173 - - [22/May/2024:17:04:52 -0700] "GET /data/pds4/test-bundles/data_calibrated/1774L/UVS_CAL_1774l_0323.TAB HTTP/1.1" 200 13312 "-" "Mozilla/5.0 AppleWebKit/537.36 (KHTML, like Gecko; compatible; bingbot/2.0; +http://www.bing.com/bingbot.htm) Chrome/116.0.1938.76 Safari/537.36"
130.118.161.13 - - [22/May/2024:17:04:52 -0700] "GET /pds4/proc/v1/PDS4_PROC_1L00_1300.xsd HTTP/1.1" 200 16361 "-" "Oxygen XML Editor/24.0"
130.118.161.13 - - [22/May/2024:17:04:52 -0700] "GET /pds4/cart/v1/PDS4_CART_1L00_1970.xsd HTTP/1.1" 200 150272 "-" "Oxygen XML Editor/24.0"
47.100.234.144 - - [22/May/2024:17:04:53 -0700] "GET /data/ihw-c-irimag-3-edr-halley-v1.0/hal_0019/y1984/m01/nnsn0034.hdr HTTP/1.1" 200 5760 "-" "Mozilla/5.0 (Windows NT 10.0; Win64; x64) AppleWebKit/537.36 (KHTML, like Gecko) Chrome/115.0.0.0 Safari/537.36"
130.118.161.13 - - [22/May/2024:17:04:53 -0700] "GET /pds4/geom/v1/PDS4_GEOM_1L00_1970.xsd HTTP/1.1" 200 384207 "-" "Oxygen XML Editor/24.0"
130.118.161.13 - - [22/May/2024:17:04:53 -0700] "GET /pds4/disp/v1/PDS4_DISP_1L00_1510.xsd HTTP/1.1" 200 15008 "-" "Oxygen XML Editor/24.0"
130.118.161.13 - - [22/May/2024:17:04:53 -0700] "GET /pds4/pds/v1/PDS4_PDS_1L00.xsd HTTP/1.1" 200 414576 "-" "Oxygen XML Editor/24.0"
130.118.161.13 - - [22/May/2024:17:04:54 -0700] "GET /pds4/img/v1/PDS4_IMG_1L00_1890.xsd HTTP/1.1" 200 244376 "-" "Oxygen XML Editor/24.0"
130.118.161.13 - - [22/May/2024:17:04:54 -0700] "GET /pds4/proc/v1/PDS4_PROC_1L00_1300.xsd HTTP/1.1" 200 16361 "-" "Oxygen XML Editor/24.0"
130.118.161.13 - - [22/May/2024:17:04:54 -0700] "GET /pds4/cart/v1/PDS4_CART_1L00_1970.xsd HTTP/1.1" 200 150272 "-" "Oxygen XML Editor/24.0"
130.118.161.13 - - [22/May/2024:17:04:55 -0700] "GET /pds4/geom/v1/PDS4_GEOM_1L00_1970.xsd HTTP/1.1" 200 384207 "-" "Oxygen XML Editor/24.0"
130.118.161.13 - - [22/May/2024:17:04:55 -0700] "GET /pds4/disp/v1/PDS4_DISP_1L00_1510.xsd HTTP/1.1" 200 15008 "-" "Oxygen XML Editor/24.0"
130.118.161.13 - - [22/May/2024:17:04:55 -0700] "GET /pds4/pds/v1/PDS4_PDS_1L00.xsd HTTP/1.1" 200 414576 "-" "Oxygen XML Editor/24.0"
130.118.161.13 - - [22/May/2024:17:04:56 -0700] "GET /pds4/img/v1/PDS4_IMG_1L00_1890.xsd HTTP/1.1" 200 244376 "-" "Oxygen XML Editor/24.0"
130.118.161.13 - - [22/May/2024:17:04:56 -0700] "GET /pds4/proc/v1/PDS4_PROC_1L00_1300.xsd HTTP/1.1" 200 16361 "-" "Oxygen XML Editor/24.0"
10.100.1.224 - - [22/May/2024:17:04:56 -0700] "GET / HTTP/1.1" 200 44321 "-" "ELB-HealthChecker/2.0"
130.118.161.13 - - [22/May/2024:17:04:56 -0700] "GET /pds4/cart/v1/PDS4_CART_1L00_1970.xsd HTTP/1.1" 200 150272 "-" "Oxygen XML Editor/24.0"
130.118.161.13 - - [22/May/2024:17:04:57 -0700] "GET /pds4/geom/v1/PDS4_GEOM_1L00_1970.xsd HTTP/1.1" 200 384207 "-" "Oxygen XML Editor/24.0"
130.118.161.13 - - [22/May/2024:17:04:57 -0700] "GET /pds4/disp/v1/PDS4_DISP_1L00_1510.xsd HTTP/1.1" 200 15008 "-" "Oxygen XML Editor/24.0"
40.77.167.65 - - [22/May/2024:17:04:57 -0700] "GET /data/ihw-c-lspn-n-ndr-crommelin-v1.0/hal_0024/y1985/m08/d02/rsoh7081.hdr HTTP/1.1" 200 8640 "-" "Mozilla/5.0 AppleWebKit/537.36 (KHTML, like Gecko; compatible; bingbot/2.0; +http://www.bing.com/bingbot.htm) Chrome/116.0.1938.76 Safari/537.36"
130.118.161.13 - - [22/May/2024:17:04:57 -0700] "GET /pds4/pds/v1/PDS4_PDS_1L00.xsd HTTP/1.1" 200 414576 "-" "Oxygen XML Editor/24.0"
52.233.106.101 - - [22/May/2024:17:04:58 -0700] "GET /data/ihw-c-rssl-n-ndr-halley-v1.0/hal_0020/y1986/m01/d17/nnsn1043.hdr HTTP/1.1" 200 5760 "-" "Mozilla/5.0 AppleWebKit/537.36 (KHTML, like Gecko; compatible; GPTBot/1.0; +https://openai.com/gptbot)"
130.118.161.13 - - [22/May/2024:17:04:58 -0700] "GET /pds4/img/v1/PDS4_IMG_1L00_1890.xsd HTTP/1.1" 200 244376 "-" "Oxygen XML Editor/24.0"
130.118.161.13 - - [22/May/2024:17:04:58 -0700] "GET /pds4/proc/v1/PDS4_PROC_1L00_1300.xsd HTTP/1.1" 200 16361 "-" "Oxygen XML Editor/24.0"
44.223.39.67 - - [22/May/2024:17:04:58 -0700] "GET /data/clem1-l-u-5-dim-uvvis-v1.0/cl_4038/?C=S;O=A HTTP/1.1" 200 7206 "-" "CCBot/2.0 (https://commoncrawl.org/faq/)"
130.118.161.13 - - [22/May/2024:17:04:58 -0700] "GET /pds4/cart/v1/PDS4_CART_1L00_1970.xsd HTTP/1.1" 200 150272 "-" "Oxygen XML Editor/24.0"
40.77.167.65 - - [22/May/2024:17:04:58 -0700] "GET /data/mgs-m-moc-na_wa-2-sdp-l0-v1.0/mgsc_1071/m08074/m0807498.imq HTTP/1.1" 200 151552 "-" "Mozilla/5.0 AppleWebKit/537.36 (KHTML, like Gecko; compatible; bingbot/2.0; +http://www.bing.com/bingbot.htm) Chrome/116.0.1938.76 Safari/537.36"
130.118.161.13 - - [22/May/2024:17:04:59 -0700] "GET /pds4/geom/v1/PDS4_GEOM_1L00_1970.xsd HTTP/1.1" 200 384207 "-" "Oxygen XML Editor/24.0"
40.77.167.65 - - [22/May/2024:17:04:59 -0700] "GET /data/pds4/1101/PDS4_context_bundle_20140131/context_resource/Product_20140203_PDS4/PDS4_resource_1263_VARSAVIA__BROWSERT_ASTEROIDS-missions_1.0.xml HTTP/1.1" 200 1637 "-" "Mozilla/5.0 AppleWebKit/537.36 (KHTML, like Gecko; compatible; bingbot/2.0; +http://www.bing.com/bingbot.htm) Chrome/116.0.1938.76 Safari/537.36"
130.118.161.13 - - [22/May/2024:17:04:59 -0700] "GET /pds4/disp/v1/PDS4_DISP_1L00_1510.xsd HTTP/1.1" 200 15008 "-" "Oxygen XML Editor/24.0"
130.118.161.13 - - [22/May/2024:17:04:59 -0700] "GET /pds4/pds/v1/PDS4_PDS_1L00.xsd HTTP/1.1" 200 414576 "-" "Oxygen XML Editor/24.0"
40.77.167.65 - - [22/May/2024:17:04:59 -0700] "GET /services/search/search?q=&f.facet_instrument.facet.prefix=3%2Cparticle%20detector%2Cenergetic%20particles%20investigation%2C&fq=facet_type%3A%221%2Cservice%22&f.facet_type.facet.prefix=2%2Cservice%2C&fq=facet_target%3A%222%2Casteroid%2C1167%20dubiago%22&f.facet_target.facet.prefix=3%2Casteroid%2C1167%20dubiago%2C HTTP/1.1" 200 2450 "-" "Mozilla/5.0 AppleWebKit/537.36 (KHTML, like Gecko; compatible; bingbot/2.0; +http://www.bing.com/bingbot.htm) Chrome/116.0.1938.76 Safari/537.36"
130.118.161.13 - - [22/May/2024:17:04:59 -0700] "GET /pds4/img/v1/PDS4_IMG_1L00_1890.xsd HTTP/1.1" 200 244376 "-" "Oxygen XML Editor/24.0"
130.118.161.13 - - [22/May/2024:17:05:00 -0700] "GET /pds4/proc/v1/PDS4_PROC_1L00_1300.xsd HTTP/1.1" 200 16361 "-" "Oxygen XML Editor/24.0"
130.118.161.13 - - [22/May/2024:17:05:00 -0700] "GET /pds4/cart/v1/PDS4_CART_1L00_1970.xsd HTTP/1.1" 200 150272 "-" "Oxygen XML Editor/24.0"
10.100.2.72 - - [22/May/2024:17:05:00 -0700] "GET / HTTP/1.1" 200 44321 "-" "ELB-HealthChecker/2.0"
130.118.161.13 - - [22/May/2024:17:05:00 -0700] "GET /pds4/geom/v1/PDS4_GEOM_1L00_1970.xsd HTTP/1.1" 200 384207 "-" "Oxygen XML Editor/24.0"
130.118.161.13 - - [22/May/2024:17:05:00 -0700] "GET /pds4/disp/v1/PDS4_DISP_1L00_1510.xsd HTTP/1.1" 200 15008 "-" "Oxygen XML Editor/24.0"
130.118.161.13 - - [22/May/2024:17:05:00 -0700] "GET /pds4/pds/v1/PDS4_PDS_1L00.xsd HTTP/1.1" 200 414576 "-" "Oxygen XML Editor/24.0"
130.118.161.13 - - [22/May/2024:17:05:01 -0700] "GET /pds4/img/v1/PDS4_IMG_1L00_1890.xsd HTTP/1.1" 200 244376 "-" "Oxygen XML Editor/24.0"
130.118.161.13 - - [22/May/2024:17:05:01 -0700] "GET /pds4/proc/v1/PDS4_PROC_1L00_1300.xsd HTTP/1.1" 200 16361 "-" "Oxygen XML Editor/24.0"
130.118.161.13 - - [22/May/2024:17:05:01 -0700] "GET /pds4/cart/v1/PDS4_CART_1L00_1970.xsd HTTP/1.1" 200 150272 "-" "Oxygen XML Editor/24.0"
130.118.161.13 - - [22/May/2024:17:05:01 -0700] "GET /pds4/geom/v1/PDS4_GEOM_1L00_1970.xsd HTTP/1.1" 200 384207 "-" "Oxygen XML Editor/24.0"
130.118.161.13 - - [22/May/2024:17:05:02 -0700] "GET /pds4/disp/v1/PDS4_DISP_1L00_1510.xsd HTTP/1.1" 200 15008 "-" "Oxygen XML Editor/24.0"
40.77.167.15 - - [22/May/2024:17:05:02 -0700] "GET /data/mgn-v-rdrs-5-midr-c1-v1.0/mg_0086/f10n065/hist.tab HTTP/1.1" 200 1024 "-" "Mozilla/5.0 AppleWebKit/537.36 (KHTML, like Gecko; compatible; bingbot/2.0; +http://www.bing.com/bingbot.htm) Chrome/116.0.1938.76 Safari/537.36"
52.233.106.101 - - [22/May/2024:17:05:02 -0700] "GET /data/mgn-v-rdrs-5-midr-full-res-v1.0/mg_0022/c115s146/c1f49.img HTTP/1.1" 200 1050624 "-" "Mozilla/5.0 AppleWebKit/537.36 (KHTML, like Gecko; compatible; GPTBot/1.0; +https://openai.com/gptbot)"
52.233.106.101 - - [22/May/2024:17:05:03 -0700] "GET /services/search/search?q=&f.facet_primary_result_purpose.facet.prefix=2%2Ccalibration%2C&f.facet_instrument.facet.prefix=3%2Ccamera%2Cnavigation%20camera%2C&fq=facet_primary_result_purpose%3A%221%2Ccalibration%22&fq=facet_investigation%3A%221%2Cosiris-rex%20spacecraft%22&f.facet_investigation.facet.prefix=2%2Cosiris-rex%20spacecraft%2C HTTP/1.1" 200 3735 "-" "Mozilla/5.0 AppleWebKit/537.36 (KHTML, like Gecko; compatible; GPTBot/1.0; +https://openai.com/gptbot)"
52.233.106.101 - - [22/May/2024:17:05:04 -0700] "GET /data/clem1-l_e_y-a_b_u_h_l_n-2-edr-v1.0/cl_0044/lun197/lhxxxxxx/lhxxxxxo/lhd4446o.197 HTTP/1.1" 200 21728 "-" "Mozilla/5.0 AppleWebKit/537.36 (KHTML, like Gecko; compatible; GPTBot/1.0; +https://openai.com/gptbot)"
52.167.144.173 - - [22/May/2024:17:05:07 -0700] "GET /services/search/search/?q=&f.facet_instrument.facet.prefix=2%2Ccosmic%20ray%20detector%2C&fq=facet_target%3A%222%2Cplanet%2Cmars%22&f.facet_target.facet.prefix=3%2Cplanet%2Cmars%2C&start=1150 HTTP/1.1" 200 76395 "-" "Mozilla/5.0 AppleWebKit/537.36 (KHTML, like Gecko; compatible; bingbot/2.0; +http://www.bing.com/bingbot.htm) Chrome/116.0.1938.76 Safari/537.36"
52.167.144.173 - - [22/May/2024:17:05:08 -0700] "GET /data/pds4/test-bundles/data_calibrated/0936L/UVS_CAL_0936l_0460.TAB HTTP/1.1" 200 13312 "-" "Mozilla/5.0 AppleWebKit/537.36 (KHTML, like Gecko; compatible; bingbot/2.0; +http://www.bing.com/bingbot.htm) Chrome/116.0.1938.76 Safari/537.36"
40.77.167.65 - - [22/May/2024:17:05:12 -0700] "GET /data/mpfl-m-asimet-2_3-edr_rdr-edl-v1.0/mpam_0001/surf_rdr/scidata/sr10xxs/sr1087s.tab HTTP/1.1" 200 6862 "-" "Mozilla/5.0 AppleWebKit/537.36 (KHTML, like Gecko; compatible; bingbot/2.0; +http://www.bing.com/bingbot.htm) Chrome/116.0.1938.76 Safari/537.36"
40.77.167.65 - - [22/May/2024:17:05:13 -0700] "GET /data/vo1_vo2-m-vis-2-edr-br-v2.0/vo_1013/f207axx/ HTTP/1.1" 200 12581 "-" "Mozilla/5.0 AppleWebKit/537.36 (KHTML, like Gecko; compatible; bingbot/2.0; +http://www.bing.com/bingbot.htm) Chrome/116.0.1938.76 Safari/537.36"
54.218.129.214 - - [22/May/2024:17:05:15 -0700] "GET /api/doi/0.2/dois?ids=urn%3Anasa%3Apds%3Amaven.euv.modelled%3Adata.minute.spectra%3A%3A22.3 HTTP/1.1" 200 3 "-" "Java/1.8.0_271"
54.218.129.214 - - [22/May/2024:17:05:15 -0700] "GET /api/doi/0.2/dois?ids=urn%3Anasa%3Apds%3Amaven.euv.modelled%3Adata.minute.spectra%3A%3A* HTTP/1.1" 200 712 "-" "Java/1.8.0_271"
128.97.31.2 - - [22/May/2024:17:05:15 -0700] "GET /ds-view/pds/viewCollection.jsp?identifier=urn%3Anasa%3Apds%3Amaven.euv.modelled%3Adata.minute.spectra&version=19.0 HTTP/1.1" 200 17242 "-" "Mozilla/5.0 (Windows NT 10.0; Win64; x64; rv:126.0) Gecko/20100101 Firefox/126.0"
128.97.31.2 - - [22/May/2024:17:05:15 -0700] "GET /feedback/css/feedback.css HTTP/1.1" 200 16478 "-" "Mozilla/5.0 (Windows NT 10.0; Win64; x64; rv:126.0) Gecko/20100101 Firefox/126.0"
128.97.31.2 - - [22/May/2024:17:05:15 -0700] "GET /pds-app-bar/pds-app-bar.css HTTP/1.1" 200 2962 "-" "Mozilla/5.0 (Windows NT 10.0; Win64; x64; rv:126.0) Gecko/20100101 Firefox/126.0"
52.167.144.173 - - [22/May/2024:17:05:22 -0700] "GET /services/search/search?q=&f.facet_pds_model_version.facet.prefix=2%2Cpds3%2C&f.facet_instrument.facet.prefix=3%2Cparticle%20detector%2Chigh%20rate%20detector%2C&f.facet_investigation.facet.prefix=2%2Ccomet%20sl9%2Fjupiter%20collision%2C&fq=facet_investigation%3A%221%2Ccomet%20sl9%2Fjupiter%20collision%22&fq=facet_target%3A%222%2Cplanet%2Cneptune%22&f.facet_target.facet.prefix=3%2Cplanet%2Cneptune%2C HTTP/1.1" 200 6835 "-" "Mozilla/5.0 AppleWebKit/537.36 (KHTML, like Gecko; compatible; bingbot/2.0; +http://www.bing.com/bingbot.htm) Chrome/116.0.1938.76 Safari/537.36"
40.77.167.15 - - [22/May/2024:17:05:22 -0700] "GET /services/search/search/?q=&f.facet_instrument.facet.prefix=2%2Ccosmic%20ray%20detector%2C&fq=facet_target%3A%222%2Cplanet%2Cmars%22&f.facet_target.facet.prefix=3%2Cplanet%2Cmars%2C&start=1050 HTTP/1.1" 200 76291 "-" "Mozilla/5.0 AppleWebKit/537.36 (KHTML, like Gecko; compatible; bingbot/2.0; +http://www.bing.com/bingbot.htm) Chrome/116.0.1938.76 Safari/537.36"
52.167.144.173 - - [22/May/2024:17:05:23 -0700] "GET /services/search/search?q=&f.facet_investigation.facet.prefix=2%252Cmars_science_laboratory%252C&fq=facet_type%3A%221%2Ccollection%22&f.facet_target.facet.prefix=3%2Casteroid%2C1620%20geographos%2C&f.facet_type.facet.prefix=2%2Ccollection%2C&fq=facet_instrument%3A%222%2Caltimeter%2Cnear%20laser%20rangefinder%22&f.facet_instrument.facet.prefix=3%2Caltimeter%2Cnear%20laser%20rangefinder%2C HTTP/1.1" 200 4102 "-" "Mozilla/5.0 AppleWebKit/537.36 (KHTML, like Gecko; compatible; bingbot/2.0; +http://www.bing.com/bingbot.htm) Chrome/116.0.1938.76 Safari/537.36"
185.191.171.10 - - [22/May/2024:17:05:23 -0700] "GET /data/clem1-l_e_y-a_b_u_h_l_n-2-edr-v1.0/cl_0009/lun058/llxxxxxx/llxxxxxg/lla2412g.058 HTTP/1.1" 200 22463 "-" "Mozilla/5.0 (compatible; SemrushBot/7~bl; +http://www.semrush.com/bot.html)"
52.167.144.173 - - [22/May/2024:17:05:23 -0700] "GET /data/ihw-c-amvis-2-rdr-halley-v1.0/hal_0022/y1986/m06/d05/ HTTP/1.1" 200 15257 "-" "Mozilla/5.0 AppleWebKit/537.36 (KHTML, like Gecko; compatible; bingbot/2.0; +http://www.bing.com/bingbot.htm) Chrome/116.0.1938.76 Safari/537.36"
10.100.1.224 - - [22/May/2024:17:05:26 -0700] "GET / HTTP/1.1" 200 44321 "-" "ELB-HealthChecker/2.0"
44.223.39.67 - - [22/May/2024:17:05:28 -0700] "GET /data/clem1-l-u-5-dim-uvvis-v1.0/cl_4009/?C=M;O=A HTTP/1.1" 200 7206 "-" "CCBot/2.0 (https://commoncrawl.org/faq/)"
52.233.106.48 - - [22/May/2024:17:05:28 -0700] "GET /data/mgn-v-rdrs-5-midr-c3-v1.0/mg_0082/c260s033/c2f13.img HTTP/1.1" 200 1050624 "-" "Mozilla/5.0 AppleWebKit/537.36 (KHTML, like Gecko; compatible; GPTBot/1.0; +https://openai.com/gptbot)"
10.100.2.72 - - [22/May/2024:17:05:30 -0700] "GET / HTTP/1.1" 200 44321 "-" "ELB-HealthChecker/2.0"
40.77.167.15 - - [22/May/2024:17:05:31 -0700] "GET /services/search/search/?q=&f.facet_instrument.facet.prefix=2%2Ccosmic%20ray%20detector%2C&fq=facet_target%3A%222%2Cplanet%2Cmars%22&f.facet_target.facet.prefix=3%2Cplanet%2Cmars%2C&start=2000 HTTP/1.1" 200 63921 "-" "Mozilla/5.0 AppleWebKit/537.36 (KHTML, like Gecko; compatible; bingbot/2.0; +http://www.bing.com/bingbot.htm) Chrome/116.0.1938.76 Safari/537.36"
40.77.167.15 - - [22/May/2024:17:05:32 -0700] "GET /data/mgs-m-moc-na_wa-2-sdp-l0-v1.0/mgsc_1071/m08078/m0807886.imq HTTP/1.1" 200 638976 "-" "Mozilla/5.0 AppleWebKit/537.36 (KHTML, like Gecko; compatible; bingbot/2.0; +http://www.bing.com/bingbot.htm) Chrome/116.0.1938.76 Safari/537.36"
40.77.167.15 - - [22/May/2024:17:05:33 -0700] "GET /services/search/search?q=&f.facet_pds_model_version.facet.prefix=2%2Cpds4%2C&f.facet_instrument.facet.prefix=2%2Cspectrometer%2C&f.facet_investigation.facet.prefix=2%2Cmro%20context%20camera%2C&fq=facet_instrument%3A%221%2Cspectrometer%22&f.facet_agency.facet.prefix=2%252Cesa%252C&start=0 HTTP/1.1" 200 75779 "-" "Mozilla/5.0 AppleWebKit/537.36 (KHTML, like Gecko; compatible; bingbot/2.0; +http://www.bing.com/bingbot.htm) Chrome/116.0.1938.76 Safari/537.36"
52.167.144.173 - - [22/May/2024:17:05:36 -0700] "GET /services/search/search?q=&f.facet_pds_model_version.facet.prefix=2%2Cpds3%2C&f.facet_instrument.facet.prefix=3%2Cparticle%20detector%2Chigh%20rate%20detector%2C&fq=facet_target%3A%222%2Ccalibration%2Cdark%20sky%22&f.facet_target.facet.prefix=3%2Ccalibration%2Cdark%20sky%2C&fq=facet_investigation%3A%221%2Cvoyager%22&f.facet_investigation.facet.prefix=2%2Cvoyager%2C HTTP/1.1" 200 5603 "-" "Mozilla/5.0 AppleWebKit/537.36 (KHTML, like Gecko; compatible; bingbot/2.0; +http://www.bing.com/bingbot.htm) Chrome/116.0.1938.76 Safari/537.36"
52.167.144.173 - - [22/May/2024:17:05:37 -0700] "GET /services/search/search?q=&fq=facet_agency%3A%221%2Cnasa%22&fq=facet_type%3A%221%2Cbundle%22&f.facet_target.facet.prefix=3%2Cmeteorite%2Cle%20teilleul%2C&f.facet_agency.facet.prefix=2%2Cnasa%2C&f.facet_type.facet.prefix=2%2Cbundle%2C&start=100 HTTP/1.1" 200 129490 "-" "Mozilla/5.0 AppleWebKit/537.36 (KHTML, like Gecko; compatible; bingbot/2.0; +http://www.bing.com/bingbot.htm) Chrome/116.0.1938.76 Safari/537.36"
128.97.68.224 - - [22/May/2024:17:05:38 -0700] "GET /pds4/pds/v1/PDS4_PDS_1K00.xsd HTTP/1.1" 200 413841 "-" "Oxygen XML Editor/20.1"
128.97.68.224 - - [22/May/2024:17:05:38 -0700] "GET /pds4/msn/v1/PDS4_MSN_1K00_1300.xsd HTTP/1.1" 200 22734 "-" "Oxygen XML Editor/20.1"
128.97.68.224 - - [22/May/2024:17:05:38 -0700] "GET /pds4/particle/v2/PDS4_PARTICLE_1K00_2010.xsd HTTP/1.1" 200 7311 "-" "Oxygen XML Editor/20.1"
128.97.68.224 - - [22/May/2024:17:05:38 -0700] "GET /pds4/pds/v1/PDS4_PDS_1K00.xsd HTTP/1.1" 200 413841 "-" "Oxygen XML Editor/20.1"
128.97.68.224 - - [22/May/2024:17:05:38 -0700] "GET /pds4/msn/v1/PDS4_MSN_1K00_1300.xsd HTTP/1.1" 200 22734 "-" "Oxygen XML Editor/20.1"
128.97.68.224 - - [22/May/2024:17:05:38 -0700] "GET /pds4/particle/v2/PDS4_PARTICLE_1K00_2010.xsd HTTP/1.1" 200 7311 "-" "Oxygen XML Editor/20.1"
128.97.68.224 - - [22/May/2024:17:05:38 -0700] "GET /pds4/pds/v1/PDS4_PDS_1K00.xsd HTTP/1.1" 200 413841 "-" "Oxygen XML Editor/20.1"
128.97.68.224 - - [22/May/2024:17:05:38 -0700] "GET /pds4/msn/v1/PDS4_MSN_1K00_1300.xsd HTTP/1.1" 200 22734 "-" "Oxygen XML Editor/20.1"
128.97.68.224 - - [22/May/2024:17:05:38 -0700] "GET /pds4/particle/v2/PDS4_PARTICLE_1K00_2010.xsd HTTP/1.1" 200 7311 "-" "Oxygen XML Editor/20.1"
185.191.171.16 - - [22/May/2024:17:05:38 -0700] "GET /data/clem1-l_e_y-a_b_u_h_l_n-2-edr-v1.0/cl_0002/lun037/luxxxxxx/luxxxxxo/lud4723o.037 HTTP/1.1" 200 25124 "-" "Mozilla/5.0 (compatible; SemrushBot/7~bl; +http://www.semrush.com/bot.html)"
128.97.68.224 - - [22/May/2024:17:05:39 -0700] "GET /pds4/pds/v1/PDS4_PDS_1K00.xsd HTTP/1.1" 200 413841 "-" "Oxygen XML Editor/20.1"
128.97.68.224 - - [22/May/2024:17:05:39 -0700] "GET /pds4/particle/v2/PDS4_PARTICLE_1K00_2010.xsd HTTP/1.1" 200 7311 "-" "Oxygen XML Editor/20.1"
128.97.68.224 - - [22/May/2024:17:05:39 -0700] "GET /pds4/msn/v1/PDS4_MSN_1K00_1300.xsd HTTP/1.1" 200 22734 "-" "Oxygen XML Editor/20.1"
85.208.96.199 - - [22/May/2024:17:05:40 -0700] "GET /data/vo1_vo2-m-vis-2-edr-v2.0/vo_1018/browse/f429axx/f429a22.ibg HTTP/1.1" 200 82500 "-" "Mozilla/5.0 (compatible; SemrushBot/7~bl; +http://www.semrush.com/bot.html)"
128.97.68.224 - - [22/May/2024:17:05:40 -0700] "GET /pds4/pds/v1/PDS4_PDS_1K00.xsd HTTP/1.1" 200 413841 "-" "Oxygen XML Editor/20.1"
128.97.68.224 - - [22/May/2024:17:05:41 -0700] "GET /pds4/msn/v1/PDS4_MSN_1K00_1300.xsd HTTP/1.1" 200 22734 "-" "Oxygen XML Editor/20.1"
128.97.68.224 - - [22/May/2024:17:05:41 -0700] "GET /pds4/particle/v2/PDS4_PARTICLE_1K00_2010.xsd HTTP/1.1" 200 7311 "-" "Oxygen XML Editor/20.1"
