10.1.3.207 - - [28/Feb/2025:00:21:09 -0800] "GET /data/cassini/cassini_orbiter/coiss_2108/extras/browse/1858167778_1858441927/N1858231440_1.IMG.jpeg HTTP/1.1" 302 321 "https://pds-imaging.jpl.nasa.gov/search/?fq=-ATLAS_THUMBNAIL_URL%3Abrwsnotavail.jpg&fq=ATLAS_MISSION_NAME%3Acassini&fq=ATLAS_SPACECRAFT_NAME%3A%22cassini%20orbiter%22&fq=ATLAS_INSTRUMENT_NAME%3A%22iss%20nac%22&fq=TARGET%3Amimas&fq=FILTER_NAME%3Acl1&fq=FILTER_NAME%3Acl2&q=*%3A*" "Mozilla/5.0 (Windows NT 10.0; Win64; x64) AppleWebKit/537.36 (KHTML, like Gecko) Chrome/132.0.0.0 Safari/537.36"
10.1.3.207 - - [28/Feb/2025:00:21:09 -0800] "GET /data/cassini/cassini_orbiter/coiss_2110/extras/browse/1864498146_1864511329/N1864506318_1.IMG.jpeg HTTP/1.1" 302 321 "https://pds-imaging.jpl.nasa.gov/search/?fq=-ATLAS_THUMBNAIL_URL%3Abrwsnotavail.jpg&fq=ATLAS_MISSION_NAME%3Acassini&fq=ATLAS_SPACECRAFT_NAME%3A%22cassini%20orbiter%22&fq=ATLAS_INSTRUMENT_NAME%3A%22iss%20nac%22&fq=TARGET%3Amimas&fq=FILTER_NAME%3Acl1&fq=FILTER_NAME%3Acl2&q=*%3A*" "Mozilla/5.0 (Windows NT 10.0; Win64; x64) AppleWebKit/537.36 (KHTML, like Gecko) Chrome/132.0.0.0 Safari/537.36"
10.1.3.207 - - [28/Feb/2025:00:21:09 -0800] "GET /solr/pds_archives/select?q=*%3A*&fq=-ATLAS_THUMBNAIL_URL%3Abrwsnotavail.jpg&fq=ATLAS_MISSION_NAME%3Acassini&fq=ATLAS_SPACECRAFT_NAME%3A%22cassini%20orbiter%22&fq=ATLAS_INSTRUMENT_NAME%3A%22iss%20nac%22&fq=TARGET%3Amimas&fq=FILTER_NAME%3Acl1&fq=FILTER_NAME%3Acl2&facet=true&facet.method=enum&df=_text_&rows=24&sort=START_TIME%20desc&facet.date=START_TIME&facet.date.start=1976-07-20T00%3A00%3A00.000Z%2FDAY&facet.date.end=2020-10-20T00%3A00%3A00.000Z%2FDAY%2B1DAY&facet.date.gap=%2B5YEAR&facet.limit=-1&facet.mincount=1&facet.field=RELEVANT_DOC_FIELDS&facet.field=NO_SORT_DOC_FIELDS&wt=json&json.wrf=jQuery1102015741154545924552_1740730844687&_=1740730844709 HTTP/1.1" 200 28334 "https://pds-imaging.jpl.nasa.gov/search/?fq=-ATLAS_THUMBNAIL_URL%3Abrwsnotavail.jpg&fq=ATLAS_MISSION_NAME%3Acassini&fq=ATLAS_SPACECRAFT_NAME%3A%22cassini%20orbiter%22&fq=ATLAS_INSTRUMENT_NAME%3A%22iss%20nac%22&fq=TARGET%3Amimas&fq=FILTER_NAME%3Acl1&fq=FILTER_NAME%3Acl2&q=*%3A*" "Mozilla/5.0 (Windows NT 10.0; Win64; x64) AppleWebKit/537.36 (KHTML, like Gecko) Chrome/132.0.0.0 Safari/537.36"
10.1.4.102 - - [28/Feb/2025:00:21:15 -0800] "GET / HTTP/1.1" 200 24500 "-" "ELB-HealthChecker/2.0"
10.1.3.207 - - [28/Feb/2025:00:21:22 -0800] "GET / HTTP/1.1" 200 24500 "-" "ELB-HealthChecker/2.0"
10.1.4.139 - - [28/Feb/2025:00:21:28 -0800] "GET / HTTP/1.1" 200 24500 "-" "ELB-HealthChecker/2.0"
10.1.3.223 - - [28/Feb/2025:00:21:31 -0800] "GET / HTTP/1.1" 200 24500 "-" "ELB-HealthChecker/2.0"
10.1.4.102 - - [28/Feb/2025:00:21:45 -0800] "GET / HTTP/1.1" 200 24500 "-" "ELB-HealthChecker/2.0"
10.1.3.207 - - [28/Feb/2025:00:21:52 -0800] "GET / HTTP/1.1" 200 24500 "-" "ELB-HealthChecker/2.0"
10.1.4.139 - - [28/Feb/2025:00:21:58 -0800] "GET / HTTP/1.1" 200 24500 "-" "ELB-HealthChecker/2.0"
10.1.3.223 - - [28/Feb/2025:00:22:01 -0800] "GET / HTTP/1.1" 200 24500 "-" "ELB-HealthChecker/2.0"
10.1.3.223 - - [28/Feb/2025:00:22:14 -0800] "GET /w10n/msl/MSLMST_0001/CALIB/DECOMPAND30.TXT HTTP/1.1" 302 265 "-" "Mozilla/5.0 AppleWebKit/537.36 (KHTML, like Gecko; compatible; bingbot/2.0; +http://www.bing.com/bingbot.htm) Chrome/116.0.1938.76 Safari/537.36"
10.1.4.102 - - [28/Feb/2025:00:22:15 -0800] "GET / HTTP/1.1" 200 24500 "-" "ELB-HealthChecker/2.0"
10.1.3.207 - - [28/Feb/2025:00:22:22 -0800] "GET / HTTP/1.1" 200 24500 "-" "ELB-HealthChecker/2.0"
10.1.4.139 - - [28/Feb/2025:00:22:28 -0800] "GET / HTTP/1.1" 200 24500 "-" "ELB-HealthChecker/2.0"
10.1.3.223 - - [28/Feb/2025:00:22:31 -0800] "GET / HTTP/1.1" 200 24500 "-" "ELB-HealthChecker/2.0"
10.1.3.223 - - [28/Feb/2025:00:22:32 -0800] "GET /w10n/mer1-m-navcam-5-range-ops-v1.0/mer1no_0xxx/browse/sol0885/edr/1n206752831eth74n8p0735r0m1.img.jpg/?output=html HTTP/1.1" 302 338 "-" "Mozilla/5.0 AppleWebKit/537.36 (KHTML, like Gecko; compatible; bingbot/2.0; +http://www.bing.com/bingbot.htm) Chrome/116.0.1938.76 Safari/537.36"
10.1.3.223 - - [28/Feb/2025:00:22:33 -0800] "GET /w10n/mgs/moc/rdr/mgscim_1033/m03027/m0302771_na.img/0/ HTTP/1.1" 302 277 "-" "Mozilla/5.0 AppleWebKit/537.36 (KHTML, like Gecko; compatible; bingbot/2.0; +http://www.bing.com/bingbot.htm) Chrome/116.0.1938.76 Safari/537.36"
10.1.4.102 - - [28/Feb/2025:00:22:45 -0800] "GET / HTTP/1.1" 200 24500 "-" "ELB-HealthChecker/2.0"
10.1.3.207 - - [28/Feb/2025:00:22:52 -0800] "GET / HTTP/1.1" 200 24500 "-" "ELB-HealthChecker/2.0"
10.1.4.139 - - [28/Feb/2025:00:22:58 -0800] "GET / HTTP/1.1" 200 24500 "-" "ELB-HealthChecker/2.0"
10.1.3.223 - - [28/Feb/2025:00:23:01 -0800] "GET / HTTP/1.1" 200 24500 "-" "ELB-HealthChecker/2.0"
10.1.4.102 - - [28/Feb/2025:00:23:15 -0800] "GET / HTTP/1.1" 200 24500 "-" "ELB-HealthChecker/2.0"
10.1.3.207 - - [28/Feb/2025:00:23:22 -0800] "GET / HTTP/1.1" 200 24500 "-" "ELB-HealthChecker/2.0"
10.1.4.139 - - [28/Feb/2025:00:23:28 -0800] "GET / HTTP/1.1" 200 24500 "-" "ELB-HealthChecker/2.0"
10.1.3.223 - - [28/Feb/2025:00:23:31 -0800] "GET / HTTP/1.1" 200 24500 "-" "ELB-HealthChecker/2.0"
10.1.4.102 - - [28/Feb/2025:00:23:45 -0800] "GET / HTTP/1.1" 200 24500 "-" "ELB-HealthChecker/2.0"
10.1.3.207 - - [28/Feb/2025:00:23:52 -0800] "GET / HTTP/1.1" 200 24500 "-" "ELB-HealthChecker/2.0"
10.1.4.139 - - [28/Feb/2025:00:23:58 -0800] "GET / HTTP/1.1" 200 24500 "-" "ELB-HealthChecker/2.0"
10.1.3.223 - - [28/Feb/2025:00:24:01 -0800] "GET / HTTP/1.1" 200 24500 "-" "ELB-HealthChecker/2.0"
10.1.4.102 - - [28/Feb/2025:00:24:16 -0800] "GET / HTTP/1.1" 200 24500 "-" "ELB-HealthChecker/2.0"
10.1.3.207 - - [28/Feb/2025:00:24:22 -0800] "GET / HTTP/1.1" 200 24500 "-" "ELB-HealthChecker/2.0"
10.1.3.223 - - [28/Feb/2025:00:24:53 -0800] "GET /data/magellan/edr/MGN_0108/TAPES HTTP/1.1" 302 255 "-" "Mozilla/5.0 AppleWebKit/537.36 (KHTML, like Gecko; compatible; bingbot/2.0; +http://www.bing.com/bingbot.htm) Chrome/116.0.1938.76 Safari/537.36"
10.1.4.139 - - [28/Feb/2025:00:24:33 -0800] "GET / HTTP/1.1" 200 24500 "-" "ELB-HealthChecker/2.0"
10.1.3.223 - - [28/Feb/2025:00:24:34 -0800] "GET / HTTP/1.1" 200 24500 "-" "ELB-HealthChecker/2.0"
10.1.3.223 - - [28/Feb/2025:00:25:06 -0800] "GET /w10n/mer1-m-pancam-5-range-ops-v1.0/mer1po_0xxx/data/sol4590/rdr/1p535669839thncub1p2626r2m1.img/0/ HTTP/1.1" 302 322 "-" "Mozilla/5.0 AppleWebKit/537.36 (KHTML, like Gecko; compatible; bingbot/2.0; +http://www.bing.com/bingbot.htm) Chrome/116.0.1938.76 Safari/537.36"
10.1.3.207 - - [28/Feb/2025:00:24:52 -0800] "GET /search/images/transparent-red-x.png HTTP/1.1" 200 22487 "https://pds-imaging.jpl.nasa.gov/search/?fq=-ATLAS_THUMBNAIL_URL%3Abrwsnotavail.jpg&fq=ATLAS_MISSION_NAME%3Acassini&fq=ATLAS_SPACECRAFT_NAME%3A%22cassini%20orbiter%22&fq=ATLAS_INSTRUMENT_NAME%3A%22iss%20nac%22&fq=TARGET%3Amimas&fq=FILTER_NAME%3Acl1&fq=FILTER_NAME%3Acl2&q=*%3A*" "Mozilla/5.0 (Windows NT 10.0; Win64; x64) AppleWebKit/537.36 (KHTML, like Gecko) Chrome/132.0.0.0 Safari/537.36"
10.1.4.102 - - [28/Feb/2025:00:24:52 -0800] "GET / HTTP/1.1" 200 24500 "-" "ELB-HealthChecker/2.0"
10.1.3.207 - - [28/Feb/2025:00:24:53 -0800] "GET / HTTP/1.1" 200 24500 "-" "ELB-HealthChecker/2.0"
10.1.4.139 - - [28/Feb/2025:00:25:06 -0800] "GET / HTTP/1.1" 200 24500 "-" "ELB-HealthChecker/2.0"
10.1.3.223 - - [28/Feb/2025:00:25:06 -0800] "GET / HTTP/1.1" 200 24500 "-" "ELB-HealthChecker/2.0"
10.1.3.223 - - [28/Feb/2025:00:25:42 -0800] "GET / HTTP/1.1" 200 24500 "-" "ELB-HealthChecker/2.0"
10.1.4.102 - - [28/Feb/2025:00:25:24 -0800] "GET / HTTP/1.1" 200 24500 "-" "ELB-HealthChecker/2.0"
10.1.4.139 - - [28/Feb/2025:00:25:42 -0800] "GET / HTTP/1.1" 200 24500 "-" "ELB-HealthChecker/2.0"
10.1.3.207 - - [28/Feb/2025:00:25:42 -0800] "GET / HTTP/1.1" 200 24500 "-" "ELB-HealthChecker/2.0"
10.1.3.207 - - [28/Feb/2025:00:25:57 -0800] "GET / HTTP/1.1" 200 24500 "-" "ELB-HealthChecker/2.0"
10.1.4.102 - - [28/Feb/2025:00:25:49 -0800] "GET / HTTP/1.1" 200 24500 "-" "ELB-HealthChecker/2.0"
10.1.4.139 - - [28/Feb/2025:00:25:59 -0800] "GET / HTTP/1.1" 200 24500 "-" "ELB-HealthChecker/2.0"
10.1.3.223 - - [28/Feb/2025:00:26:05 -0800] "GET / HTTP/1.1" 200 24500 "-" "ELB-HealthChecker/2.0"
10.1.4.102 - - [28/Feb/2025:00:26:23 -0800] "GET / HTTP/1.1" 200 24500 "-" "ELB-HealthChecker/2.0"
10.1.3.207 - - [28/Feb/2025:00:26:26 -0800] "GET / HTTP/1.1" 200 24500 "-" "ELB-HealthChecker/2.0"
10.1.3.207 - - [28/Feb/2025:00:27:15 -0800] "GET / HTTP/1.1" 200 24500 "-" "ELB-HealthChecker/2.0"
10.1.4.102 - - [28/Feb/2025:00:27:08 -0800] "GET / HTTP/1.1" 200 24500 "-" "ELB-HealthChecker/2.0"
10.1.3.223 - - [28/Feb/2025:00:26:36 -0800] "GET / HTTP/1.1" 200 24500 "-" "ELB-HealthChecker/2.0"
10.1.4.139 - - [28/Feb/2025:00:27:15 -0800] "GET / HTTP/1.1" 200 24500 "-" "ELB-HealthChecker/2.0"
10.1.4.102 - - [28/Feb/2025:00:27:17 -0800] "GET / HTTP/1.1" 200 24500 "-" "ELB-HealthChecker/2.0"
10.1.4.139 - - [28/Feb/2025:00:26:34 -0800] "GET / HTTP/1.1" 200 24500 "-" "ELB-HealthChecker/2.0"
10.1.3.223 - - [28/Feb/2025:00:27:15 -0800] "GET / HTTP/1.1" 200 24500 "-" "ELB-HealthChecker/2.0"
10.1.4.102 - - [28/Feb/2025:00:29:05 -0800] "GET / HTTP/1.1" 408 221 "-" "-"
10.1.4.102 - - [28/Feb/2025:00:27:50 -0800] "GET / HTTP/1.1" 200 24500 "-" "ELB-HealthChecker/2.0"
10.1.4.139 - - [28/Feb/2025:00:27:45 -0800] "GET / HTTP/1.1" 200 24500 "-" "ELB-HealthChecker/2.0"
10.1.3.223 - - [28/Feb/2025:00:27:50 -0800] "GET / HTTP/1.1" 200 24500 "-" "ELB-HealthChecker/2.0"
10.1.3.207 - - [28/Feb/2025:00:27:28 -0800] "GET / HTTP/1.1" 200 24500 "-" "ELB-HealthChecker/2.0"
10.1.4.139 - - [28/Feb/2025:00:28:08 -0800] "GET / HTTP/1.1" 200 24500 "-" "ELB-HealthChecker/2.0"
10.1.3.207 - - [28/Feb/2025:00:28:08 -0800] "GET / HTTP/1.1" 200 24500 "-" "ELB-HealthChecker/2.0"
10.1.3.223 - - [28/Feb/2025:00:28:17 -0800] "GET / HTTP/1.1" 200 24500 "-" "ELB-HealthChecker/2.0"
10.1.3.207 - - [28/Feb/2025:00:30:33 -0800] "GET / HTTP/1.1" 408 221 "-" "-"
10.1.3.207 - - [28/Feb/2025:00:28:46 -0800] "GET / HTTP/1.1" 200 24500 "-" "ELB-HealthChecker/2.0"
10.1.4.139 - - [28/Feb/2025:00:28:46 -0800] "GET / HTTP/1.1" 200 24500 "-" "ELB-HealthChecker/2.0"
10.1.3.223 - - [28/Feb/2025:00:28:46 -0800] "GET / HTTP/1.1" 200 24500 "-" "ELB-HealthChecker/2.0"
10.1.4.102 - - [28/Feb/2025:00:28:22 -0800] "GET / HTTP/1.1" 200 24500 "-" "ELB-HealthChecker/2.0"
10.1.3.207 - - [28/Feb/2025:00:31:16 -0800] "GET / HTTP/1.1" 408 221 "-" "-"
10.1.3.223 - - [28/Feb/2025:00:31:16 -0800] "GET / HTTP/1.1" 408 221 "-" "ELB-HealthChecker/2.0"
10.1.4.102 - - [28/Feb/2025:00:31:16 -0800] "GET / HTTP/1.1" 408 221 "-" "ELB-HealthChecker/2.0"
10.1.3.207 - - [28/Feb/2025:00:31:54 -0800] "GET / HTTP/1.1" 408 221 "-" "-"
10.1.4.139 - - [28/Feb/2025:00:31:54 -0800] "GET / HTTP/1.1" 408 221 "-" "-"
10.1.3.223 - - [28/Feb/2025:00:31:54 -0800] "GET / HTTP/1.1" 408 221 "-" "-"
10.1.4.139 - - [28/Feb/2025:00:29:33 -0800] "GET / HTTP/1.1" 200 24500 "-" "ELB-HealthChecker/2.0"
10.1.3.207 - - [28/Feb/2025:00:29:24 -0800] "GET / HTTP/1.1" 200 24500 "-" "ELB-HealthChecker/2.0"
10.1.3.223 - - [28/Feb/2025:00:29:24 -0800] "GET / HTTP/1.1" 200 24500 "-" "ELB-HealthChecker/2.0"
10.1.4.139 - - [28/Feb/2025:00:29:24 -0800] "GET / HTTP/1.1" 200 24500 "-" "ELB-HealthChecker/2.0"
10.1.4.102 - - [28/Feb/2025:00:29:33 -0800] "GET / HTTP/1.1" 200 24500 "-" "ELB-HealthChecker/2.0"
10.1.4.102 - - [28/Feb/2025:00:30:17 -0800] "GET / HTTP/1.1" 200 24500 "-" "ELB-HealthChecker/2.0"
10.1.3.207 - - [28/Feb/2025:00:30:17 -0800] "GET / HTTP/1.1" 200 24500 "-" "ELB-HealthChecker/2.0"
10.1.3.223 - - [28/Feb/2025:00:30:25 -0800] "GET / HTTP/1.1" 200 24500 "-" "ELB-HealthChecker/2.0"
10.1.3.223 - - [28/Feb/2025:00:29:43 -0800] "GET / HTTP/1.1" 200 24500 "-" "ELB-HealthChecker/2.0"
10.1.4.139 - - [28/Feb/2025:00:30:25 -0800] "GET / HTTP/1.1" 200 24500 "-" "ELB-HealthChecker/2.0"
10.1.3.223 - - [28/Feb/2025:00:31:10 -0800] "GET / HTTP/1.1" 200 24500 "-" "ELB-HealthChecker/2.0"
10.1.4.139 - - [28/Feb/2025:00:31:30 -0800] "GET / HTTP/1.1" 200 24500 "-" "ELB-HealthChecker/2.0"
10.1.4.139 - - [28/Feb/2025:00:31:08 -0800] "GET / HTTP/1.1" 200 24500 "-" "ELB-HealthChecker/2.0"
10.1.4.102 - - [28/Feb/2025:00:31:34 -0800] "GET / HTTP/1.1" 200 24500 "-" "ELB-HealthChecker/2.0"
10.1.4.102 - - [28/Feb/2025:00:30:25 -0800] "GET / HTTP/1.1" 200 24500 "-" "ELB-HealthChecker/2.0"
10.1.3.207 - - [28/Feb/2025:00:32:07 -0800] "GET / HTTP/1.1" 200 24500 "-" "ELB-HealthChecker/2.0"
10.1.3.207 - - [28/Feb/2025:00:29:33 -0800] "GET / HTTP/1.1" 200 24500 "-" "ELB-HealthChecker/2.0"
10.1.4.102 - - [28/Feb/2025:00:32:07 -0800] "GET / HTTP/1.1" 200 24500 "-" "ELB-HealthChecker/2.0"
10.1.3.223 - - [28/Feb/2025:00:32:07 -0800] "GET / HTTP/1.1" 200 24500 "-" "ELB-HealthChecker/2.0"
10.1.4.139 - - [28/Feb/2025:00:32:07 -0800] "GET / HTTP/1.1" 200 24500 "-" "ELB-HealthChecker/2.0"
10.1.4.102 - - [28/Feb/2025:00:32:16 -0800] "GET / HTTP/1.1" 200 24500 "-" "ELB-HealthChecker/2.0"
10.1.3.207 - - [28/Feb/2025:00:32:23 -0800] "GET / HTTP/1.1" 200 24500 "-" "ELB-HealthChecker/2.0"
10.1.4.139 - - [28/Feb/2025:00:32:28 -0800] "GET / HTTP/1.1" 200 24500 "-" "ELB-HealthChecker/2.0"
10.1.3.223 - - [28/Feb/2025:00:32:31 -0800] "GET / HTTP/1.1" 200 24500 "-" "ELB-HealthChecker/2.0"
10.1.4.102 - - [28/Feb/2025:00:32:46 -0800] "GET / HTTP/1.1" 200 24500 "-" "ELB-HealthChecker/2.0"
10.1.3.207 - - [28/Feb/2025:00:32:53 -0800] "GET / HTTP/1.1" 200 24500 "-" "ELB-HealthChecker/2.0"
10.1.4.139 - - [28/Feb/2025:00:32:58 -0800] "GET / HTTP/1.1" 200 24500 "-" "ELB-HealthChecker/2.0"
10.1.3.223 - - [28/Feb/2025:00:33:01 -0800] "GET / HTTP/1.1" 200 24500 "-" "ELB-HealthChecker/2.0"
10.1.4.102 - - [28/Feb/2025:00:33:16 -0800] "GET / HTTP/1.1" 200 24500 "-" "ELB-HealthChecker/2.0"
10.1.3.207 - - [28/Feb/2025:00:33:23 -0800] "GET / HTTP/1.1" 200 24500 "-" "ELB-HealthChecker/2.0"
10.1.4.139 - - [28/Feb/2025:00:33:28 -0800] "GET / HTTP/1.1" 200 24500 "-" "ELB-HealthChecker/2.0"
10.1.3.223 - - [28/Feb/2025:00:33:31 -0800] "GET / HTTP/1.1" 200 24500 "-" "ELB-HealthChecker/2.0"
10.1.4.102 - - [28/Feb/2025:00:33:46 -0800] "GET / HTTP/1.1" 200 24500 "-" "ELB-HealthChecker/2.0"
10.1.3.207 - - [28/Feb/2025:00:33:53 -0800] "GET / HTTP/1.1" 200 24500 "-" "ELB-HealthChecker/2.0"
10.1.4.139 - - [28/Feb/2025:00:33:58 -0800] "GET / HTTP/1.1" 200 24500 "-" "ELB-HealthChecker/2.0"
10.1.3.223 - - [28/Feb/2025:00:34:01 -0800] "GET / HTTP/1.1" 200 24500 "-" "ELB-HealthChecker/2.0"
10.1.4.102 - - [28/Feb/2025:00:34:16 -0800] "GET / HTTP/1.1" 200 24500 "-" "ELB-HealthChecker/2.0"
10.1.3.207 - - [28/Feb/2025:00:34:23 -0800] "GET / HTTP/1.1" 200 24500 "-" "ELB-HealthChecker/2.0"
10.1.4.139 - - [28/Feb/2025:00:34:28 -0800] "GET / HTTP/1.1" 200 24500 "-" "ELB-HealthChecker/2.0"
10.1.3.223 - - [28/Feb/2025:00:34:31 -0800] "GET / HTTP/1.1" 200 24500 "-" "ELB-HealthChecker/2.0"
10.1.3.223 - - [28/Feb/2025:00:34:34 -0800] "GET /w10n/clementine/cl_6006/hxxx1073/browse/h65s1073.htm HTTP/1.1" 302 275 "-" "Mozilla/5.0 AppleWebKit/537.36 (KHTML, like Gecko; compatible; bingbot/2.0; +http://www.bing.com/bingbot.htm) Chrome/116.0.1938.76 Safari/537.36"
10.1.4.102 - - [28/Feb/2025:00:34:46 -0800] "GET / HTTP/1.1" 200 24500 "-" "ELB-HealthChecker/2.0"
10.1.3.207 - - [28/Feb/2025:00:34:53 -0800] "GET / HTTP/1.1" 200 24500 "-" "ELB-HealthChecker/2.0"
10.1.3.223 - - [28/Feb/2025:00:34:54 -0800] "GET /w10n/mer1-m-hazcam-5-wedge-ops-v1.0/mer1mw_0xxx/data/navcam/site0163/1mesh_2965_np_163_ffl_518_v1.ht HTTP/1.1" 302 323 "-" "Mozilla/5.0 AppleWebKit/537.36 (KHTML, like Gecko; compatible; bingbot/2.0; +http://www.bing.com/bingbot.htm) Chrome/116.0.1938.76 Safari/537.36"
10.1.4.139 - - [28/Feb/2025:00:34:58 -0800] "GET / HTTP/1.1" 200 24500 "-" "ELB-HealthChecker/2.0"
10.1.3.223 - - [28/Feb/2025:00:35:01 -0800] "GET / HTTP/1.1" 200 24500 "-" "ELB-HealthChecker/2.0"
10.1.4.102 - - [28/Feb/2025:00:35:16 -0800] "GET / HTTP/1.1" 200 24500 "-" "ELB-HealthChecker/2.0"
10.1.3.223 - - [28/Feb/2025:00:35:18 -0800] "GET /data/msl/MSLMST_0031/DATA/EDR/SURFACE/3419/3419MR1016660001600399C00_XXXX.LBL HTTP/1.1" 302 300 "-" "Mozilla/5.0 AppleWebKit/537.36 (KHTML, like Gecko; compatible; bingbot/2.0; +http://www.bing.com/bingbot.htm) Chrome/116.0.1938.76 Safari/537.36"
10.1.3.207 - - [28/Feb/2025:00:35:23 -0800] "GET / HTTP/1.1" 200 24500 "-" "ELB-HealthChecker/2.0"
10.1.4.139 - - [28/Feb/2025:00:35:28 -0800] "GET / HTTP/1.1" 200 24500 "-" "ELB-HealthChecker/2.0"
10.1.3.223 - - [28/Feb/2025:00:35:31 -0800] "GET / HTTP/1.1" 200 24500 "-" "ELB-HealthChecker/2.0"
10.1.3.223 - - [28/Feb/2025:00:35:41 -0800] "GET /data/mro/ctx/mrox_2958/ HTTP/1.1" 302 246 "-" "Mozilla/5.0 AppleWebKit/537.36 (KHTML, like Gecko; compatible; bingbot/2.0; +http://www.bing.com/bingbot.htm) Chrome/116.0.1938.76 Safari/537.36"
10.1.4.102 - - [28/Feb/2025:00:35:46 -0800] "GET / HTTP/1.1" 200 24500 "-" "ELB-HealthChecker/2.0"
10.1.3.207 - - [28/Feb/2025:00:35:49 -0800] "GET /data/cassini/cassini_orbiter/covims_0036/data/2009174T095227_2009174T114224/v1624450238_1.lbl HTTP/1.1" 302 316 "-" "Mozilla/5.0 (Windows NT 10.0; Win64; x64) AppleWebKit/537.36 (KHTML, like Gecko) Chrome/100.0.6897.265 Safari/537.36"
10.1.4.102 - - [28/Feb/2025:00:35:51 -0800] "GET /data/cassini/cassini_orbiter/covims_0036/data/2009174T095227_2009174T114224/v1624450238_1.lbl HTTP/1.1" 302 316 "-" "Mozilla/5.0 (Windows NT 10.0; Win64; x64) AppleWebKit/537.36 (KHTML, like Gecko) Chrome/100.0.6897.265 Safari/537.36"
10.1.3.207 - - [28/Feb/2025:00:35:53 -0800] "GET / HTTP/1.1" 200 24500 "-" "ELB-HealthChecker/2.0"
10.1.4.139 - - [28/Feb/2025:00:35:58 -0800] "GET / HTTP/1.1" 200 24500 "-" "ELB-HealthChecker/2.0"
10.1.3.223 - - [28/Feb/2025:00:36:01 -0800] "GET / HTTP/1.1" 200 24500 "-" "ELB-HealthChecker/2.0"
10.1.4.102 - - [28/Feb/2025:00:36:16 -0800] "GET / HTTP/1.1" 200 24500 "-" "ELB-HealthChecker/2.0"
10.1.3.207 - - [28/Feb/2025:00:36:23 -0800] "GET / HTTP/1.1" 200 24500 "-" "ELB-HealthChecker/2.0"
10.1.4.139 - - [28/Feb/2025:00:36:28 -0800] "GET / HTTP/1.1" 200 24500 "-" "ELB-HealthChecker/2.0"
10.1.3.223 - - [28/Feb/2025:00:36:31 -0800] "GET / HTTP/1.1" 200 24500 "-" "ELB-HealthChecker/2.0"
10.1.3.223 - - [28/Feb/2025:00:36:33 -0800] "GET /data/cassini/cassini_orbiter/covims_0077/data/2015338T161443_2015340T203040/v1827941651_1.qub HTTP/1.1" 302 316 "-" "Mozilla/5.0 AppleWebKit/537.36 (KHTML, like Gecko; compatible; bingbot/2.0; +http://www.bing.com/bingbot.htm) Chrome/116.0.1938.76 Safari/537.36"
10.1.4.102 - - [28/Feb/2025:00:36:46 -0800] "GET / HTTP/1.1" 200 24500 "-" "ELB-HealthChecker/2.0"
10.1.3.207 - - [28/Feb/2025:00:36:53 -0800] "GET / HTTP/1.1" 200 24500 "-" "ELB-HealthChecker/2.0"
10.1.4.139 - - [28/Feb/2025:00:36:58 -0800] "GET / HTTP/1.1" 200 24500 "-" "ELB-HealthChecker/2.0"
10.1.3.223 - - [28/Feb/2025:00:37:01 -0800] "GET / HTTP/1.1" 200 24500 "-" "ELB-HealthChecker/2.0"
10.1.4.102 - - [28/Feb/2025:00:37:16 -0800] "GET / HTTP/1.1" 200 24500 "-" "ELB-HealthChecker/2.0"
10.1.3.207 - - [28/Feb/2025:00:37:23 -0800] "GET / HTTP/1.1" 200 24500 "-" "ELB-HealthChecker/2.0"
10.1.4.139 - - [28/Feb/2025:00:37:28 -0800] "GET / HTTP/1.1" 200 24500 "-" "ELB-HealthChecker/2.0"
10.1.3.223 - - [28/Feb/2025:00:37:31 -0800] "GET / HTTP/1.1" 200 24500 "-" "ELB-HealthChecker/2.0"
10.1.4.102 - - [28/Feb/2025:00:37:46 -0800] "GET / HTTP/1.1" 200 24500 "-" "ELB-HealthChecker/2.0"
10.1.3.223 - - [28/Feb/2025:00:37:46 -0800] "GET /data/cassini/cassini_orbiter/covims_0012.tar.gz HTTP/1.1" 302 270 "-" "Mozilla/5.0 AppleWebKit/537.36 (KHTML, like Gecko; compatible; bingbot/2.0; +http://www.bing.com/bingbot.htm) Chrome/116.0.1938.76 Safari/537.36"
10.1.3.207 - - [28/Feb/2025:00:37:53 -0800] "GET / HTTP/1.1" 200 24500 "-" "ELB-HealthChecker/2.0"
10.1.4.139 - - [28/Feb/2025:00:37:58 -0800] "GET / HTTP/1.1" 200 24500 "-" "ELB-HealthChecker/2.0"
10.1.3.223 - - [28/Feb/2025:00:38:01 -0800] "GET / HTTP/1.1" 200 24500 "-" "ELB-HealthChecker/2.0"
10.1.4.102 - - [28/Feb/2025:00:38:16 -0800] "GET / HTTP/1.1" 200 24500 "-" "ELB-HealthChecker/2.0"
10.1.3.207 - - [28/Feb/2025:00:38:23 -0800] "GET / HTTP/1.1" 200 24500 "-" "ELB-HealthChecker/2.0"
10.1.3.223 - - [28/Feb/2025:00:38:25 -0800] "GET /data/vo1_vo2-m-vis-2-edr-br-v2.0/vo_1018/f428axx/f428a54.imq HTTP/1.1" 302 283 "-" "Mozilla/5.0 AppleWebKit/537.36 (KHTML, like Gecko; compatible; bingbot/2.0; +http://www.bing.com/bingbot.htm) Chrome/116.0.1938.76 Safari/537.36"
10.1.4.139 - - [28/Feb/2025:00:38:28 -0800] "GET / HTTP/1.1" 200 24500 "-" "ELB-HealthChecker/2.0"
10.1.3.223 - - [28/Feb/2025:00:38:31 -0800] "GET / HTTP/1.1" 200 24500 "-" "ELB-HealthChecker/2.0"
10.1.4.102 - - [28/Feb/2025:00:38:46 -0800] "GET / HTTP/1.1" 200 24500 "-" "ELB-HealthChecker/2.0"
10.1.3.207 - - [28/Feb/2025:00:38:53 -0800] "GET / HTTP/1.1" 200 24500 "-" "ELB-HealthChecker/2.0"
10.1.4.139 - - [28/Feb/2025:00:38:58 -0800] "GET / HTTP/1.1" 200 24500 "-" "ELB-HealthChecker/2.0"
10.1.3.223 - - [28/Feb/2025:00:39:01 -0800] "GET / HTTP/1.1" 200 24500 "-" "ELB-HealthChecker/2.0"
10.1.3.223 - - [28/Feb/2025:00:39:13 -0800] "GET /w10n/mer1-m-navcam-5-anaglyph-ops-v1.0/mer1no_0xxx/browse/sol0814/rdr/1n200451922mrd70ffp0705r0m1.img.jpg/?output=html HTTP/1.1" 302 341 "-" "Mozilla/5.0 AppleWebKit/537.36 (KHTML, like Gecko; compatible; bingbot/2.0; +http://www.bing.com/bingbot.htm) Chrome/116.0.1938.76 Safari/537.36"
10.1.4.102 - - [28/Feb/2025:00:39:16 -0800] "GET / HTTP/1.1" 200 24500 "-" "ELB-HealthChecker/2.0"
10.1.3.207 - - [28/Feb/2025:00:39:23 -0800] "GET / HTTP/1.1" 200 24500 "-" "ELB-HealthChecker/2.0"
10.1.4.139 - - [28/Feb/2025:00:39:28 -0800] "GET / HTTP/1.1" 200 24500 "-" "ELB-HealthChecker/2.0"
10.1.3.223 - - [28/Feb/2025:00:39:31 -0800] "GET / HTTP/1.1" 200 24500 "-" "ELB-HealthChecker/2.0"
10.1.3.223 - - [28/Feb/2025:00:39:34 -0800] "GET /w10n/msl/MSLMST_0031/DATA/EDR/SURFACE/3447/3447MR1018610041601626I01_XXXX.LBL HTTP/1.1" 302 300 "-" "Mozilla/5.0 AppleWebKit/537.36 (KHTML, like Gecko; compatible; bingbot/2.0; +http://www.bing.com/bingbot.htm) Chrome/116.0.1938.76 Safari/537.36"
10.1.3.207 - - [28/Feb/2025:00:39:34 -0800] "GET /data/cassini/cassini_orbiter/covims_0076/data/2015271T173610_2015271T184829/v1822159033_1.lbl HTTP/1.1" 302 316 "-" "Mozilla/5.0 (Windows NT 10.0; Win64; x64) AppleWebKit/537.36 (KHTML, like Gecko) Chrome/100.0.2607.698 Safari/537.36"
10.1.4.102 - - [28/Feb/2025:00:39:36 -0800] "GET /data/cassini/cassini_orbiter/covims_0076/data/2015271T173610_2015271T184829/v1822159033_1.lbl HTTP/1.1" 302 316 "-" "Mozilla/5.0 (Windows NT 10.0; Win64; x64) AppleWebKit/537.36 (KHTML, like Gecko) Chrome/100.0.2607.698 Safari/537.36"
10.1.3.223 - - [28/Feb/2025:00:39:38 -0800] "GET /w10n/msl/MSLNAV_0XXX/DATA/SOL03349/NLB_694803006EDR_D0921812TRAV01016M1.IMG HTTP/1.1" 302 298 "-" "Mozilla/5.0 AppleWebKit/537.36 (KHTML, like Gecko; compatible; bingbot/2.0; +http://www.bing.com/bingbot.htm) Chrome/116.0.1938.76 Safari/537.36"
10.1.4.102 - - [28/Feb/2025:00:39:46 -0800] "GET / HTTP/1.1" 200 24500 "-" "ELB-HealthChecker/2.0"
10.1.3.207 - - [28/Feb/2025:00:39:53 -0800] "GET / HTTP/1.1" 200 24500 "-" "ELB-HealthChecker/2.0"
10.1.3.223 - - [28/Feb/2025:00:39:55 -0800] "GET /w10n/nsyt/data/sol/1209/mipl/ HTTP/1.1" 302 252 "-" "Mozilla/5.0 AppleWebKit/537.36 (KHTML, like Gecko; compatible; bingbot/2.0; +http://www.bing.com/bingbot.htm) Chrome/116.0.1938.76 Safari/537.36"
10.1.3.223 - - [28/Feb/2025:00:39:56 -0800] "GET /data/mro/marci/mrom_1283_md5.txt HTTP/1.1" 302 255 "-" "Mozilla/5.0 AppleWebKit/537.36 (KHTML, like Gecko; compatible; bingbot/2.0; +http://www.bing.com/bingbot.htm) Chrome/116.0.1938.76 Safari/537.36"
10.1.4.139 - - [28/Feb/2025:00:39:58 -0800] "GET / HTTP/1.1" 200 24500 "-" "ELB-HealthChecker/2.0"
10.1.3.223 - - [28/Feb/2025:00:40:02 -0800] "GET / HTTP/1.1" 200 24500 "-" "ELB-HealthChecker/2.0"
10.1.4.102 - - [28/Feb/2025:00:40:16 -0800] "GET / HTTP/1.1" 200 24500 "-" "ELB-HealthChecker/2.0"
10.1.3.207 - - [28/Feb/2025:00:40:23 -0800] "GET / HTTP/1.1" 200 24500 "-" "ELB-HealthChecker/2.0"
10.1.4.139 - - [28/Feb/2025:00:40:28 -0800] "GET / HTTP/1.1" 200 24500 "-" "ELB-HealthChecker/2.0"
10.1.3.223 - - [28/Feb/2025:00:40:32 -0800] "GET / HTTP/1.1" 200 24500 "-" "ELB-HealthChecker/2.0"
10.1.4.102 - - [28/Feb/2025:00:40:46 -0800] "GET / HTTP/1.1" 200 24500 "-" "ELB-HealthChecker/2.0"
10.1.3.207 - - [28/Feb/2025:00:40:53 -0800] "GET / HTTP/1.1" 200 24500 "-" "ELB-HealthChecker/2.0"
10.1.4.102 - - [28/Feb/2025:00:40:57 -0800] "GET /data/mro/ctx/mrox_2921/document/archsis.pdf HTTP/1.1" 302 266 "-" "Mozilla/5.0 AppleWebKit/537.36 (KHTML, like Gecko; compatible; bingbot/2.0; +http://www.bing.com/bingbot.htm) Chrome/116.0.1938.76 Safari/537.36"
10.1.4.139 - - [28/Feb/2025:00:40:58 -0800] "GET / HTTP/1.1" 200 24500 "-" "ELB-HealthChecker/2.0"
10.1.3.223 - - [28/Feb/2025:00:41:02 -0800] "GET / HTTP/1.1" 200 24500 "-" "ELB-HealthChecker/2.0"
10.1.3.223 - - [28/Feb/2025:00:41:14 -0800] "GET /data/msl/MSLMST_0007/DATA/EDR/SURFACE/0704/0704MR0029780000402417E01_XXXX.DAT HTTP/1.1" 302 300 "-" "Mozilla/5.0 AppleWebKit/537.36 (KHTML, like Gecko; compatible; bingbot/2.0; +http://www.bing.com/bingbot.htm) Chrome/116.0.1938.76 Safari/537.36"
10.1.4.102 - - [28/Feb/2025:00:41:16 -0800] "GET / HTTP/1.1" 200 24500 "-" "ELB-HealthChecker/2.0"
10.1.3.207 - - [28/Feb/2025:00:41:23 -0800] "GET / HTTP/1.1" 200 24500 "-" "ELB-HealthChecker/2.0"
10.1.4.139 - - [28/Feb/2025:00:41:28 -0800] "GET / HTTP/1.1" 200 24500 "-" "ELB-HealthChecker/2.0"
10.1.3.223 - - [28/Feb/2025:00:41:32 -0800] "GET / HTTP/1.1" 200 24500 "-" "ELB-HealthChecker/2.0"
10.1.3.207 - - [28/Feb/2025:00:41:37 -0800] "GET /data/cassini/cassini_orbiter/covims_0078/data/2016015T180523_2016015T200451/v1831582768_1.lbl HTTP/1.1" 302 316 "-" "Mozilla/5.0 (Windows NT 10.0; Win64; x64) AppleWebKit/537.36 (KHTML, like Gecko) Chrome/100.0.3497.466 Safari/537.36"
10.1.3.207 - - [28/Feb/2025:00:41:38 -0800] "GET /data/cassini/cassini_orbiter/covims_0078/data/2016015T180523_2016015T200451/v1831582768_1.lbl HTTP/1.1" 302 316 "-" "Mozilla/5.0 (Windows NT 10.0; Win64; x64) AppleWebKit/537.36 (KHTML, like Gecko) Chrome/100.0.3497.466 Safari/537.36"
10.1.4.102 - - [28/Feb/2025:00:41:46 -0800] "GET / HTTP/1.1" 200 24500 "-" "ELB-HealthChecker/2.0"
10.1.3.207 - - [28/Feb/2025:00:41:53 -0800] "GET / HTTP/1.1" 200 24500 "-" "ELB-HealthChecker/2.0"
10.1.4.139 - - [28/Feb/2025:00:41:58 -0800] "GET / HTTP/1.1" 200 24500 "-" "ELB-HealthChecker/2.0"
10.1.3.223 - - [28/Feb/2025:00:42:02 -0800] "GET / HTTP/1.1" 200 24500 "-" "ELB-HealthChecker/2.0"
10.1.3.223 - - [28/Feb/2025:00:42:14 -0800] "GET /data/mro/mars_reconnaissance_orbiter/ctx/mrox_1019_md5.txt HTTP/1.1" 302 281 "-" "Mozilla/5.0 AppleWebKit/537.36 (KHTML, like Gecko; compatible; bingbot/2.0; +http://www.bing.com/bingbot.htm) Chrome/116.0.1938.76 Safari/537.36"
10.1.3.223 - - [28/Feb/2025:00:42:14 -0800] "GET /data/msl/MSLHAZ_0XXX/EXTRAS/FULL/SOL03284/ HTTP/1.1" 302 265 "-" "Mozilla/5.0 AppleWebKit/537.36 (KHTML, like Gecko; compatible; bingbot/2.0; +http://www.bing.com/bingbot.htm) Chrome/116.0.1938.76 Safari/537.36"
10.1.4.102 - - [28/Feb/2025:00:42:16 -0800] "GET / HTTP/1.1" 200 24500 "-" "ELB-HealthChecker/2.0"
10.1.3.207 - - [28/Feb/2025:00:42:23 -0800] "GET / HTTP/1.1" 200 24500 "-" "ELB-HealthChecker/2.0"
10.1.4.139 - - [28/Feb/2025:00:42:29 -0800] "GET / HTTP/1.1" 200 24500 "-" "ELB-HealthChecker/2.0"
10.1.3.223 - - [28/Feb/2025:00:42:32 -0800] "GET / HTTP/1.1" 200 24500 "-" "ELB-HealthChecker/2.0"
180.149.126.8 - - [28/Feb/2025:00:42:40 -0800] "GET / HTTP/1.1" 200 24500 "-" "Mozilla/5.0 (Windows NT 5.1; Win64; x64) AppleWebKit/537.36 (KHTML, like Gecko) Chrome/60.0.3112.90 Safari/537.36"
10.1.4.102 - - [28/Feb/2025:00:42:46 -0800] "GET / HTTP/1.1" 200 24500 "-" "ELB-HealthChecker/2.0"
10.1.3.207 - - [28/Feb/2025:00:42:53 -0800] "GET / HTTP/1.1" 200 24500 "-" "ELB-HealthChecker/2.0"
10.1.4.139 - - [28/Feb/2025:00:42:59 -0800] "GET / HTTP/1.1" 200 24500 "-" "ELB-HealthChecker/2.0"
10.1.3.223 - - [28/Feb/2025:00:43:02 -0800] "GET / HTTP/1.1" 200 24500 "-" "ELB-HealthChecker/2.0"
10.1.4.102 - - [28/Feb/2025:00:43:16 -0800] "GET / HTTP/1.1" 200 24500 "-" "ELB-HealthChecker/2.0"
10.1.3.207 - - [28/Feb/2025:00:43:23 -0800] "GET / HTTP/1.1" 200 24500 "-" "ELB-HealthChecker/2.0"
10.1.4.139 - - [28/Feb/2025:00:43:29 -0800] "GET / HTTP/1.1" 200 24500 "-" "ELB-HealthChecker/2.0"
10.1.3.223 - - [28/Feb/2025:00:43:32 -0800] "GET / HTTP/1.1" 200 24500 "-" "ELB-HealthChecker/2.0"
10.1.4.102 - - [28/Feb/2025:00:43:34 -0800] "GET /data/msl/MSLHAZ_1XXX/DATA/SOL01753/FRB_553120558RAD_T0642442FHAZ00302M1.IMG HTTP/1.1" 302 298 "-" "Mozilla/5.0 AppleWebKit/537.36 (KHTML, like Gecko; compatible; bingbot/2.0; +http://www.bing.com/bingbot.htm) Chrome/116.0.1938.76 Safari/537.36"
10.1.4.102 - - [28/Feb/2025:00:43:35 -0800] "GET /w10n/voyager/vg_0013/jupiter/c1540xxx/c1540806.imq HTTP/1.1" 302 273 "-" "Mozilla/5.0 AppleWebKit/537.36 (KHTML, like Gecko; compatible; bingbot/2.0; +http://www.bing.com/bingbot.htm) Chrome/116.0.1938.76 Safari/537.36"
10.1.4.102 - - [28/Feb/2025:00:43:46 -0800] "GET / HTTP/1.1" 200 24500 "-" "ELB-HealthChecker/2.0"
10.1.3.207 - - [28/Feb/2025:00:43:53 -0800] "GET / HTTP/1.1" 200 24500 "-" "ELB-HealthChecker/2.0"
10.1.4.139 - - [28/Feb/2025:00:43:59 -0800] "GET / HTTP/1.1" 200 24500 "-" "ELB-HealthChecker/2.0"
10.1.3.223 - - [28/Feb/2025:00:44:02 -0800] "GET / HTTP/1.1" 200 24500 "-" "ELB-HealthChecker/2.0"
10.1.4.102 - - [28/Feb/2025:00:44:16 -0800] "GET / HTTP/1.1" 200 24500 "-" "ELB-HealthChecker/2.0"
10.1.3.207 - - [28/Feb/2025:00:44:23 -0800] "GET / HTTP/1.1" 200 24500 "-" "ELB-HealthChecker/2.0"
10.1.4.139 - - [28/Feb/2025:00:44:29 -0800] "GET / HTTP/1.1" 200 24500 "-" "ELB-HealthChecker/2.0"
10.1.3.223 - - [28/Feb/2025:00:44:32 -0800] "GET / HTTP/1.1" 200 24500 "-" "ELB-HealthChecker/2.0"
10.1.4.102 - - [28/Feb/2025:00:44:46 -0800] "GET / HTTP/1.1" 200 24500 "-" "ELB-HealthChecker/2.0"
10.1.3.207 - - [28/Feb/2025:00:44:53 -0800] "GET / HTTP/1.1" 200 24500 "-" "ELB-HealthChecker/2.0"
10.1.4.139 - - [28/Feb/2025:00:44:59 -0800] "GET / HTTP/1.1" 200 24500 "-" "ELB-HealthChecker/2.0"
10.1.3.223 - - [28/Feb/2025:00:45:02 -0800] "GET / HTTP/1.1" 200 24500 "-" "ELB-HealthChecker/2.0"
10.1.3.207 - - [28/Feb/2025:00:45:16 -0800] "GET /data/cassini/cassini_orbiter/covims_0047/data/2011095T091526_2011095T101753/v1680692095_1_001.lbl HTTP/1.1" 302 320 "-" "Mozilla/5.0 AppleWebKit/537.36 (KHTML, like Gecko; compatible; bingbot/2.0; +http://www.bing.com/bingbot.htm) Chrome/116.0.1938.76 Safari/537.36"
10.1.4.102 - - [28/Feb/2025:00:45:16 -0800] "GET / HTTP/1.1" 200 24500 "-" "ELB-HealthChecker/2.0"
10.1.3.207 - - [28/Feb/2025:00:45:23 -0800] "GET / HTTP/1.1" 200 24500 "-" "ELB-HealthChecker/2.0"
10.1.4.139 - - [28/Feb/2025:00:45:29 -0800] "GET / HTTP/1.1" 200 24500 "-" "ELB-HealthChecker/2.0"
10.1.4.102 - - [28/Feb/2025:00:45:31 -0800] "GET /data/mgs-m-moc-na_wa-2-sdp-l0-v1.0/mgsc_1369/extras/browse/r16023/ HTTP/1.1" 302 289 "-" "Mozilla/5.0 (Linux; Android 6.0.1; Nexus 5X Build/MMB29P) AppleWebKit/537.36 (KHTML, like Gecko) Chrome/133.0.6943.53 Mobile Safari/537.36 (compatible; Googlebot/2.1; +http://www.google.com/bot.html)"
10.1.3.223 - - [28/Feb/2025:00:45:32 -0800] "GET / HTTP/1.1" 200 24500 "-" "ELB-HealthChecker/2.0"
10.1.4.102 - - [28/Feb/2025:00:45:46 -0800] "GET / HTTP/1.1" 200 24500 "-" "ELB-HealthChecker/2.0"
10.1.4.102 - - [28/Feb/2025:00:45:53 -0800] "GET /data/mro/mars_reconnaissance_orbiter/ctx/mrox_3420/document/ctx_2006je002808.pdf HTTP/1.1" 302 303 "-" "Googlebot/2.1 (+http://www.google.com/bot.html)"
10.1.3.207 - - [28/Feb/2025:00:45:53 -0800] "GET / HTTP/1.1" 200 24500 "-" "ELB-HealthChecker/2.0"
10.1.4.102 - - [28/Feb/2025:00:45:57 -0800] "GET /data/cassini/cassini_orbiter/CORADR_0108/DOCUMENT/BIDRSIS.PDF HTTP/1.1" 302 284 "-" "Googlebot/2.1 (+http://www.google.com/bot.html)"
10.1.4.139 - - [28/Feb/2025:00:45:59 -0800] "GET / HTTP/1.1" 200 24500 "-" "ELB-HealthChecker/2.0"
10.1.3.223 - - [28/Feb/2025:00:46:02 -0800] "GET / HTTP/1.1" 200 24500 "-" "ELB-HealthChecker/2.0"
10.1.4.102 - - [28/Feb/2025:00:46:16 -0800] "GET /data/mastcam/MSLMST_0001/DATA/EDR/SURFACE/0041/0041MR0001910000101245I01_XXXX.DAT HTTP/1.1" 302 304 "-" "Mozilla/5.0 AppleWebKit/537.36 (KHTML, like Gecko; compatible; bingbot/2.0; +http://www.bing.com/bingbot.htm) Chrome/116.0.1938.76 Safari/537.36"
10.1.4.102 - - [28/Feb/2025:00:46:16 -0800] "GET / HTTP/1.1" 200 24500 "-" "ELB-HealthChecker/2.0"
10.1.3.207 - - [28/Feb/2025:00:46:21 -0800] "GET /data/msl/MSLNAV_0XXX/DATA/SOL03540/NRB_711757309EDR_D0960852TRAV01092M1.IMG HTTP/1.1" 302 298 "-" "Mozilla/5.0 AppleWebKit/537.36 (KHTML, like Gecko; compatible; bingbot/2.0; +http://www.bing.com/bingbot.htm) Chrome/116.0.1938.76 Safari/537.36"
10.1.3.207 - - [28/Feb/2025:00:46:23 -0800] "GET / HTTP/1.1" 200 24500 "-" "ELB-HealthChecker/2.0"
10.1.4.102 - - [28/Feb/2025:00:46:27 -0800] "GET /data/mro/mars_reconnaissance_orbiter/marci/mrom_0538/document/marci_2008je003315.pdf HTTP/1.1" 302 307 "-" "Googlebot/2.1 (+http://www.google.com/bot.html)"
10.1.4.102 - - [28/Feb/2025:00:46:28 -0800] "GET /data/mro/mars_reconnaissance_orbiter/marci/mrom_0412/document/marci_1999je001145.pdf HTTP/1.1" 302 307 "-" "Googlebot/2.1 (+http://www.google.com/bot.html)"
10.1.4.139 - - [28/Feb/2025:00:46:29 -0800] "GET / HTTP/1.1" 200 24500 "-" "ELB-HealthChecker/2.0"
10.1.3.223 - - [28/Feb/2025:00:46:32 -0800] "GET / HTTP/1.1" 200 24500 "-" "ELB-HealthChecker/2.0"
10.1.3.223 - - [28/Feb/2025:00:46:42 -0800] "GET /robots.txt HTTP/1.1" 404 196 "-" "Mozilla/5.0 (compatible; YandexBot/3.0; +http://yandex.com/bots)"
10.1.4.102 - - [28/Feb/2025:00:46:46 -0800] "GET / HTTP/1.1" 200 24500 "-" "ELB-HealthChecker/2.0"
10.1.4.102 - - [28/Feb/2025:00:46:52 -0800] "GET /data/messenger/msgrmds_1001/EXTRAS/THUMBNAIL/2011_126/ HTTP/1.1" 302 277 "-" "Mozilla/5.0 (Linux; Android 6.0.1; Nexus 5X Build/MMB29P) AppleWebKit/537.36 (KHTML, like Gecko) Chrome/133.0.6943.53 Mobile Safari/537.36 (compatible; Googlebot/2.1; +http://www.google.com/bot.html)"
10.1.4.102 - - [28/Feb/2025:00:46:52 -0800] "GET /volumes/radar.html HTTP/1.1" 200 305627 "http://pds-imaging.jpl.nasa.gov/volumes/radar.html" "Mozilla/5.0 (Macintosh; Intel Mac OS X 10_15_7) AppleWebKit/537.36 (KHTML, like Gecko) Chrome/113.0.0.0 Safari/537.36"
10.1.3.207 - - [28/Feb/2025:00:46:53 -0800] "GET / HTTP/1.1" 200 24500 "-" "ELB-HealthChecker/2.0"
10.1.4.139 - - [28/Feb/2025:00:46:59 -0800] "GET / HTTP/1.1" 200 24500 "-" "ELB-HealthChecker/2.0"
10.1.3.207 - - [28/Feb/2025:00:47:00 -0800] "GET /data/cassini/cassini_orbiter/covims_0054/data/2012334T115833_2012335T021948/v1732935650_1.qub HTTP/1.1" 302 316 "-" "Mozilla/5.0 (Windows NT 10.0; Win64; x64) AppleWebKit/537.36 (KHTML, like Gecko) Chrome/100.0.9592.230 Safari/537.36"
10.1.4.102 - - [28/Feb/2025:00:47:02 -0800] "GET /data/cassini/cassini_orbiter/covims_0054/data/2012334T115833_2012335T021948/v1732935650_1.qub HTTP/1.1" 302 316 "-" "Mozilla/5.0 (Windows NT 10.0; Win64; x64) AppleWebKit/537.36 (KHTML, like Gecko) Chrome/100.0.9592.230 Safari/537.36"
10.1.3.223 - - [28/Feb/2025:00:47:02 -0800] "GET / HTTP/1.1" 200 24500 "-" "ELB-HealthChecker/2.0"
10.1.4.102 - - [28/Feb/2025:00:47:16 -0800] "GET / HTTP/1.1" 200 24500 "-" "ELB-HealthChecker/2.0"
10.1.3.207 - - [28/Feb/2025:00:47:23 -0800] "GET / HTTP/1.1" 200 24500 "-" "ELB-HealthChecker/2.0"
10.1.3.207 - - [28/Feb/2025:00:47:26 -0800] "GET /help/Cartography_and_Imaging_Sciences_Node_Tour_2-20-20.pdf HTTP/1.1" 200 2043445 "-" "Mozilla/5.0 AppleWebKit/537.36 (KHTML, like Gecko; compatible; GoogleOther) Chrome/133.0.6943.53 Safari/537.36"
10.1.4.139 - - [28/Feb/2025:00:47:29 -0800] "GET / HTTP/1.1" 200 24500 "-" "ELB-HealthChecker/2.0"
10.1.3.223 - - [28/Feb/2025:00:47:32 -0800] "GET / HTTP/1.1" 200 24500 "-" "ELB-HealthChecker/2.0"
10.1.4.102 - - [28/Feb/2025:00:47:46 -0800] "GET / HTTP/1.1" 200 24500 "-" "ELB-HealthChecker/2.0"
10.1.3.207 - - [28/Feb/2025:00:47:53 -0800] "GET / HTTP/1.1" 200 24500 "-" "ELB-HealthChecker/2.0"
10.1.3.207 - - [28/Feb/2025:00:47:55 -0800] "GET /w10n/msl/MSLNAV_1XXX/DATA/SOL03299/NRB_690344540RAS_F0912132NCAM00267M1.IMG HTTP/1.1" 302 298 "-" "Mozilla/5.0 AppleWebKit/537.36 (KHTML, like Gecko; compatible; bingbot/2.0; +http://www.bing.com/bingbot.htm) Chrome/116.0.1938.76 Safari/537.36"
10.1.4.139 - - [28/Feb/2025:00:47:59 -0800] "GET / HTTP/1.1" 200 24500 "-" "ELB-HealthChecker/2.0"
10.1.3.223 - - [28/Feb/2025:00:48:02 -0800] "GET / HTTP/1.1" 200 24500 "-" "ELB-HealthChecker/2.0"
10.1.4.102 - - [28/Feb/2025:00:48:16 -0800] "GET / HTTP/1.1" 200 24500 "-" "ELB-HealthChecker/2.0"
10.1.3.207 - - [28/Feb/2025:00:48:23 -0800] "GET / HTTP/1.1" 200 24500 "-" "ELB-HealthChecker/2.0"
10.1.4.139 - - [28/Feb/2025:00:48:29 -0800] "GET / HTTP/1.1" 200 24500 "-" "ELB-HealthChecker/2.0"
10.1.3.223 - - [28/Feb/2025:00:48:32 -0800] "GET / HTTP/1.1" 200 24500 "-" "ELB-HealthChecker/2.0"
10.1.3.207 - - [28/Feb/2025:00:48:35 -0800] "GET /data/msl/MSLHAZ_0XXX/EXTRAS/BROWSE/SOL03489/ HTTP/1.1" 302 267 "-" "Mozilla/5.0 AppleWebKit/537.36 (KHTML, like Gecko; compatible; bingbot/2.0; +http://www.bing.com/bingbot.htm) Chrome/116.0.1938.76 Safari/537.36"
10.1.4.102 - - [28/Feb/2025:00:48:46 -0800] "GET / HTTP/1.1" 200 24500 "-" "ELB-HealthChecker/2.0"
10.1.3.207 - - [28/Feb/2025:00:48:53 -0800] "GET / HTTP/1.1" 200 24500 "-" "ELB-HealthChecker/2.0"
10.1.3.207 - - [28/Feb/2025:00:48:55 -0800] "GET /holdings/IMG_PDS3_initial_DOIs_Joined_Oct.2020.xlsx HTTP/1.1" 200 76568 "-" "Mozilla/5.0 (Linux; Android 6.0.1; Nexus 5X Build/MMB29P) AppleWebKit/537.36 (KHTML, like Gecko) Chrome/133.0.6943.53 Mobile Safari/537.36 (compatible; Googlebot/2.1; +http://www.google.com/bot.html)"
10.1.4.139 - - [28/Feb/2025:00:48:59 -0800] "GET / HTTP/1.1" 200 24500 "-" "ELB-HealthChecker/2.0"
10.1.3.223 - - [28/Feb/2025:00:49:02 -0800] "GET / HTTP/1.1" 200 24500 "-" "ELB-HealthChecker/2.0"
10.1.4.102 - - [28/Feb/2025:00:49:17 -0800] "GET / HTTP/1.1" 200 24500 "-" "ELB-HealthChecker/2.0"
10.1.3.207 - - [28/Feb/2025:00:49:23 -0800] "GET / HTTP/1.1" 200 24500 "-" "ELB-HealthChecker/2.0"
10.1.4.139 - - [28/Feb/2025:00:49:29 -0800] "GET / HTTP/1.1" 200 24500 "-" "ELB-HealthChecker/2.0"
10.1.3.207 - - [28/Feb/2025:00:49:31 -0800] "GET /data/cassini/cassini_orbiter/CORADR_0101/DOCUMENT/BIDRSIS.PDF HTTP/1.1" 302 284 "-" "Googlebot/2.1 (+http://www.google.com/bot.html)"
10.1.3.223 - - [28/Feb/2025:00:49:32 -0800] "GET / HTTP/1.1" 200 24500 "-" "ELB-HealthChecker/2.0"
10.1.4.102 - - [28/Feb/2025:00:49:47 -0800] "GET / HTTP/1.1" 200 24500 "-" "ELB-HealthChecker/2.0"
10.1.3.207 - - [28/Feb/2025:00:49:53 -0800] "GET / HTTP/1.1" 200 24500 "-" "ELB-HealthChecker/2.0"
10.1.3.207 - - [28/Feb/2025:00:49:56 -0800] "GET /data/cassini/cassini_orbiter/coiss_2067/data/1673121560_1673195232/N1673130694_1.IMG HTTP/1.1" 302 307 "-" "Mozilla/5.0 AppleWebKit/537.36 (KHTML, like Gecko; compatible; bingbot/2.0; +http://www.bing.com/bingbot.htm) Chrome/116.0.1938.76 Safari/537.36"
10.1.4.139 - - [28/Feb/2025:00:49:59 -0800] "GET / HTTP/1.1" 200 24500 "-" "ELB-HealthChecker/2.0"
10.1.3.223 - - [28/Feb/2025:00:50:02 -0800] "GET / HTTP/1.1" 200 24500 "-" "ELB-HealthChecker/2.0"
10.1.4.102 - - [28/Feb/2025:00:50:17 -0800] "GET / HTTP/1.1" 200 24500 "-" "ELB-HealthChecker/2.0"
10.1.3.207 - - [28/Feb/2025:00:50:21 -0800] "GET /data/cassini/cassini_orbiter/covims_0010/data/2006014T200333_2006015T105016/v1515970855_1.qub HTTP/1.1" 302 316 "-" "Mozilla/5.0 (Windows NT 10.0; Win64; x64) AppleWebKit/537.36 (KHTML, like Gecko) Chrome/100.0.1627.568 Safari/537.36"
10.1.3.207 - - [28/Feb/2025:00:50:22 -0800] "GET /data/cassini/cassini_orbiter/covims_0015/data/2006362T151338_2006363T153207/v1546027708_1.qub HTTP/1.1" 302 316 "-" "Mozilla/5.0 (Linux; Android 6.0.1; Nexus 5X Build/MMB29P) AppleWebKit/537.36 (KHTML, like Gecko) Chrome/133.0.6943.53 Mobile Safari/537.36 (compatible; Googlebot/2.1; +http://www.google.com/bot.html)"
10.1.3.207 - - [28/Feb/2025:00:50:23 -0800] "GET / HTTP/1.1" 200 24500 "-" "ELB-HealthChecker/2.0"
10.1.4.139 - - [28/Feb/2025:00:50:29 -0800] "GET / HTTP/1.1" 200 24500 "-" "ELB-HealthChecker/2.0"
10.1.3.223 - - [28/Feb/2025:00:50:32 -0800] "GET / HTTP/1.1" 200 24500 "-" "ELB-HealthChecker/2.0"
10.1.3.207 - - [28/Feb/2025:00:50:35 -0800] "GET /data/mars%20reconnaissance%20orbiter/hirise/EXTRAS/tmp/ESP/ORB_068000_068099/ESP_068087_1365/ HTTP/1.1" 302 316 "-" "Mozilla/5.0 AppleWebKit/537.36 (KHTML, like Gecko; compatible; bingbot/2.0; +http://www.bing.com/bingbot.htm) Chrome/116.0.1938.76 Safari/537.36"
10.1.3.207 - - [28/Feb/2025:00:50:42 -0800] "GET /robots.txt HTTP/1.1" 404 196 "-" "Mozilla/5.0 (compatible; coccocbot-image/1.0; +http://help.coccoc.com/searchengine)"
10.1.4.102 - - [28/Feb/2025:00:50:47 -0800] "GET / HTTP/1.1" 200 24500 "-" "ELB-HealthChecker/2.0"
10.1.3.207 - - [28/Feb/2025:00:50:53 -0800] "GET / HTTP/1.1" 200 24500 "-" "ELB-HealthChecker/2.0"
10.1.3.207 - - [28/Feb/2025:00:50:54 -0800] "GET /data/mro/marci/mrom_0085/ HTTP/1.1" 302 248 "-" "Mozilla/5.0 AppleWebKit/537.36 (KHTML, like Gecko; compatible; bingbot/2.0; +http://www.bing.com/bingbot.htm) Chrome/116.0.1938.76 Safari/537.36"
10.1.4.139 - - [28/Feb/2025:00:50:59 -0800] "GET / HTTP/1.1" 200 24500 "-" "ELB-HealthChecker/2.0"
10.1.3.223 - - [28/Feb/2025:00:51:02 -0800] "GET / HTTP/1.1" 200 24500 "-" "ELB-HealthChecker/2.0"
10.1.4.102 - - [28/Feb/2025:00:51:17 -0800] "GET / HTTP/1.1" 200 24500 "-" "ELB-HealthChecker/2.0"
10.1.3.207 - - [28/Feb/2025:00:51:23 -0800] "GET / HTTP/1.1" 200 24500 "-" "ELB-HealthChecker/2.0"
10.1.4.139 - - [28/Feb/2025:00:51:29 -0800] "GET / HTTP/1.1" 200 24500 "-" "ELB-HealthChecker/2.0"
10.1.3.223 - - [28/Feb/2025:00:51:32 -0800] "GET / HTTP/1.1" 200 24500 "-" "ELB-HealthChecker/2.0"
10.1.4.102 - - [28/Feb/2025:00:51:38 -0800] "GET /data/mars2020/mars2020_mastcamz_sci_calibrated/data/0497/rad/ZL0_0497_0711060753_159RAD_N0261004ZCAM00027_0260LMA01.IMG HTTP/1.1" 302 342 "-" "Mozilla/5.0 AppleWebKit/537.36 (KHTML, like Gecko; compatible; bingbot/2.0; +http://www.bing.com/bingbot.htm) Chrome/116.0.1938.76 Safari/537.36"
10.1.4.102 - - [28/Feb/2025:00:51:47 -0800] "GET / HTTP/1.1" 200 24500 "-" "ELB-HealthChecker/2.0"
10.1.3.207 - - [28/Feb/2025:00:51:48 -0800] "GET /data/mro/mars_reconnaissance_orbiter/ctx/mrox_0474/document/ctx_2006je002808.pdf HTTP/1.1" 302 303 "-" "Googlebot/2.1 (+http://www.google.com/bot.html)"
10.1.3.207 - - [28/Feb/2025:00:51:53 -0800] "GET / HTTP/1.1" 200 24500 "-" "ELB-HealthChecker/2.0"
10.1.4.139 - - [28/Feb/2025:00:51:59 -0800] "GET / HTTP/1.1" 200 24500 "-" "ELB-HealthChecker/2.0"
10.1.3.223 - - [28/Feb/2025:00:52:02 -0800] "GET / HTTP/1.1" 200 24500 "-" "ELB-HealthChecker/2.0"
10.1.4.102 - - [28/Feb/2025:00:52:15 -0800] "GET /data/cassini/cassini_orbiter/covims_0062/data/2013254T135849_2013254T211450/v1757604454_1.qub HTTP/1.1" 302 316 "-" "Mozilla/5.0 (Windows NT 10.0; Win64; x64) AppleWebKit/537.36 (KHTML, like Gecko) Chrome/100.0.1892.187 Safari/537.36"
10.1.4.102 - - [28/Feb/2025:00:52:17 -0800] "GET / HTTP/1.1" 200 24500 "-" "ELB-HealthChecker/2.0"
10.1.3.207 - - [28/Feb/2025:00:52:23 -0800] "GET / HTTP/1.1" 200 24500 "-" "ELB-HealthChecker/2.0"
10.1.4.139 - - [28/Feb/2025:00:52:29 -0800] "GET / HTTP/1.1" 200 24500 "-" "ELB-HealthChecker/2.0"
10.1.3.223 - - [28/Feb/2025:00:52:32 -0800] "GET / HTTP/1.1" 200 24500 "-" "ELB-HealthChecker/2.0"
10.1.4.102 - - [28/Feb/2025:00:52:47 -0800] "GET / HTTP/1.1" 200 24500 "-" "ELB-HealthChecker/2.0"
10.1.3.207 - - [28/Feb/2025:00:52:51 -0800] "GET /data/cassini/cassini_orbiter/covims_0067/data/2014137T105024_2014138T060742/v1779077787_1.qub HTTP/1.1" 302 316 "-" "Mozilla/5.0 (Windows NT 10.0; Win64; x64) AppleWebKit/537.36 (KHTML, like Gecko) Chrome/100.0.1386.145 Safari/537.36"
10.1.3.207 - - [28/Feb/2025:00:52:53 -0800] "GET / HTTP/1.1" 200 24500 "-" "ELB-HealthChecker/2.0"
10.1.4.102 - - [28/Feb/2025:00:52:55 -0800] "GET /data/cassini/cassini_orbiter/covims_0009/data/2005331T174437_2005332T130308/v1511812386_1.lbl HTTP/1.1" 302 316 "-" "Mozilla/5.0 AppleWebKit/537.36 (KHTML, like Gecko; compatible; bingbot/2.0; +http://www.bing.com/bingbot.htm) Chrome/116.0.1938.76 Safari/537.36"
10.1.4.139 - - [28/Feb/2025:00:52:59 -0800] "GET / HTTP/1.1" 200 24500 "-" "ELB-HealthChecker/2.0"
10.1.3.223 - - [28/Feb/2025:00:53:02 -0800] "GET / HTTP/1.1" 200 24500 "-" "ELB-HealthChecker/2.0"
10.1.4.102 - - [28/Feb/2025:00:53:04 -0800] "GET /data/msl/MSLHAZ_1XXX/DATA/SOL03456/FLB_704299909DFFLT0941578FHAZ00302M1.IMG HTTP/1.1" 302 298 "-" "Mozilla/5.0 AppleWebKit/537.36 (KHTML, like Gecko; compatible; bingbot/2.0; +http://www.bing.com/bingbot.htm) Chrome/116.0.1938.76 Safari/537.36"
10.1.4.102 - - [28/Feb/2025:00:53:17 -0800] "GET / HTTP/1.1" 200 24500 "-" "ELB-HealthChecker/2.0"
10.1.3.207 - - [28/Feb/2025:00:53:24 -0800] "GET / HTTP/1.1" 200 24500 "-" "ELB-HealthChecker/2.0"
10.1.4.139 - - [28/Feb/2025:00:53:29 -0800] "GET / HTTP/1.1" 200 24500 "-" "ELB-HealthChecker/2.0"
10.1.3.223 - - [28/Feb/2025:00:53:32 -0800] "GET / HTTP/1.1" 200 24500 "-" "ELB-HealthChecker/2.0"
10.1.4.102 - - [28/Feb/2025:00:53:47 -0800] "GET / HTTP/1.1" 200 24500 "-" "ELB-HealthChecker/2.0"
10.1.3.207 - - [28/Feb/2025:00:53:54 -0800] "GET / HTTP/1.1" 200 24500 "-" "ELB-HealthChecker/2.0"
10.1.4.102 - - [28/Feb/2025:00:53:56 -0800] "GET /data/mro/mars_reconnaissance_orbiter/ctx/mrox_0343/document/ctx_2006je002808.pdf HTTP/1.1" 302 303 "-" "Googlebot/2.1 (+http://www.google.com/bot.html)"
10.1.4.139 - - [28/Feb/2025:00:53:59 -0800] "GET / HTTP/1.1" 200 24500 "-" "ELB-HealthChecker/2.0"
10.1.3.223 - - [28/Feb/2025:00:54:02 -0800] "GET / HTTP/1.1" 200 24500 "-" "ELB-HealthChecker/2.0"
10.1.4.102 - - [28/Feb/2025:00:54:17 -0800] "GET / HTTP/1.1" 200 24500 "-" "ELB-HealthChecker/2.0"
10.1.4.102 - - [28/Feb/2025:00:54:17 -0800] "GET /w10n/co-v_e_j_s-radar-3-lbdr-v1.0/CORADR_0243/DOCUMENT/BIDRSIS.PDF HTTP/1.1" 302 289 "-" "Googlebot/2.1 (+http://www.google.com/bot.html)"
10.1.4.102 - - [28/Feb/2025:00:54:18 -0800] "GET /data/co-v_e_j_s-radar-3-lbdr-v1.0/CORADR_0164/DOCUMENT/BIDRSIS.PDF HTTP/1.1" 302 289 "-" "Googlebot/2.1 (+http://www.google.com/bot.html)"
10.1.3.207 - - [28/Feb/2025:00:54:24 -0800] "GET / HTTP/1.1" 200 24500 "-" "ELB-HealthChecker/2.0"
10.1.3.207 - - [28/Feb/2025:00:54:26 -0800] "GET /data/msl/MSLMST_0031/DATA/RDR/SURFACE/3503/3503ML1021840061403306I01_DRCX.LBL HTTP/1.1" 302 300 "-" "Mozilla/5.0 AppleWebKit/537.36 (KHTML, like Gecko; compatible; bingbot/2.0; +http://www.bing.com/bingbot.htm) Chrome/116.0.1938.76 Safari/537.36"
10.1.4.139 - - [28/Feb/2025:00:54:29 -0800] "GET / HTTP/1.1" 200 24500 "-" "ELB-HealthChecker/2.0"
10.1.3.223 - - [28/Feb/2025:00:54:32 -0800] "GET / HTTP/1.1" 200 24500 "-" "ELB-HealthChecker/2.0"
10.1.4.102 - - [28/Feb/2025:00:54:47 -0800] "GET / HTTP/1.1" 200 24500 "-" "ELB-HealthChecker/2.0"
10.1.4.102 - - [28/Feb/2025:00:54:48 -0800] "GET /data/cassini/cassini_orbiter/CORADR_0199_V03/DOCUMENT/BIDRSIS.PDF HTTP/1.1" 302 288 "-" "Googlebot/2.1 (+http://www.google.com/bot.html)"
10.1.3.207 - - [28/Feb/2025:00:54:54 -0800] "GET / HTTP/1.1" 200 24500 "-" "ELB-HealthChecker/2.0"
10.1.4.139 - - [28/Feb/2025:00:54:59 -0800] "GET / HTTP/1.1" 200 24500 "-" "ELB-HealthChecker/2.0"
10.1.3.223 - - [28/Feb/2025:00:55:02 -0800] "GET / HTTP/1.1" 200 24500 "-" "ELB-HealthChecker/2.0"
10.1.4.102 - - [28/Feb/2025:00:55:15 -0800] "GET /data/cassini/cassini_orbiter/covims_0089/data/2017070T080432_2017070T110604/v1867918655_1.qub HTTP/1.1" 302 316 "-" "Mozilla/5.0 AppleWebKit/537.36 (KHTML, like Gecko; compatible; bingbot/2.0; +http://www.bing.com/bingbot.htm) Chrome/116.0.1938.76 Safari/537.36"
10.1.4.102 - - [28/Feb/2025:00:55:17 -0800] "GET / HTTP/1.1" 200 24500 "-" "ELB-HealthChecker/2.0"
10.1.4.102 - - [28/Feb/2025:00:55:18 -0800] "GET /data/mgs-m-moc-na_wa-2-sdp-l0-v1.0/mgsc_1453/s09020/s0902078.imq HTTP/1.1" 302 287 "-" "Mozilla/5.0 AppleWebKit/537.36 (KHTML, like Gecko; compatible; bingbot/2.0; +http://www.bing.com/bingbot.htm) Chrome/116.0.1938.76 Safari/537.36"
10.1.4.102 - - [28/Feb/2025:00:55:19 -0800] "GET /w10n/mer2-m-pancam-5-anaglyph-ops-v1.0/mer2po_0xxx/browse/sol1337/edr/2p245057167ethavefp2598l2m1.img.jpg/?output=html HTTP/1.1" 302 341 "-" "Mozilla/5.0 AppleWebKit/537.36 (KHTML, like Gecko; compatible; bingbot/2.0; +http://www.bing.com/bingbot.htm) Chrome/116.0.1938.76 Safari/537.36"
10.1.3.207 - - [28/Feb/2025:00:55:24 -0800] "GET / HTTP/1.1" 200 24500 "-" "ELB-HealthChecker/2.0"
10.1.4.102 - - [28/Feb/2025:00:55:27 -0800] "GET /data/cassini/cassini_orbiter/covims_0040/data/2009346T041935_2009346T101550/v1639286078_1.qub HTTP/1.1" 302 316 "-" "Mozilla/5.0 (Windows NT 10.0; Win64; x64) AppleWebKit/537.36 (KHTML, like Gecko) Chrome/100.0.4267.749 Safari/537.36"
10.1.4.139 - - [28/Feb/2025:00:55:29 -0800] "GET / HTTP/1.1" 200 24500 "-" "ELB-HealthChecker/2.0"
10.1.3.207 - - [28/Feb/2025:00:55:31 -0800] "GET /data/mro/mars_reconnaissance_orbiter/ctx/mrox_1033/document/ctx_2006je002808.pdf HTTP/1.1" 302 303 "-" "Googlebot/2.1 (+http://www.google.com/bot.html)"
10.1.3.223 - - [28/Feb/2025:00:55:32 -0800] "GET / HTTP/1.1" 200 24500 "-" "ELB-HealthChecker/2.0"
10.1.4.102 - - [28/Feb/2025:00:55:47 -0800] "GET / HTTP/1.1" 200 24500 "-" "ELB-HealthChecker/2.0"
10.1.3.207 - - [28/Feb/2025:00:55:54 -0800] "GET / HTTP/1.1" 200 24500 "-" "ELB-HealthChecker/2.0"
10.1.3.207 - - [28/Feb/2025:00:55:57 -0800] "GET /data/mro/mars_reconnaissance_orbiter/ctx/mrox_0247/ HTTP/1.1" 302 274 "-" "Mozilla/5.0 (Linux; Android 6.0.1; Nexus 5X Build/MMB29P) AppleWebKit/537.36 (KHTML, like Gecko) Chrome/133.0.6943.53 Mobile Safari/537.36 (compatible; Googlebot/2.1; +http://www.google.com/bot.html)"
10.1.4.139 - - [28/Feb/2025:00:55:59 -0800] "GET / HTTP/1.1" 200 24500 "-" "ELB-HealthChecker/2.0"
10.1.3.223 - - [28/Feb/2025:00:56:02 -0800] "GET / HTTP/1.1" 200 24500 "-" "ELB-HealthChecker/2.0"
10.1.4.102 - - [28/Feb/2025:00:56:15 -0800] "GET /data/co-s-issna_isswa-2-edr-v1.0/coiss_2076/extras/browse/1725413765_1725719808/ HTTP/1.1" 302 303 "-" "Mozilla/5.0 AppleWebKit/537.36 (KHTML, like Gecko; compatible; bingbot/2.0; +http://www.bing.com/bingbot.htm) Chrome/116.0.1938.76 Safari/537.36"
