10.1.4.139 - - [27/Feb/2025:23:59:27 -0800] "GET / HTTP/1.1" 200 24500 "-" "ELB-HealthChecker/2.0"
10.1.3.223 - - [27/Feb/2025:23:59:29 -0800] "GET /data/mro/ctx/mrox_4215/document/archsis.pdf HTTP/1.1" 302 266 "-" "Mozilla/5.0 AppleWebKit/537.36 (KHTML, like Gecko; compatible; bingbot/2.0; +http://www.bing.com/bingbot.htm) Chrome/116.0.1938.76 Safari/537.36"
10.1.3.223 - - [27/Feb/2025:23:59:30 -0800] "GET / HTTP/1.1" 200 24500 "-" "ELB-HealthChecker/2.0"
10.1.4.139 - - [27/Feb/2025:23:59:57 -0800] "GET / HTTP/1.1" 200 24500 "-" "ELB-HealthChecker/2.0"
10.1.3.223 - - [28/Feb/2025:00:00:00 -0800] "GET / HTTP/1.1" 200 24500 "-" "ELB-HealthChecker/2.0"
10.1.4.139 - - [28/Feb/2025:00:00:27 -0800] "GET / HTTP/1.1" 200 24500 "-" "ELB-HealthChecker/2.0"
10.1.4.139 - - [28/Feb/2025:00:00:27 -0800] "GET /volumes/mro/release60.html HTTP/1.1" 200 25663 "-" "Mozilla/5.0 (compatible; SemrushBot/7~bl; +http://www.semrush.com/bot.html)"
10.1.3.223 - - [28/Feb/2025:00:00:30 -0800] "GET / HTTP/1.1" 200 24500 "-" "ELB-HealthChecker/2.0"
10.1.4.139 - - [28/Feb/2025:00:00:57 -0800] "GET / HTTP/1.1" 200 24500 "-" "ELB-HealthChecker/2.0"
10.1.3.223 - - [28/Feb/2025:00:01:00 -0800] "GET / HTTP/1.1" 200 24500 "-" "ELB-HealthChecker/2.0"
10.1.3.223 - - [28/Feb/2025:00:01:15 -0800] "GET /data/msl/MSLMST_0030/DATA/EDR/SURFACE/3312/3312ML1010780161300358C00_XXXX.DAT HTTP/1.1" 302 300 "-" "Mozilla/5.0 AppleWebKit/537.36 (KHTML, like Gecko; compatible; bingbot/2.0; +http://www.bing.com/bingbot.htm) Chrome/116.0.1938.76 Safari/537.36"
10.1.3.223 - - [28/Feb/2025:00:01:19 -0800] "GET /data/cassini/cassini_orbiter/covims_0050/data/2011274T092443_2011274T154725/v1696175058_1.lbl HTTP/1.1" 302 316 "-" "Mozilla/5.0 (Windows NT 10.0; Win64; x64) AppleWebKit/537.36 (KHTML, like Gecko) Chrome/100.0.6802.290 Safari/537.36"
10.1.4.139 - - [28/Feb/2025:00:01:20 -0800] "GET /data/cassini/cassini_orbiter/covims_0050/data/2011274T092443_2011274T154725/v1696175058_1.lbl HTTP/1.1" 302 316 "-" "Mozilla/5.0 (Windows NT 10.0; Win64; x64) AppleWebKit/537.36 (KHTML, like Gecko) Chrome/100.0.6802.290 Safari/537.36"
10.1.4.139 - - [28/Feb/2025:00:01:21 -0800] "GET /data/cassini/cassini_orbiter/covims_0070/data/2014265T075920_2014265T090140/v1790070031_1.qub HTTP/1.1" 302 316 "-" "Mozilla/5.0 (Windows NT 10.0; Win64; x64) AppleWebKit/537.36 (KHTML, like Gecko) Chrome/100.0.9058.473 Safari/537.36"
10.1.4.139 - - [28/Feb/2025:00:01:27 -0800] "GET / HTTP/1.1" 200 24500 "-" "ELB-HealthChecker/2.0"
10.1.3.223 - - [28/Feb/2025:00:01:30 -0800] "GET / HTTP/1.1" 200 24500 "-" "ELB-HealthChecker/2.0"
10.1.3.223 - - [28/Feb/2025:00:01:49 -0800] "GET /data/mars2020/mars2020_mastcamz_sci_calibrated/data/0530/iof/ZL0_0530_0713996075_710IOF_N0261222ZCAM05130_1100LMA01.IMG HTTP/1.1" 302 342 "-" "Mozilla/5.0 AppleWebKit/537.36 (KHTML, like Gecko; compatible; bingbot/2.0; +http://www.bing.com/bingbot.htm) Chrome/116.0.1938.76 Safari/537.36"
10.1.3.223 - - [28/Feb/2025:00:01:49 -0800] "GET /data/cassini/cassini_orbiter/covims_0070/data/2014265T150540_2014267T035854/v1790105639_1.lbl HTTP/1.1" 302 316 "-" "Mozilla/5.0 (Windows NT 10.0; Win64; x64) AppleWebKit/537.36 (KHTML, like Gecko) Chrome/100.0.7729.301 Safari/537.36"
10.1.4.139 - - [28/Feb/2025:00:01:57 -0800] "GET / HTTP/1.1" 200 24500 "-" "ELB-HealthChecker/2.0"
10.1.3.223 - - [28/Feb/2025:00:02:00 -0800] "GET / HTTP/1.1" 200 24500 "-" "ELB-HealthChecker/2.0"
10.1.4.139 - - [28/Feb/2025:00:02:27 -0800] "GET / HTTP/1.1" 200 24500 "-" "ELB-HealthChecker/2.0"
10.1.3.223 - - [28/Feb/2025:00:02:30 -0800] "GET / HTTP/1.1" 200 24500 "-" "ELB-HealthChecker/2.0"
10.1.3.223 - - [28/Feb/2025:00:02:40 -0800] "GET /data/cassini/cassini_orbiter/covims_0070/data/2014265T090239_2014265T100518/v1790074268_1.qub HTTP/1.1" 302 316 "-" "Mozilla/5.0 (Windows NT 10.0; Win64; x64) AppleWebKit/537.36 (KHTML, like Gecko) Chrome/100.0.7141.171 Safari/537.36"
10.1.3.223 - - [28/Feb/2025:00:02:42 -0800] "GET /data/cassini/cassini_orbiter/covims_0070/data/2014265T090239_2014265T100518/v1790074268_1.qub HTTP/1.1" 302 316 "-" "Mozilla/5.0 (Windows NT 10.0; Win64; x64) AppleWebKit/537.36 (KHTML, like Gecko) Chrome/100.0.7141.171 Safari/537.36"
43.129.169.161 - - [28/Feb/2025:00:02:48 -0800] "HEAD /Core/Skin/Login.aspx HTTP/1.1" 404 - "-" "Mozilla/5.0 (Windows NT 10.0; Win64; x64) AppleWebKit/537.36 (KHTML, like Gecko) Chrome/106.0.0.0 Safari/537.36"
10.1.4.139 - - [28/Feb/2025:00:02:57 -0800] "GET / HTTP/1.1" 200 24500 "-" "ELB-HealthChecker/2.0"
10.1.3.223 - - [28/Feb/2025:00:03:00 -0800] "GET / HTTP/1.1" 200 24500 "-" "ELB-HealthChecker/2.0"
10.1.3.223 - - [28/Feb/2025:00:03:11 -0800] "GET /search/ HTTP/1.1" 200 127576 "-" "Mozilla/5.0 (compatible; Googlebot/2.1; +http://www.google.com/bot.html)"
10.1.3.223 - - [28/Feb/2025:00:03:13 -0800] "GET /search/widgets/SpacecraftYawWidget.js HTTP/1.1" 200 3043 "https://pds-imaging.jpl.nasa.gov/search/" "Mozilla/5.0 AppleWebKit/537.36 (KHTML, like Gecko; compatible; Googlebot/2.1; +http://www.google.com/bot.html) Chrome/133.0.6943.126 Safari/537.36"
10.1.3.223 - - [28/Feb/2025:00:03:14 -0800] "GET /search/js/jquery.history.js HTTP/1.1" 200 22928 "https://pds-imaging.jpl.nasa.gov/search/" "Mozilla/5.0 AppleWebKit/537.36 (KHTML, like Gecko; compatible; Googlebot/2.1; +http://www.google.com/bot.html) Chrome/133.0.6943.126 Safari/537.36"
10.1.3.223 - - [28/Feb/2025:00:03:16 -0800] "GET /search/managers/Manager.jquery.js HTTP/1.1" 200 1230 "https://pds-imaging.jpl.nasa.gov/search/" "Mozilla/5.0 AppleWebKit/537.36 (KHTML, like Gecko; compatible; Googlebot/2.1; +http://www.google.com/bot.html) Chrome/133.0.6943.126 Safari/537.36"
10.1.3.223 - - [28/Feb/2025:00:03:17 -0800] "GET /search/widgets/RMCIcWidget.js HTTP/1.1" 200 3417 "https://pds-imaging.jpl.nasa.gov/search/" "Mozilla/5.0 AppleWebKit/537.36 (KHTML, like Gecko; compatible; Googlebot/2.1; +http://www.google.com/bot.html) Chrome/133.0.6943.126 Safari/537.36"
10.1.3.223 - - [28/Feb/2025:00:03:17 -0800] "GET /search/widgets/SubSpacecraftLatitudeWidget.js HTTP/1.1" 200 3575 "https://pds-imaging.jpl.nasa.gov/search/" "Mozilla/5.0 AppleWebKit/537.36 (KHTML, like Gecko; compatible; Googlebot/2.1; +http://www.google.com/bot.html) Chrome/133.0.6943.126 Safari/537.36"
10.1.3.223 - - [28/Feb/2025:00:03:19 -0800] "GET /search/js/jquery-ui.js HTTP/1.1" 200 436919 "https://pds-imaging.jpl.nasa.gov/search/" "Mozilla/5.0 AppleWebKit/537.36 (KHTML, like Gecko; compatible; Googlebot/2.1; +http://www.google.com/bot.html) Chrome/133.0.6943.126 Safari/537.36"
10.1.3.223 - - [28/Feb/2025:00:03:20 -0800] "GET /search/js/tiff.min.js HTTP/1.1" 200 1572831 "https://pds-imaging.jpl.nasa.gov/search/" "Mozilla/5.0 AppleWebKit/537.36 (KHTML, like Gecko; compatible; Googlebot/2.1; +http://www.google.com/bot.html) Chrome/133.0.6943.126 Safari/537.36"
10.1.3.223 - - [28/Feb/2025:00:03:22 -0800] "GET /search/widgets/TargetDistanceWidget.js HTTP/1.1" 200 3474 "https://pds-imaging.jpl.nasa.gov/search/" "Mozilla/5.0 AppleWebKit/537.36 (KHTML, like Gecko; compatible; Googlebot/2.1; +http://www.google.com/bot.html) Chrome/133.0.6943.126 Safari/537.36"
10.1.3.223 - - [28/Feb/2025:00:03:22 -0800] "GET /search/css/jssocials-theme-classic.css HTTP/1.1" 200 4182 "https://pds-imaging.jpl.nasa.gov/search/" "Mozilla/5.0 AppleWebKit/537.36 (KHTML, like Gecko; compatible; Googlebot/2.1; +http://www.google.com/bot.html) Chrome/133.0.6943.126 Safari/537.36"
10.1.3.223 - - [28/Feb/2025:00:03:23 -0800] "GET /search/widgets/jquery/PagerWidget.js HTTP/1.1" 200 8017 "https://pds-imaging.jpl.nasa.gov/search/" "Mozilla/5.0 AppleWebKit/537.36 (KHTML, like Gecko; compatible; Googlebot/2.1; +http://www.google.com/bot.html) Chrome/133.0.6943.126 Safari/537.36"
10.1.3.223 - - [28/Feb/2025:00:03:23 -0800] "GET /search/js/FileSaver.js HTTP/1.1" 200 7912 "https://pds-imaging.jpl.nasa.gov/search/" "Mozilla/5.0 AppleWebKit/537.36 (KHTML, like Gecko; compatible; Googlebot/2.1; +http://www.google.com/bot.html) Chrome/133.0.6943.126 Safari/537.36"
10.1.3.223 - - [28/Feb/2025:00:03:23 -0800] "GET /search/widgets/SubSolarLongitudeWidget.js HTTP/1.1" 200 3569 "https://pds-imaging.jpl.nasa.gov/search/" "Mozilla/5.0 AppleWebKit/537.36 (KHTML, like Gecko; compatible; Googlebot/2.1; +http://www.google.com/bot.html) Chrome/133.0.6943.126 Safari/537.36"
10.1.3.223 - - [28/Feb/2025:00:03:23 -0800] "GET /search/widgets/AccordionWidget.js HTTP/1.1" 200 5192 "https://pds-imaging.jpl.nasa.gov/search/" "Mozilla/5.0 AppleWebKit/537.36 (KHTML, like Gecko; compatible; Googlebot/2.1; +http://www.google.com/bot.html) Chrome/133.0.6943.126 Safari/537.36"
10.1.3.223 - - [28/Feb/2025:00:03:23 -0800] "GET /search/widgets/IncidenceWidget.js HTTP/1.1" 200 3477 "https://pds-imaging.jpl.nasa.gov/search/" "Mozilla/5.0 AppleWebKit/537.36 (KHTML, like Gecko; compatible; Googlebot/2.1; +http://www.google.com/bot.html) Chrome/133.0.6943.126 Safari/537.36"
10.1.3.223 - - [28/Feb/2025:00:03:23 -0800] "GET /search/js/jssocials.js HTTP/1.1" 200 17154 "https://pds-imaging.jpl.nasa.gov/search/" "Mozilla/5.0 AppleWebKit/537.36 (KHTML, like Gecko; compatible; Googlebot/2.1; +http://www.google.com/bot.html) Chrome/133.0.6943.126 Safari/537.36"
10.1.3.223 - - [28/Feb/2025:00:03:23 -0800] "GET /search/widgets/OrbitNumberWidget.js HTTP/1.1" 200 3460 "https://pds-imaging.jpl.nasa.gov/search/" "Mozilla/5.0 AppleWebKit/537.36 (KHTML, like Gecko; compatible; Googlebot/2.1; +http://www.google.com/bot.html) Chrome/133.0.6943.126 Safari/537.36"
10.1.3.223 - - [28/Feb/2025:00:03:23 -0800] "GET /search/widgets/CassiniMapWidget.js HTTP/1.1" 200 13866 "https://pds-imaging.jpl.nasa.gov/search/" "Mozilla/5.0 AppleWebKit/537.36 (KHTML, like Gecko; compatible; Googlebot/2.1; +http://www.google.com/bot.html) Chrome/133.0.6943.126 Safari/537.36"
10.1.3.223 - - [28/Feb/2025:00:03:24 -0800] "GET /search/widgets/DeclinationWidget.js HTTP/1.1" 200 3479 "https://pds-imaging.jpl.nasa.gov/search/" "Mozilla/5.0 AppleWebKit/537.36 (KHTML, like Gecko; compatible; Googlebot/2.1; +http://www.google.com/bot.html) Chrome/133.0.6943.126 Safari/537.36"
10.1.3.223 - - [28/Feb/2025:00:03:24 -0800] "GET /search/widgets/SlantDistanceWidget.js HTTP/1.1" 200 3468 "https://pds-imaging.jpl.nasa.gov/search/" "Mozilla/5.0 AppleWebKit/537.36 (KHTML, like Gecko; compatible; Googlebot/2.1; +http://www.google.com/bot.html) Chrome/133.0.6943.126 Safari/537.36"
10.1.3.223 - - [28/Feb/2025:00:03:24 -0800] "GET /search/widgets/ReportWidget.js HTTP/1.1" 200 2236 "https://pds-imaging.jpl.nasa.gov/search/" "Mozilla/5.0 AppleWebKit/537.36 (KHTML, like Gecko; compatible; Googlebot/2.1; +http://www.google.com/bot.html) Chrome/133.0.6943.126 Safari/537.36"
10.1.3.223 - - [28/Feb/2025:00:03:25 -0800] "GET /search/widgets/RMCChimraWidget.js HTTP/1.1" 200 3513 "https://pds-imaging.jpl.nasa.gov/search/" "Mozilla/5.0 AppleWebKit/537.36 (KHTML, like Gecko; compatible; Googlebot/2.1; +http://www.google.com/bot.html) Chrome/133.0.6943.126 Safari/537.36"
10.1.3.223 - - [28/Feb/2025:00:03:25 -0800] "GET /search/js/Config.js HTTP/1.1" 200 4181 "https://pds-imaging.jpl.nasa.gov/search/" "Mozilla/5.0 AppleWebKit/537.36 (KHTML, like Gecko; compatible; Googlebot/2.1; +http://www.google.com/bot.html) Chrome/133.0.6943.126 Safari/537.36"
10.1.3.223 - - [28/Feb/2025:00:03:26 -0800] "GET /search/widgets/FeaturedImagesWidget.js HTTP/1.1" 200 2000 "https://pds-imaging.jpl.nasa.gov/search/" "Mozilla/5.0 AppleWebKit/537.36 (KHTML, like Gecko; compatible; Googlebot/2.1; +http://www.google.com/bot.html) Chrome/133.0.6943.126 Safari/537.36"
10.1.3.223 - - [28/Feb/2025:00:03:26 -0800] "GET /search/core/Parameter.js HTTP/1.1" 200 4790 "https://pds-imaging.jpl.nasa.gov/search/" "Mozilla/5.0 AppleWebKit/537.36 (KHTML, like Gecko; compatible; Googlebot/2.1; +http://www.google.com/bot.html) Chrome/133.0.6943.126 Safari/537.36"
10.1.3.223 - - [28/Feb/2025:00:03:26 -0800] "GET /search/widgets/SpacecraftClockStartCountWidget.js HTTP/1.1" 200 3610 "https://pds-imaging.jpl.nasa.gov/search/" "Mozilla/5.0 AppleWebKit/537.36 (KHTML, like Gecko; compatible; Googlebot/2.1; +http://www.google.com/bot.html) Chrome/133.0.6943.126 Safari/537.36"
10.1.3.223 - - [28/Feb/2025:00:03:26 -0800] "GET /search/widgets/SubSolarAzimuthWidget.js HTTP/1.1" 200 3539 "https://pds-imaging.jpl.nasa.gov/search/" "Mozilla/5.0 AppleWebKit/537.36 (KHTML, like Gecko; compatible; Googlebot/2.1; +http://www.google.com/bot.html) Chrome/133.0.6943.126 Safari/537.36"
10.1.3.223 - - [28/Feb/2025:00:03:26 -0800] "GET /search/widgets/RMCArmWidget.js HTTP/1.1" 200 3717 "https://pds-imaging.jpl.nasa.gov/search/" "Mozilla/5.0 AppleWebKit/537.36 (KHTML, like Gecko; compatible; Googlebot/2.1; +http://www.google.com/bot.html) Chrome/133.0.6943.126 Safari/537.36"
10.1.3.223 - - [28/Feb/2025:00:03:26 -0800] "GET /search/js/jplfx/require.js HTTP/1.1" 200 15059 "https://pds-imaging.jpl.nasa.gov/search/" "Mozilla/5.0 AppleWebKit/537.36 (KHTML, like Gecko; compatible; Googlebot/2.1; +http://www.google.com/bot.html) Chrome/133.0.6943.126 Safari/537.36"
10.1.3.223 - - [28/Feb/2025:00:03:26 -0800] "GET /search/widgets/SiteInstElWidget.js HTTP/1.1" 200 3502 "https://pds-imaging.jpl.nasa.gov/search/" "Mozilla/5.0 AppleWebKit/537.36 (KHTML, like Gecko; compatible; Googlebot/2.1; +http://www.google.com/bot.html) Chrome/133.0.6943.126 Safari/537.36"
10.1.3.223 - - [28/Feb/2025:00:03:26 -0800] "GET /search/widgets/LongitudeWidget.js HTTP/1.1" 200 3498 "https://pds-imaging.jpl.nasa.gov/search/" "Mozilla/5.0 AppleWebKit/537.36 (KHTML, like Gecko; compatible; Googlebot/2.1; +http://www.google.com/bot.html) Chrome/133.0.6943.126 Safari/537.36"
10.1.3.223 - - [28/Feb/2025:00:03:27 -0800] "GET /search/widgets/CurrentSearchWidget.js HTTP/1.1" 200 23010 "https://pds-imaging.jpl.nasa.gov/search/" "Mozilla/5.0 AppleWebKit/537.36 (KHTML, like Gecko; compatible; Googlebot/2.1; +http://www.google.com/bot.html) Chrome/133.0.6943.126 Safari/537.36"
10.1.4.139 - - [28/Feb/2025:00:03:27 -0800] "GET / HTTP/1.1" 200 24500 "-" "ELB-HealthChecker/2.0"
10.1.3.223 - - [28/Feb/2025:00:03:27 -0800] "GET /search/widgets/RoverInstAzWidget.js HTTP/1.1" 200 3498 "https://pds-imaging.jpl.nasa.gov/search/" "Mozilla/5.0 AppleWebKit/537.36 (KHTML, like Gecko; compatible; Googlebot/2.1; +http://www.google.com/bot.html) Chrome/133.0.6943.126 Safari/537.36"
10.1.3.223 - - [28/Feb/2025:00:03:27 -0800] "GET /search/js/Blob.js HTTP/1.1" 200 5150 "https://pds-imaging.jpl.nasa.gov/search/" "Mozilla/5.0 AppleWebKit/537.36 (KHTML, like Gecko; compatible; Googlebot/2.1; +http://www.google.com/bot.html) Chrome/133.0.6943.126 Safari/537.36"
10.1.3.223 - - [28/Feb/2025:00:03:27 -0800] "GET /search/widgets/SubSolarLatitudeWidget.js HTTP/1.1" 200 3563 "https://pds-imaging.jpl.nasa.gov/search/" "Mozilla/5.0 AppleWebKit/537.36 (KHTML, like Gecko; compatible; Googlebot/2.1; +http://www.google.com/bot.html) Chrome/133.0.6943.126 Safari/537.36"
10.1.3.223 - - [28/Feb/2025:00:03:28 -0800] "GET /search/widgets/SiteSolarElWidget.js HTTP/1.1" 200 3478 "https://pds-imaging.jpl.nasa.gov/search/" "Mozilla/5.0 AppleWebKit/537.36 (KHTML, like Gecko; compatible; Googlebot/2.1; +http://www.google.com/bot.html) Chrome/133.0.6943.126 Safari/537.36"
10.1.3.223 - - [28/Feb/2025:00:03:29 -0800] "GET /data/cassini/cassini_orbiter/covims_0005/data/2004348T074559_2004348T173400/v1481620912_1.qub HTTP/1.1" 302 316 "-" "Mozilla/5.0 (Windows NT 10.0; Win64; x64) AppleWebKit/537.36 (KHTML, like Gecko) Chrome/100.0.6605.356 Safari/537.36"
10.1.3.223 - - [28/Feb/2025:00:03:30 -0800] "GET / HTTP/1.1" 200 24500 "-" "ELB-HealthChecker/2.0"
10.1.3.223 - - [28/Feb/2025:00:03:32 -0800] "GET /data/cassini/cassini_orbiter/covims_0005/data/2004348T074559_2004348T173400/v1481620912_1.qub HTTP/1.1" 302 316 "-" "Mozilla/5.0 (Windows NT 10.0; Win64; x64) AppleWebKit/537.36 (KHTML, like Gecko) Chrome/100.0.6605.356 Safari/537.36"
10.1.3.223 - - [28/Feb/2025:00:03:33 -0800] "GET /search/fonts/fontawesome-webfont.woff2?v=4.7.0 HTTP/1.1" 200 77160 "https://pds-imaging.jpl.nasa.gov/search/css/font-awesome.css" "Mozilla/5.0 AppleWebKit/537.36 (KHTML, like Gecko; compatible; Googlebot/2.1; +http://www.google.com/bot.html) Chrome/133.0.6943.126 Safari/537.36"
10.1.4.139 - - [28/Feb/2025:00:03:57 -0800] "GET / HTTP/1.1" 200 24500 "-" "ELB-HealthChecker/2.0"
10.1.3.223 - - [28/Feb/2025:00:04:00 -0800] "GET / HTTP/1.1" 200 24500 "-" "ELB-HealthChecker/2.0"
10.1.3.223 - - [28/Feb/2025:00:04:03 -0800] "GET /data/clem1-l-h-5-dim-mosaic-v1.0/cl_6013/hxxx2453/browse/h07s2453.htm HTTP/1.1" 302 292 "-" "Mozilla/5.0 AppleWebKit/537.36 (KHTML, like Gecko; compatible; bingbot/2.0; +http://www.bing.com/bingbot.htm) Chrome/116.0.1938.76 Safari/537.36"
10.1.4.139 - - [28/Feb/2025:00:04:27 -0800] "GET / HTTP/1.1" 200 24500 "-" "ELB-HealthChecker/2.0"
10.1.3.223 - - [28/Feb/2025:00:04:30 -0800] "GET / HTTP/1.1" 200 24500 "-" "ELB-HealthChecker/2.0"
10.1.3.223 - - [28/Feb/2025:00:04:45 -0800] "GET /data/cassini/cassini_orbiter/covims_0020/data/2007164T204313_2007165T024258/v1560462563_1.qub HTTP/1.1" 302 316 "-" "Mozilla/5.0 (Windows NT 10.0; Win64; x64) AppleWebKit/537.36 (KHTML, like Gecko) Chrome/100.0.2003.817 Safari/537.36"
10.1.3.223 - - [28/Feb/2025:00:04:52 -0800] "GET /data/go-v-nims-3-tube-v1.0/go_1101/venus/vevft219.qut HTTP/1.1" 302 276 "http://pds-imaging.jpl.nasa.gov/data/go-v-nims-3-tube-v1.0/go_1101/venus/vevft219.qut" "Mozilla/5.0 (keys-so-bot)"
10.1.4.139 - - [28/Feb/2025:00:04:52 -0800] "GET /data/messenger/MDIS/MDIS/MSGRMDS_2001/CDR/2008_281/ HTTP/1.1" 302 274 "-" "Mozilla/5.0 (Linux; Android 6.0.1; Nexus 5X Build/MMB29P) AppleWebKit/537.36 (KHTML, like Gecko) Chrome/133.0.6943.53 Mobile Safari/537.36 (compatible; GoogleOther)"
10.1.4.139 - - [28/Feb/2025:00:04:57 -0800] "GET / HTTP/1.1" 200 24500 "-" "ELB-HealthChecker/2.0"
10.1.3.223 - - [28/Feb/2025:00:05:00 -0800] "GET / HTTP/1.1" 200 24500 "-" "ELB-HealthChecker/2.0"
10.1.3.223 - - [28/Feb/2025:00:05:02 -0800] "GET /data/cassini/cassini_orbiter/covims_0003/data/2002286T181003_2002286T181120/v1413224917_1_041.lbl HTTP/1.1" 302 320 "-" "Mozilla/5.0 AppleWebKit/537.36 (KHTML, like Gecko; compatible; bingbot/2.0; +http://www.bing.com/bingbot.htm) Chrome/116.0.1938.76 Safari/537.36"
193.68.89.51 - - [28/Feb/2025:00:05:12 -0800] "GET / HTTP/1.1" 200 24500 "-" "Mozilla/5.0 (Windows NT 10.0; Win64; x64) AppleWebKit/537.36 (KHTML, like Gecko) Chrome/90.0.4430.85 Safari/537.36 Edg/90.0.818.46"
10.1.4.139 - - [28/Feb/2025:00:05:27 -0800] "GET / HTTP/1.1" 200 24500 "-" "ELB-HealthChecker/2.0"
10.1.3.223 - - [28/Feb/2025:00:05:30 -0800] "GET / HTTP/1.1" 200 24500 "-" "ELB-HealthChecker/2.0"
10.1.4.139 - - [28/Feb/2025:00:05:57 -0800] "GET / HTTP/1.1" 200 24500 "-" "ELB-HealthChecker/2.0"
10.1.3.223 - - [28/Feb/2025:00:06:00 -0800] "GET / HTTP/1.1" 200 24500 "-" "ELB-HealthChecker/2.0"
10.1.3.223 - - [28/Feb/2025:00:06:12 -0800] "GET /data/msl/MSLMST_0031/DATA/EDR/SURFACE/3535/3535MR1023800210905324C00_XXXX.LBL HTTP/1.1" 302 300 "-" "Mozilla/5.0 AppleWebKit/537.36 (KHTML, like Gecko; compatible; bingbot/2.0; +http://www.bing.com/bingbot.htm) Chrome/116.0.1938.76 Safari/537.36"
10.1.4.139 - - [28/Feb/2025:00:06:27 -0800] "GET / HTTP/1.1" 200 24500 "-" "ELB-HealthChecker/2.0"
10.1.3.223 - - [28/Feb/2025:00:06:30 -0800] "GET / HTTP/1.1" 200 24500 "-" "ELB-HealthChecker/2.0"
10.1.3.223 - - [28/Feb/2025:00:06:35 -0800] "GET /data/cassini/cassini_orbiter/covims_0036/data/2009174T095227_2009174T114224/v1624449131_1.qub HTTP/1.1" 302 316 "-" "Mozilla/5.0 (Windows NT 10.0; Win64; x64) AppleWebKit/537.36 (KHTML, like Gecko) Chrome/100.0.7493.975 Safari/537.36"
10.1.4.139 - - [28/Feb/2025:00:06:57 -0800] "GET / HTTP/1.1" 200 24500 "-" "ELB-HealthChecker/2.0"
10.1.3.223 - - [28/Feb/2025:00:07:00 -0800] "GET / HTTP/1.1" 200 24500 "-" "ELB-HealthChecker/2.0"
10.1.4.139 - - [28/Feb/2025:00:07:27 -0800] "GET / HTTP/1.1" 200 24500 "-" "ELB-HealthChecker/2.0"
10.1.3.223 - - [28/Feb/2025:00:07:30 -0800] "GET / HTTP/1.1" 200 24500 "-" "ELB-HealthChecker/2.0"
10.1.4.139 - - [28/Feb/2025:00:07:57 -0800] "GET / HTTP/1.1" 200 24500 "-" "ELB-HealthChecker/2.0"
10.1.3.223 - - [28/Feb/2025:00:08:00 -0800] "GET / HTTP/1.1" 200 24500 "-" "ELB-HealthChecker/2.0"
10.1.3.223 - - [28/Feb/2025:00:08:15 -0800] "GET /data/mgs-m-moc-na_wa-2-sdp-l0-v1.0/mgsc_1325/r12013/r1201384.imq HTTP/1.1" 302 287 "-" "Mozilla/5.0 AppleWebKit/537.36 (KHTML, like Gecko; compatible; bingbot/2.0; +http://www.bing.com/bingbot.htm) Chrome/116.0.1938.76 Safari/537.36"
193.68.89.10 - - [28/Feb/2025:00:08:18 -0800] "GET / HTTP/1.1" 200 24500 "-" "Mozilla/5.0 (Windows NT 10.0; Win64; x64) AppleWebKit/537.36 (KHTML, like Gecko) Chrome/90.0.4430.85 Safari/537.36 Edg/90.0.818.46"
10.1.4.139 - - [28/Feb/2025:00:08:27 -0800] "GET / HTTP/1.1" 200 24500 "-" "ELB-HealthChecker/2.0"
10.1.3.223 - - [28/Feb/2025:00:08:30 -0800] "GET / HTTP/1.1" 200 24500 "-" "ELB-HealthChecker/2.0"
10.1.3.223 - - [28/Feb/2025:00:08:52 -0800] "GET /data/msl/MSLMST_0030/DATA/EDR/SURFACE/3356/3356MR1012970171503218I01_XXXX.LBL HTTP/1.1" 302 300 "-" "Mozilla/5.0 AppleWebKit/537.36 (KHTML, like Gecko; compatible; bingbot/2.0; +http://www.bing.com/bingbot.htm) Chrome/116.0.1938.76 Safari/537.36"
10.1.3.223 - - [28/Feb/2025:00:08:55 -0800] "GET /w10n/mer1-m-navcam-5-disparity-ops-v1.0/mer1no_0xxx/data/sol0476/rdr/1n170444815mrd55kyf0006l0m1.img/0/?output=html HTTP/1.1" 302 338 "-" "Mozilla/5.0 AppleWebKit/537.36 (KHTML, like Gecko; compatible; bingbot/2.0; +http://www.bing.com/bingbot.htm) Chrome/116.0.1938.76 Safari/537.36"
10.1.4.139 - - [28/Feb/2025:00:08:57 -0800] "GET / HTTP/1.1" 200 24500 "-" "ELB-HealthChecker/2.0"
10.1.3.223 - - [28/Feb/2025:00:09:00 -0800] "GET / HTTP/1.1" 200 24500 "-" "ELB-HealthChecker/2.0"
10.1.3.223 - - [28/Feb/2025:00:09:21 -0800] "GET /w10n/clem1-l-u-5-dim-basemap-v1.0/cl_3013/browse/medium/bi35_00s/bi10s333.htm HTTP/1.1" 302 300 "-" "Mozilla/5.0 AppleWebKit/537.36 (KHTML, like Gecko; compatible; bingbot/2.0; +http://www.bing.com/bingbot.htm) Chrome/116.0.1938.76 Safari/537.36"
10.1.4.139 - - [28/Feb/2025:00:09:27 -0800] "GET / HTTP/1.1" 200 24500 "-" "ELB-HealthChecker/2.0"
10.1.3.223 - - [28/Feb/2025:00:09:30 -0800] "GET / HTTP/1.1" 200 24500 "-" "ELB-HealthChecker/2.0"
10.1.4.139 - - [28/Feb/2025:00:09:57 -0800] "GET / HTTP/1.1" 200 24500 "-" "ELB-HealthChecker/2.0"
10.1.3.223 - - [28/Feb/2025:00:10:00 -0800] "GET / HTTP/1.1" 200 24500 "-" "ELB-HealthChecker/2.0"
10.1.4.139 - - [28/Feb/2025:00:10:27 -0800] "GET / HTTP/1.1" 200 24500 "-" "ELB-HealthChecker/2.0"
10.1.3.223 - - [28/Feb/2025:00:10:30 -0800] "GET / HTTP/1.1" 200 24500 "-" "ELB-HealthChecker/2.0"
10.1.4.139 - - [28/Feb/2025:00:10:57 -0800] "GET / HTTP/1.1" 200 24500 "-" "ELB-HealthChecker/2.0"
10.1.3.223 - - [28/Feb/2025:00:11:00 -0800] "GET / HTTP/1.1" 200 24500 "-" "ELB-HealthChecker/2.0"
10.1.4.139 - - [28/Feb/2025:00:11:27 -0800] "GET / HTTP/1.1" 200 24500 "-" "ELB-HealthChecker/2.0"
10.1.3.223 - - [28/Feb/2025:00:11:30 -0800] "GET / HTTP/1.1" 200 24500 "-" "ELB-HealthChecker/2.0"
10.1.3.223 - - [28/Feb/2025:00:11:51 -0800] "GET /data/msl/MSLHAZ_1XXX/DATA/SOL03383/FRB_697825593RASLF0931568FHAZ00302M1.IMG HTTP/1.1" 302 298 "-" "Mozilla/5.0 AppleWebKit/537.36 (KHTML, like Gecko; compatible; bingbot/2.0; +http://www.bing.com/bingbot.htm) Chrome/116.0.1938.76 Safari/537.36"
10.1.4.139 - - [28/Feb/2025:00:11:56 -0800] "GET /data/mars%20reconnaissance%20orbiter/ctx/ HTTP/1.1" 302 264 "-" "Mozilla/5.0 AppleWebKit/537.36 (KHTML, like Gecko; compatible; bingbot/2.0; +http://www.bing.com/bingbot.htm) Chrome/116.0.1938.76 Safari/537.36"
10.1.4.139 - - [28/Feb/2025:00:11:57 -0800] "GET / HTTP/1.1" 200 24500 "-" "ELB-HealthChecker/2.0"
10.1.3.223 - - [28/Feb/2025:00:12:00 -0800] "GET / HTTP/1.1" 200 24500 "-" "ELB-HealthChecker/2.0"
10.1.4.102 - - [28/Feb/2025:00:12:15 -0800] "GET / HTTP/1.1" 200 24500 "-" "ELB-HealthChecker/2.0"
10.1.3.207 - - [28/Feb/2025:00:12:22 -0800] "GET / HTTP/1.1" 200 24500 "-" "ELB-HealthChecker/2.0"
10.1.4.139 - - [28/Feb/2025:00:12:27 -0800] "GET / HTTP/1.1" 200 24500 "-" "ELB-HealthChecker/2.0"
10.1.3.223 - - [28/Feb/2025:00:12:30 -0800] "GET / HTTP/1.1" 200 24500 "-" "ELB-HealthChecker/2.0"
10.1.4.102 - - [28/Feb/2025:00:12:45 -0800] "GET / HTTP/1.1" 200 24500 "-" "ELB-HealthChecker/2.0"
10.1.3.223 - - [28/Feb/2025:00:12:50 -0800] "GET /data/mro/marci/mrom_1005/ HTTP/1.1" 302 248 "-" "Mozilla/5.0 AppleWebKit/537.36 (KHTML, like Gecko; compatible; bingbot/2.0; +http://www.bing.com/bingbot.htm) Chrome/116.0.1938.76 Safari/537.36"
10.1.3.223 - - [28/Feb/2025:00:12:51 -0800] "GET /data/msl/MSLHAZ_1XXX/DATA/SOL03456/RLB_704300057RNR_F0941578RHAZ00311M1.IMG HTTP/1.1" 302 298 "-" "Mozilla/5.0 AppleWebKit/537.36 (KHTML, like Gecko; compatible; bingbot/2.0; +http://www.bing.com/bingbot.htm) Chrome/116.0.1938.76 Safari/537.36"
10.1.3.207 - - [28/Feb/2025:00:12:52 -0800] "GET / HTTP/1.1" 200 24500 "-" "ELB-HealthChecker/2.0"
10.1.4.139 - - [28/Feb/2025:00:12:57 -0800] "GET / HTTP/1.1" 200 24500 "-" "ELB-HealthChecker/2.0"
10.1.3.223 - - [28/Feb/2025:00:13:00 -0800] "GET / HTTP/1.1" 200 24500 "-" "ELB-HealthChecker/2.0"
10.1.3.223 - - [28/Feb/2025:00:13:14 -0800] "GET /w10n/mgs/moc/mgsc_1221/e13016/e1301642.imq HTTP/1.1" 302 265 "-" "Mozilla/5.0 AppleWebKit/537.36 (KHTML, like Gecko; compatible; bingbot/2.0; +http://www.bing.com/bingbot.htm) Chrome/116.0.1938.76 Safari/537.36"
10.1.4.102 - - [28/Feb/2025:00:13:15 -0800] "GET / HTTP/1.1" 200 24500 "-" "ELB-HealthChecker/2.0"
10.1.3.207 - - [28/Feb/2025:00:13:18 -0800] "GET /scripts/pdsimg_footer.js HTTP/1.1" 200 3581 "-" "Mozilla/5.0 (Linux; U; Android 6.0; he-il; Redmi Note 4X Build/MRA58K) AppleWebKit/537.36 (KHTML, like Gecko) Version/4.0 Chrome/71.0.3578.141 Mobile Safari/537.36 XiaoMi/MiuiBrowser/10.9.7-g"
10.1.3.207 - - [28/Feb/2025:00:13:19 -0800] "GET //connect.facebook.net/en_US/all.js HTTP/1.1" 404 196 "-" "Mozilla/5.0 (Linux; Android 8.0.0; WAS-LX1) AppleWebKit/537.36 (KHTML, like Gecko) Chrome/75.0.3770.143 Mobile Safari/537.36"
10.1.3.207 - - [28/Feb/2025:00:13:22 -0800] "GET / HTTP/1.1" 200 24500 "-" "ELB-HealthChecker/2.0"
10.1.4.102 - - [28/Feb/2025:00:13:23 -0800] "GET /data/mars2020/mars2020_mastcamz_ops_calibrated/browse/sol/00051/ids/rdr/zcam/ZL3_0051_0671470599_098RZS_N0031950ZCAM03111_0340LUJ01.png.xml HTTP/1.1" 302 362 "-" "Mozilla/5.0 (Linux; Android 5.0) AppleWebKit/537.36 (KHTML, like Gecko) Mobile Safari/537.36 (compatible; Bytespider; spider-feedback@bytedance.com)"
10.1.4.139 - - [28/Feb/2025:00:13:27 -0800] "GET / HTTP/1.1" 200 24500 "-" "ELB-HealthChecker/2.0"
10.1.3.223 - - [28/Feb/2025:00:13:30 -0800] "GET / HTTP/1.1" 200 24500 "-" "ELB-HealthChecker/2.0"
10.1.4.102 - - [28/Feb/2025:00:13:45 -0800] "GET / HTTP/1.1" 200 24500 "-" "ELB-HealthChecker/2.0"
10.1.3.207 - - [28/Feb/2025:00:13:52 -0800] "GET / HTTP/1.1" 200 24500 "-" "ELB-HealthChecker/2.0"
10.1.3.223 - - [28/Feb/2025:00:13:52 -0800] "GET /w10n/mgs/moc/rdr/mgscim_1150/e05033/e0503375_wr.img/0/ HTTP/1.1" 302 277 "-" "Mozilla/5.0 AppleWebKit/537.36 (KHTML, like Gecko; compatible; bingbot/2.0; +http://www.bing.com/bingbot.htm) Chrome/116.0.1938.76 Safari/537.36"
10.1.3.223 - - [28/Feb/2025:00:13:57 -0800] "GET /data/mgs-m-moc-na_wa-2-sdp-l0-v1.0/mgsc_1015/catalog/insthost.cat HTTP/1.1" 302 288 "-" "Mozilla/5.0 AppleWebKit/537.36 (KHTML, like Gecko; compatible; bingbot/2.0; +http://www.bing.com/bingbot.htm) Chrome/116.0.1938.76 Safari/537.36"
10.1.4.139 - - [28/Feb/2025:00:13:57 -0800] "GET / HTTP/1.1" 200 24500 "-" "ELB-HealthChecker/2.0"
10.1.3.207 - - [28/Feb/2025:00:13:58 -0800] "GET /search/js/jquery-1.10.2.js HTTP/1.1" 200 273199 "https://pds-imaging.jpl.nasa.gov/search/?fq=-ATLAS_THUMBNAIL_URL%3Abrwsnotavail.jpg&q=*%3A*" "Mozilla/5.0 (Macintosh; Intel Mac OS X 10_15_7) AppleWebKit/537.36 (KHTML, like Gecko) Chrome/132.0.0.0 Safari/537.36"
10.1.3.207 - - [28/Feb/2025:00:13:58 -0800] "GET /search/js/tiff.min.js HTTP/1.1" 200 1572831 "https://pds-imaging.jpl.nasa.gov/search/?fq=-ATLAS_THUMBNAIL_URL%3Abrwsnotavail.jpg&q=*%3A*" "Mozilla/5.0 (Macintosh; Intel Mac OS X 10_15_7) AppleWebKit/537.36 (KHTML, like Gecko) Chrome/132.0.0.0 Safari/537.36"
10.1.3.207 - - [28/Feb/2025:00:14:00 -0800] "GET /search/images/howToDownload/macos/OpenTerminal.png HTTP/1.1" 200 225209 "https://pds-imaging.jpl.nasa.gov/search/?fq=-ATLAS_THUMBNAIL_URL%3Abrwsnotavail.jpg&q=*%3A*" "Mozilla/5.0 (Macintosh; Intel Mac OS X 10_15_7) AppleWebKit/537.36 (KHTML, like Gecko) Chrome/132.0.0.0 Safari/537.36"
10.1.3.207 - - [28/Feb/2025:00:14:00 -0800] "GET /search/images/howToDownload/macos/DownloadedFiles.png HTTP/1.1" 200 286924 "https://pds-imaging.jpl.nasa.gov/search/?fq=-ATLAS_THUMBNAIL_URL%3Abrwsnotavail.jpg&q=*%3A*" "Mozilla/5.0 (Macintosh; Intel Mac OS X 10_15_7) AppleWebKit/537.36 (KHTML, like Gecko) Chrome/132.0.0.0 Safari/537.36"
10.1.3.223 - - [28/Feb/2025:00:14:00 -0800] "GET / HTTP/1.1" 200 24500 "-" "ELB-HealthChecker/2.0"
10.1.3.207 - - [28/Feb/2025:00:14:00 -0800] "GET /solr/atlas_forms/select?q=*%3A*&rows=9999&fl=pds_keyword%2C%20min_value%2C%20max_value%2C%20earliest_date%2C%20latest_date&wt=json&json.wrf=jQuery110203004199273981867_1740730439520&_=1740730439521 HTTP/1.1" 200 18162 "https://pds-imaging.jpl.nasa.gov/search/?fq=-ATLAS_THUMBNAIL_URL%3Abrwsnotavail.jpg&q=*%3A*" "Mozilla/5.0 (Macintosh; Intel Mac OS X 10_15_7) AppleWebKit/537.36 (KHTML, like Gecko) Chrome/132.0.0.0 Safari/537.36"
10.1.3.207 - - [28/Feb/2025:00:14:02 -0800] "GET //data/mro/mars_reconnaissance_orbiter/ctx/mrox_4461/extras/thumbnail/U14_076625_1182_XN_61S177W.IMG.jpeg_small HTTP/1.1" 302 332 "https://pds-imaging.jpl.nasa.gov/search/?fq=-ATLAS_THUMBNAIL_URL%3Abrwsnotavail.jpg&q=*%3A*" "Mozilla/5.0 (Macintosh; Intel Mac OS X 10_15_7) AppleWebKit/537.36 (KHTML, like Gecko) Chrome/132.0.0.0 Safari/537.36"
10.1.3.207 - - [28/Feb/2025:00:14:02 -0800] "GET //data/mro/mars_reconnaissance_orbiter/ctx/mrox_4461/extras/thumbnail/U14_076622_2009_XI_20N108W.IMG.jpeg_small HTTP/1.1" 302 332 "https://pds-imaging.jpl.nasa.gov/search/?fq=-ATLAS_THUMBNAIL_URL%3Abrwsnotavail.jpg&q=*%3A*" "Mozilla/5.0 (Macintosh; Intel Mac OS X 10_15_7) AppleWebKit/537.36 (KHTML, like Gecko) Chrome/132.0.0.0 Safari/537.36"
10.1.3.207 - - [28/Feb/2025:00:14:02 -0800] "GET //data/mro/mars_reconnaissance_orbiter/ctx/mrox_4461/extras/thumbnail/U14_076622_1804_XN_00N105W.IMG.jpeg_small HTTP/1.1" 302 332 "https://pds-imaging.jpl.nasa.gov/search/?fq=-ATLAS_THUMBNAIL_URL%3Abrwsnotavail.jpg&q=*%3A*" "Mozilla/5.0 (Macintosh; Intel Mac OS X 10_15_7) AppleWebKit/537.36 (KHTML, like Gecko) Chrome/132.0.0.0 Safari/537.36"
10.1.3.207 - - [28/Feb/2025:00:14:02 -0800] "GET //data/mro/mars_reconnaissance_orbiter/ctx/mrox_4461/extras/thumbnail/U14_076621_1708_XN_09S077W.IMG.jpeg_small HTTP/1.1" 302 332 "https://pds-imaging.jpl.nasa.gov/search/?fq=-ATLAS_THUMBNAIL_URL%3Abrwsnotavail.jpg&q=*%3A*" "Mozilla/5.0 (Macintosh; Intel Mac OS X 10_15_7) AppleWebKit/537.36 (KHTML, like Gecko) Chrome/132.0.0.0 Safari/537.36"
10.1.3.207 - - [28/Feb/2025:00:14:02 -0800] "GET //data/mro/mars_reconnaissance_orbiter/ctx/mrox_4460/extras/thumbnail/U14_076616_2086_XN_28N304W.IMG.jpeg_small HTTP/1.1" 302 332 "https://pds-imaging.jpl.nasa.gov/search/?fq=-ATLAS_THUMBNAIL_URL%3Abrwsnotavail.jpg&q=*%3A*" "Mozilla/5.0 (Macintosh; Intel Mac OS X 10_15_7) AppleWebKit/537.36 (KHTML, like Gecko) Chrome/132.0.0.0 Safari/537.36"
10.1.3.207 - - [28/Feb/2025:00:14:02 -0800] "GET //data/mro/mars_reconnaissance_orbiter/ctx/mrox_4461/extras/thumbnail/U14_076620_2521_XN_72N064W.IMG.jpeg_small HTTP/1.1" 302 332 "https://pds-imaging.jpl.nasa.gov/search/?fq=-ATLAS_THUMBNAIL_URL%3Abrwsnotavail.jpg&q=*%3A*" "Mozilla/5.0 (Macintosh; Intel Mac OS X 10_15_7) AppleWebKit/537.36 (KHTML, like Gecko) Chrome/132.0.0.0 Safari/537.36"
10.1.3.207 - - [28/Feb/2025:00:14:02 -0800] "GET //data/mro/mars_reconnaissance_orbiter/ctx/mrox_4461/extras/thumbnail/U14_076622_1426_XN_37S100W.IMG.jpeg_small HTTP/1.1" 302 332 "https://pds-imaging.jpl.nasa.gov/search/?fq=-ATLAS_THUMBNAIL_URL%3Abrwsnotavail.jpg&q=*%3A*" "Mozilla/5.0 (Macintosh; Intel Mac OS X 10_15_7) AppleWebKit/537.36 (KHTML, like Gecko) Chrome/132.0.0.0 Safari/537.36"
10.1.3.207 - - [28/Feb/2025:00:14:02 -0800] "GET //data/mro/mars_reconnaissance_orbiter/ctx/mrox_4460/extras/thumbnail/U14_076619_1986_XN_18N025W.IMG.jpeg_small HTTP/1.1" 302 332 "https://pds-imaging.jpl.nasa.gov/search/?fq=-ATLAS_THUMBNAIL_URL%3Abrwsnotavail.jpg&q=*%3A*" "Mozilla/5.0 (Macintosh; Intel Mac OS X 10_15_7) AppleWebKit/537.36 (KHTML, like Gecko) Chrome/132.0.0.0 Safari/537.36"
10.1.3.207 - - [28/Feb/2025:00:14:02 -0800] "GET //data/mro/mars_reconnaissance_orbiter/ctx/mrox_4460/extras/thumbnail/U14_076619_2385_XN_58N032W.IMG.jpeg_small HTTP/1.1" 302 332 "https://pds-imaging.jpl.nasa.gov/search/?fq=-ATLAS_THUMBNAIL_URL%3Abrwsnotavail.jpg&q=*%3A*" "Mozilla/5.0 (Macintosh; Intel Mac OS X 10_15_7) AppleWebKit/537.36 (KHTML, like Gecko) Chrome/132.0.0.0 Safari/537.36"
10.1.3.207 - - [28/Feb/2025:00:14:02 -0800] "GET //data/mro/mars_reconnaissance_orbiter/ctx/mrox_4460/extras/thumbnail/U14_076616_2576_XN_77N319W.IMG.jpeg_small HTTP/1.1" 302 332 "https://pds-imaging.jpl.nasa.gov/search/?fq=-ATLAS_THUMBNAIL_URL%3Abrwsnotavail.jpg&q=*%3A*" "Mozilla/5.0 (Macintosh; Intel Mac OS X 10_15_7) AppleWebKit/537.36 (KHTML, like Gecko) Chrome/132.0.0.0 Safari/537.36"
10.1.3.207 - - [28/Feb/2025:00:14:02 -0800] "GET //data/mro/mars_reconnaissance_orbiter/ctx/mrox_4460/extras/thumbnail/U14_076616_1627_XN_17S298W.IMG.jpeg_small HTTP/1.1" 302 332 "https://pds-imaging.jpl.nasa.gov/search/?fq=-ATLAS_THUMBNAIL_URL%3Abrwsnotavail.jpg&q=*%3A*" "Mozilla/5.0 (Macintosh; Intel Mac OS X 10_15_7) AppleWebKit/537.36 (KHTML, like Gecko) Chrome/132.0.0.0 Safari/537.36"
10.1.3.207 - - [28/Feb/2025:00:14:02 -0800] "GET //data/mro/mars_reconnaissance_orbiter/ctx/mrox_4460/extras/thumbnail/U14_076618_1498_XN_30S352W.IMG.jpeg_small HTTP/1.1" 302 332 "https://pds-imaging.jpl.nasa.gov/search/?fq=-ATLAS_THUMBNAIL_URL%3Abrwsnotavail.jpg&q=*%3A*" "Mozilla/5.0 (Macintosh; Intel Mac OS X 10_15_7) AppleWebKit/537.36 (KHTML, like Gecko) Chrome/132.0.0.0 Safari/537.36"
10.1.3.207 - - [28/Feb/2025:00:14:02 -0800] "GET /solr/pds_archives/select?q=*%3A*&fq=-ATLAS_THUMBNAIL_URL%3Abrwsnotavail.jpg&facet=true&facet.method=enum&df=_text_&facet.limit=-1&facet.mincount=1&rows=24&sort=START_TIME%20desc&facet.date=START_TIME&facet.date.start=1976-07-20T00%3A00%3A00.000Z%2FDAY&facet.date.end=2020-10-20T00%3A00%3A00.000Z%2FDAY%2B1DAY&facet.date.gap=%2B5YEAR&facet.field=RELEVANT_DOC_FIELDS&wt=json&json.wrf=jQuery110203004199273981867_1740730439520&_=1740730439523 HTTP/1.1" 200 21644 "https://pds-imaging.jpl.nasa.gov/search/?fq=-ATLAS_THUMBNAIL_URL%3Abrwsnotavail.jpg&q=*%3A*" "Mozilla/5.0 (Macintosh; Intel Mac OS X 10_15_7) AppleWebKit/537.36 (KHTML, like Gecko) Chrome/132.0.0.0 Safari/537.36"
10.1.3.207 - - [28/Feb/2025:00:14:11 -0800] "GET /solr/pds_archives/select?q=*%3A*&fq=-ATLAS_THUMBNAIL_URL%3Abrwsnotavail.jpg&fq=ATLAS_SPACECRAFT_NAME%3Acuriosity&facet=true&facet.method=enum&df=_text_&rows=24&sort=START_TIME%20desc&facet.date=START_TIME&facet.date.start=1976-07-20T00%3A00%3A00.000Z%2FDAY&facet.date.end=2020-10-20T00%3A00%3A00.000Z%2FDAY%2B1DAY&facet.date.gap=%2B5YEAR&facet.limit=-1&facet.mincount=1&facet.field=TARGET&facet.field=ATLAS_MISSION_NAME&facet.field=ATLAS_INSTRUMENT_NAME&facet.field=ATLAS_SPACECRAFT_NAME&facet.field=PRODUCT_TYPE&facet.field=MAP_PROJECTION_TYPE&facet.field=EYE&facet.field=FRAME_TYPE&facet.field=IMAGE_TYPE&facet.field=FILTER_NAME&facet.field=MSL_IMAGE_CLASS&facet.field=CASSINI_IMAGE_CLASS&facet.field=GALILEO_IMAGE_CLASS&facet.field=MRO_IMAGE_CLASS&facet.field=MER_IMAGE_CLASSES&wt=json&json.wrf=jQuery110203004199273981867_1740730439518&_=1740730439525 HTTP/1.1" 200 15539 "https://pds-imaging.jpl.nasa.gov/search/?fq=-ATLAS_THUMBNAIL_URL%3Abrwsnotavail.jpg&fq=ATLAS_SPACECRAFT_NAME%3Acuriosity&q=*%3A*" "Mozilla/5.0 (Macintosh; Intel Mac OS X 10_15_7) AppleWebKit/537.36 (KHTML, like Gecko) Chrome/132.0.0.0 Safari/537.36"
10.1.3.207 - - [28/Feb/2025:00:14:13 -0800] "GET ///data/msl/MSLHAZ_1XXX/EXTRAS/FULL/SOL03423/RLB_701384675MXYLF0933408RHAZ00337M1.PNG HTTP/1.1" 302 305 "https://pds-imaging.jpl.nasa.gov/search/?fq=-ATLAS_THUMBNAIL_URL%3Abrwsnotavail.jpg&fq=ATLAS_SPACECRAFT_NAME%3Acuriosity&q=*%3A*" "Mozilla/5.0 (Macintosh; Intel Mac OS X 10_15_7) AppleWebKit/537.36 (KHTML, like Gecko) Chrome/132.0.0.0 Safari/537.36"
10.1.3.207 - - [28/Feb/2025:00:14:13 -0800] "GET ///data/msl/MSLHAZ_1XXX/EXTRAS/FULL/SOL03423/RRB_701384675DFFLT0933408RHAZ00337M1.PNG HTTP/1.1" 302 305 "https://pds-imaging.jpl.nasa.gov/search/?fq=-ATLAS_THUMBNAIL_URL%3Abrwsnotavail.jpg&fq=ATLAS_SPACECRAFT_NAME%3Acuriosity&q=*%3A*" "Mozilla/5.0 (Macintosh; Intel Mac OS X 10_15_7) AppleWebKit/537.36 (KHTML, like Gecko) Chrome/132.0.0.0 Safari/537.36"
10.1.3.207 - - [28/Feb/2025:00:14:13 -0800] "GET ///data/msl/MSLHAZ_1XXX/EXTRAS/FULL/SOL03423/RLB_701384675RNE_T0933408RHAZ00337M1.PNG HTTP/1.1" 302 305 "https://pds-imaging.jpl.nasa.gov/search/?fq=-ATLAS_THUMBNAIL_URL%3Abrwsnotavail.jpg&fq=ATLAS_SPACECRAFT_NAME%3Acuriosity&q=*%3A*" "Mozilla/5.0 (Macintosh; Intel Mac OS X 10_15_7) AppleWebKit/537.36 (KHTML, like Gecko) Chrome/132.0.0.0 Safari/537.36"
10.1.3.207 - - [28/Feb/2025:00:14:13 -0800] "GET ///data/msl/MSLHAZ_1XXX/EXTRAS/FULL/SOL03423/RLB_701384675RAS_F0933408RHAZ00337M1.PNG HTTP/1.1" 302 305 "https://pds-imaging.jpl.nasa.gov/search/?fq=-ATLAS_THUMBNAIL_URL%3Abrwsnotavail.jpg&fq=ATLAS_SPACECRAFT_NAME%3Acuriosity&q=*%3A*" "Mozilla/5.0 (Macintosh; Intel Mac OS X 10_15_7) AppleWebKit/537.36 (KHTML, like Gecko) Chrome/132.0.0.0 Safari/537.36"
10.1.3.207 - - [28/Feb/2025:00:14:13 -0800] "GET ///data/msl/MSLHAZ_1XXX/EXTRAS/FULL/SOL03423/RLB_701384675SMG_F0933408RHAZ00337M1.PNG HTTP/1.1" 302 305 "https://pds-imaging.jpl.nasa.gov/search/?fq=-ATLAS_THUMBNAIL_URL%3Abrwsnotavail.jpg&fq=ATLAS_SPACECRAFT_NAME%3Acuriosity&q=*%3A*" "Mozilla/5.0 (Macintosh; Intel Mac OS X 10_15_7) AppleWebKit/537.36 (KHTML, like Gecko) Chrome/132.0.0.0 Safari/537.36"
10.1.3.207 - - [28/Feb/2025:00:14:13 -0800] "GET ///data/msl/MSLHAZ_1XXX/EXTRAS/FULL/SOL03423/RRB_701384675SRD_T0933408RHAZ00337M1.PNG HTTP/1.1" 302 305 "https://pds-imaging.jpl.nasa.gov/search/?fq=-ATLAS_THUMBNAIL_URL%3Abrwsnotavail.jpg&fq=ATLAS_SPACECRAFT_NAME%3Acuriosity&q=*%3A*" "Mozilla/5.0 (Macintosh; Intel Mac OS X 10_15_7) AppleWebKit/537.36 (KHTML, like Gecko) Chrome/132.0.0.0 Safari/537.36"
10.1.3.207 - - [28/Feb/2025:00:14:13 -0800] "GET ///data/msl/MSLHAZ_1XXX/EXTRAS/FULL/SOL03423/RRB_701384675SHDLT0933408RHAZ00337M1.PNG HTTP/1.1" 302 305 "https://pds-imaging.jpl.nasa.gov/search/?fq=-ATLAS_THUMBNAIL_URL%3Abrwsnotavail.jpg&fq=ATLAS_SPACECRAFT_NAME%3Acuriosity&q=*%3A*" "Mozilla/5.0 (Macintosh; Intel Mac OS X 10_15_7) AppleWebKit/537.36 (KHTML, like Gecko) Chrome/132.0.0.0 Safari/537.36"
10.1.3.207 - - [28/Feb/2025:00:14:13 -0800] "GET ///data/msl/MSLHAZ_1XXX/EXTRAS/FULL/SOL03423/RRB_701384675SNTLT0933408RHAZ00337M1.PNG HTTP/1.1" 302 305 "https://pds-imaging.jpl.nasa.gov/search/?fq=-ATLAS_THUMBNAIL_URL%3Abrwsnotavail.jpg&fq=ATLAS_SPACECRAFT_NAME%3Acuriosity&q=*%3A*" "Mozilla/5.0 (Macintosh; Intel Mac OS X 10_15_7) AppleWebKit/537.36 (KHTML, like Gecko) Chrome/132.0.0.0 Safari/537.36"
10.1.3.207 - - [28/Feb/2025:00:14:13 -0800] "GET ///data/msl/MSLHAZ_1XXX/EXTRAS/FULL/SOL03423/RLB_701384675RAD_T0933408RHAZ00337M1.PNG HTTP/1.1" 302 305 "https://pds-imaging.jpl.nasa.gov/search/?fq=-ATLAS_THUMBNAIL_URL%3Abrwsnotavail.jpg&fq=ATLAS_SPACECRAFT_NAME%3Acuriosity&q=*%3A*" "Mozilla/5.0 (Macintosh; Intel Mac OS X 10_15_7) AppleWebKit/537.36 (KHTML, like Gecko) Chrome/132.0.0.0 Safari/537.36"
10.1.3.207 - - [28/Feb/2025:00:14:13 -0800] "GET ///data/msl/MSLHAZ_1XXX/EXTRAS/FULL/SOL03423/RRB_701384675XYRLT0933408RHAZ00337M1.PNG HTTP/1.1" 302 305 "https://pds-imaging.jpl.nasa.gov/search/?fq=-ATLAS_THUMBNAIL_URL%3Abrwsnotavail.jpg&fq=ATLAS_SPACECRAFT_NAME%3Acuriosity&q=*%3A*" "Mozilla/5.0 (Macintosh; Intel Mac OS X 10_15_7) AppleWebKit/537.36 (KHTML, like Gecko) Chrome/132.0.0.0 Safari/537.36"
10.1.3.207 - - [28/Feb/2025:00:14:13 -0800] "GET ///data/msl/MSLHAZ_1XXX/EXTRAS/FULL/SOL03423/RLB_701384675MXYLT0933408RHAZ00337M1.PNG HTTP/1.1" 302 305 "https://pds-imaging.jpl.nasa.gov/search/?fq=-ATLAS_THUMBNAIL_URL%3Abrwsnotavail.jpg&fq=ATLAS_SPACECRAFT_NAME%3Acuriosity&q=*%3A*" "Mozilla/5.0 (Macintosh; Intel Mac OS X 10_15_7) AppleWebKit/537.36 (KHTML, like Gecko) Chrome/132.0.0.0 Safari/537.36"
10.1.3.207 - - [28/Feb/2025:00:14:13 -0800] "GET ///data/msl/MSLHAZ_1XXX/EXTRAS/FULL/SOL03423/RLB_701384675RNGLT0933408RHAZ00337M1.PNG HTTP/1.1" 302 305 "https://pds-imaging.jpl.nasa.gov/search/?fq=-ATLAS_THUMBNAIL_URL%3Abrwsnotavail.jpg&fq=ATLAS_SPACECRAFT_NAME%3Acuriosity&q=*%3A*" "Mozilla/5.0 (Macintosh; Intel Mac OS X 10_15_7) AppleWebKit/537.36 (KHTML, like Gecko) Chrome/132.0.0.0 Safari/537.36"
10.1.3.207 - - [28/Feb/2025:00:14:13 -0800] "GET /solr/pds_archives/select?q=*%3A*&fq=-ATLAS_THUMBNAIL_URL%3Abrwsnotavail.jpg&fq=ATLAS_SPACECRAFT_NAME%3Acuriosity&facet=true&facet.method=enum&df=_text_&rows=24&sort=START_TIME%20desc&facet.date=START_TIME&facet.date.start=1976-07-20T00%3A00%3A00.000Z%2FDAY&facet.date.end=2020-10-20T00%3A00%3A00.000Z%2FDAY%2B1DAY&facet.date.gap=%2B5YEAR&facet.limit=-1&facet.mincount=1&facet.field=RELEVANT_DOC_FIELDS&wt=json&json.wrf=jQuery110203004199273981867_1740730439518&_=1740730439526 HTTP/1.1" 200 15976 "https://pds-imaging.jpl.nasa.gov/search/?fq=-ATLAS_THUMBNAIL_URL%3Abrwsnotavail.jpg&fq=ATLAS_SPACECRAFT_NAME%3Acuriosity&q=*%3A*" "Mozilla/5.0 (Macintosh; Intel Mac OS X 10_15_7) AppleWebKit/537.36 (KHTML, like Gecko) Chrome/132.0.0.0 Safari/537.36"
10.1.4.102 - - [28/Feb/2025:00:14:15 -0800] "GET / HTTP/1.1" 200 24500 "-" "ELB-HealthChecker/2.0"
10.1.3.207 - - [28/Feb/2025:00:14:22 -0800] "GET / HTTP/1.1" 200 24500 "-" "ELB-HealthChecker/2.0"
10.1.3.207 - - [28/Feb/2025:00:14:24 -0800] "GET /solr/pds_archives/select?q=*%3A*&fq=-ATLAS_THUMBNAIL_URL%3Abrwsnotavail.jpg&fq=ATLAS_SPACECRAFT_NAME%3Acuriosity&fq=CENTER_LATITUDE%3A%5B-418%20TO%20999.99%5D&facet=true&facet.method=enum&df=_text_&rows=24&sort=START_TIME%20desc&facet.date=START_TIME&facet.date.start=1976-07-20T00%3A00%3A00.000Z%2FDAY&facet.date.end=2020-10-20T00%3A00%3A00.000Z%2FDAY%2B1DAY&facet.date.gap=%2B5YEAR&facet.limit=-1&facet.mincount=1&facet.field=TARGET&facet.field=ATLAS_MISSION_NAME&facet.field=ATLAS_INSTRUMENT_NAME&facet.field=ATLAS_SPACECRAFT_NAME&facet.field=PRODUCT_TYPE&facet.field=MAP_PROJECTION_TYPE&facet.field=EYE&facet.field=FRAME_TYPE&facet.field=IMAGE_TYPE&facet.field=FILTER_NAME&facet.field=MSL_IMAGE_CLASS&facet.field=CASSINI_IMAGE_CLASS&facet.field=GALILEO_IMAGE_CLASS&facet.field=MRO_IMAGE_CLASS&facet.field=MER_IMAGE_CLASSES&wt=json&json.wrf=jQuery110203004199273981867_1740730439520&_=1740730439528 HTTP/1.1" 200 1873 "https://pds-imaging.jpl.nasa.gov/search/?fq=-ATLAS_THUMBNAIL_URL%3Abrwsnotavail.jpg&fq=ATLAS_SPACECRAFT_NAME%3Acuriosity&fq=CENTER_LATITUDE%3A%5B-418%20TO%20999.99%5D&q=*%3A*" "Mozilla/5.0 (Macintosh; Intel Mac OS X 10_15_7) AppleWebKit/537.36 (KHTML, like Gecko) Chrome/132.0.0.0 Safari/537.36"
10.1.3.207 - - [28/Feb/2025:00:14:25 -0800] "GET /solr/pds_archives/select?q=*%3A*&fq=-ATLAS_THUMBNAIL_URL%3Abrwsnotavail.jpg&fq=ATLAS_SPACECRAFT_NAME%3Acuriosity&fq=CENTER_LATITUDE%3A%5B-418%20TO%20999.99%5D&facet=true&facet.method=enum&df=_text_&rows=24&sort=START_TIME%20desc&facet.date=START_TIME&facet.date.start=1976-07-20T00%3A00%3A00.000Z%2FDAY&facet.date.end=2020-10-20T00%3A00%3A00.000Z%2FDAY%2B1DAY&facet.date.gap=%2B5YEAR&facet.limit=-1&facet.mincount=1&facet.field=RELEVANT_DOC_FIELDS&facet.field=NO_SORT_DOC_FIELDS&wt=json&json.wrf=jQuery110203004199273981867_1740730439518&_=1740730439530 HTTP/1.1" 200 1191 "https://pds-imaging.jpl.nasa.gov/search/?fq=-ATLAS_THUMBNAIL_URL%3Abrwsnotavail.jpg&fq=ATLAS_SPACECRAFT_NAME%3Acuriosity&fq=CENTER_LATITUDE%3A%5B-418%20TO%20999.99%5D&q=*%3A*" "Mozilla/5.0 (Macintosh; Intel Mac OS X 10_15_7) AppleWebKit/537.36 (KHTML, like Gecko) Chrome/132.0.0.0 Safari/537.36"
10.1.4.139 - - [28/Feb/2025:00:14:27 -0800] "GET / HTTP/1.1" 200 24500 "-" "ELB-HealthChecker/2.0"
10.1.3.207 - - [28/Feb/2025:00:14:27 -0800] "GET /solr/pds_archives/select?q=*%3A*&fq=-ATLAS_THUMBNAIL_URL%3Abrwsnotavail.jpg&fq=ATLAS_SPACECRAFT_NAME%3Acuriosity&fq=CENTER_LATITUDE%3A%5B-586%20TO%20999.99%5D&facet=true&facet.method=enum&df=_text_&rows=24&sort=START_TIME%20desc&facet.date=START_TIME&facet.date.start=1976-07-20T00%3A00%3A00.000Z%2FDAY&facet.date.end=2020-10-20T00%3A00%3A00.000Z%2FDAY%2B1DAY&facet.date.gap=%2B5YEAR&facet.limit=-1&facet.mincount=1&facet.field=RELEVANT_DOC_FIELDS&wt=json&json.wrf=jQuery110203004199273981867_1740730439518&_=1740730439532 HTTP/1.1" 200 1098 "https://pds-imaging.jpl.nasa.gov/search/?fq=-ATLAS_THUMBNAIL_URL%3Abrwsnotavail.jpg&fq=ATLAS_SPACECRAFT_NAME%3Acuriosity&fq=CENTER_LATITUDE%3A%5B-586%20TO%20999.99%5D&q=*%3A*" "Mozilla/5.0 (Macintosh; Intel Mac OS X 10_15_7) AppleWebKit/537.36 (KHTML, like Gecko) Chrome/132.0.0.0 Safari/537.36"
10.1.3.207 - - [28/Feb/2025:00:14:28 -0800] "GET /solr/pds_archives/select?q=*%3A*&fq=-ATLAS_THUMBNAIL_URL%3Abrwsnotavail.jpg&fq=ATLAS_SPACECRAFT_NAME%3Acuriosity&fq=CENTER_LATITUDE%3A%5B-586%20TO%20682%5D&facet=true&facet.method=enum&df=_text_&rows=24&sort=START_TIME%20desc&facet.date=START_TIME&facet.date.start=1976-07-20T00%3A00%3A00.000Z%2FDAY&facet.date.end=2020-10-20T00%3A00%3A00.000Z%2FDAY%2B1DAY&facet.date.gap=%2B5YEAR&facet.limit=-1&facet.mincount=1&facet.field=TARGET&facet.field=ATLAS_MISSION_NAME&facet.field=ATLAS_INSTRUMENT_NAME&facet.field=ATLAS_SPACECRAFT_NAME&facet.field=PRODUCT_TYPE&facet.field=MAP_PROJECTION_TYPE&facet.field=EYE&facet.field=FRAME_TYPE&facet.field=IMAGE_TYPE&facet.field=FILTER_NAME&facet.field=MSL_IMAGE_CLASS&facet.field=CASSINI_IMAGE_CLASS&facet.field=GALILEO_IMAGE_CLASS&facet.field=MRO_IMAGE_CLASS&facet.field=MER_IMAGE_CLASSES&wt=json&json.wrf=jQuery110203004199273981867_1740730439520&_=1740730439534 HTTP/1.1" 200 1867 "https://pds-imaging.jpl.nasa.gov/search/?fq=-ATLAS_THUMBNAIL_URL%3Abrwsnotavail.jpg&fq=ATLAS_SPACECRAFT_NAME%3Acuriosity&fq=CENTER_LATITUDE%3A%5B-586%20TO%20682%5D&q=*%3A*" "Mozilla/5.0 (Macintosh; Intel Mac OS X 10_15_7) AppleWebKit/537.36 (KHTML, like Gecko) Chrome/132.0.0.0 Safari/537.36"
10.1.3.207 - - [28/Feb/2025:00:14:29 -0800] "GET /solr/pds_archives/select?q=*%3A*&fq=-ATLAS_THUMBNAIL_URL%3Abrwsnotavail.jpg&fq=ATLAS_SPACECRAFT_NAME%3Acuriosity&fq=CENTER_LATITUDE%3A%5B-586%20TO%20682%5D&facet=true&facet.method=enum&df=_text_&rows=24&sort=START_TIME%20desc&facet.date=START_TIME&facet.date.start=1976-07-20T00%3A00%3A00.000Z%2FDAY&facet.date.end=2020-10-20T00%3A00%3A00.000Z%2FDAY%2B1DAY&facet.date.gap=%2B5YEAR&facet.limit=-1&facet.mincount=1&facet.field=RELEVANT_DOC_FIELDS&facet.field=NO_SORT_DOC_FIELDS&wt=json&json.wrf=jQuery110203004199273981867_1740730439518&_=1740730439536 HTTP/1.1" 200 1185 "https://pds-imaging.jpl.nasa.gov/search/?fq=-ATLAS_THUMBNAIL_URL%3Abrwsnotavail.jpg&fq=ATLAS_SPACECRAFT_NAME%3Acuriosity&fq=CENTER_LATITUDE%3A%5B-586%20TO%20682%5D&q=*%3A*" "Mozilla/5.0 (Macintosh; Intel Mac OS X 10_15_7) AppleWebKit/537.36 (KHTML, like Gecko) Chrome/132.0.0.0 Safari/537.36"
10.1.3.223 - - [28/Feb/2025:00:14:30 -0800] "GET / HTTP/1.1" 200 24500 "-" "ELB-HealthChecker/2.0"
10.1.3.207 - - [28/Feb/2025:00:14:30 -0800] "GET /solr/pds_archives/select?q=*%3A*&fq=-ATLAS_THUMBNAIL_URL%3Abrwsnotavail.jpg&fq=ATLAS_SPACECRAFT_NAME%3Acuriosity&fq=CENTER_LATITUDE%3A%5B-586%20TO%20682%5D&fq=CENTER_LONGITUDE%3A%5B-731%20TO%20999.99%5D&facet=true&facet.method=enum&df=_text_&rows=24&sort=START_TIME%20desc&facet.date=START_TIME&facet.date.start=1976-07-20T00%3A00%3A00.000Z%2FDAY&facet.date.end=2020-10-20T00%3A00%3A00.000Z%2FDAY%2B1DAY&facet.date.gap=%2B5YEAR&facet.limit=-1&facet.mincount=1&facet.field=RELEVANT_DOC_FIELDS&wt=json&json.wrf=jQuery110203004199273981867_1740730439518&_=1740730439538 HTTP/1.1" 200 1139 "https://pds-imaging.jpl.nasa.gov/search/?fq=-ATLAS_THUMBNAIL_URL%3Abrwsnotavail.jpg&fq=ATLAS_SPACECRAFT_NAME%3Acuriosity&fq=CENTER_LATITUDE%3A%5B-586%20TO%20682%5D&fq=CENTER_LONGITUDE%3A%5B-731%20TO%20999.99%5D&q=*%3A*" "Mozilla/5.0 (Macintosh; Intel Mac OS X 10_15_7) AppleWebKit/537.36 (KHTML, like Gecko) Chrome/132.0.0.0 Safari/537.36"
10.1.3.223 - - [28/Feb/2025:00:14:31 -0800] "GET /data/cassini/cassini_orbiter/coiss_2008/data/1481267155_1481269060/N1481268490_1.IMG HTTP/1.1" 302 307 "-" "Mozilla/5.0 AppleWebKit/537.36 (KHTML, like Gecko; compatible; bingbot/2.0; +http://www.bing.com/bingbot.htm) Chrome/116.0.1938.76 Safari/537.36"
10.1.3.207 - - [28/Feb/2025:00:14:32 -0800] "GET /solr/pds_archives/select?q=*%3A*&fq=-ATLAS_THUMBNAIL_URL%3Abrwsnotavail.jpg&fq=ATLAS_SPACECRAFT_NAME%3Acuriosity&fq=CENTER_LATITUDE%3A%5B-586%20TO%20682%5D&fq=CENTER_LONGITUDE%3A%5B-731%20TO%20663%5D&facet=true&facet.method=enum&df=_text_&rows=24&sort=START_TIME%20desc&facet.date=START_TIME&facet.date.start=1976-07-20T00%3A00%3A00.000Z%2FDAY&facet.date.end=2020-10-20T00%3A00%3A00.000Z%2FDAY%2B1DAY&facet.date.gap=%2B5YEAR&facet.limit=-1&facet.mincount=1&facet.field=TARGET&facet.field=ATLAS_MISSION_NAME&facet.field=ATLAS_INSTRUMENT_NAME&facet.field=ATLAS_SPACECRAFT_NAME&facet.field=PRODUCT_TYPE&facet.field=MAP_PROJECTION_TYPE&facet.field=EYE&facet.field=FRAME_TYPE&facet.field=IMAGE_TYPE&facet.field=FILTER_NAME&facet.field=MSL_IMAGE_CLASS&facet.field=CASSINI_IMAGE_CLASS&facet.field=GALILEO_IMAGE_CLASS&facet.field=MRO_IMAGE_CLASS&facet.field=MER_IMAGE_CLASSES&wt=json&json.wrf=jQuery110203004199273981867_1740730439520&_=1740730439540 HTTP/1.1" 200 1910 "https://pds-imaging.jpl.nasa.gov/search/?fq=-ATLAS_THUMBNAIL_URL%3Abrwsnotavail.jpg&fq=ATLAS_SPACECRAFT_NAME%3Acuriosity&fq=CENTER_LATITUDE%3A%5B-586%20TO%20682%5D&fq=CENTER_LONGITUDE%3A%5B-731%20TO%20663%5D&q=*%3A*" "Mozilla/5.0 (Macintosh; Intel Mac OS X 10_15_7) AppleWebKit/537.36 (KHTML, like Gecko) Chrome/132.0.0.0 Safari/537.36"
