20.171.207.1 - - [30/May/2025:23:58:46 -0700] "GET /pub/naif/BEPICOLOMBO/kernels/bc_mpo_sc_scm_20181020_20190605_s20190517_v01.bc HTTP/1.1" 404 196
8.210.230.104 - - [30/May/2025:23:58:44 -0700] "GET /pub/naif/pds/data/lro-l-spice-6-v1.0/lrosp_1000/data/ck/lrohg_2010325_2010335_v01.bc HTTP/1.1" 200 276915200
137.220.35.224 - - [30/May/2025:23:58:46 -0700] "HEAD /pub/naif/VEX/kernels/spk/former_versions/ORVF_______________00505.BSP HTTP/1.1" 200 -
20.171.207.1 - - [30/May/2025:23:58:47 -0700] "GET /pub/naif/BEPICOLOMBO/kernels/bc_mpo_sc_scm_20181020_20190901_s20190625_v01.bc HTTP/1.1" 404 196
137.220.35.224 - - [30/May/2025:23:58:48 -0700] "HEAD /pub/naif/VEX/kernels/spk/former_versions/ORVV__090701000000_00254.BSP HTTP/1.1" 200 -
20.171.207.1 - - [30/May/2025:23:58:49 -0700] "GET /pub/naif/BEPICOLOMBO/kernels/bc_mpo_sc_scc_20181020_20190617_s20190517_v01.bc HTTP/1.1" 404 196
137.220.35.224 - - [30/May/2025:23:58:50 -0700] "HEAD /pub/naif/VEX/kernels/spk/former_versions/ORVV__060409211524_00032.BSP HTTP/1.1" 200 -
20.171.207.1 - - [30/May/2025:23:58:50 -0700] "GET /pub/naif/BEPICOLOMBO/kernels/bc_mpo_mga_scm_20181020_20190818_s20190625_v01.bc HTTP/1.1" 404 196
137.220.35.224 - - [30/May/2025:23:58:51 -0700] "HEAD /pub/naif/VEX/kernels/spk/former_versions/ORVF_______________00511.BSP HTTP/1.1" 200 -
66.249.79.226 - - [30/May/2025:23:58:51 -0700] "GET /pub/naif/M01/misc/akonopliv/hga/m01_hga_2020-06-25.bc.raw HTTP/1.1" 200 84386
66.249.79.226 - - [30/May/2025:23:58:52 -0700] "GET /pub/naif/MRO/kernels/ck/mro_hga_2020-12-01.bc HTTP/1.1" 404 196
20.171.207.1 - - [30/May/2025:23:58:52 -0700] "GET /pub/naif/BEPICOLOMBO/kernels/bc_mpo_sa_scm_20181020_20200413_s20200325_v02.bc HTTP/1.1" 404 196
205.198.68.91 - - [30/May/2025:23:58:52 -0700] "GET /pub/naif/generic_kernels/spk/planets/de421.bsp HTTP/1.1" 404 196
137.220.35.224 - - [30/May/2025:23:58:53 -0700] "HEAD /pub/naif/VEX/kernels/spk/former_versions/ORVV__100301000000_00291.BSP HTTP/1.1" 200 -
20.171.207.1 - - [30/May/2025:23:58:53 -0700] "GET /pub/naif/BEPICOLOMBO/kernels/bc_mpo_mga_scm_20181020_20190818_s20190924_v04.bc HTTP/1.1" 404 196
205.198.68.91 - - [30/May/2025:23:58:54 -0700] "GET /pub/naif/generic_kernels/spk/planets/de421.bsp HTTP/1.1" 404 196
137.220.35.224 - - [30/May/2025:23:58:54 -0700] "HEAD /pub/naif/VEX/kernels/spk/former_versions/ORVV__091201000000_00279.BSP HTTP/1.1" 200 -
20.171.207.1 - - [30/May/2025:23:58:55 -0700] "GET /pub/naif/BEPICOLOMBO/kernels/bc_mpo_mga_scm_20181020_20200413_s20200325_v04.bc HTTP/1.1" 404 196
171.97.64.27 - - [30/May/2025:23:58:55 -0700] "-" 408 -
137.78.248.24 - - [30/May/2025:23:58:55 -0700] "GET /naif HTTP/1.1" 302 214 "-" "check_http/v2.4.12 (nagios-plugins 2.4.12)"
137.220.35.224 - - [30/May/2025:23:58:56 -0700] "HEAD /pub/naif/VEX/kernels/spk/former_versions/ORVV__060409211524_00030.BSP HTTP/1.1" 200 -
20.171.207.1 - - [30/May/2025:23:58:56 -0700] "GET /pub/naif/BEPICOLOMBO/kernels/bc_mpo_sa_scm_20181020_20190608_s20190517_v01.bc HTTP/1.1" 404 196
205.198.68.91 - - [30/May/2025:23:58:56 -0700] "GET /pub/naif/generic_kernels/spk/planets/de421.bsp HTTP/1.1" 404 196
205.198.68.91 - - [30/May/2025:23:58:57 -0700] "GET /pub/naif/generic_kernels/spk/planets/de421.bsp HTTP/1.1" 404 196
20.171.207.1 - - [30/May/2025:23:58:58 -0700] "GET /pub/naif/BEPICOLOMBO/kernels/bc_mpo_sc_scm_20181020_20190819_s20190625_v01.bc HTTP/1.1" 404 196
137.220.35.224 - - [30/May/2025:23:58:58 -0700] "HEAD /pub/naif/VEX/kernels/spk/former_versions/ORVV__090701000000_00256.BSP HTTP/1.1" 200 -
20.171.207.1 - - [30/May/2025:23:58:59 -0700] "GET /pub/naif/BEPICOLOMBO/kernels/bc_mpo_sc_scm_20181020_20190708_s20190625_v01.bc HTTP/1.1" 404 196
137.220.35.224 - - [30/May/2025:23:58:59 -0700] "HEAD /pub/naif/VEX/kernels/spk/former_versions/ORVV__101101000000_00330.BSP HTTP/1.1" 200 -
20.171.207.1 - - [30/May/2025:23:59:01 -0700] "GET /pub/naif/BEPICOLOMBO/kernels/bc_mpo_mga_scm_20181020_20200413_s20200325_v01.bc HTTP/1.1" 404 196
205.198.68.91 - - [30/May/2025:23:59:01 -0700] "GET /pub/naif/generic_kernels/spk/planets/de421.bsp HTTP/1.1" 404 196
137.220.35.224 - - [30/May/2025:23:59:01 -0700] "HEAD /pub/naif/VEX/kernels/spk/former_versions/ORVV__090701000000_00251.BSP HTTP/1.1" 200 -
20.171.207.1 - - [30/May/2025:23:59:02 -0700] "GET /pub/naif/BEPICOLOMBO/kernels/bc_mpo_sa_scm_20181020_20190806_s20190625_v01.bc HTTP/1.1" 404 196
137.220.35.224 - - [30/May/2025:23:59:02 -0700] "HEAD /pub/naif/VEX/kernels/spk/former_versions/ORVV__060409211524_00037.BSP HTTP/1.1" 200 -
205.198.68.91 - - [30/May/2025:23:59:02 -0700] "GET /pub/naif/generic_kernels/spk/planets/de421.bsp HTTP/1.1" 404 196
20.171.207.1 - - [30/May/2025:23:59:03 -0700] "GET /pub/naif/BEPICOLOMBO/kernels/bc_mpo_hga_scm_20210101_20220101_s20230309_v01.bc HTTP/1.1" 404 196
137.220.35.224 - - [30/May/2025:23:59:04 -0700] "HEAD /pub/naif/VEX/kernels/spk/former_versions/ORVF_______________00540.BSP HTTP/1.1" 200 -
205.198.68.91 - - [30/May/2025:23:59:04 -0700] "GET /pub/naif/generic_kernels/spk/planets/de421.bsp HTTP/1.1" 404 196
20.171.207.1 - - [30/May/2025:23:59:05 -0700] "GET /pub/naif/BEPICOLOMBO/kernels/bc_mpo_mga_scm_20181020_20200415_s20200325_v01.bc HTTP/1.1" 404 196
137.220.35.224 - - [30/May/2025:23:59:05 -0700] "HEAD /pub/naif/VEX/kernels/spk/former_versions/ORVV__090601000000_00249.BSP HTTP/1.1" 200 -
205.198.68.91 - - [30/May/2025:23:59:06 -0700] "GET /pub/naif/generic_kernels/spk/planets/de421.bsp HTTP/1.1" 404 196
20.171.207.1 - - [30/May/2025:23:59:06 -0700] "GET /pub/naif/BEPICOLOMBO/kernels/bc_mpo_sa_scm_20181020_20200413_s20200325_v02.bc HTTP/1.1" 404 196
45.40.50.204 - - [30/May/2025:23:59:05 -0700] "GET /pub/naif/MEX/kernels/spk/former_versions/ORMM_T19_240601000000_01860.BSP HTTP/1.1" 200 6003712
137.220.35.224 - - [30/May/2025:23:59:07 -0700] "HEAD /pub/naif/VEX/kernels/spk/former_versions/ORVV__060409211524_00033.BSP HTTP/1.1" 200 -
205.198.68.91 - - [30/May/2025:23:59:08 -0700] "GET /pub/naif/generic_kernels/spk/planets/de421.bsp HTTP/1.1" 404 196
20.171.207.1 - - [30/May/2025:23:59:08 -0700] "GET /pub/naif/BEPICOLOMBO/kernels/bc_mpo_hga_scm_20181020_20200414_s20200325_v01.bc HTTP/1.1" 404 196
66.249.79.227 - - [30/May/2025:23:59:08 -0700] "GET /pub/naif/M01/misc/akonopliv/hga/m01_hga_2019-08-31.bc.raw HTTP/1.1" 200 40016
137.220.35.224 - - [30/May/2025:23:59:09 -0700] "HEAD /pub/naif/VEX/kernels/spk/former_versions/ORVV__091101000000_00274.BSP HTTP/1.1" 200 -
66.249.79.225 - - [30/May/2025:23:59:09 -0700] "GET /pub/naif/pds/pds4/maven/maven_spice/spice_kernels/ck/mvn_sc_rel_181029_181104_v01.bc HTTP/1.1" 200 23599104
205.198.68.91 - - [30/May/2025:23:59:09 -0700] "GET /pub/naif/generic_kernels/spk/planets/de421.bsp HTTP/1.1" 404 196
20.171.207.1 - - [30/May/2025:23:59:09 -0700] "GET /pub/naif/BEPICOLOMBO/kernels/bc_mpo_mga_scm_20181020_20200225_s20200109_v01.bc HTTP/1.1" 404 196
66.249.79.224 - - [30/May/2025:23:59:10 -0700] "GET /pub/naif/MEX/kernels/ck/former_versions/MEX_SA_2009_V0011.BC HTTP/1.1" 200 1314816
137.220.35.224 - - [30/May/2025:23:59:10 -0700] "HEAD /pub/naif/VEX/kernels/spk/former_versions/ORVV__091101000000_00276.BSP HTTP/1.1" 200 -
66.249.79.227 - - [30/May/2025:23:59:10 -0700] "GET /pub/naif/BEPICOLOMBO/kernels/mk/former_versions/bc_ops_v271_20210816_001.tm HTTP/1.1" 200 12381
20.171.207.1 - - [30/May/2025:23:59:11 -0700] "GET /pub/naif/BEPICOLOMBO/kernels/bc_mpo_sc_scm_20181020_20200413_s20200325_v02.bc HTTP/1.1" 404 196
205.198.68.91 - - [30/May/2025:23:59:11 -0700] "GET /pub/naif/generic_kernels/spk/planets/de421.bsp HTTP/1.1" 404 196
137.220.35.224 - - [30/May/2025:23:59:12 -0700] "HEAD /pub/naif/VEX/kernels/spk/former_versions/ORVV__091201000000_00274.BSP HTTP/1.1" 200 -
20.171.207.1 - - [30/May/2025:23:59:12 -0700] "GET /pub/naif/BEPICOLOMBO/kernels/bc_mpo_mga_scm_20181020_20200402_s20200325_v02.bc HTTP/1.1" 404 196
205.198.68.91 - - [30/May/2025:23:59:12 -0700] "GET /pub/naif/generic_kernels/spk/planets/de421.bsp HTTP/1.1" 404 196
137.220.35.224 - - [30/May/2025:23:59:13 -0700] "HEAD /pub/naif/VEX/kernels/spk/former_versions/ORVV__090701000000_00252.BSP HTTP/1.1" 200 -
20.171.207.1 - - [30/May/2025:23:59:14 -0700] "GET /pub/naif/BEPICOLOMBO/kernels/bc_mpo_mga_scm_20220101_20230101_s20221229_v01.bc HTTP/1.1" 404 196
205.198.68.91 - - [30/May/2025:23:59:15 -0700] "GET /pub/naif/generic_kernels/spk/planets/de421.bsp HTTP/1.1" 404 196
137.220.35.224 - - [30/May/2025:23:59:15 -0700] "HEAD /pub/naif/VEX/kernels/spk/former_versions/ORVV__091001000000_00269.BSP HTTP/1.1" 200 -
20.171.207.1 - - [30/May/2025:23:59:15 -0700] "GET /pub/naif/BEPICOLOMBO/kernels/bc_mpo_sa_scm_20181020_20200411_s20200325_v01.bc HTTP/1.1" 404 196
205.198.68.91 - - [30/May/2025:23:59:16 -0700] "GET /pub/naif/generic_kernels/spk/planets/de421.bsp HTTP/1.1" 404 196
20.171.207.1 - - [30/May/2025:23:59:16 -0700] "GET /pub/naif/BEPICOLOMBO/kernels/bc_mpo_sc_scm_20181020_20200319_s20200109_v03.bc HTTP/1.1" 404 196
137.220.35.224 - - [30/May/2025:23:59:17 -0700] "HEAD /pub/naif/VEX/kernels/spk/former_versions/ORVV__090701000000_00257.BSP HTTP/1.1" 200 -
66.249.79.226 - - [30/May/2025:23:59:17 -0700] "GET /pub/naif/M01/misc/akonopliv/hga/m01_hga_2004-05-17.bc.raw HTTP/1.1" 200 84792
20.171.207.1 - - [30/May/2025:23:59:19 -0700] "GET /pub/naif/BEPICOLOMBO/kernels/bc_mpo_sc_scm_20181020_20190731_s20190625_v01.bc HTTP/1.1" 404 196
137.220.35.224 - - [30/May/2025:23:59:19 -0700] "HEAD /pub/naif/VEX/kernels/spk/former_versions/ORVV__100301000000_00292.BSP HTTP/1.1" 200 -
205.198.68.91 - - [30/May/2025:23:59:19 -0700] "GET /pub/naif/generic_kernels/spk/planets/de421.bsp HTTP/1.1" 404 196
20.171.207.1 - - [30/May/2025:23:59:19 -0700] "GET /pub/naif/BEPICOLOMBO/kernels/bc_mpo_hga_scm_20181020_20190818_s20190924_v17.bc HTTP/1.1" 404 196
137.220.35.224 - - [30/May/2025:23:59:21 -0700] "HEAD /pub/naif/VEX/kernels/spk/former_versions/ORVV__101101000000_00329.BSP HTTP/1.1" 200 -
20.171.207.1 - - [30/May/2025:23:59:21 -0700] "GET /pub/naif/BEPICOLOMBO/kernels/bc_mpo_mga_scm_20200101_20201006_s20200929_v01.bc HTTP/1.1" 404 196
47.128.116.183 - - [30/May/2025:23:59:21 -0700] "GET /pub/naif/pds/pds4/vco/vco_spice/document/spiceds_v002.html HTTP/1.1" 200 37752
137.220.35.224 - - [30/May/2025:23:59:22 -0700] "HEAD /pub/naif/VEX/kernels/spk/former_versions/ORVV__091201000000_00276.BSP HTTP/1.1" 200 -
20.171.207.1 - - [30/May/2025:23:59:22 -0700] "GET /pub/naif/BEPICOLOMBO/kernels/bc_mpo_mga_scm_20181020_20190818_s20190924_v13.bc HTTP/1.1" 404 196
45.120.177.231 - - [30/May/2025:23:59:23 -0700] "GET /pub/naif/pds/data/dawn-m_a-spice-6-v1.0/dawnsp_1000/data/ck/dawn_sc_081027_081102.lbl HTTP/1.1" 200 1437
47.238.13.7 - - [30/May/2025:23:59:21 -0700] "GET /pub/naif/pds/data/mess-e_v_h-spice-6-v1.0/messsp_1000/data/spk/msgr_040803_141008_150328_od395sc_0.bsp HTTP/1.1" 200 417142784
137.220.35.224 - - [30/May/2025:23:59:24 -0700] "HEAD /pub/naif/VEX/kernels/spk/former_versions/ORVV__111101000000_00392.BSP HTTP/1.1" 200 -
20.171.207.1 - - [30/May/2025:23:59:24 -0700] "GET /pub/naif/BEPICOLOMBO/kernels/bc_mpo_mga_scm_20181020_20190616_s20190517_v01.bc HTTP/1.1" 404 196
20.171.207.1 - - [30/May/2025:23:59:25 -0700] "GET /pub/naif/BEPICOLOMBO/kernels/bc_mpo_sc_scm_20181020_20200409_s20200325_v01.bc HTTP/1.1" 404 196
137.220.35.224 - - [30/May/2025:23:59:25 -0700] "HEAD /pub/naif/VEX/kernels/spk/former_versions/ORVV__071201000000_00157.BSP HTTP/1.1" 200 -
66.249.79.238 - - [30/May/2025:23:59:26 -0700] "GET /pub/naif/MAVEN/kernels/ck/mvn_app_pred_250409_250426_wk543_544_v03.bc HTTP/1.1" 200 4553728
66.249.79.225 - - [30/May/2025:23:59:26 -0700] "GET /pub/naif/M01/misc/akonopliv/hga/m01_hga_2008-08-23.bc.raw HTTP/1.1" 200 81776
20.171.207.1 - - [30/May/2025:23:59:27 -0700] "GET /pub/naif/BEPICOLOMBO/kernels/bc_mpo_mga_scm_20181020_20190812_s20190625_v01.bc HTTP/1.1" 404 196
137.220.35.224 - - [30/May/2025:23:59:27 -0700] "HEAD /pub/naif/VEX/kernels/spk/former_versions/ORVV__080201000000_00166.BSP HTTP/1.1" 200 -
66.249.79.224 - - [30/May/2025:23:59:28 -0700] "GET /pub/naif/LADEE/kernels/sclk/aareadme.txt HTTP/1.1" 200 2511
140.177.0.33 - - [30/May/2025:23:59:28 -0700] "GET /pub/naif/generic_kernels/pck/earth_latest_high_prec.bpc HTTP/1.1" 200 4886528
20.171.207.1 - - [30/May/2025:23:59:28 -0700] "GET /pub/naif/BEPICOLOMBO/kernels/bc_mpo_sc_scm_20181020_20190911_s20190625_v01.bc HTTP/1.1" 404 196
137.220.35.224 - - [30/May/2025:23:59:29 -0700] "HEAD /pub/naif/VEX/kernels/spk/former_versions/ORVV__110601000000_00367.BSP HTTP/1.1" 200 -
20.171.207.1 - - [30/May/2025:23:59:30 -0700] "GET /pub/naif/BEPICOLOMBO/kernels/bc_mpo_sc_scc_20181020_20190812_s20190625_v01.bc HTTP/1.1" 404 196
137.220.35.224 - - [30/May/2025:23:59:30 -0700] "HEAD /pub/naif/VEX/kernels/spk/former_versions/ORVV__100201000000_00288.BSP HTTP/1.1" 200 -
20.171.207.1 - - [30/May/2025:23:59:31 -0700] "GET /pub/naif/BEPICOLOMBO/kernels/bc_mpo_sc_scc_20181020_20200316_s20200109_v01.bc HTTP/1.1" 404 196
47.128.115.89 - - [30/May/2025:23:59:31 -0700] "GET /pub/naif/pds/pds4/vco/vco_spice/document/spiceds_v002.html HTTP/1.1" 200 37752
205.198.68.91 - - [30/May/2025:23:59:32 -0700] "GET /pub/naif/generic_kernels/spk/planets/de421.bsp HTTP/1.1" 404 196
137.220.35.224 - - [30/May/2025:23:59:32 -0700] "HEAD /pub/naif/VEX/kernels/spk/former_versions/ORVV__120301000000_00411.BSP HTTP/1.1" 200 -
20.171.207.1 - - [30/May/2025:23:59:32 -0700] "GET /pub/naif/BEPICOLOMBO/kernels/bc_mpo_sc_scm_20181020_20200319_s20200109_v01.bc HTTP/1.1" 404 196
205.198.68.91 - - [30/May/2025:23:59:33 -0700] "GET /pub/naif/generic_kernels/spk/planets/de421.bsp HTTP/1.1" 404 196
137.220.35.224 - - [30/May/2025:23:59:33 -0700] "HEAD /pub/naif/VEX/kernels/spk/former_versions/ORVV__110701000000_00371.BSP HTTP/1.1" 200 -
20.171.207.1 - - [30/May/2025:23:59:34 -0700] "GET /pub/naif/BEPICOLOMBO/kernels/bc_mpo_hga_scm_20181020_20200213_s20200109_v01.bc HTTP/1.1" 404 196
66.249.79.238 - - [30/May/2025:23:59:35 -0700] "GET /pub/naif/M01/misc/akonopliv/hga/m01_hga_2009-09-28.bc.raw HTTP/1.1" 200 63100
137.220.35.224 - - [30/May/2025:23:59:35 -0700] "HEAD /pub/naif/VEX/kernels/spk/former_versions/ORHV_______________00003.BSP HTTP/1.1" 200 -
205.198.68.91 - - [30/May/2025:23:59:35 -0700] "GET /pub/naif/generic_kernels/spk/planets/de421.bsp HTTP/1.1" 404 196
20.171.207.1 - - [30/May/2025:23:59:35 -0700] "GET /pub/naif/BEPICOLOMBO/kernels/bc_mpo_hga_scm_20181020_20190818_s20190625_v23.bc HTTP/1.1" 404 196
170.246.62.202 - - [30/May/2025:23:59:35 -0700] "GET /pub/naif/EXOMARS2016/kernels/ck/em16_tgo_sa_ssm_20240101_20240106_s20240104_v01.bc HTTP/1.1" 200 715776
68.48.91.176 - - [30/May/2025:23:59:36 -0700] "GET /pub/naif/toolkit//FORTRAN/PC_Windows_IFORT_32bit/packages/README HTTP/1.1" 200 6825
137.220.35.224 - - [30/May/2025:23:59:36 -0700] "HEAD /pub/naif/VEX/kernels/spk/former_versions/ORVV__100101000000_00286.BSP HTTP/1.1" 200 -
20.171.207.1 - - [30/May/2025:23:59:37 -0700] "GET /pub/naif/BEPICOLOMBO/kernels/bc_mpo_sa_scm_20181020_20190903_s20190625_v01.bc HTTP/1.1" 404 196
205.198.68.91 - - [30/May/2025:23:59:37 -0700] "GET /pub/naif/generic_kernels/spk/planets/de421.bsp HTTP/1.1" 404 196
137.220.35.224 - - [30/May/2025:23:59:38 -0700] "HEAD /pub/naif/VEX/kernels/spk/former_versions/ORVV__080601000000_00183.BSP HTTP/1.1" 200 -
20.171.207.1 - - [30/May/2025:23:59:38 -0700] "GET /pub/naif/BEPICOLOMBO/kernels/bc_mpo_sa_scm_20181020_20190831_s20190625_v01.bc HTTP/1.1" 404 196
205.198.68.91 - - [30/May/2025:23:59:39 -0700] "GET /pub/naif/generic_kernels/spk/planets/de421.bsp HTTP/1.1" 404 196
137.220.35.224 - - [30/May/2025:23:59:40 -0700] "HEAD /pub/naif/VEX/kernels/spk/former_versions/ORVV__080101000000_00155.BSP HTTP/1.1" 200 -
20.171.207.1 - - [30/May/2025:23:59:40 -0700] "GET /pub/naif/BEPICOLOMBO/kernels/bc_mpo_sa_scm_20181020_20190709_s20190625_v02.bc HTTP/1.1" 404 196
205.198.68.91 - - [30/May/2025:23:59:41 -0700] "GET /pub/naif/generic_kernels/spk/planets/de421.bsp HTTP/1.1" 404 196
20.171.207.1 - - [30/May/2025:23:59:41 -0700] "GET /pub/naif/BEPICOLOMBO/kernels/bc_mpo_sa_scm_20181020_20200411_s20200325_v02.bc HTTP/1.1" 404 196
137.220.35.224 - - [30/May/2025:23:59:41 -0700] "HEAD /pub/naif/VEX/kernels/spk/former_versions/ORVV__110601000000_00371.BSP HTTP/1.1" 200 -
8.210.10.143 - - [30/May/2025:23:59:41 -0700] "GET /pub/naif/pds/data/mgs-m-spice-6-v1.0/mgsp_1000/data/ek/mgs_map_123a_04_u.bes HTTP/1.1" 200 7343104
20.171.207.1 - - [30/May/2025:23:59:43 -0700] "GET /pub/naif/BEPICOLOMBO/kernels/bc_mpo_mga_scm_20181020_20190804_s20190625_v01.bc HTTP/1.1" 404 196
137.220.35.224 - - [30/May/2025:23:59:43 -0700] "HEAD /pub/naif/VEX/kernels/spk/former_versions/ORHV_______________00018.BSP HTTP/1.1" 200 -
2.219.231.106 - - [30/May/2025:23:59:42 -0700] "GET /pub/naif/EXOMARS2016/kernels/ck/em16_tgo_sa_ssm_20240101_20240106_s20240104_v01.bc HTTP/1.1" 200 715776
66.249.79.238 - - [30/May/2025:23:59:43 -0700] "GET /pub/naif/M01/misc/akonopliv/hga/m01_hga_2004-08-20.bc.raw HTTP/1.1" 200 83980
205.198.68.91 - - [30/May/2025:23:59:44 -0700] "GET /pub/naif/generic_kernels/spk/planets/de421.bsp HTTP/1.1" 404 196
20.171.207.1 - - [30/May/2025:23:59:44 -0700] "GET /pub/naif/BEPICOLOMBO/kernels/bc_mpo_sc_scc_20181020_20200409_s20200325_v01.bc HTTP/1.1" 404 196
137.220.35.224 - - [30/May/2025:23:59:44 -0700] "HEAD /pub/naif/VEX/kernels/spk/former_versions/ORVV__100201000000_00283.BSP HTTP/1.1" 200 -
205.198.68.91 - - [30/May/2025:23:59:45 -0700] "GET /pub/naif/generic_kernels/spk/planets/de421.bsp HTTP/1.1" 404 196
20.171.207.1 - - [30/May/2025:23:59:45 -0700] "GET /pub/naif/BEPICOLOMBO/kernels/bc_mpo_sa_scm_20181020_20200409_s20200325_v01.bc HTTP/1.1" 404 196
137.220.35.224 - - [30/May/2025:23:59:46 -0700] "HEAD /pub/naif/VEX/kernels/spk/former_versions/ORVV__111001000000_00390.BSP HTTP/1.1" 200 -
20.171.207.1 - - [30/May/2025:23:59:47 -0700] "GET /pub/naif/BEPICOLOMBO/kernels/bc_mpo_sa_scm_20181020_20190602_s20190517_v01.bc HTTP/1.1" 404 196
205.198.68.91 - - [30/May/2025:23:59:47 -0700] "GET /pub/naif/generic_kernels/spk/planets/de421.bsp HTTP/1.1" 404 196
137.220.35.224 - - [30/May/2025:23:59:48 -0700] "HEAD /pub/naif/VEX/kernels/spk/former_versions/ORVV__080901000000_00197.BSP HTTP/1.1" 200 -
20.171.207.1 - - [30/May/2025:23:59:48 -0700] "GET /pub/naif/BEPICOLOMBO/kernels/bc_mpo_mga_scm_20181020_20190818_s20190625_v07.bc HTTP/1.1" 404 196
66.249.79.227 - - [30/May/2025:23:59:48 -0700] "GET /pub/naif/MEX/kernels/ck/former_versions/ATNM_FDRMCS_DAP060401000000_01294.BC HTTP/1.1" 200 72468480
137.220.35.224 - - [30/May/2025:23:59:49 -0700] "HEAD /pub/naif/VEX/kernels/spk/former_versions/ORVV__120301000000_00417.BSP HTTP/1.1" 200 -
205.198.68.91 - - [30/May/2025:23:59:50 -0700] "GET /pub/naif/generic_kernels/spk/planets/de421.bsp HTTP/1.1" 404 196
20.171.207.1 - - [30/May/2025:23:59:50 -0700] "GET /pub/naif/BEPICOLOMBO/kernels/bc_mpo_hga_scm_20181020_20190818_s20190924_v04.bc HTTP/1.1" 404 196
137.220.35.224 - - [30/May/2025:23:59:51 -0700] "HEAD /pub/naif/VEX/kernels/spk/former_versions/ORVV__100301000000_00288.BSP HTTP/1.1" 200 -
20.171.207.1 - - [30/May/2025:23:59:51 -0700] "GET /pub/naif/BEPICOLOMBO/kernels/bc_mpo_hga_scm_20181020_20200413_s20200325_v02.bc HTTP/1.1" 404 196
140.177.0.33 - - [30/May/2025:23:59:51 -0700] "GET /pub/naif/generic_kernels/pck/earth_latest_high_prec.bpc HTTP/1.1" 200 4886528
137.220.35.224 - - [30/May/2025:23:59:52 -0700] "HEAD /pub/naif/VEX/kernels/spk/former_versions/ORVV__111101000000_00390.BSP HTTP/1.1" 200 -
205.198.68.91 - - [30/May/2025:23:59:53 -0700] "GET /pub/naif/generic_kernels/spk/planets/de421.bsp HTTP/1.1" 404 196
20.171.207.1 - - [30/May/2025:23:59:53 -0700] "GET /pub/naif/BEPICOLOMBO/kernels/bc_mpo_mga_scm_20181020_20200401_s20200325_v01.bc HTTP/1.1" 404 196
137.220.35.224 - - [30/May/2025:23:59:54 -0700] "HEAD /pub/naif/VEX/kernels/spk/former_versions/ORVV__110401000000_00360.BSP HTTP/1.1" 200 -
20.171.207.1 - - [30/May/2025:23:59:54 -0700] "GET /pub/naif/BEPICOLOMBO/kernels/bc_mpo_sc_scc_20181020_20190709_s20190625_v01.bc HTTP/1.1" 404 196
137.220.35.224 - - [30/May/2025:23:59:55 -0700] "HEAD /pub/naif/VEX/kernels/spk/former_versions/ORVV__120301000000_00415.BSP HTTP/1.1" 200 -
20.171.207.1 - - [30/May/2025:23:59:56 -0700] "GET /pub/naif/BEPICOLOMBO/kernels/bc_mpo_sa_scm_20181020_20200412_s20200325_v01.bc HTTP/1.1" 404 196
47.243.178.179 - - [30/May/2025:23:59:54 -0700] "GET /pub/naif/pds/pds4/orex/orex_spice/spice_kernels/spk/orx_200401_200418_200418_od242_v2.bsp HTTP/1.1" 200 9092096
43.250.80.66 - - [30/May/2025:23:59:55 -0700] "GET /pub/naif/CASSINI/kernels/spk/170216AP_SCPSE_17046_17116.bsp HTTP/1.1" 200 10935296
137.220.35.224 - - [30/May/2025:23:59:57 -0700] "HEAD /pub/naif/VEX/kernels/spk/former_versions/ORVV__110401000000_00357.BSP HTTP/1.1" 200 -
20.171.207.1 - - [30/May/2025:23:59:57 -0700] "GET /pub/naif/BEPICOLOMBO/kernels/bc_mpo_sa_scm_20181020_20200316_s20200109_v01.bc HTTP/1.1" 404 196
20.171.207.1 - - [30/May/2025:23:59:59 -0700] "GET /pub/naif/BEPICOLOMBO/kernels/bc_mpo_hga_scm_20181020_20200415_s20200325_v01.bc HTTP/1.1" 404 196
137.220.35.224 - - [30/May/2025:23:59:59 -0700] "HEAD /pub/naif/VEX/kernels/spk/former_versions/ORVV__080201000000_00165.BSP HTTP/1.1" 200 -
66.249.79.227 - - [31/May/2025:00:00:00 -0700] "GET /pub/naif/M01/misc/akonopliv/hga/m01_hga_2021-02-09.bc.raw HTTP/1.1" 200 68088
20.171.207.1 - - [31/May/2025:00:00:00 -0700] "GET /pub/naif/BEPICOLOMBO/kernels/bc_mpo_sa_scm_20181020_20200414_s20200325_v02.bc HTTP/1.1" 404 196
137.220.35.224 - - [31/May/2025:00:00:00 -0700] "HEAD /pub/naif/VEX/kernels/spk/former_versions/ORVV__110501000000_00362.BSP HTTP/1.1" 200 -
213.180.203.166 - - [31/May/2025:00:00:01 -0700] "GET /pub/naif/MSL/kernels/spk/ HTTP/1.1" 200 26129
142.93.197.190 - - [31/May/2025:00:00:01 -0700] "HEAD /pub/naif/generic_kernels/pck/earth_latest_high_prec.bpc HTTP/1.1" 200 -
168.149.137.27 - - [31/May/2025:00:00:01 -0700] "GET /pub/naif/generic_kernels/lsk/latest_leapseconds.tls HTTP/1.1" 200 5257
20.171.207.1 - - [31/May/2025:00:00:02 -0700] "GET /pub/naif/BEPICOLOMBO/kernels/bc_mpo_mga_scm_20181020_20190603_s20190517_v01.bc HTTP/1.1" 404 196
137.78.240.75 - - [31/May/2025:00:00:02 -0700] "GET /pub/naif/MRO/kernels HTTP/1.1" 301 255
137.78.240.75 - - [31/May/2025:00:00:02 -0700] "GET /pub/naif/MRO/kernels/ HTTP/1.1" 200 12863
137.78.240.75 - - [31/May/2025:00:00:02 -0700] "GET /pub/naif/MRO/kernels/?C=N;O=D HTTP/1.1" 200 12863
137.78.240.75 - - [31/May/2025:00:00:02 -0700] "GET /pub/naif/MRO/kernels/?C=M;O=A HTTP/1.1" 200 12863
137.78.240.75 - - [31/May/2025:00:00:02 -0700] "GET /pub/naif/MRO/kernels/?C=S;O=A HTTP/1.1" 200 12863
137.78.240.75 - - [31/May/2025:00:00:02 -0700] "GET /pub/naif/MRO/kernels/aareadme.txt HTTP/1.1" 304 -
137.220.35.224 - - [31/May/2025:00:00:02 -0700] "HEAD /pub/naif/VEX/kernels/spk/former_versions/ORHV_______________00007.BSP HTTP/1.1" 200 -
207.46.13.116 - - [31/May/2025:00:00:01 -0700] "GET /pub/naif/JUNO/kernels/ck/?C=N;O=D HTTP/1.1" 200 250945
20.171.207.1 - - [31/May/2025:00:00:03 -0700] "GET /pub/naif/BEPICOLOMBO/kernels/bc_mpo_sa_scm_20181020_20200318_s20200109_v02.bc HTTP/1.1" 404 196
137.220.35.224 - - [31/May/2025:00:00:03 -0700] "HEAD /pub/naif/VEX/kernels/spk/former_versions/ORVV__111201000000_00396.BSP HTTP/1.1" 200 -
20.171.207.1 - - [31/May/2025:00:00:04 -0700] "GET /pub/naif/BEPICOLOMBO/kernels/bc_mpo_hga_scm_20181020_20190818_s20190625_v03.bc HTTP/1.1" 404 196
137.220.35.224 - - [31/May/2025:00:00:05 -0700] "HEAD /pub/naif/VEX/kernels/spk/former_versions/ORVV__100101000000_00284.BSP HTTP/1.1" 200 -
207.126.104.60 - - [31/May/2025:00:00:01 -0700] "GET /pub/naif/LUCY/kernels/ck/ HTTP/1.1" 200 864609
20.171.207.1 - - [31/May/2025:00:00:06 -0700] "GET /pub/naif/BEPICOLOMBO/kernels/bc_mpo_hga_scm_20181020_20190804_s20190625_v01.bc HTTP/1.1" 404 196
205.198.68.91 - - [31/May/2025:00:00:06 -0700] "GET /pub/naif/generic_kernels/spk/planets/de421.bsp HTTP/1.1" 404 196
137.78.240.75 - - [31/May/2025:00:00:02 -0700] "GET /pub/naif/MRO/kernels/ck/ HTTP/1.1" 200 1013371
137.220.35.224 - - [31/May/2025:00:00:07 -0700] "HEAD /pub/naif/VEX/kernels/spk/former_versions/ORVV__110501000000_00360.BSP HTTP/1.1" 200 -
20.171.207.1 - - [31/May/2025:00:00:07 -0700] "GET /pub/naif/BEPICOLOMBO/kernels/bc_mpo_sa_scm_20181020_20190624_s20190517_v01.bc HTTP/1.1" 404 196
205.198.68.91 - - [31/May/2025:00:00:08 -0700] "GET /pub/naif/generic_kernels/spk/planets/de421.bsp HTTP/1.1" 404 196
70.191.145.157 - - [31/May/2025:00:00:06 -0700] "GET /pub/naif/LUCY/kernels/ck/ HTTP/1.1" 200 864609
31.151.13.253 - - [31/May/2025:00:00:08 -0700] "HEAD /pub/naif/MSL/kernels/spk/msl_surf_rover_tlm.bsp HTTP/1.1" 200 -
8.210.230.104 - - [31/May/2025:00:00:08 -0700] "GET /pub/naif/pds/pds4/insight/insight_spice/miscellaneous/checksum/checksum_v010.tab HTTP/1.1" 200 18600
137.78.240.75 - - [31/May/2025:00:00:08 -0700] "GET /pub/naif/MRO/kernels/ek/ HTTP/1.1" 200 11997
137.78.240.75 - - [31/May/2025:00:00:08 -0700] "GET /pub/naif/MRO/kernels/fk/ HTTP/1.1" 200 13365
137.78.240.75 - - [31/May/2025:00:00:08 -0700] "GET /pub/naif/MRO/kernels/ik/ HTTP/1.1" 200 13075
137.78.240.75 - - [31/May/2025:00:00:08 -0700] "GET /pub/naif/MRO/kernels/lsk/ HTTP/1.1" 200 12694
137.78.240.75 - - [31/May/2025:00:00:08 -0700] "GET /pub/naif/MRO/kernels/pck/ HTTP/1.1" 200 12114
137.220.35.224 - - [31/May/2025:00:00:08 -0700] "HEAD /pub/naif/VEX/kernels/spk/former_versions/ORVV__100801000000_00313.BSP HTTP/1.1" 200 -
137.78.240.75 - - [31/May/2025:00:00:08 -0700] "GET /pub/naif/MRO/kernels/sclk/ HTTP/1.1" 200 42030
137.78.240.75 - - [31/May/2025:00:00:08 -0700] "GET /pub/naif/MRO/kernels/spk/ HTTP/1.1" 200 92602
207.126.104.60 - - [31/May/2025:00:00:06 -0700] "GET /pub/naif/LUCY/kernels/ck/?C=N;O=D HTTP/1.1" 200 864609
137.78.240.75 - - [31/May/2025:00:00:09 -0700] "GET /pub/naif/MRO/kernels/?C=N;O=A HTTP/1.1" 200 12863
31.151.13.253 - - [31/May/2025:00:00:09 -0700] "HEAD /pub/naif/MARS2020/kernels/spk/m2020_surf_rover_loc.bsp HTTP/1.1" 200 -
137.78.240.75 - - [31/May/2025:00:00:09 -0700] "GET /pub/naif/MRO/kernels/?C=M;O=D HTTP/1.1" 200 12863
137.78.240.75 - - [31/May/2025:00:00:09 -0700] "GET /pub/naif/MRO/kernels/?C=S;O=D HTTP/1.1" 200 12863
20.171.207.1 - - [31/May/2025:00:00:09 -0700] "GET /pub/naif/BEPICOLOMBO/kernels/bc_mpo_mga_scm_20181020_20200216_s20200109_v01.bc HTTP/1.1" 404 196
31.151.13.253 - - [31/May/2025:00:00:09 -0700] "HEAD /pub/naif/MSL/kernels/ck/msl_surf_rsm_tlmres_spanned.bc HTTP/1.1" 200 -
137.220.35.224 - - [31/May/2025:00:00:10 -0700] "HEAD /pub/naif/VEX/kernels/spk/former_versions/ORVV__110701000000_00372.BSP HTTP/1.1" 200 -
205.198.68.91 - - [31/May/2025:00:00:10 -0700] "GET /pub/naif/generic_kernels/spk/planets/de421.bsp HTTP/1.1" 404 196
70.191.145.157 - - [31/May/2025:00:00:08 -0700] "GET /pub/naif/LUCY/kernels/ck/?C=N;O=D HTTP/1.1" 200 864609
20.171.207.1 - - [31/May/2025:00:00:10 -0700] "GET /pub/naif/BEPICOLOMBO/kernels/bc_mpo_hga_scm_20181020_20190101_s20201020_v02.bc HTTP/1.1" 404 196
207.126.104.60 - - [31/May/2025:00:00:09 -0700] "GET /pub/naif/LUCY/kernels/ck/?C=M;O=A HTTP/1.1" 200 864609
137.78.240.75 - - [31/May/2025:00:00:09 -0700] "GET /pub/naif/MRO/kernels/ck/?C=N;O=D HTTP/1.1" 200 1013371
137.220.35.224 - - [31/May/2025:00:00:11 -0700] "HEAD /pub/naif/VEX/kernels/spk/former_versions/ORVV__110201000000_00348.BSP HTTP/1.1" 200 -
20.171.207.1 - - [31/May/2025:00:00:12 -0700] "GET /pub/naif/BEPICOLOMBO/kernels/bc_mpo_hga_scm_20181020_20200413_s20200325_v04.bc HTTP/1.1" 404 196
205.198.68.91 - - [31/May/2025:00:00:12 -0700] "GET /pub/naif/generic_kernels/spk/planets/de421.bsp HTTP/1.1" 404 196
70.191.145.157 - - [31/May/2025:00:00:11 -0700] "GET /pub/naif/LUCY/kernels/ck/?C=M;O=A HTTP/1.1" 200 864609
137.220.35.224 - - [31/May/2025:00:00:13 -0700] "HEAD /pub/naif/VEX/kernels/spk/former_versions/ORVV__111201000000_00395.BSP HTTP/1.1" 200 -
45.182.62.24 - - [31/May/2025:00:00:03 -0700] "GET /pub/naif/MEX/kernels/pck/former_versions/EARTH_000101_200615_200324.BPC HTTP/1.1" 200 3900416
20.171.207.1 - - [31/May/2025:00:00:13 -0700] "GET /pub/naif/BEPICOLOMBO/kernels/bc_mpo_mga_scm_20181020_20190618_s20190517_v01.bc HTTP/1.1" 404 196
137.78.240.75 - - [31/May/2025:00:00:11 -0700] "GET /pub/naif/MRO/kernels/ck/?C=M;O=A HTTP/1.1" 200 1013371
207.126.104.60 - - [31/May/2025:00:00:12 -0700] "GET /pub/naif/LUCY/kernels/ck/?C=S;O=A HTTP/1.1" 200 864609
205.198.68.91 - - [31/May/2025:00:00:14 -0700] "GET /pub/naif/generic_kernels/spk/planets/de421.bsp HTTP/1.1" 404 196
137.220.35.224 - - [31/May/2025:00:00:14 -0700] "HEAD /pub/naif/VEX/kernels/spk/former_versions/DE405S.BSP HTTP/1.1" 200 -
207.126.104.60 - - [31/May/2025:00:00:15 -0700] "HEAD /pub/naif/LUCY/kernels/ck/lcy_ipp_p_20220302_20220302_yz0001a_odXXX_v00.bc HTTP/1.1" 200 -
207.126.104.60 - - [31/May/2025:00:00:15 -0700] "HEAD /pub/naif/LUCY/kernels/ck/lcy_ipp_p_20220309_20220406_yb0007a_odXXX_v00.bc HTTP/1.1" 200 -
20.171.207.1 - - [31/May/2025:00:00:15 -0700] "GET /pub/naif/BEPICOLOMBO/kernels/bc_mpo_mga_scm_20181020_20200412_s20200325_v01.bc HTTP/1.1" 404 196
207.126.104.60 - - [31/May/2025:00:00:15 -0700] "HEAD /pub/naif/LUCY/kernels/ck/lcy_ipp_p_20220309_20220406_yb0007b_desat_modeled_od006_v00.bc HTTP/1.1" 200 -
207.126.104.60 - - [31/May/2025:00:00:15 -0700] "HEAD /pub/naif/LUCY/kernels/ck/lcy_ipp_p_20220515_20220517_lp7mo_cal_prelim_od006_v01.bc HTTP/1.1" 200 -
207.126.104.60 - - [31/May/2025:00:00:15 -0700] "HEAD /pub/naif/LUCY/kernels/ck/lcy_ipp_p_20220515_20220517_lp7mo_cal_prelim_odXXX_v00.bc HTTP/1.1" 200 -
70.191.145.157 - - [31/May/2025:00:00:13 -0700] "GET /pub/naif/LUCY/kernels/ck/?C=S;O=A HTTP/1.1" 200 864609
207.126.104.60 - - [31/May/2025:00:00:15 -0700] "HEAD /pub/naif/LUCY/kernels/ck/lcy_ipp_p_211101_211117_yb0002d_odXXX_v00.bc HTTP/1.1" 200 -
207.126.104.60 - - [31/May/2025:00:00:15 -0700] "HEAD /pub/naif/LUCY/kernels/ck/lcy_ipp_p_211117_211215_yb0003a_odXXX_v01.bc HTTP/1.1" 200 -
207.126.104.60 - - [31/May/2025:00:00:15 -0700] "HEAD /pub/naif/LUCY/kernels/ck/lcy_ipp_p_211215_220112_yb0004a_odXXX_v00.bc HTTP/1.1" 200 -
207.126.104.60 - - [31/May/2025:00:00:15 -0700] "HEAD /pub/naif/LUCY/kernels/ck/lcy_ipp_p_220112_220209_yb0005_desat_model_odXXX_v00.bc HTTP/1.1" 200 -
207.126.104.60 - - [31/May/2025:00:00:15 -0700] "HEAD /pub/naif/LUCY/kernels/ck/lcy_ipp_p_220113_220115_thruster_cal_eng_seq_odXXX_v01.bc HTTP/1.1" 200 -
207.126.104.60 - - [31/May/2025:00:00:15 -0700] "HEAD /pub/naif/LUCY/kernels/ck/lcy_ipp_p_220114_220115_thruster_cal_eng_seq_odXXX_v00.bc HTTP/1.1" 200 -
207.126.104.60 - - [31/May/2025:00:00:15 -0700] "HEAD /pub/naif/LUCY/kernels/ck/lcy_ipp_p_220209_220309_yb0006a_odXXX_v00.bc HTTP/1.1" 200 -
207.126.104.60 - - [31/May/2025:00:00:15 -0700] "HEAD /pub/naif/LUCY/kernels/ck/lcy_ipp_p_220214_220214_lplus120d_prelim_odXXX_v00.bc HTTP/1.1" 200 -
207.126.104.60 - - [31/May/2025:00:00:15 -0700] "HEAD /pub/naif/LUCY/kernels/ck/lcy_ipp_p_220406_220504_yb0008b_od006_v01.bc HTTP/1.1" 200 -
207.126.104.60 - - [31/May/2025:00:00:15 -0700] "HEAD /pub/naif/LUCY/kernels/ck/lcy_ipp_p_220504_220601_yb0009b_l7mo_od006_v01.bc HTTP/1.1" 200 -
70.191.145.157 - - [31/May/2025:00:00:15 -0700] "HEAD /pub/naif/LUCY/kernels/ck/lcy_ipp_p_20220302_20220302_yz0001a_odXXX_v00.bc HTTP/1.1" 200 -
207.126.104.60 - - [31/May/2025:00:00:15 -0700] "HEAD /pub/naif/LUCY/kernels/ck/lcy_ipp_p_220601_220628_yb0010a_od006_v01.bc HTTP/1.1" 200 -
70.191.145.157 - - [31/May/2025:00:00:15 -0700] "HEAD /pub/naif/LUCY/kernels/ck/lcy_ipp_p_20220309_20220406_yb0007a_odXXX_v00.bc HTTP/1.1" 200 -
70.191.145.157 - - [31/May/2025:00:00:15 -0700] "HEAD /pub/naif/LUCY/kernels/ck/lcy_ipp_p_20220309_20220406_yb0007b_desat_modeled_od006_v00.bc HTTP/1.1" 200 -
70.191.145.157 - - [31/May/2025:00:00:15 -0700] "HEAD /pub/naif/LUCY/kernels/ck/lcy_ipp_p_20220515_20220517_lp7mo_cal_prelim_od006_v01.bc HTTP/1.1" 200 -
207.126.104.60 - - [31/May/2025:00:00:15 -0700] "HEAD /pub/naif/LUCY/kernels/ck/lcy_ipp_p_220601_220629_yb0010a_od006_v01.bc HTTP/1.1" 200 -
70.191.145.157 - - [31/May/2025:00:00:15 -0700] "HEAD /pub/naif/LUCY/kernels/ck/lcy_ipp_p_20220515_20220517_lp7mo_cal_prelim_odXXX_v00.bc HTTP/1.1" 200 -
70.191.145.157 - - [31/May/2025:00:00:15 -0700] "HEAD /pub/naif/LUCY/kernels/ck/lcy_ipp_p_211101_211117_yb0002d_odXXX_v00.bc HTTP/1.1" 200 -
207.126.104.60 - - [31/May/2025:00:00:15 -0700] "HEAD /pub/naif/LUCY/kernels/ck/lcy_ipp_p_220601_220629_yb0010c_od010_v01.bc HTTP/1.1" 200 -
70.191.145.157 - - [31/May/2025:00:00:15 -0700] "HEAD /pub/naif/LUCY/kernels/ck/lcy_ipp_p_211117_211215_yb0003a_odXXX_v01.bc HTTP/1.1" 200 -
70.191.145.157 - - [31/May/2025:00:00:15 -0700] "HEAD /pub/naif/LUCY/kernels/ck/lcy_ipp_p_211215_220112_yb0004a_odXXX_v00.bc HTTP/1.1" 200 -
70.191.145.157 - - [31/May/2025:00:00:15 -0700] "HEAD /pub/naif/LUCY/kernels/ck/lcy_ipp_p_220112_220209_yb0005_desat_model_odXXX_v00.bc HTTP/1.1" 200 -
207.126.104.60 - - [31/May/2025:00:00:15 -0700] "HEAD /pub/naif/LUCY/kernels/ck/lcy_ipp_p_220621_220621_yz0003a_od015_v01.bc HTTP/1.1" 200 -
70.191.145.157 - - [31/May/2025:00:00:15 -0700] "HEAD /pub/naif/LUCY/kernels/ck/lcy_ipp_p_220113_220115_thruster_cal_eng_seq_odXXX_v01.bc HTTP/1.1" 200 -
70.191.145.157 - - [31/May/2025:00:00:16 -0700] "HEAD /pub/naif/LUCY/kernels/ck/lcy_ipp_p_220114_220115_thruster_cal_eng_seq_odXXX_v00.bc HTTP/1.1" 200 -
70.191.145.157 - - [31/May/2025:00:00:16 -0700] "HEAD /pub/naif/LUCY/kernels/ck/lcy_ipp_p_220209_220309_yb0006a_odXXX_v00.bc HTTP/1.1" 200 -
207.126.104.60 - - [31/May/2025:00:00:16 -0700] "HEAD /pub/naif/LUCY/kernels/ck/lcy_ipp_p_220621_220621_yz0003a_od016_v01.bc HTTP/1.1" 200 -
70.191.145.157 - - [31/May/2025:00:00:16 -0700] "HEAD /pub/naif/LUCY/kernels/ck/lcy_ipp_p_220214_220214_lplus120d_prelim_odXXX_v00.bc HTTP/1.1" 200 -
70.191.145.157 - - [31/May/2025:00:00:16 -0700] "HEAD /pub/naif/LUCY/kernels/ck/lcy_ipp_p_220406_220504_yb0008b_od006_v01.bc HTTP/1.1" 200 -
70.191.145.157 - - [31/May/2025:00:00:16 -0700] "HEAD /pub/naif/LUCY/kernels/ck/lcy_ipp_p_220504_220601_yb0009b_l7mo_od006_v01.bc HTTP/1.1" 200 -
207.126.104.60 - - [31/May/2025:00:00:16 -0700] "HEAD /pub/naif/LUCY/kernels/ck/lcy_ipp_p_220629_220727_yb0011a_od010_v01.bc HTTP/1.1" 200 -
70.191.145.157 - - [31/May/2025:00:00:16 -0700] "HEAD /pub/naif/LUCY/kernels/ck/lcy_ipp_p_220601_220628_yb0010a_od006_v01.bc HTTP/1.1" 200 -
70.191.145.157 - - [31/May/2025:00:00:16 -0700] "HEAD /pub/naif/LUCY/kernels/ck/lcy_ipp_p_220601_220629_yb0010a_od006_v01.bc HTTP/1.1" 200 -
70.191.145.157 - - [31/May/2025:00:00:16 -0700] "HEAD /pub/naif/LUCY/kernels/ck/lcy_ipp_p_220601_220629_yb0010c_od010_v01.bc HTTP/1.1" 200 -
207.126.104.60 - - [31/May/2025:00:00:16 -0700] "HEAD /pub/naif/LUCY/kernels/ck/lcy_ipp_p_220727_220824_yb0012b_od016_v01.bc HTTP/1.1" 200 -
70.191.145.157 - - [31/May/2025:00:00:16 -0700] "HEAD /pub/naif/LUCY/kernels/ck/lcy_ipp_p_220621_220621_yz0003a_od015_v01.bc HTTP/1.1" 200 -
70.191.145.157 - - [31/May/2025:00:00:16 -0700] "HEAD /pub/naif/LUCY/kernels/ck/lcy_ipp_p_220621_220621_yz0003a_od016_v01.bc HTTP/1.1" 200 -
70.191.145.157 - - [31/May/2025:00:00:16 -0700] "HEAD /pub/naif/LUCY/kernels/ck/lcy_ipp_p_220629_220727_yb0011a_od010_v01.bc HTTP/1.1" 200 -
207.126.104.60 - - [31/May/2025:00:00:16 -0700] "HEAD /pub/naif/LUCY/kernels/ck/lcy_ipp_p_220824_220921_yb0013a_od016_v01.bc HTTP/1.1" 200 -
70.191.145.157 - - [31/May/2025:00:00:16 -0700] "HEAD /pub/naif/LUCY/kernels/ck/lcy_ipp_p_220727_220824_yb0012b_od016_v01.bc HTTP/1.1" 200 -
70.191.145.157 - - [31/May/2025:00:00:16 -0700] "HEAD /pub/naif/LUCY/kernels/ck/lcy_ipp_p_220824_220921_yb0013a_od016_v01.bc HTTP/1.1" 200 -
207.126.104.60 - - [31/May/2025:00:00:16 -0700] "HEAD /pub/naif/LUCY/kernels/ck/lcy_ipp_p_220921_221019_yb0014a_intergrated_od016_v01.bc HTTP/1.1" 200 -
70.191.145.157 - - [31/May/2025:00:00:16 -0700] "HEAD /pub/naif/LUCY/kernels/ck/lcy_ipp_p_220921_221019_yb0014a_intergrated_od016_v01.bc HTTP/1.1" 200 -
70.191.145.157 - - [31/May/2025:00:00:16 -0700] "HEAD /pub/naif/LUCY/kernels/ck/lcy_ipp_p_220921_221019_yb0014b_integrated_od016_v01.bc HTTP/1.1" 200 -
70.191.145.157 - - [31/May/2025:00:00:16 -0700] "HEAD /pub/naif/LUCY/kernels/ck/lcy_ipp_p_220925_220928_dart_eng_od010_v01.bc HTTP/1.1" 200 -
207.126.104.60 - - [31/May/2025:00:00:16 -0700] "HEAD /pub/naif/LUCY/kernels/ck/lcy_ipp_p_220921_221019_yb0014b_integrated_od016_v01.bc HTTP/1.1" 200 -
70.191.145.157 - - [31/May/2025:00:00:16 -0700] "HEAD /pub/naif/LUCY/kernels/ck/lcy_ipp_p_220925_220929_dart_pass1_od016_v01.bc HTTP/1.1" 200 -
70.191.145.157 - - [31/May/2025:00:00:16 -0700] "HEAD /pub/naif/LUCY/kernels/ck/lcy_ipp_p_220926_220929_dart_pass2_od016_v01.bc HTTP/1.1" 200 -
70.191.145.157 - - [31/May/2025:00:00:16 -0700] "HEAD /pub/naif/LUCY/kernels/ck/lcy_ipp_p_221012_221019_ega1_eng_od006_v01.bc HTTP/1.1" 200 -
207.126.104.60 - - [31/May/2025:00:00:16 -0700] "HEAD /pub/naif/LUCY/kernels/ck/lcy_ipp_p_220925_220928_dart_eng_od010_v01.bc HTTP/1.1" 200 -
70.191.145.157 - - [31/May/2025:00:00:16 -0700] "HEAD /pub/naif/LUCY/kernels/ck/lcy_ipp_p_221012_221019_ega1_eng_od010_v01.bc HTTP/1.1" 200 -
70.191.145.157 - - [31/May/2025:00:00:16 -0700] "HEAD /pub/naif/LUCY/kernels/ck/lcy_ipp_p_221012_221021_ega1_pass1_od016_v01.bc HTTP/1.1" 200 -
70.191.145.157 - - [31/May/2025:00:00:16 -0700] "HEAD /pub/naif/LUCY/kernels/ck/lcy_ipp_p_221012_221021_ega1_pass2_od016_v01.bc HTTP/1.1" 200 -
207.126.104.60 - - [31/May/2025:00:00:16 -0700] "HEAD /pub/naif/LUCY/kernels/ck/lcy_ipp_p_220925_220929_dart_pass1_od016_v01.bc HTTP/1.1" 200 -
70.191.145.157 - - [31/May/2025:00:00:16 -0700] "HEAD /pub/naif/LUCY/kernels/ck/lcy_ipp_p_221015_221015_tcm06a_od020_v01.bc HTTP/1.1" 200 -
70.191.145.157 - - [31/May/2025:00:00:16 -0700] "HEAD /pub/naif/LUCY/kernels/ck/lcy_ipp_p_221015_221015_tcm06b_od020_v01.bc HTTP/1.1" 200 -
70.191.145.157 - - [31/May/2025:00:00:16 -0700] "HEAD /pub/naif/LUCY/kernels/ck/lcy_ipp_p_221019_221117_yb0015b_desat_od016_v01.bc HTTP/1.1" 200 -
207.126.104.60 - - [31/May/2025:00:00:16 -0700] "HEAD /pub/naif/LUCY/kernels/ck/lcy_ipp_p_220926_220929_dart_pass2_od016_v01.bc HTTP/1.1" 200 -
70.191.145.157 - - [31/May/2025:00:00:16 -0700] "HEAD /pub/naif/LUCY/kernels/ck/lcy_ipp_p_221107_221108_rda3_od016_v01.bc HTTP/1.1" 200 -
70.191.145.157 - - [31/May/2025:00:00:16 -0700] "HEAD /pub/naif/LUCY/kernels/ck/lcy_ipp_p_221116_221215_yb0016a_od016_v01.bc HTTP/1.1" 200 -
168.149.137.5 - - [31/May/2025:00:00:16 -0700] "GET /pub/naif/generic_kernels/pck/earth_latest_high_prec.bpc HTTP/1.1" 200 4886528
207.126.104.60 - - [31/May/2025:00:00:16 -0700] "HEAD /pub/naif/LUCY/kernels/ck/lcy_ipp_p_221012_221019_ega1_eng_od006_v01.bc HTTP/1.1" 200 -
70.191.145.157 - - [31/May/2025:00:00:16 -0700] "HEAD /pub/naif/LUCY/kernels/ck/lcy_ipp_p_221116_221215_yb0016b_od016_v01.bc HTTP/1.1" 200 -
70.191.145.157 - - [31/May/2025:00:00:16 -0700] "HEAD /pub/naif/LUCY/kernels/ck/lcy_ipp_p_221116_221215_yb0016b_od016_v02.bc HTTP/1.1" 200 -
70.191.145.157 - - [31/May/2025:00:00:16 -0700] "HEAD /pub/naif/LUCY/kernels/ck/lcy_ipp_p_221214_230111_yb0017a_ese_od016_v01.bc HTTP/1.1" 200 -
207.126.104.60 - - [31/May/2025:00:00:16 -0700] "HEAD /pub/naif/LUCY/kernels/ck/lcy_ipp_p_221012_221019_ega1_eng_od010_v01.bc HTTP/1.1" 200 -
70.191.145.157 - - [31/May/2025:00:00:16 -0700] "HEAD /pub/naif/LUCY/kernels/ck/lcy_ipp_p_221215_221215_rda3_end_window_od016_v01.bc HTTP/1.1" 200 -
70.191.145.157 - - [31/May/2025:00:00:16 -0700] "HEAD /pub/naif/LUCY/kernels/ck/lcy_ipp_p_230111_230208_yb0018a_od016_v01.bc HTTP/1.1" 200 -
137.220.35.224 - - [31/May/2025:00:00:16 -0700] "HEAD /pub/naif/VEX/kernels/spk/former_versions/ORVF_______________00001.BSP HTTP/1.1" 200 -
70.191.145.157 - - [31/May/2025:00:00:16 -0700] "HEAD /pub/naif/LUCY/kernels/ck/lcy_ipp_p_230126_230127_tcm_char_1_23_od016_v01.bc HTTP/1.1" 200 -
207.126.104.60 - - [31/May/2025:00:00:16 -0700] "HEAD /pub/naif/LUCY/kernels/ck/lcy_ipp_p_221012_221021_ega1_pass1_od016_v01.bc HTTP/1.1" 200 -
70.191.145.157 - - [31/May/2025:00:00:16 -0700] "HEAD /pub/naif/LUCY/kernels/ck/lcy_ipp_p_230126_230127_tcm_char_1_23_od016_v02.bc HTTP/1.1" 200 -
70.191.145.157 - - [31/May/2025:00:00:16 -0700] "HEAD /pub/naif/LUCY/kernels/ck/lcy_ipp_p_230208_230308_yb0019a_od016_v01.bc HTTP/1.1" 200 -
70.191.145.157 - - [31/May/2025:00:00:16 -0700] "HEAD /pub/naif/LUCY/kernels/ck/lcy_ipp_p_230208_230308_yb0019b_od016_v01.bc HTTP/1.1" 200 -
207.126.104.60 - - [31/May/2025:00:00:16 -0700] "HEAD /pub/naif/LUCY/kernels/ck/lcy_ipp_p_221012_221021_ega1_pass2_od016_v01.bc HTTP/1.1" 200 -
70.191.145.157 - - [31/May/2025:00:00:16 -0700] "HEAD /pub/naif/LUCY/kernels/ck/lcy_ipp_p_230216_230219_all_stellar_toe_dip_od016_v01.bc HTTP/1.1" 200 -
70.191.145.157 - - [31/May/2025:00:00:16 -0700] "HEAD /pub/naif/LUCY/kernels/ck/lcy_ipp_p_230308_230405_yb0020a_od032_v01.bc HTTP/1.1" 200 -
207.126.104.60 - - [31/May/2025:00:00:16 -0700] "HEAD /pub/naif/LUCY/kernels/ck/lcy_ipp_p_221015_221015_tcm06a_od020_v01.bc HTTP/1.1" 200 -
70.191.145.157 - - [31/May/2025:00:00:16 -0700] "HEAD /pub/naif/LUCY/kernels/ck/lcy_ipp_p_230319_230331_spr23_od016_v02.bc HTTP/1.1" 200 -
70.191.145.157 - - [31/May/2025:00:00:16 -0700] "HEAD /pub/naif/LUCY/kernels/ck/lcy_ipp_p_230323_230331_spr23_od016_v01.bc HTTP/1.1" 200 -
20.171.207.1 - - [31/May/2025:00:00:16 -0700] "GET /pub/naif/BEPICOLOMBO/kernels/bc_mpo_sc_scm_20181020_20190902_s20190625_v01.bc HTTP/1.1" 404 196
70.191.145.157 - - [31/May/2025:00:00:16 -0700] "HEAD /pub/naif/LUCY/kernels/ck/lcy_ipp_p_230323_230331_spr23_od016_v02.bc HTTP/1.1" 200 -
207.126.104.60 - - [31/May/2025:00:00:16 -0700] "HEAD /pub/naif/LUCY/kernels/ck/lcy_ipp_p_221015_221015_tcm06b_od020_v01.bc HTTP/1.1" 200 -
70.191.145.157 - - [31/May/2025:00:00:16 -0700] "HEAD /pub/naif/LUCY/kernels/ck/lcy_ipp_p_230323_230331_spr23_od016_v03.bc HTTP/1.1" 200 -
205.198.68.91 - - [31/May/2025:00:00:16 -0700] "GET /pub/naif/generic_kernels/spk/planets/de421.bsp HTTP/1.1" 404 196
70.191.145.157 - - [31/May/2025:00:00:16 -0700] "HEAD /pub/naif/LUCY/kernels/ck/lcy_ipp_p_230323_230331_spr23_od016_v04.bc HTTP/1.1" 200 -
70.191.145.157 - - [31/May/2025:00:00:16 -0700] "HEAD /pub/naif/LUCY/kernels/ck/lcy_ipp_p_230405_230503_yb0021a_od032_v01.bc HTTP/1.1" 200 -
207.126.104.60 - - [31/May/2025:00:00:16 -0700] "HEAD /pub/naif/LUCY/kernels/ck/lcy_ipp_p_221019_221117_yb0015b_desat_od016_v01.bc HTTP/1.1" 200 -
70.191.145.157 - - [31/May/2025:00:00:16 -0700] "HEAD /pub/naif/LUCY/kernels/ck/lcy_ipp_p_230503_230531_yb0022a_od032_v01.bc HTTP/1.1" 200 -
70.191.145.157 - - [31/May/2025:00:00:16 -0700] "HEAD /pub/naif/LUCY/kernels/ck/lcy_ipp_p_230509_230509_yz0007a_od035_v01.bc HTTP/1.1" 200 -
70.191.145.157 - - [31/May/2025:00:00:16 -0700] "HEAD /pub/naif/LUCY/kernels/ck/lcy_ipp_p_230523_230526_dyncs_char_off_pt_od032_v01.bc HTTP/1.1" 200 -
207.126.104.60 - - [31/May/2025:00:00:16 -0700] "HEAD /pub/naif/LUCY/kernels/ck/lcy_ipp_p_221107_221108_rda3_od016_v01.bc HTTP/1.1" 200 -
70.191.145.157 - - [31/May/2025:00:00:16 -0700] "HEAD /pub/naif/LUCY/kernels/ck/lcy_ipp_p_230531_230531_tcm_char_offpt_od016_v01.bc HTTP/1.1" 200 -
70.191.145.157 - - [31/May/2025:00:00:16 -0700] "HEAD /pub/naif/LUCY/kernels/ck/lcy_ipp_p_230531_230628_yb0023a_od032_v01.bc HTTP/1.1" 200 -
70.191.145.157 - - [31/May/2025:00:00:16 -0700] "HEAD /pub/naif/LUCY/kernels/ck/lcy_ipp_p_230628_230726_smr23_bgs24_int_od032_v01.bc HTTP/1.1" 200 -
207.126.104.60 - - [31/May/2025:00:00:16 -0700] "HEAD /pub/naif/LUCY/kernels/ck/lcy_ipp_p_221116_221215_yb0016a_od016_v01.bc HTTP/1.1" 200 -
70.191.145.157 - - [31/May/2025:00:00:16 -0700] "HEAD /pub/naif/LUCY/kernels/ck/lcy_ipp_p_230628_230726_yb0024a_od032_v01.bc HTTP/1.1" 200 -
70.191.145.157 - - [31/May/2025:00:00:16 -0700] "HEAD /pub/naif/LUCY/kernels/ck/lcy_ipp_p_230726_230823_yb0025a_od032_v01.bc HTTP/1.1" 200 -
207.126.104.60 - - [31/May/2025:00:00:16 -0700] "HEAD /pub/naif/LUCY/kernels/ck/lcy_ipp_p_221116_221215_yb0016b_od016_v01.bc HTTP/1.1" 200 -
70.191.145.157 - - [31/May/2025:00:00:16 -0700] "HEAD /pub/naif/LUCY/kernels/ck/lcy_ipp_p_230823_230920_sm1_bgs0026c_bgs0027trunc_od032_v01.bc HTTP/1.1" 200 -
70.191.145.157 - - [31/May/2025:00:00:16 -0700] "HEAD /pub/naif/LUCY/kernels/ck/lcy_ipp_p_230823_230920_sm1_bgs0026c_bgs0027trunc_od032_v02.bc HTTP/1.1" 200 -
70.191.145.157 - - [31/May/2025:00:00:16 -0700] "HEAD /pub/naif/LUCY/kernels/ck/lcy_ipp_p_230831_231101_dnky_sm123_od032_v01.bc HTTP/1.1" 200 -
207.126.104.60 - - [31/May/2025:00:00:16 -0700] "HEAD /pub/naif/LUCY/kernels/ck/lcy_ipp_p_221116_221215_yb0016b_od016_v02.bc HTTP/1.1" 200 -
70.191.145.157 - - [31/May/2025:00:00:16 -0700] "HEAD /pub/naif/LUCY/kernels/ck/lcy_ipp_p_230831_231105_dnky_sm123tms_od032_v01.bc HTTP/1.1" 200 -
137.78.240.75 - - [31/May/2025:00:00:14 -0700] "GET /pub/naif/MRO/kernels/ck/?C=S;O=A HTTP/1.1" 200 1013371
70.191.145.157 - - [31/May/2025:00:00:16 -0700] "HEAD /pub/naif/LUCY/kernels/ck/lcy_ipp_p_230831_231105_dnky_sm123tms_od032_v02.bc HTTP/1.1" 200 -
70.191.145.157 - - [31/May/2025:00:00:17 -0700] "HEAD /pub/naif/LUCY/kernels/ck/lcy_ipp_p_230920_231018_yb0027a_od032_v01.bc HTTP/1.1" 200 -
207.126.104.60 - - [31/May/2025:00:00:17 -0700] "HEAD /pub/naif/LUCY/kernels/ck/lcy_ipp_p_221214_230111_yb0017a_ese_od016_v01.bc HTTP/1.1" 200 -
70.191.145.157 - - [31/May/2025:00:00:17 -0700] "HEAD /pub/naif/LUCY/kernels/ck/lcy_ipp_p_230929_230929_tcm08c_od044_v01.bc HTTP/1.1" 200 -
70.191.145.157 - - [31/May/2025:00:00:17 -0700] "HEAD /pub/naif/LUCY/kernels/ck/lcy_ipp_p_231018_231115_yb0028b_integrated_od032_v01.bc HTTP/1.1" 200 -
137.78.240.75 - - [31/May/2025:00:00:17 -0700] "GET /pub/naif/MRO/kernels/ck/aareadme.txt HTTP/1.1" 304 -
70.191.145.157 - - [31/May/2025:00:00:17 -0700] "HEAD /pub/naif/LUCY/kernels/ck/lcy_ipp_p_231115_231213_yb0029b_od032_v01.bc HTTP/1.1" 200 -
207.126.104.60 - - [31/May/2025:00:00:17 -0700] "HEAD /pub/naif/LUCY/kernels/ck/lcy_ipp_p_221215_221215_rda3_end_window_od016_v01.bc HTTP/1.1" 200 -
66.249.79.226 - - [31/May/2025:00:00:16 -0700] "GET /pub/naif/M01/misc/akonopliv/hga/m01_hga_2010-02-13.bc.raw HTTP/1.1" 200 77716
70.191.145.157 - - [31/May/2025:00:00:17 -0700] "HEAD /pub/naif/LUCY/kernels/ck/lcy_ipp_p_231213_240110_yb0030a_od048_v01.bc HTTP/1.1" 200 -
137.78.240.75 - - [31/May/2025:00:00:17 -0700] "GET /pub/naif/MRO/kernels/ck/archived.txt HTTP/1.1" 304 -
70.191.145.157 - - [31/May/2025:00:00:17 -0700] "HEAD /pub/naif/LUCY/kernels/ck/lcy_ipp_p_240110_240207_dsm2a_dsm2b_yb0031c_integrated_od051_v01.bc HTTP/1.1" 200 -
137.78.240.75 - - [31/May/2025:00:00:17 -0700] "GET /pub/naif/MRO/kernels/ck/zzarchive/ HTTP/1.1" 200 11898
207.126.104.60 - - [31/May/2025:00:00:17 -0700] "HEAD /pub/naif/LUCY/kernels/ck/lcy_ipp_p_230111_230208_yb0018a_od016_v01.bc HTTP/1.1" 200 -
70.191.145.157 - - [31/May/2025:00:00:17 -0700] "HEAD /pub/naif/LUCY/kernels/ck/lcy_ipp_p_240110_240207_dsm2a_yb0031c_integrated_od051_v01.bc HTTP/1.1" 200 -
70.191.145.157 - - [31/May/2025:00:00:17 -0700] "HEAD /pub/naif/LUCY/kernels/ck/lcy_ipp_p_240110_240207_yb0031c_od048_v01.bc HTTP/1.1" 200 -
137.78.240.75 - - [31/May/2025:00:00:17 -0700] "GET /pub/naif/MRO/kernels/ek/?C=N;O=D HTTP/1.1" 200 11997
70.191.145.157 - - [31/May/2025:00:00:17 -0700] "HEAD /pub/naif/LUCY/kernels/ck/lcy_ipp_p_240131_240131_dsm2a_od051_v01.bc HTTP/1.1" 200 -
207.126.104.60 - - [31/May/2025:00:00:17 -0700] "HEAD /pub/naif/LUCY/kernels/ck/lcy_ipp_p_230126_230127_tcm_char_1_23_od016_v01.bc HTTP/1.1" 200 -
70.191.145.157 - - [31/May/2025:00:00:17 -0700] "HEAD /pub/naif/LUCY/kernels/ck/lcy_ipp_p_240203_240204_dsm2b_od052_v01.bc HTTP/1.1" 200 -
70.191.145.157 - - [31/May/2025:00:00:17 -0700] "HEAD /pub/naif/LUCY/kernels/ck/lcy_ipp_p_240207_240306_yb0032_od048_v01.bc HTTP/1.1" 200 -
70.191.145.157 - - [31/May/2025:00:00:17 -0700] "HEAD /pub/naif/LUCY/kernels/ck/lcy_ipp_p_240224_240224_tcm10_od058_v01.bc HTTP/1.1" 200 -
207.126.104.60 - - [31/May/2025:00:00:17 -0700] "HEAD /pub/naif/LUCY/kernels/ck/lcy_ipp_p_230126_230127_tcm_char_1_23_od016_v02.bc HTTP/1.1" 200 -
70.191.145.157 - - [31/May/2025:00:00:17 -0700] "HEAD /pub/naif/LUCY/kernels/ck/lcy_ipp_p_240306_240404_yb0033a_od051_v01.bc HTTP/1.1" 200 -
137.78.240.75 - - [31/May/2025:00:00:17 -0700] "GET /pub/naif/MRO/kernels/ek/?C=M;O=A HTTP/1.1" 200 11997
70.191.145.157 - - [31/May/2025:00:00:17 -0700] "HEAD /pub/naif/LUCY/kernels/ck/lcy_ipp_p_240306_240404_yb0033a_spr24cal_od051_v01.bc HTTP/1.1" 200 -
70.191.145.157 - - [31/May/2025:00:00:17 -0700] "HEAD /pub/naif/LUCY/kernels/ck/lcy_ipp_p_240319_240319_tcm10a_od062_v01.bc HTTP/1.1" 200 -
137.78.240.75 - - [31/May/2025:00:00:17 -0700] "GET /pub/naif/MRO/kernels/ek/?C=S;O=A HTTP/1.1" 200 11997
207.126.104.60 - - [31/May/2025:00:00:17 -0700] "HEAD /pub/naif/LUCY/kernels/ck/lcy_ipp_p_230208_230308_yb0019a_od016_v01.bc HTTP/1.1" 200 -
70.191.145.157 - - [31/May/2025:00:00:17 -0700] "HEAD /pub/naif/LUCY/kernels/ck/lcy_ipp_p_240322_240327_spr24_test_r02_2_od051_v01.bc HTTP/1.1" 200 -
70.191.145.157 - - [31/May/2025:00:00:17 -0700] "HEAD /pub/naif/LUCY/kernels/ck/lcy_ipp_p_240322_240327_spr24_test_r02_od051_v01.bc HTTP/1.1" 200 -
70.191.145.157 - - [31/May/2025:00:00:17 -0700] "HEAD /pub/naif/LUCY/kernels/ck/lcy_ipp_p_240322_240327_spr24_test_r03_od051_v01.bc HTTP/1.1" 200 -
137.78.240.75 - - [31/May/2025:00:00:17 -0700] "GET /pub/naif/MRO/kernels/ek/aareadme.txt HTTP/1.1" 304 -
207.126.104.60 - - [31/May/2025:00:00:17 -0700] "HEAD /pub/naif/LUCY/kernels/ck/lcy_ipp_p_230208_230308_yb0019b_od016_v01.bc HTTP/1.1" 200 -
70.191.145.157 - - [31/May/2025:00:00:17 -0700] "HEAD /pub/naif/LUCY/kernels/ck/lcy_ipp_p_240322_240328_spr24_cal_od051_v01.bc HTTP/1.1" 200 -
70.191.145.157 - - [31/May/2025:00:00:17 -0700] "HEAD /pub/naif/LUCY/kernels/ck/lcy_ipp_p_240404_240501_yb0034_od051_v01.bc HTTP/1.1" 200 -
137.78.240.75 - - [31/May/2025:00:00:17 -0700] "GET /pub/naif/MRO/kernels/fk/?C=N;O=D HTTP/1.1" 200 13365
70.191.145.157 - - [31/May/2025:00:00:17 -0700] "HEAD /pub/naif/LUCY/kernels/ck/lcy_ipp_p_240501_240529_yb0035b_od051_v01.bc HTTP/1.1" 200 -
207.126.104.60 - - [31/May/2025:00:00:17 -0700] "HEAD /pub/naif/LUCY/kernels/ck/lcy_ipp_p_230216_230219_all_stellar_toe_dip_od016_v01.bc HTTP/1.1" 200 -
