10.1.10.1 - - [31/May/2025:00:00:41 -0700] "GET / HTTP/1.1" 200 25211 "-" "Zabbix"
10.1.10.1 - - [31/May/2025:00:00:45 -0700] "GET / HTTP/1.1" 200 25186 "-" "Zabbix"
139.162.58.253 - - [31/May/2025:00:02:51 -0700] "GET / HTTP/1.1" 200 25224 "-" "Better Uptime Bot Mozilla/5.0 (Windows NT 10.0; Win64; x64) AppleWebKit/537.36 (KHTML, like Gecko) Chrome/74.0.3729.169 Safari/537.36"
207.90.244.25 - - [31/May/2025:00:05:07 -0700] "GET / HTTP/1.1" 200 158623 "-" "Mozilla/5.0 (X11; Linux x86_64) AppleWebKit/537.36 (KHTML, like Gecko) Chrome/98.0.4758.102 Safari/537.36"
207.90.244.25 - - [31/May/2025:00:05:10 -0700] "\n" 400 3594 "-" "-"
207.90.244.25 - - [31/May/2025:00:05:11 -0700] "\n" 400 3825 "-" "-"
207.90.244.25 - - [31/May/2025:00:05:11 -0700] "\n" 400 3825 "-" "-"
207.90.244.25 - - [31/May/2025:00:05:11 -0700] "\n" 400 3825 "-" "-"
207.90.244.25 - - [31/May/2025:00:05:15 -0700] "GET /robots.txt HTTP/1.1" 200 3468 "-" "-"
207.90.244.25 - - [31/May/2025:00:05:15 -0700] "GET /sitemap.xml HTTP/1.1" 404 3620 "-" "-"
207.90.244.25 - - [31/May/2025:00:05:15 -0700] "GET /.well-known/security.txt HTTP/1.1" 404 3563 "-" "-"
207.90.244.25 - - [31/May/2025:00:05:16 -0700] "GET /static_media/img/favicon.ico HTTP/1.1" 200 7915 "-" "Mozilla/5.0 (Windows NT 10.0; Win64; x64) AppleWebKit/537.36 (KHTML, like Gecko) Chrome/102.0.5005.63 Safari/537.36"
10.1.10.1 - - [31/May/2025:00:05:40 -0700] "GET / HTTP/1.1" 200 25230 "-" "Zabbix"
10.1.10.1 - - [31/May/2025:00:05:46 -0700] "GET / HTTP/1.1" 200 25205 "-" "Zabbix"
194.195.253.114 - - [31/May/2025:00:05:58 -0700] "GET / HTTP/1.1" 200 25211 "-" "Better Uptime Bot Mozilla/5.0 (Windows NT 10.0; Win64; x64) AppleWebKit/537.36 (KHTML, like Gecko) Chrome/74.0.3729.169 Safari/537.36"
54.36.148.99 - - [31/May/2025:00:06:51 -0700] "GET /robots.txt HTTP/1.1" 200 3691 "-" "Mozilla/5.0 (compatible; AhrefsBot/7.0; +http://ahrefs.com/robot/)"
139.162.121.226 - - [31/May/2025:00:09:00 -0700] "GET / HTTP/1.1" 200 25171 "-" "Better Uptime Bot Mozilla/5.0 (Windows NT 10.0; Win64; x64) AppleWebKit/537.36 (KHTML, like Gecko) Chrome/74.0.3729.169 Safari/537.36"
10.1.10.1 - - [31/May/2025:00:10:02 -0700] "GET /opus/api/fields.json HTTP/1.1" 200 125202 "-" "python-requests/2.32.3"
10.1.10.1 - - [31/May/2025:00:10:40 -0700] "GET / HTTP/1.1" 200 25224 "-" "Zabbix"
10.1.10.1 - - [31/May/2025:00:10:46 -0700] "GET / HTTP/1.1" 200 25167 "-" "Zabbix"
139.162.215.114 - - [31/May/2025:00:12:00 -0700] "GET / HTTP/1.1" 200 25167 "-" "Better Uptime Bot Mozilla/5.0 (Windows NT 10.0; Win64; x64) AppleWebKit/537.36 (KHTML, like Gecko) Chrome/74.0.3729.169 Safari/537.36"
10.1.10.1 - - [31/May/2025:00:14:32 -0700] "GET /opus/api/fields.json HTTP/1.1" 200 125195 "-" "python-requests/2.32.3"
194.195.253.111 - - [31/May/2025:00:14:59 -0700] "GET / HTTP/1.1" 200 25210 "-" "Better Uptime Bot Mozilla/5.0 (Windows NT 10.0; Win64; x64) AppleWebKit/537.36 (KHTML, like Gecko) Chrome/74.0.3729.169 Safari/537.36"
10.1.10.1 - - [31/May/2025:00:15:40 -0700] "GET / HTTP/1.1" 200 25214 "-" "Zabbix"
10.1.10.1 - - [31/May/2025:00:15:46 -0700] "GET / HTTP/1.1" 200 25152 "-" "Zabbix"
66.228.56.140 - - [31/May/2025:00:17:59 -0700] "GET / HTTP/1.1" 200 25204 "-" "Better Uptime Bot Mozilla/5.0 (Windows NT 10.0; Win64; x64) AppleWebKit/537.36 (KHTML, like Gecko) Chrome/74.0.3729.169 Safari/537.36"
10.1.10.1 - - [31/May/2025:00:20:41 -0700] "GET / HTTP/1.1" 200 25218 "-" "Zabbix"
10.1.10.1 - - [31/May/2025:00:20:45 -0700] "GET / HTTP/1.1" 200 25146 "-" "Zabbix"
194.195.253.108 - - [31/May/2025:00:21:00 -0700] "GET / HTTP/1.1" 200 25199 "-" "Better Uptime Bot Mozilla/5.0 (Windows NT 10.0; Win64; x64) AppleWebKit/537.36 (KHTML, like Gecko) Chrome/74.0.3729.169 Safari/537.36"
194.195.253.108 - - [31/May/2025:00:24:01 -0700] "GET / HTTP/1.1" 200 25214 "-" "Better Uptime Bot Mozilla/5.0 (Windows NT 10.0; Win64; x64) AppleWebKit/537.36 (KHTML, like Gecko) Chrome/74.0.3729.169 Safari/537.36"
10.1.10.1 - - [31/May/2025:00:25:41 -0700] "GET / HTTP/1.1" 200 25199 "-" "Zabbix"
10.1.10.1 - - [31/May/2025:00:25:46 -0700] "GET / HTTP/1.1" 200 25242 "-" "Zabbix"
139.162.58.253 - - [31/May/2025:00:27:00 -0700] "GET / HTTP/1.1" 200 25168 "-" "Better Uptime Bot Mozilla/5.0 (Windows NT 10.0; Win64; x64) AppleWebKit/537.36 (KHTML, like Gecko) Chrome/74.0.3729.169 Safari/537.36"
44.236.60.3 - - [31/May/2025:00:27:39 -0700] "HEAD /opus/ HTTP/1.1" 200 3724 "https://ipda.jpl.nasa.gov" "WPMU DEV Broken Link Checker Local Engine"
44.236.60.3 - - [31/May/2025:00:28:54 -0700] "HEAD /opus/ HTTP/1.1" 200 3724 "https://ipda.jpl.nasa.gov" "WPMU DEV Broken Link Checker Local Engine"
172.104.181.25 - - [31/May/2025:00:30:02 -0700] "GET / HTTP/1.1" 200 25164 "-" "Better Uptime Bot Mozilla/5.0 (Windows NT 10.0; Win64; x64) AppleWebKit/537.36 (KHTML, like Gecko) Chrome/74.0.3729.169 Safari/537.36"
170.39.218.58 - - [31/May/2025:00:30:35 -0700] "GET /static_media/feedback/js/modernizr-custom.js?version=68683a3afb29c9ef1190c76bfef14c844fa77a43 HTTP/1.1" 200 5259 "-" "Mozilla/5.0 (Windows NT 10.0; Win64; x64) AppleWebKit/537.36 Chrome/121.0.0.0"
10.1.10.1 - - [31/May/2025:00:30:41 -0700] "GET / HTTP/1.1" 200 25219 "-" "Zabbix"
10.1.10.1 - - [31/May/2025:00:30:45 -0700] "GET / HTTP/1.1" 200 25185 "-" "Zabbix"
148.113.210.254 - - [31/May/2025:00:30:52 -0700] "GET / HTTP/1.1" 200 25012 "-" "Mozilla/5.0 (compatible; ModatScanner/1.0; +https://modat.io/)"
172.105.162.194 - - [31/May/2025:00:33:01 -0700] "GET / HTTP/1.1" 200 25219 "-" "Better Uptime Bot Mozilla/5.0 (Windows NT 10.0; Win64; x64) AppleWebKit/537.36 (KHTML, like Gecko) Chrome/74.0.3729.169 Safari/537.36"
10.1.10.1 - - [31/May/2025:00:35:41 -0700] "GET / HTTP/1.1" 200 25173 "-" "Zabbix"
10.1.10.1 - - [31/May/2025:00:35:45 -0700] "GET / HTTP/1.1" 200 25193 "-" "Zabbix"
172.105.162.194 - - [31/May/2025:00:36:00 -0700] "GET / HTTP/1.1" 200 25223 "-" "Better Uptime Bot Mozilla/5.0 (Windows NT 10.0; Win64; x64) AppleWebKit/537.36 (KHTML, like Gecko) Chrome/74.0.3729.169 Safari/537.36"
3.221.244.28 - - [31/May/2025:00:38:55 -0700] "GET /robots.txt HTTP/1.1" 200 3497 "-" "Mozilla/5.0 AppleWebKit/537.36 (KHTML, like Gecko; compatible; Amazonbot/0.1; +https://developer.amazon.com/support/amazonbot) Chrome/119.0.6045.214 Safari/537.36"
69.164.207.190 - - [31/May/2025:00:39:00 -0700] "GET / HTTP/1.1" 200 25168 "-" "Better Uptime Bot Mozilla/5.0 (Windows NT 10.0; Win64; x64) AppleWebKit/537.36 (KHTML, like Gecko) Chrome/74.0.3729.169 Safari/537.36"
115.231.78.8 - - [31/May/2025:00:39:25 -0700] "GET / HTTP/1.1" 200 25158 "https://104.244.248.30:443" "Mozilla/5.0 (Windows NT 6.1; WOW64) AppleWebKit/537.36 (KHTML, like Gecko) Chrome/63.0.3239.132 Safari/537.36 QIHU 360SE"
115.231.78.8 - - [31/May/2025:00:39:28 -0700] "GET /static_media/img/favicon.ico HTTP/1.1" 200 7859 "https://104.244.248.30:443/static_media/img/favicon.ico" "Mozilla/5.0 (Windows NT 6.1; WOW64) AppleWebKit/537.36 (KHTML, like Gecko) Chrome/63.0.3239.132 Safari/537.36 QIHU 360SE"
115.231.78.8 - - [31/May/2025:00:39:30 -0700] "GET / HTTP/1.1" 200 25181 "-" "Mozilla/5.0 (Windows NT 6.1; WOW64) AppleWebKit/537.36 (KHTML, like Gecko) Chrome/63.0.3239.132 Safari/537.36 QIHU 360SE"
115.231.78.8 - - [31/May/2025:00:39:38 -0700] "GET / HTTP/1.1" 200 25151 "http://104.244.248.30:80" "Mozilla/5.0 (Windows NT 6.1; WOW64) AppleWebKit/537.36 (KHTML, like Gecko) Chrome/63.0.3239.132 Safari/537.36 QIHU 360SE"
115.231.78.8 - - [31/May/2025:00:39:40 -0700] "GET /static_media/img/favicon.ico HTTP/1.1" 200 7859 "http://104.244.248.30:80/static_media/img/favicon.ico" "Mozilla/5.0 (Windows NT 6.1; WOW64) AppleWebKit/537.36 (KHTML, like Gecko) Chrome/63.0.3239.132 Safari/537.36 QIHU 360SE"
115.231.78.8 - - [31/May/2025:00:39:42 -0700] "GET / HTTP/1.1" 200 25182 "-" "Mozilla/5.0 (Windows NT 6.1; WOW64) AppleWebKit/537.36 (KHTML, like Gecko) Chrome/63.0.3239.132 Safari/537.36 QIHU 360SE"
98.84.131.195 - - [31/May/2025:00:40:09 -0700] "GET /opus/?ring_obs_id=S/IMG/CO/ISS/1740706365/W HTTP/1.1" 200 25017 "-" "Mozilla/5.0 AppleWebKit/537.36 (KHTML, like Gecko; compatible; Amazonbot/0.1; +https://developer.amazon.com/support/amazonbot) Chrome/119.0.6045.214 Safari/537.36"
146.70.117.240 - - [31/May/2025:00:40:36 -0700] "GET /.env HTTP/1.1" 404 3806 "-" "Mozilla/5.0 (Windows NT 10.0; Win64; x64) AppleWebKit/537.36 Chrome/124"
146.70.117.240 - - [31/May/2025:00:40:36 -0700] "GET /.env HTTP/1.1" 404 3775 "-" "Mozilla/5.0 (Windows NT 10.0; Win64; x64) AppleWebKit/537.36 Chrome/124"
10.1.10.1 - - [31/May/2025:00:40:40 -0700] "GET / HTTP/1.1" 200 25188 "-" "Zabbix"
10.1.10.1 - - [31/May/2025:00:40:46 -0700] "GET / HTTP/1.1" 200 25165 "-" "Zabbix"
139.162.215.114 - - [31/May/2025:00:42:00 -0700] "GET / HTTP/1.1" 200 25203 "-" "Better Uptime Bot Mozilla/5.0 (Windows NT 10.0; Win64; x64) AppleWebKit/537.36 (KHTML, like Gecko) Chrome/74.0.3729.169 Safari/537.36"
139.162.58.253 - - [31/May/2025:00:45:00 -0700] "GET / HTTP/1.1" 200 25185 "-" "Better Uptime Bot Mozilla/5.0 (Windows NT 10.0; Win64; x64) AppleWebKit/537.36 (KHTML, like Gecko) Chrome/74.0.3729.169 Safari/537.36"
10.1.10.1 - - [31/May/2025:00:45:41 -0700] "GET / HTTP/1.1" 200 25242 "-" "Zabbix"
10.1.10.1 - - [31/May/2025:00:45:46 -0700] "GET / HTTP/1.1" 200 25174 "-" "Zabbix"
194.195.253.111 - - [31/May/2025:00:48:00 -0700] "GET / HTTP/1.1" 200 25221 "-" "Better Uptime Bot Mozilla/5.0 (Windows NT 10.0; Win64; x64) AppleWebKit/537.36 (KHTML, like Gecko) Chrome/74.0.3729.169 Safari/537.36"
10.1.10.1 - - [31/May/2025:00:50:41 -0700] "GET / HTTP/1.1" 200 25158 "-" "Zabbix"
10.1.10.1 - - [31/May/2025:00:50:46 -0700] "GET / HTTP/1.1" 200 25159 "-" "Zabbix"
139.162.58.253 - - [31/May/2025:00:51:00 -0700] "GET / HTTP/1.1" 200 25242 "-" "Better Uptime Bot Mozilla/5.0 (Windows NT 10.0; Win64; x64) AppleWebKit/537.36 (KHTML, like Gecko) Chrome/74.0.3729.169 Safari/537.36"
212.237.123.130 - - [31/May/2025:00:52:43 -0700] "GET /opus/ HTTP/1.1" 200 25255 "-" "Mozilla/5.0 (Windows NT 10.0; Win64; x64) AppleWebKit/537.36 (KHTML, like Gecko) Chrome/129.0.0.0 Safari/537.36"
69.164.207.190 - - [31/May/2025:00:54:00 -0700] "GET / HTTP/1.1" 200 25159 "-" "Better Uptime Bot Mozilla/5.0 (Windows NT 10.0; Win64; x64) AppleWebKit/537.36 (KHTML, like Gecko) Chrome/74.0.3729.169 Safari/537.36"
10.1.10.1 - - [31/May/2025:00:55:41 -0700] "GET / HTTP/1.1" 200 25156 "-" "Zabbix"
10.1.10.1 - - [31/May/2025:00:55:46 -0700] "GET / HTTP/1.1" 200 25148 "-" "Zabbix"
194.195.253.114 - - [31/May/2025:00:57:00 -0700] "GET / HTTP/1.1" 200 25147 "-" "Better Uptime Bot Mozilla/5.0 (Windows NT 10.0; Win64; x64) AppleWebKit/537.36 (KHTML, like Gecko) Chrome/74.0.3729.169 Safari/537.36"
194.195.253.114 - - [31/May/2025:01:00:00 -0700] "GET / HTTP/1.1" 200 25152 "-" "Better Uptime Bot Mozilla/5.0 (Windows NT 10.0; Win64; x64) AppleWebKit/537.36 (KHTML, like Gecko) Chrome/74.0.3729.169 Safari/537.36"
10.1.10.1 - - [31/May/2025:01:00:41 -0700] "GET / HTTP/1.1" 200 25187 "-" "Zabbix"
10.1.10.1 - - [31/May/2025:01:00:46 -0700] "GET / HTTP/1.1" 200 25228 "-" "Zabbix"
172.104.181.25 - - [31/May/2025:01:03:00 -0700] "GET / HTTP/1.1" 200 25174 "-" "Better Uptime Bot Mozilla/5.0 (Windows NT 10.0; Win64; x64) AppleWebKit/537.36 (KHTML, like Gecko) Chrome/74.0.3729.169 Safari/537.36"
10.1.10.1 - - [31/May/2025:01:05:41 -0700] "GET / HTTP/1.1" 200 25192 "-" "Zabbix"
10.1.10.1 - - [31/May/2025:01:05:45 -0700] "GET / HTTP/1.1" 200 25240 "-" "Zabbix"
66.228.56.189 - - [31/May/2025:01:05:59 -0700] "GET / HTTP/1.1" 200 25210 "-" "Better Uptime Bot Mozilla/5.0 (Windows NT 10.0; Win64; x64) AppleWebKit/537.36 (KHTML, like Gecko) Chrome/74.0.3729.169 Safari/537.36"
44.236.60.3 - - [31/May/2025:01:06:02 -0700] "HEAD /opus/ HTTP/1.1" 200 3724 "https://ipda.jpl.nasa.gov" "WPMU DEV Broken Link Checker Local Engine"
195.82.146.144 - - [31/May/2025:01:07:17 -0700] "GET / HTTP/1.1" 200 25188 "-" "Mozilla/5.0 (X11; Linux x86_64) AppleWebKit/537.36 (KHTML, like Gecko) Chrome/119.0.0.0 Safari/537.36"
44.236.60.3 - - [31/May/2025:01:07:32 -0700] "HEAD /opus/ HTTP/1.1" 200 3724 "https://ipda.jpl.nasa.gov" "WPMU DEV Broken Link Checker Local Engine"
44.236.60.3 - - [31/May/2025:01:07:40 -0700] "HEAD /opus/ HTTP/1.1" 200 3724 "https://ipda.jpl.nasa.gov" "WPMU DEV Broken Link Checker Local Engine"
44.236.60.3 - - [31/May/2025:01:07:42 -0700] "HEAD /opus/ HTTP/1.1" 200 3724 "https://ipda.jpl.nasa.gov" "WPMU DEV Broken Link Checker Local Engine"
44.236.60.3 - - [31/May/2025:01:07:51 -0700] "HEAD /opus/ HTTP/1.1" 200 3724 "https://ipda.jpl.nasa.gov" "WPMU DEV Broken Link Checker Local Engine"
44.236.60.3 - - [31/May/2025:01:08:00 -0700] "HEAD /opus/ HTTP/1.1" 200 3724 "https://ipda.jpl.nasa.gov" "WPMU DEV Broken Link Checker Local Engine"
44.236.60.3 - - [31/May/2025:01:08:14 -0700] "HEAD /opus/ HTTP/1.1" 200 3724 "https://ipda.jpl.nasa.gov" "WPMU DEV Broken Link Checker Local Engine"
44.236.60.3 - - [31/May/2025:01:08:16 -0700] "HEAD /opus/ HTTP/1.1" 200 3724 "https://ipda.jpl.nasa.gov" "WPMU DEV Broken Link Checker Local Engine"
44.236.60.3 - - [31/May/2025:01:08:26 -0700] "HEAD /opus/ HTTP/1.1" 200 3724 "https://ipda.jpl.nasa.gov" "WPMU DEV Broken Link Checker Local Engine"
44.236.60.3 - - [31/May/2025:01:08:41 -0700] "HEAD /opus/ HTTP/1.1" 200 3724 "https://ipda.jpl.nasa.gov" "WPMU DEV Broken Link Checker Local Engine"
44.236.60.3 - - [31/May/2025:01:08:44 -0700] "HEAD /opus/ HTTP/1.1" 200 3724 "https://ipda.jpl.nasa.gov" "WPMU DEV Broken Link Checker Local Engine"
194.195.253.114 - - [31/May/2025:01:09:00 -0700] "GET / HTTP/1.1" 200 25224 "-" "Better Uptime Bot Mozilla/5.0 (Windows NT 10.0; Win64; x64) AppleWebKit/537.36 (KHTML, like Gecko) Chrome/74.0.3729.169 Safari/537.36"
44.236.60.3 - - [31/May/2025:01:09:03 -0700] "HEAD /opus/ HTTP/1.1" 200 3724 "https://ipda.jpl.nasa.gov" "WPMU DEV Broken Link Checker Local Engine"
44.236.60.3 - - [31/May/2025:01:09:07 -0700] "HEAD /opus/ HTTP/1.1" 200 3724 "https://ipda.jpl.nasa.gov" "WPMU DEV Broken Link Checker Local Engine"
10.1.10.1 - - [31/May/2025:01:10:02 -0700] "GET /opus/api/fields.json HTTP/1.1" 200 125198 "-" "python-requests/2.32.3"
10.1.10.1 - - [31/May/2025:01:10:41 -0700] "GET / HTTP/1.1" 200 25209 "-" "Zabbix"
10.1.10.1 - - [31/May/2025:01:10:46 -0700] "GET / HTTP/1.1" 200 25217 "-" "Zabbix"
69.164.207.190 - - [31/May/2025:01:12:00 -0700] "GET / HTTP/1.1" 200 25154 "-" "Better Uptime Bot Mozilla/5.0 (Windows NT 10.0; Win64; x64) AppleWebKit/537.36 (KHTML, like Gecko) Chrome/74.0.3729.169 Safari/537.36"
10.1.10.1 - - [31/May/2025:01:14:03 -0700] "GET /opus/api/fields.json HTTP/1.1" 200 125231 "-" "python-requests/2.32.3"
139.162.121.238 - - [31/May/2025:01:15:03 -0700] "GET / HTTP/1.1" 200 25169 "-" "Better Uptime Bot Mozilla/5.0 (Windows NT 10.0; Win64; x64) AppleWebKit/537.36 (KHTML, like Gecko) Chrome/74.0.3729.169 Safari/537.36"
10.1.10.1 - - [31/May/2025:01:15:41 -0700] "GET / HTTP/1.1" 200 25234 "-" "Zabbix"
10.1.10.1 - - [31/May/2025:01:15:46 -0700] "GET / HTTP/1.1" 200 25162 "-" "Zabbix"
69.164.207.190 - - [31/May/2025:01:18:04 -0700] "GET / HTTP/1.1" 200 25179 "-" "Better Uptime Bot Mozilla/5.0 (Windows NT 10.0; Win64; x64) AppleWebKit/537.36 (KHTML, like Gecko) Chrome/74.0.3729.169 Safari/537.36"
77.75.72.26 - - [31/May/2025:01:19:47 -0700] "GET /robots.txt HTTP/1.1" 200 3747 "-" "Mozilla/5.0 (compatible; SeznamBot/4.0; +https://o-seznam.cz/napoveda/vyhledavani/en/seznambot-crawler/)"
77.75.72.26 - - [31/May/2025:01:19:47 -0700] "GET /opus/ HTTP/1.1" 200 25266 "-" "Mozilla/5.0 (compatible; SeznamBot/4.0; +https://o-seznam.cz/napoveda/vyhledavani/en/seznambot-crawler/)"
10.1.10.1 - - [31/May/2025:01:20:40 -0700] "GET / HTTP/1.1" 200 25198 "-" "Zabbix"
10.1.10.1 - - [31/May/2025:01:20:46 -0700] "GET / HTTP/1.1" 200 25238 "-" "Zabbix"
91.107.221.68 - - [31/May/2025:01:21:04 -0700] "GET / HTTP/1.1" 200 25166 "-" "Better Uptime Bot Mozilla/5.0 (Windows NT 10.0; Win64; x64) AppleWebKit/537.36 (KHTML, like Gecko) Chrome/74.0.3729.169 Safari/537.36"
139.162.215.113 - - [31/May/2025:01:24:10 -0700] "GET / HTTP/1.1" 200 25205 "-" "Better Uptime Bot Mozilla/5.0 (Windows NT 10.0; Win64; x64) AppleWebKit/537.36 (KHTML, like Gecko) Chrome/74.0.3729.169 Safari/537.36"
85.17.149.115 - - [31/May/2025:01:24:12 -0700] "GET /opus HTTP/1.0" 301 3511 "-" "Mozilla/5.0 (Macintosh; Intel Mac OS X 10.12; rv:53.0) Gecko/20100101 Firefox/53.0"
85.17.149.115 - - [31/May/2025:01:24:13 -0700] "GET /opus/ HTTP/1.0" 200 158715 "-" "Mozilla/5.0 (Macintosh; Intel Mac OS X 10.12; rv:53.0) Gecko/20100101 Firefox/53.0"
10.1.10.1 - - [31/May/2025:01:25:41 -0700] "GET / HTTP/1.1" 200 25159 "-" "Zabbix"
10.1.10.1 - - [31/May/2025:01:25:45 -0700] "GET / HTTP/1.1" 200 25239 "-" "Zabbix"
139.162.121.226 - - [31/May/2025:01:27:05 -0700] "GET / HTTP/1.1" 200 25221 "-" "Better Uptime Bot Mozilla/5.0 (Windows NT 10.0; Win64; x64) AppleWebKit/537.36 (KHTML, like Gecko) Chrome/74.0.3729.169 Safari/537.36"
170.39.218.58 - - [31/May/2025:01:28:09 -0700] "GET /static_media/cdn_fallback/lodash/js/lodash-4.17.21.min.js HTTP/1.1" 200 29673 "-" "Mozilla/5.0 (Macintosh; Intel Mac OS X 10_15_7) AppleWebKit/537.36 Chrome/120.0.0.0"
139.162.58.253 - - [31/May/2025:01:30:06 -0700] "GET / HTTP/1.1" 200 25162 "-" "Better Uptime Bot Mozilla/5.0 (Windows NT 10.0; Win64; x64) AppleWebKit/537.36 (KHTML, like Gecko) Chrome/74.0.3729.169 Safari/537.36"
10.1.10.1 - - [31/May/2025:01:30:41 -0700] "GET / HTTP/1.1" 200 25229 "-" "Zabbix"
10.1.10.1 - - [31/May/2025:01:30:46 -0700] "GET / HTTP/1.1" 200 25192 "-" "Zabbix"
47.236.76.100 - - [31/May/2025:01:31:21 -0700] "POST /cgi-bin/.%2e/.%2e/.%2e/.%2e/.%2e/.%2e/.%2e/.%2e/.%2e/.%2e/bin/sh HTTP/1.1" 400 3816 "-" "Custom-AsyncHttpClient"
47.236.76.100 - - [31/May/2025:01:31:23 -0700] "POST /cgi-bin/%%32%65%%32%65/%%32%65%%32%65/%%32%65%%32%65/%%32%65%%32%65/%%32%65%%32%65/%%32%65%%32%65/%%32%65%%32%65/bin/sh HTTP/1.1" 400 3816 "-" "Custom-AsyncHttpClient"
47.236.76.100 - - [31/May/2025:01:31:24 -0700] "POST /hello.world?%ADd+allow_url_include%3d1+%ADd+auto_prepend_file%3dphp://input HTTP/1.1" 404 3878 "-" "Custom-AsyncHttpClient"
47.236.76.100 - - [31/May/2025:01:31:24 -0700] "GET /vendor/phpunit/phpunit/src/Util/PHP/eval-stdin.php HTTP/1.1" 404 611 "-" "Custom-AsyncHttpClient"
47.236.76.100 - - [31/May/2025:01:31:24 -0700] "GET /vendor/phpunit/phpunit/Util/PHP/eval-stdin.php HTTP/1.1" 404 607 "-" "Custom-AsyncHttpClient"
47.236.76.100 - - [31/May/2025:01:31:24 -0700] "GET /vendor/phpunit/src/Util/PHP/eval-stdin.php HTTP/1.1" 404 603 "-" "Custom-AsyncHttpClient"
47.236.76.100 - - [31/May/2025:01:31:24 -0700] "GET /vendor/phpunit/Util/PHP/eval-stdin.php HTTP/1.1" 404 599 "-" "Custom-AsyncHttpClient"
47.236.76.100 - - [31/May/2025:01:31:25 -0700] "GET /vendor/phpunit/phpunit/LICENSE/eval-stdin.php HTTP/1.1" 404 606 "-" "Custom-AsyncHttpClient"
47.236.76.100 - - [31/May/2025:01:31:25 -0700] "GET /vendor/vendor/phpunit/phpunit/src/Util/PHP/eval-stdin.php HTTP/1.1" 404 618 "-" "Custom-AsyncHttpClient"
47.236.76.100 - - [31/May/2025:01:31:25 -0700] "GET /phpunit/phpunit/src/Util/PHP/eval-stdin.php HTTP/1.1" 404 604 "-" "Custom-AsyncHttpClient"
47.236.76.100 - - [31/May/2025:01:31:25 -0700] "GET /phpunit/phpunit/Util/PHP/eval-stdin.php HTTP/1.1" 404 600 "-" "Custom-AsyncHttpClient"
47.236.76.100 - - [31/May/2025:01:31:25 -0700] "GET /phpunit/src/Util/PHP/eval-stdin.php HTTP/1.1" 404 596 "-" "Custom-AsyncHttpClient"
47.236.76.100 - - [31/May/2025:01:31:26 -0700] "GET /phpunit/Util/PHP/eval-stdin.php HTTP/1.1" 404 592 "-" "Custom-AsyncHttpClient"
47.236.76.100 - - [31/May/2025:01:31:26 -0700] "GET /lib/phpunit/phpunit/src/Util/PHP/eval-stdin.php HTTP/1.1" 404 608 "-" "Custom-AsyncHttpClient"
47.236.76.100 - - [31/May/2025:01:31:26 -0700] "GET /lib/phpunit/phpunit/Util/PHP/eval-stdin.php HTTP/1.1" 404 604 "-" "Custom-AsyncHttpClient"
47.236.76.100 - - [31/May/2025:01:31:26 -0700] "GET /lib/phpunit/src/Util/PHP/eval-stdin.php HTTP/1.1" 404 600 "-" "Custom-AsyncHttpClient"
47.236.76.100 - - [31/May/2025:01:31:26 -0700] "GET /lib/phpunit/Util/PHP/eval-stdin.php HTTP/1.1" 404 596 "-" "Custom-AsyncHttpClient"
47.236.76.100 - - [31/May/2025:01:31:27 -0700] "GET /lib/vendor/phpunit/phpunit/src/Util/PHP/eval-stdin.php HTTP/1.1" 404 615 "-" "Custom-AsyncHttpClient"
47.236.76.100 - - [31/May/2025:01:31:27 -0700] "GET /laravel/vendor/phpunit/phpunit/src/Util/PHP/eval-stdin.php HTTP/1.1" 404 619 "-" "Custom-AsyncHttpClient"
47.236.76.100 - - [31/May/2025:01:31:27 -0700] "GET /www/vendor/phpunit/phpunit/src/Util/PHP/eval-stdin.php HTTP/1.1" 404 615 "-" "Custom-AsyncHttpClient"
47.236.76.100 - - [31/May/2025:01:31:27 -0700] "GET /ws/vendor/phpunit/phpunit/src/Util/PHP/eval-stdin.php HTTP/1.1" 404 614 "-" "Custom-AsyncHttpClient"
47.236.76.100 - - [31/May/2025:01:31:27 -0700] "GET /yii/vendor/phpunit/phpunit/src/Util/PHP/eval-stdin.php HTTP/1.1" 404 615 "-" "Custom-AsyncHttpClient"
47.236.76.100 - - [31/May/2025:01:31:28 -0700] "GET /zend/vendor/phpunit/phpunit/src/Util/PHP/eval-stdin.php HTTP/1.1" 404 616 "-" "Custom-AsyncHttpClient"
47.236.76.100 - - [31/May/2025:01:31:28 -0700] "GET /ws/ec/vendor/phpunit/phpunit/src/Util/PHP/eval-stdin.php HTTP/1.1" 404 617 "-" "Custom-AsyncHttpClient"
47.236.76.100 - - [31/May/2025:01:31:28 -0700] "GET /V2/vendor/phpunit/phpunit/src/Util/PHP/eval-stdin.php HTTP/1.1" 404 614 "-" "Custom-AsyncHttpClient"
47.236.76.100 - - [31/May/2025:01:31:28 -0700] "GET /tests/vendor/phpunit/phpunit/src/Util/PHP/eval-stdin.php HTTP/1.1" 404 617 "-" "Custom-AsyncHttpClient"
47.236.76.100 - - [31/May/2025:01:31:28 -0700] "GET /test/vendor/phpunit/phpunit/src/Util/PHP/eval-stdin.php HTTP/1.1" 404 616 "-" "Custom-AsyncHttpClient"
47.236.76.100 - - [31/May/2025:01:31:28 -0700] "GET /testing/vendor/phpunit/phpunit/src/Util/PHP/eval-stdin.php HTTP/1.1" 404 619 "-" "Custom-AsyncHttpClient"
47.236.76.100 - - [31/May/2025:01:31:29 -0700] "GET /api/vendor/phpunit/phpunit/src/Util/PHP/eval-stdin.php HTTP/1.1" 404 615 "-" "Custom-AsyncHttpClient"
47.236.76.100 - - [31/May/2025:01:31:29 -0700] "GET /demo/vendor/phpunit/phpunit/src/Util/PHP/eval-stdin.php HTTP/1.1" 404 616 "-" "Custom-AsyncHttpClient"
47.236.76.100 - - [31/May/2025:01:31:29 -0700] "GET /cms/vendor/phpunit/phpunit/src/Util/PHP/eval-stdin.php HTTP/1.1" 404 615 "-" "Custom-AsyncHttpClient"
47.236.76.100 - - [31/May/2025:01:31:29 -0700] "GET /crm/vendor/phpunit/phpunit/src/Util/PHP/eval-stdin.php HTTP/1.1" 404 615 "-" "Custom-AsyncHttpClient"
47.236.76.100 - - [31/May/2025:01:31:29 -0700] "GET /admin/vendor/phpunit/phpunit/src/Util/PHP/eval-stdin.php HTTP/1.1" 302 441 "-" "Custom-AsyncHttpClient"
47.236.76.100 - - [31/May/2025:01:31:30 -0700] "GET /backup/vendor/phpunit/phpunit/src/Util/PHP/eval-stdin.php HTTP/1.1" 404 618 "-" "Custom-AsyncHttpClient"
47.236.76.100 - - [31/May/2025:01:31:30 -0700] "GET /blog/vendor/phpunit/phpunit/src/Util/PHP/eval-stdin.php HTTP/1.1" 404 616 "-" "Custom-AsyncHttpClient"
47.236.76.100 - - [31/May/2025:01:31:30 -0700] "GET /workspace/drupal/vendor/phpunit/phpunit/src/Util/PHP/eval-stdin.php HTTP/1.1" 404 628 "-" "Custom-AsyncHttpClient"
47.236.76.100 - - [31/May/2025:01:31:30 -0700] "GET /panel/vendor/phpunit/phpunit/src/Util/PHP/eval-stdin.php HTTP/1.1" 404 617 "-" "Custom-AsyncHttpClient"
47.236.76.100 - - [31/May/2025:01:31:30 -0700] "GET /public/vendor/phpunit/phpunit/src/Util/PHP/eval-stdin.php HTTP/1.1" 404 618 "-" "Custom-AsyncHttpClient"
47.236.76.100 - - [31/May/2025:01:31:31 -0700] "GET /apps/vendor/phpunit/phpunit/src/Util/PHP/eval-stdin.php HTTP/1.1" 404 616 "-" "Custom-AsyncHttpClient"
47.236.76.100 - - [31/May/2025:01:31:31 -0700] "GET /app/vendor/phpunit/phpunit/src/Util/PHP/eval-stdin.php HTTP/1.1" 404 615 "-" "Custom-AsyncHttpClient"
47.236.76.100 - - [31/May/2025:01:31:31 -0700] "GET /index.php?s=/index/\\think\\app/invokefunction&function=call_user_func_array&vars[0]=md5&vars[1][]=Hello HTTP/1.1" 404 570 "-" "Custom-AsyncHttpClient"
47.236.76.100 - - [31/May/2025:01:31:31 -0700] "GET /public/index.php?s=/index/\\think\\app/invokefunction&function=call_user_func_array&vars[0]=md5&vars[1][]=Hello HTTP/1.1" 404 577 "-" "Custom-AsyncHttpClient"
47.236.76.100 - - [31/May/2025:01:31:31 -0700] "GET /index.php?lang=../../../../../../../../usr/local/lib/php/pearcmd&+config-create+/&/<?echo(md5(\"hi\"));?>+/tmp/index1.php HTTP/1.1" 404 570 "-" "Custom-AsyncHttpClient"
47.236.76.100 - - [31/May/2025:01:31:32 -0700] "GET /index.php?lang=../../../../../../../../tmp/index1 HTTP/1.1" 404 570 "-" "Custom-AsyncHttpClient"
47.236.76.100 - - [31/May/2025:01:31:32 -0700] "GET /containers/json HTTP/1.1" 404 576 "-" "Custom-AsyncHttpClient"
139.162.215.113 - - [31/May/2025:01:33:14 -0700] "GET / HTTP/1.1" 200 25155 "-" "Better Uptime Bot Mozilla/5.0 (Windows NT 10.0; Win64; x64) AppleWebKit/537.36 (KHTML, like Gecko) Chrome/74.0.3729.169 Safari/537.36"
10.1.10.1 - - [31/May/2025:01:35:40 -0700] "GET / HTTP/1.1" 200 25199 "-" "Zabbix"
10.1.10.1 - - [31/May/2025:01:35:46 -0700] "GET / HTTP/1.1" 200 25196 "-" "Zabbix"
168.119.178.203 - - [31/May/2025:01:36:06 -0700] "GET / HTTP/1.1" 200 25191 "-" "Better Uptime Bot Mozilla/5.0 (Windows NT 10.0; Win64; x64) AppleWebKit/537.36 (KHTML, like Gecko) Chrome/74.0.3729.169 Safari/537.36"
172.105.162.194 - - [31/May/2025:01:39:05 -0700] "GET / HTTP/1.1" 200 25195 "-" "Better Uptime Bot Mozilla/5.0 (Windows NT 10.0; Win64; x64) AppleWebKit/537.36 (KHTML, like Gecko) Chrome/74.0.3729.169 Safari/537.36"
10.1.10.1 - - [31/May/2025:01:40:40 -0700] "GET / HTTP/1.1" 200 25187 "-" "Zabbix"
10.1.10.1 - - [31/May/2025:01:40:46 -0700] "GET / HTTP/1.1" 200 25150 "-" "Zabbix"
66.228.56.140 - - [31/May/2025:01:42:05 -0700] "GET / HTTP/1.1" 200 25210 "-" "Better Uptime Bot Mozilla/5.0 (Windows NT 10.0; Win64; x64) AppleWebKit/537.36 (KHTML, like Gecko) Chrome/74.0.3729.169 Safari/537.36"
66.228.56.189 - - [31/May/2025:01:45:07 -0700] "GET / HTTP/1.1" 200 25212 "-" "Better Uptime Bot Mozilla/5.0 (Windows NT 10.0; Win64; x64) AppleWebKit/537.36 (KHTML, like Gecko) Chrome/74.0.3729.169 Safari/537.36"
10.1.10.1 - - [31/May/2025:01:45:41 -0700] "GET / HTTP/1.1" 200 25208 "-" "Zabbix"
10.1.10.1 - - [31/May/2025:01:45:46 -0700] "GET / HTTP/1.1" 200 25190 "-" "Zabbix"
195.184.76.25 - - [31/May/2025:01:47:18 -0700] "GET / HTTP/1.1" 200 158711 "-" "Mozilla/5.0 (X11; Ubuntu; Linux x86_64; rv:134.0) Gecko/20100101 Firefox/134.0"
66.228.56.189 - - [31/May/2025:01:48:10 -0700] "GET / HTTP/1.1" 200 25219 "-" "Better Uptime Bot Mozilla/5.0 (Windows NT 10.0; Win64; x64) AppleWebKit/537.36 (KHTML, like Gecko) Chrome/74.0.3729.169 Safari/537.36"
69.160.112.222 - - [31/May/2025:01:49:46 -0700] "GET /opus/ HTTP/1.1" 200 25257 "-" "Mozilla/5.0 (Windows NT 10.0; Win64; x64) AppleWebKit/537.36 (KHTML, like Gecko) Chrome/129.0.0.0 Safari/537.36"
10.1.10.1 - - [31/May/2025:01:50:41 -0700] "GET / HTTP/1.1" 200 25241 "-" "Zabbix"
10.1.10.1 - - [31/May/2025:01:50:46 -0700] "GET / HTTP/1.1" 200 25236 "-" "Zabbix"
139.162.121.238 - - [31/May/2025:01:51:11 -0700] "GET / HTTP/1.1" 200 25171 "-" "Better Uptime Bot Mozilla/5.0 (Windows NT 10.0; Win64; x64) AppleWebKit/537.36 (KHTML, like Gecko) Chrome/74.0.3729.169 Safari/537.36"
61.185.73.2 - - [31/May/2025:01:52:49 -0700] "GET / HTTP/1.0" 200 121370 "-" "-"
61.185.73.2 - - [31/May/2025:01:52:50 -0700] "HEAD / HTTP/1.1" 200 3633 "-" "Mozilla/5.0(WindowsNT10.0;Win64;x64)AppleWebKit/537.36(KHTML,likeGecko)Chrome/86.0.4240.111Safari/537.36"
139.162.58.253 - - [31/May/2025:01:54:13 -0700] "GET / HTTP/1.1" 200 25193 "-" "Better Uptime Bot Mozilla/5.0 (Windows NT 10.0; Win64; x64) AppleWebKit/537.36 (KHTML, like Gecko) Chrome/74.0.3729.169 Safari/537.36"
10.1.10.1 - - [31/May/2025:01:55:40 -0700] "GET / HTTP/1.1" 200 25188 "-" "Zabbix"
10.1.10.1 - - [31/May/2025:01:55:46 -0700] "GET / HTTP/1.1" 200 25177 "-" "Zabbix"
172.105.162.194 - - [31/May/2025:01:57:13 -0700] "GET / HTTP/1.1" 200 25234 "-" "Better Uptime Bot Mozilla/5.0 (Windows NT 10.0; Win64; x64) AppleWebKit/537.36 (KHTML, like Gecko) Chrome/74.0.3729.169 Safari/537.36"
172.104.181.25 - - [31/May/2025:02:00:13 -0700] "GET / HTTP/1.1" 200 25155 "-" "Better Uptime Bot Mozilla/5.0 (Windows NT 10.0; Win64; x64) AppleWebKit/537.36 (KHTML, like Gecko) Chrome/74.0.3729.169 Safari/537.36"
195.184.76.5 - - [31/May/2025:02:00:18 -0700] "GET /static_media/img/favicon.ico HTTP/1.1" 200 7878 "-" "Mozilla/5.0 (X11; Ubuntu; Linux x86_64; rv:134.0) Gecko/20100101 Firefox/134.0"
10.1.10.1 - - [31/May/2025:02:00:41 -0700] "GET / HTTP/1.1" 200 25209 "-" "Zabbix"
10.1.10.1 - - [31/May/2025:02:00:45 -0700] "GET / HTTP/1.1" 200 25213 "-" "Zabbix"
170.81.176.235 - - [31/May/2025:02:02:11 -0700] "GET /opus?ring_obs_id=J/IMG/GO/SSI/04409848.78 HTTP/1.1" 301 3655 "-" "Mozilla/5.0 (Windows NT 10.0; Win64; x64) AppleWebKit/537.36 (KHTML, like Gecko) Chrome/121.0.0.0 Safari/537.36 Edg/121.0.0.0"
14.236.1.195 - - [31/May/2025:02:02:13 -0700] "GET /opus/?ring_obs_id=J/IMG/GO/SSI/04409848.78 HTTP/1.1" 200 25269 "-" "Mozilla/5.0 (Windows NT 10.0; Win64; x64) AppleWebKit/537.36 (KHTML, like Gecko) Chrome/121.0.0.0 Safari/537.36 Edg/121.0.0.0"
139.162.215.113 - - [31/May/2025:02:03:18 -0700] "GET / HTTP/1.1" 200 25200 "-" "Better Uptime Bot Mozilla/5.0 (Windows NT 10.0; Win64; x64) AppleWebKit/537.36 (KHTML, like Gecko) Chrome/74.0.3729.169 Safari/537.36"
194.0.234.149 - - [31/May/2025:02:03:37 -0700] "GET / HTTP/1.1" 200 25029 "-" "Mozilla/5.0 zgrab/0.x"
195.3.221.137 - - [31/May/2025:02:03:46 -0700] "GET / HTTP/1.1" 200 25218 "-" "Mozilla/5.0 (Windows NT 10.0; Win64; x64) AppleWebKit/537.36 (KHTML, like Gecko) Chrome/131.0.6778.140 Safari/537.36"
24.236.161.61 - - [31/May/2025:02:05:14 -0700] "GET /opus/api/files/vg-iss-2-n-c1216330.json?types=vgiss_calib_browse HTTP/1.1" 200 3987 "-" "BackgroundShortcutRunner/3607.0.2 CFNetwork/3826.500.131 Darwin/24.5.0"
10.1.10.1 - - [31/May/2025:02:05:41 -0700] "GET / HTTP/1.1" 200 25218 "-" "Zabbix"
10.1.10.1 - - [31/May/2025:02:05:46 -0700] "GET / HTTP/1.1" 200 25202 "-" "Zabbix"
194.195.253.114 - - [31/May/2025:02:06:13 -0700] "GET / HTTP/1.1" 200 25243 "-" "Better Uptime Bot Mozilla/5.0 (Windows NT 10.0; Win64; x64) AppleWebKit/537.36 (KHTML, like Gecko) Chrome/74.0.3729.169 Safari/537.36"
139.162.121.226 - - [31/May/2025:02:09:13 -0700] "GET / HTTP/1.1" 200 25185 "-" "Better Uptime Bot Mozilla/5.0 (Windows NT 10.0; Win64; x64) AppleWebKit/537.36 (KHTML, like Gecko) Chrome/74.0.3729.169 Safari/537.36"
10.1.10.1 - - [31/May/2025:02:10:02 -0700] "GET /opus/api/fields.json HTTP/1.1" 200 125219 "-" "python-requests/2.32.3"
195.3.221.137 - - [31/May/2025:02:10:15 -0700] "GET / HTTP/1.1" 200 25165 "-" "Mozilla/5.0 (Windows NT 10.0; Win64; x64) AppleWebKit/537.36 (KHTML, like Gecko) Chrome/131.0.6778.140 Safari/537.36"
10.1.10.1 - - [31/May/2025:02:10:41 -0700] "GET / HTTP/1.1" 200 25166 "-" "Zabbix"
10.1.10.1 - - [31/May/2025:02:10:46 -0700] "GET / HTTP/1.1" 200 25177 "-" "Zabbix"
139.162.121.226 - - [31/May/2025:02:12:13 -0700] "GET / HTTP/1.1" 200 25159 "-" "Better Uptime Bot Mozilla/5.0 (Windows NT 10.0; Win64; x64) AppleWebKit/537.36 (KHTML, like Gecko) Chrome/74.0.3729.169 Safari/537.36"
10.1.10.1 - - [31/May/2025:02:14:05 -0700] "GET /opus/api/fields.json HTTP/1.1" 200 125214 "-" "python-requests/2.32.3"
172.104.181.25 - - [31/May/2025:02:15:13 -0700] "GET / HTTP/1.1" 200 25145 "-" "Better Uptime Bot Mozilla/5.0 (Windows NT 10.0; Win64; x64) AppleWebKit/537.36 (KHTML, like Gecko) Chrome/74.0.3729.169 Safari/537.36"
10.1.10.1 - - [31/May/2025:02:15:41 -0700] "GET / HTTP/1.1" 200 25224 "-" "Zabbix"
10.1.10.1 - - [31/May/2025:02:15:46 -0700] "GET / HTTP/1.1" 200 25148 "-" "Zabbix"
139.162.121.238 - - [31/May/2025:02:18:13 -0700] "GET / HTTP/1.1" 200 25172 "-" "Better Uptime Bot Mozilla/5.0 (Windows NT 10.0; Win64; x64) AppleWebKit/537.36 (KHTML, like Gecko) Chrome/74.0.3729.169 Safari/537.36"
123.58.200.147 - - [31/May/2025:02:19:09 -0700] "GET / HTTP/1.1" 200 158692 "-" "Mozilla/5.0 (Macintosh; Intel Mac OS X 10_15_7) AppleWebKit/537.36 (KHTML, like Gecko) Chrome/120.0.0.0 Safari/537.36 Edg/120.0.0.0"
123.58.200.147 - - [31/May/2025:02:19:15 -0700] "GET /static_media/img/favicon.ico HTTP/1.1" 200 7859 "-" "Mozilla/5.0 (Macintosh; Intel Mac OS X 10_7_0) AppleWebKit/535.11 (KHTML, like Gecko) Chrome/17.0.963.56 Safari/535.11"
123.58.200.147 - - [31/May/2025:02:19:16 -0700] "GET /robots.txt HTTP/1.1" 200 3672 "-" "Mozilla/5.0 (Macintosh; Intel Mac OS X 10_7_0) AppleWebKit/535.11 (KHTML, like Gecko) Chrome/17.0.963.56 Safari/535.11"
123.58.200.147 - - [31/May/2025:02:19:16 -0700] "GET /sitemap.xml HTTP/1.1" 404 3797 "-" "Mozilla/5.0 (Macintosh; Intel Mac OS X 10_7_0) AppleWebKit/535.11 (KHTML, like Gecko) Chrome/17.0.963.56 Safari/535.11"
123.58.200.147 - - [31/May/2025:02:19:16 -0700] "GET /static_media/js/detail.js?version=68683a3afb29c9ef1190c76bfef14c844fa77a43 HTTP/1.1" 200 7436 "-" "Go-http-client/1.1"
123.58.200.147 - - [31/May/2025:02:19:16 -0700] "GET /static_media/feedback/js/modernizr-custom.js?version=68683a3afb29c9ef1190c76bfef14c844fa77a43 HTTP/1.1" 200 5221 "-" "Go-http-client/1.1"
123.58.200.147 - - [31/May/2025:02:19:16 -0700] "GET /static_media/js/utils.js?version=68683a3afb29c9ef1190c76bfef14c844fa77a43 HTTP/1.1" 200 6497 "-" "Go-http-client/1.1"
123.58.200.147 - - [31/May/2025:02:19:17 -0700] "GET /static_media/js/hash.js?version=68683a3afb29c9ef1190c76bfef14c844fa77a43 HTTP/1.1" 200 10271 "-" "Go-http-client/1.1"
123.58.200.147 - - [31/May/2025:02:19:20 -0700] "GET /config.json HTTP/1.1" 404 3833 "-" "Mozilla/5.0 (Macintosh; Intel Mac OS X 10_7_0) AppleWebKit/535.11 (KHTML, like Gecko) Chrome/17.0.963.56 Safari/535.11"
10.1.10.1 - - [31/May/2025:02:20:41 -0700] "GET / HTTP/1.1" 200 25169 "-" "Zabbix"
10.1.10.1 - - [31/May/2025:02:20:46 -0700] "GET / HTTP/1.1" 200 25206 "-" "Zabbix"
194.195.253.108 - - [31/May/2025:02:21:13 -0700] "GET / HTTP/1.1" 200 25187 "-" "Better Uptime Bot Mozilla/5.0 (Windows NT 10.0; Win64; x64) AppleWebKit/537.36 (KHTML, like Gecko) Chrome/74.0.3729.169 Safari/537.36"
123.58.200.147 - - [31/May/2025:02:21:41 -0700] "GET / HTTP/1.1" 200 158692 "-" "Mozilla/5.0 (Macintosh; Intel Mac OS X 10_15_7) AppleWebKit/537.36 (KHTML, like Gecko) Chrome/120.0.0.0 Safari/537.36 Edg/120.0.0.0"
123.58.200.147 - - [31/May/2025:02:21:47 -0700] "GET /static_media/img/favicon.ico HTTP/1.1" 200 7859 "-" "Mozilla/5.0 (Macintosh; Intel Mac OS X 10_7_0) AppleWebKit/535.11 (KHTML, like Gecko) Chrome/17.0.963.56 Safari/535.11"
123.58.200.147 - - [31/May/2025:02:21:47 -0700] "GET /robots.txt HTTP/1.1" 200 3672 "-" "Mozilla/5.0 (Macintosh; Intel Mac OS X 10_7_0) AppleWebKit/535.11 (KHTML, like Gecko) Chrome/17.0.963.56 Safari/535.11"
123.58.200.147 - - [31/May/2025:02:21:48 -0700] "GET /sitemap.xml HTTP/1.1" 404 3840 "-" "Mozilla/5.0 (Macintosh; Intel Mac OS X 10_7_0) AppleWebKit/535.11 (KHTML, like Gecko) Chrome/17.0.963.56 Safari/535.11"
123.58.200.147 - - [31/May/2025:02:21:48 -0700] "GET /static_media/js/selectMetadata.js?version=68683a3afb29c9ef1190c76bfef14c844fa77a43 HTTP/1.1" 200 9937 "-" "Go-http-client/1.1"
123.58.200.147 - - [31/May/2025:02:21:48 -0700] "GET /static_media/js/detail.js?version=68683a3afb29c9ef1190c76bfef14c844fa77a43 HTTP/1.1" 200 7436 "-" "Go-http-client/1.1"
123.58.200.147 - - [31/May/2025:02:21:48 -0700] "GET /static_media/js/cart.js?version=68683a3afb29c9ef1190c76bfef14c844fa77a43 HTTP/1.1" 200 14091 "-" "Go-http-client/1.1"
123.58.200.147 - - [31/May/2025:02:21:48 -0700] "GET /static_media/js/sortMetadata.js?version=68683a3afb29c9ef1190c76bfef14c844fa77a43 HTTP/1.1" 200 7471 "-" "Go-http-client/1.1"
123.58.200.147 - - [31/May/2025:02:21:49 -0700] "GET /static_media/perfect-scrollbar/dist/perfect-scrollbar.js HTTP/1.1" 200 11400 "-" "Go-http-client/1.1"
123.58.200.147 - - [31/May/2025:02:21:49 -0700] "GET /static_media/js/widgets.js?version=68683a3afb29c9ef1190c76bfef14c844fa77a43 HTTP/1.1" 200 22226 "-" "Go-http-client/1.1"
123.58.200.147 - - [31/May/2025:02:21:52 -0700] "GET /config.json HTTP/1.1" 404 3798 "-" "Mozilla/5.0 (Macintosh; Intel Mac OS X 10_7_0) AppleWebKit/535.11 (KHTML, like Gecko) Chrome/17.0.963.56 Safari/535.11"
195.82.146.144 - - [31/May/2025:02:22:21 -0700] "GET / HTTP/1.1" 200 25240 "-" "Mozilla/5.0 (X11; Linux x86_64) AppleWebKit/537.36 (KHTML, like Gecko) Chrome/119.0.0.0 Safari/537.36"
139.162.58.253 - - [31/May/2025:02:24:15 -0700] "GET / HTTP/1.1" 200 25232 "-" "Better Uptime Bot Mozilla/5.0 (Windows NT 10.0; Win64; x64) AppleWebKit/537.36 (KHTML, like Gecko) Chrome/74.0.3729.169 Safari/537.36"
10.1.10.1 - - [31/May/2025:02:25:41 -0700] "GET / HTTP/1.1" 200 25198 "-" "Zabbix"
10.1.10.1 - - [31/May/2025:02:25:46 -0700] "GET / HTTP/1.1" 200 25191 "-" "Zabbix"
139.162.121.226 - - [31/May/2025:02:27:13 -0700] "GET / HTTP/1.1" 200 25175 "-" "Better Uptime Bot Mozilla/5.0 (Windows NT 10.0; Win64; x64) AppleWebKit/537.36 (KHTML, like Gecko) Chrome/74.0.3729.169 Safari/537.36"
139.162.215.113 - - [31/May/2025:02:30:13 -0700] "GET / HTTP/1.1" 200 25220 "-" "Better Uptime Bot Mozilla/5.0 (Windows NT 10.0; Win64; x64) AppleWebKit/537.36 (KHTML, like Gecko) Chrome/74.0.3729.169 Safari/537.36"
10.1.10.1 - - [31/May/2025:02:30:40 -0700] "GET / HTTP/1.1" 200 25237 "-" "Zabbix"
10.1.10.1 - - [31/May/2025:02:30:46 -0700] "GET / HTTP/1.1" 200 25227 "-" "Zabbix"
168.119.178.203 - - [31/May/2025:02:33:14 -0700] "GET / HTTP/1.1" 200 25234 "-" "Better Uptime Bot Mozilla/5.0 (Windows NT 10.0; Win64; x64) AppleWebKit/537.36 (KHTML, like Gecko) Chrome/74.0.3729.169 Safari/537.36"
179.151.0.198 - - [31/May/2025:02:34:34 -0700] "GET /opus?ring_obs_id=J/IMG/GO/SSI/04409849.00 HTTP/1.1" 301 3655 "-" "Mozilla/5.0 (Windows NT 10.0; Win64; x64) AppleWebKit/537.36 (KHTML, like Gecko) Chrome/121.0.0.0 Safari/537.36 Edg/121.0.0.0"
113.165.100.180 - - [31/May/2025:02:34:36 -0700] "GET /opus/?ring_obs_id=J/IMG/GO/SSI/04409849.00 HTTP/1.1" 200 25213 "-" "Mozilla/5.0 (Windows NT 10.0; Win64; x64) AppleWebKit/537.36 (KHTML, like Gecko) Chrome/121.0.0.0 Safari/537.36 Edg/121.0.0.0"
10.1.10.1 - - [31/May/2025:02:35:41 -0700] "GET / HTTP/1.1" 200 25203 "-" "Zabbix"
10.1.10.1 - - [31/May/2025:02:35:45 -0700] "GET / HTTP/1.1" 200 25241 "-" "Zabbix"
104.210.140.138 - - [31/May/2025:02:35:53 -0700] "GET /robots.txt HTTP/1.1" 200 3691 "-" "Mozilla/5.0 (Macintosh; Intel Mac OS X 10_15_7) AppleWebKit/537.36 (KHTML, like Gecko) Chrome/131.0.0.0 Safari/537.36; compatible; OAI-SearchBot/1.0; +https://openai.com/searchbot"
194.195.253.114 - - [31/May/2025:02:36:13 -0700] "GET / HTTP/1.1" 200 25242 "-" "Better Uptime Bot Mozilla/5.0 (Windows NT 10.0; Win64; x64) AppleWebKit/537.36 (KHTML, like Gecko) Chrome/74.0.3729.169 Safari/537.36"
194.195.253.111 - - [31/May/2025:02:39:13 -0700] "GET / HTTP/1.1" 200 25241 "-" "Better Uptime Bot Mozilla/5.0 (Windows NT 10.0; Win64; x64) AppleWebKit/537.36 (KHTML, like Gecko) Chrome/74.0.3729.169 Safari/537.36"
10.1.10.1 - - [31/May/2025:02:40:41 -0700] "GET / HTTP/1.1" 200 25191 "-" "Zabbix"
10.1.10.1 - - [31/May/2025:02:40:46 -0700] "GET / HTTP/1.1" 200 25199 "-" "Zabbix"
66.228.53.233 - - [31/May/2025:02:42:13 -0700] "GET / HTTP/1.1" 200 25234 "-" "Better Uptime Bot Mozilla/5.0 (Windows NT 10.0; Win64; x64) AppleWebKit/537.36 (KHTML, like Gecko) Chrome/74.0.3729.169 Safari/537.36"
194.195.253.108 - - [31/May/2025:02:45:14 -0700] "GET / HTTP/1.1" 200 25202 "-" "Better Uptime Bot Mozilla/5.0 (Windows NT 10.0; Win64; x64) AppleWebKit/537.36 (KHTML, like Gecko) Chrome/74.0.3729.169 Safari/537.36"
10.1.10.1 - - [31/May/2025:02:45:41 -0700] "GET / HTTP/1.1" 200 25212 "-" "Zabbix"
10.1.10.1 - - [31/May/2025:02:45:46 -0700] "GET / HTTP/1.1" 200 25233 "-" "Zabbix"
106.8.139.251 - - [31/May/2025:02:45:51 -0700] "GET / HTTP/1.1" 200 158801 "-" "YisouSpider"
116.132.252.151 - - [31/May/2025:02:45:57 -0700] "GET / HTTP/1.1" 200 25174 "-" "YisouSpider"
106.8.136.120 - - [31/May/2025:02:45:58 -0700] "GET /static_media/css/normalize.css HTTP/1.1" 200 5357 "https://opus.pds-rings.seti.org/" "YisouSpider"
106.8.136.92 - - [31/May/2025:02:45:59 -0700] "GET /static_media/perfect-scrollbar/css/perfect-scrollbar.css HTTP/1.1" 200 4459 "https://opus.pds-rings.seti.org/" "YisouSpider"
106.8.138.238 - - [31/May/2025:02:45:59 -0700] "GET /static_media/coreui/css/style.css HTTP/1.1" 200 39326 "https://opus.pds-rings.seti.org/" "YisouSpider"
106.8.131.197 - - [31/May/2025:02:45:59 -0700] "GET /static_media/feedback/css/feedback.css?version=68683a3afb29c9ef1190c76bfef14c844fa77a43 HTTP/1.1" 200 8699 "https://opus.pds-rings.seti.org/" "YisouSpider"
116.132.136.226 - - [31/May/2025:02:45:59 -0700] "GET /static_media/css/opus.css?version=68683a3afb29c9ef1190c76bfef14c844fa77a43 HTTP/1.1" 200 24567 "https://opus.pds-rings.seti.org/" "YisouSpider"
106.8.137.202 - - [31/May/2025:02:46:11 -0700] "GET /static_media/css/loader.css?version=68683a3afb29c9ef1190c76bfef14c844fa77a43 HTTP/1.1" 200 4074 "https://opus.pds-rings.seti.org/" "YisouSpider"
123.182.51.133 - - [31/May/2025:02:46:31 -0700] "GET /static_media/css/loader.css?version=68683a3afb29c9ef1190c76bfef14c844fa77a43 HTTP/1.1" 200 4074 "https://opus.pds-rings.seti.org/" "YisouSpider"
139.162.215.113 - - [31/May/2025:02:48:19 -0700] "GET / HTTP/1.1" 200 25223 "-" "Better Uptime Bot Mozilla/5.0 (Windows NT 10.0; Win64; x64) AppleWebKit/537.36 (KHTML, like Gecko) Chrome/74.0.3729.169 Safari/537.36"
10.1.10.1 - - [31/May/2025:02:50:41 -0700] "GET / HTTP/1.1" 200 25212 "-" "Zabbix"
10.1.10.1 - - [31/May/2025:02:50:46 -0700] "GET / HTTP/1.1" 200 25214 "-" "Zabbix"
139.162.121.226 - - [31/May/2025:02:51:13 -0700] "GET / HTTP/1.1" 200 25201 "-" "Better Uptime Bot Mozilla/5.0 (Windows NT 10.0; Win64; x64) AppleWebKit/537.36 (KHTML, like Gecko) Chrome/74.0.3729.169 Safari/537.36"
82.222.239.133 - - [31/May/2025:02:52:01 -0700] "GET /opus/ HTTP/1.1" 200 25288 "-" "Mozilla/5.0 (Windows NT 10.0; Win64; x64) AppleWebKit/537.36 (KHTML, like Gecko) Chrome/129.0.0.0 Safari/537.36"
139.162.121.238 - - [31/May/2025:02:54:13 -0700] "GET / HTTP/1.1" 200 25150 "-" "Better Uptime Bot Mozilla/5.0 (Windows NT 10.0; Win64; x64) AppleWebKit/537.36 (KHTML, like Gecko) Chrome/74.0.3729.169 Safari/537.36"
194.0.234.149 - - [31/May/2025:02:54:21 -0700] "GET / HTTP/1.1" 200 25022 "-" "Mozilla/5.0 zgrab/0.x"
10.1.10.1 - - [31/May/2025:02:55:40 -0700] "GET / HTTP/1.1" 200 25196 "-" "Zabbix"
10.1.10.1 - - [31/May/2025:02:55:46 -0700] "GET / HTTP/1.1" 200 25228 "-" "Zabbix"
69.164.207.190 - - [31/May/2025:02:57:13 -0700] "GET / HTTP/1.1" 200 25227 "-" "Better Uptime Bot Mozilla/5.0 (Windows NT 10.0; Win64; x64) AppleWebKit/537.36 (KHTML, like Gecko) Chrome/74.0.3729.169 Safari/537.36"
168.119.178.203 - - [31/May/2025:03:00:13 -0700] "GET / HTTP/1.1" 200 25216 "-" "Better Uptime Bot Mozilla/5.0 (Windows NT 10.0; Win64; x64) AppleWebKit/537.36 (KHTML, like Gecko) Chrome/74.0.3729.169 Safari/537.36"
10.1.10.1 - - [31/May/2025:03:00:41 -0700] "GET / HTTP/1.1" 200 25186 "-" "Zabbix"
10.1.10.1 - - [31/May/2025:03:00:46 -0700] "GET / HTTP/1.1" 200 25197 "-" "Zabbix"
104.131.35.70 - - [31/May/2025:03:01:37 -0700] "GET /opus/api/meta/result_count.json?instrumentid=Cassini+ISS,Galileo+SSI,New+Horizons+LORRI,Voyager+ISS HTTP/1.0" 200 3432 "-" "Python-urllib/1.17"
104.131.35.70 - - [31/May/2025:03:01:38 -0700] "GET /opus/api/images/full.json?instrumentid=Cassini+ISS,Galileo+SSI,New+Horizons+LORRI,Voyager+ISS&page=2011 HTTP/1.0" 200 56463 "-" "Python-urllib/1.17"
104.131.35.70 - - [31/May/2025:03:01:39 -0700] "GET /opus/api/metadata/S_IMG_CO_ISS_1523611243_N.json?cols=planet,target,targetclass,time1,instrument HTTP/1.0" 200 3639 "-" "Python-urllib/1.17"
194.195.253.114 - - [31/May/2025:03:03:13 -0700] "GET / HTTP/1.1" 200 25168 "-" "Better Uptime Bot Mozilla/5.0 (Windows NT 10.0; Win64; x64) AppleWebKit/537.36 (KHTML, like Gecko) Chrome/74.0.3729.169 Safari/537.36"
10.1.10.1 - - [31/May/2025:03:05:41 -0700] "GET / HTTP/1.1" 200 25237 "-" "Zabbix"
10.1.10.1 - - [31/May/2025:03:05:46 -0700] "GET / HTTP/1.1" 200 25220 "-" "Zabbix"
168.119.178.203 - - [31/May/2025:03:06:13 -0700] "GET / HTTP/1.1" 200 25232 "-" "Better Uptime Bot Mozilla/5.0 (Windows NT 10.0; Win64; x64) AppleWebKit/537.36 (KHTML, like Gecko) Chrome/74.0.3729.169 Safari/537.36"
75.167.138.140 - - [31/May/2025:03:08:43 -0700] "GET /static_media/img/splash-outer-planets.jpg HTTP/1.1" 200 36772 "https://www.google.com/" "Mozilla/5.0 (Linux; Android 11; SM-T510 Build/RP1A.200720.012; wv) AppleWebKit/537.36 (KHTML, like Gecko) Version/4.0 Chrome/136.0.7103.125 Safari/537.36 GoogleApp/16.18.39.ve.arm"
139.162.215.114 - - [31/May/2025:03:09:14 -0700] "GET / HTTP/1.1" 200 25167 "-" "Better Uptime Bot Mozilla/5.0 (Windows NT 10.0; Win64; x64) AppleWebKit/537.36 (KHTML, like Gecko) Chrome/74.0.3729.169 Safari/537.36"
10.1.10.1 - - [31/May/2025:03:10:02 -0700] "GET /opus/api/fields.json HTTP/1.1" 200 125236 "-" "python-requests/2.32.3"
10.1.10.1 - - [31/May/2025:03:10:41 -0700] "GET / HTTP/1.1" 200 25219 "-" "Zabbix"
10.1.10.1 - - [31/May/2025:03:10:46 -0700] "GET / HTTP/1.1" 200 25145 "-" "Zabbix"
139.162.215.114 - - [31/May/2025:03:12:14 -0700] "GET / HTTP/1.1" 200 25187 "-" "Better Uptime Bot Mozilla/5.0 (Windows NT 10.0; Win64; x64) AppleWebKit/537.36 (KHTML, like Gecko) Chrome/74.0.3729.169 Safari/537.36"
10.1.10.1 - - [31/May/2025:03:14:00 -0700] "GET /opus/api/fields.json HTTP/1.1" 200 125224 "-" "python-requests/2.32.3"
168.119.178.203 - - [31/May/2025:03:15:13 -0700] "GET / HTTP/1.1" 200 25194 "-" "Better Uptime Bot Mozilla/5.0 (Windows NT 10.0; Win64; x64) AppleWebKit/537.36 (KHTML, like Gecko) Chrome/74.0.3729.169 Safari/537.36"
10.1.10.1 - - [31/May/2025:03:15:41 -0700] "GET / HTTP/1.1" 200 25197 "-" "Zabbix"
10.1.10.1 - - [31/May/2025:03:15:45 -0700] "GET / HTTP/1.1" 200 25205 "-" "Zabbix"
172.105.162.194 - - [31/May/2025:03:18:13 -0700] "GET / HTTP/1.1" 200 25181 "-" "Better Uptime Bot Mozilla/5.0 (Windows NT 10.0; Win64; x64) AppleWebKit/537.36 (KHTML, like Gecko) Chrome/74.0.3729.169 Safari/537.36"
10.1.10.1 - - [31/May/2025:03:20:41 -0700] "GET / HTTP/1.1" 200 25190 "-" "Zabbix"
10.1.10.1 - - [31/May/2025:03:20:46 -0700] "GET / HTTP/1.1" 200 25226 "-" "Zabbix"
139.162.215.114 - - [31/May/2025:03:21:16 -0700] "GET / HTTP/1.1" 200 25170 "-" "Better Uptime Bot Mozilla/5.0 (Windows NT 10.0; Win64; x64) AppleWebKit/537.36 (KHTML, like Gecko) Chrome/74.0.3729.169 Safari/537.36"
185.224.128.52 - - [31/May/2025:03:23:15 -0700] "GET //recordings/theme/main.css HTTP/1.1" 404 3846 "-" "python-requests/2.25.1"
185.224.128.52 - - [31/May/2025:03:23:15 -0700] "GET //recordings/theme/main.css HTTP/1.1" 404 3910 "-" "python-requests/2.25.1"
185.224.128.52 - - [31/May/2025:03:24:04 -0700] "GET / HTTP/1.0" 400 633 "-" "-"
185.224.128.52 - - [31/May/2025:03:24:04 -0700] "GET / HTTP/1.0" 400 633 "-" "-"
139.162.215.113 - - [31/May/2025:03:24:13 -0700] "GET / HTTP/1.1" 200 25149 "-" "Better Uptime Bot Mozilla/5.0 (Windows NT 10.0; Win64; x64) AppleWebKit/537.36 (KHTML, like Gecko) Chrome/74.0.3729.169 Safari/537.36"
10.1.10.1 - - [31/May/2025:03:25:41 -0700] "GET / HTTP/1.1" 200 25177 "-" "Zabbix"
10.1.10.1 - - [31/May/2025:03:25:46 -0700] "GET / HTTP/1.1" 200 25233 "-" "Zabbix"
172.105.162.194 - - [31/May/2025:03:27:12 -0700] "GET / HTTP/1.1" 200 25221 "-" "Better Uptime Bot Mozilla/5.0 (Windows NT 10.0; Win64; x64) AppleWebKit/537.36 (KHTML, like Gecko) Chrome/74.0.3729.169 Safari/537.36"
24.236.161.61 - - [31/May/2025:03:30:12 -0700] "GET /opus/api/files/vg-iss-1-s-c3291841.json?types=vgiss_raw_browse,vgiss_cleaned_browse,vgiss_calib_browse,vgiss_geomed_browse HTTP/1.1" 200 3976 "-" "python-requests/2.28.1"
194.195.253.114 - - [31/May/2025:03:30:13 -0700] "GET / HTTP/1.1" 200 25179 "-" "Better Uptime Bot Mozilla/5.0 (Windows NT 10.0; Win64; x64) AppleWebKit/537.36 (KHTML, like Gecko) Chrome/74.0.3729.169 Safari/537.36"
10.1.10.1 - - [31/May/2025:03:30:41 -0700] "GET / HTTP/1.1" 200 25209 "-" "Zabbix"
10.1.10.1 - - [31/May/2025:03:30:46 -0700] "GET / HTTP/1.1" 200 25209 "-" "Zabbix"
66.228.53.233 - - [31/May/2025:03:33:14 -0700] "GET / HTTP/1.1" 200 25228 "-" "Better Uptime Bot Mozilla/5.0 (Windows NT 10.0; Win64; x64) AppleWebKit/537.36 (KHTML, like Gecko) Chrome/74.0.3729.169 Safari/537.36"
10.1.10.1 - - [31/May/2025:03:35:40 -0700] "GET / HTTP/1.1" 200 25214 "-" "Zabbix"
10.1.10.1 - - [31/May/2025:03:35:46 -0700] "GET / HTTP/1.1" 200 25241 "-" "Zabbix"
194.195.253.114 - - [31/May/2025:03:36:13 -0700] "GET / HTTP/1.1" 200 25212 "-" "Better Uptime Bot Mozilla/5.0 (Windows NT 10.0; Win64; x64) AppleWebKit/537.36 (KHTML, like Gecko) Chrome/74.0.3729.169 Safari/537.36"
66.228.53.233 - - [31/May/2025:03:39:13 -0700] "GET / HTTP/1.1" 200 25185 "-" "Better Uptime Bot Mozilla/5.0 (Windows NT 10.0; Win64; x64) AppleWebKit/537.36 (KHTML, like Gecko) Chrome/74.0.3729.169 Safari/537.36"
10.1.10.1 - - [31/May/2025:03:40:41 -0700] "GET / HTTP/1.1" 200 25152 "-" "Zabbix"
10.1.10.1 - - [31/May/2025:03:40:45 -0700] "GET / HTTP/1.1" 200 25240 "-" "Zabbix"
139.162.215.114 - - [31/May/2025:03:42:14 -0700] "GET / HTTP/1.1" 200 25241 "-" "Better Uptime Bot Mozilla/5.0 (Windows NT 10.0; Win64; x64) AppleWebKit/537.36 (KHTML, like Gecko) Chrome/74.0.3729.169 Safari/537.36"
139.162.215.114 - - [31/May/2025:03:45:15 -0700] "GET / HTTP/1.1" 200 25241 "-" "Better Uptime Bot Mozilla/5.0 (Windows NT 10.0; Win64; x64) AppleWebKit/537.36 (KHTML, like Gecko) Chrome/74.0.3729.169 Safari/537.36"
10.1.10.1 - - [31/May/2025:03:45:40 -0700] "GET / HTTP/1.1" 200 25223 "-" "Zabbix"
10.1.10.1 - - [31/May/2025:03:45:46 -0700] "GET / HTTP/1.1" 200 25170 "-" "Zabbix"
194.195.253.114 - - [31/May/2025:03:48:14 -0700] "GET / HTTP/1.1" 200 25165 "-" "Better Uptime Bot Mozilla/5.0 (Windows NT 10.0; Win64; x64) AppleWebKit/537.36 (KHTML, like Gecko) Chrome/74.0.3729.169 Safari/537.36"
10.1.10.1 - - [31/May/2025:03:50:40 -0700] "GET / HTTP/1.1" 200 25168 "-" "Zabbix"
10.1.10.1 - - [31/May/2025:03:50:46 -0700] "GET / HTTP/1.1" 200 25231 "-" "Zabbix"
69.164.207.190 - - [31/May/2025:03:51:12 -0700] "GET / HTTP/1.1" 200 25150 "-" "Better Uptime Bot Mozilla/5.0 (Windows NT 10.0; Win64; x64) AppleWebKit/537.36 (KHTML, like Gecko) Chrome/74.0.3729.169 Safari/537.36"
