89.87.59.88 - - [31/May/2025:08:30:58 -0700] "GET /opus/__api/dataimages.json?instrument=Voyager+ISS&observationtype=Image&target=Uranus&cols=opusid,instrument,planet,target,time1,observationduration&widgets=instrument,observationtype,target&order=time1,opusid&browse=gallery&cart_browse=gallery&cart_startobs=1&detail=&reqno=1&view=browse&startobs=1801&limit=300 HTTP/1.1" 200 19949 "https://opus.pds-rings.seti.org/opus/" "Mozilla/5.0 (Macintosh; Intel Mac OS X 10_15_7) AppleWebKit/537.36 (KHTML, like Gecko) Chrome/137.0.0.0 Safari/537.36"
89.87.59.88 - - [31/May/2025:08:31:04 -0700] "GET /opus/__fake/__viewmetadatamodal/vg-iss-2-u-c2622015.json HTTP/1.1" 200 418 "https://opus.pds-rings.seti.org/opus/" "Mozilla/5.0 (Macintosh; Intel Mac OS X 10_15_7) AppleWebKit/537.36 (KHTML, like Gecko) Chrome/137.0.0.0 Safari/537.36"
89.87.59.88 - - [31/May/2025:08:31:17 -0700] "GET /opus/__fake/__viewmetadatamodal/vg-iss-2-u-c2622332.json HTTP/1.1" 200 758 "https://opus.pds-rings.seti.org/opus/" "Mozilla/5.0 (Macintosh; Intel Mac OS X 10_15_7) AppleWebKit/537.36 (KHTML, like Gecko) Chrome/137.0.0.0 Safari/537.36"
89.87.59.88 - - [31/May/2025:08:31:22 -0700] "GET /opus/__api/dataimages.json?instrument=Voyager+ISS&observationtype=Image&target=Uranus&cols=opusid,instrument,planet,target,time1,observationduration&widgets=instrument,observationtype,target&order=time1,opusid&browse=gallery&cart_browse=gallery&cart_startobs=1&detail=&reqno=1&view=browse&startobs=2101&limit=300 HTTP/1.1" 200 20448 "https://opus.pds-rings.seti.org/opus/" "Mozilla/5.0 (Macintosh; Intel Mac OS X 10_15_7) AppleWebKit/537.36 (KHTML, like Gecko) Chrome/137.0.0.0 Safari/537.36"
89.87.59.88 - - [31/May/2025:08:31:32 -0700] "GET /opus/__fake/__viewmetadatamodal/vg-iss-2-u-c2628529.json HTTP/1.1" 200 418 "https://opus.pds-rings.seti.org/opus/" "Mozilla/5.0 (Macintosh; Intel Mac OS X 10_15_7) AppleWebKit/537.36 (KHTML, like Gecko) Chrome/137.0.0.0 Safari/537.36"
89.87.59.88 - - [31/May/2025:08:31:45 -0700] "GET /opus/__cart/add.json?opusid=vg-iss-2-u-c2628529&reqno=2 HTTP/1.1" 200 832 "https://opus.pds-rings.seti.org/opus/" "Mozilla/5.0 (Macintosh; Intel Mac OS X 10_15_7) AppleWebKit/537.36 (KHTML, like Gecko) Chrome/137.0.0.0 Safari/537.36"
89.87.59.88 - - [31/May/2025:08:31:46 -0700] "GET /opus/__notifications.json HTTP/1.1" 200 502 "https://opus.pds-rings.seti.org/opus/" "Mozilla/5.0 (Macintosh; Intel Mac OS X 10_15_7) AppleWebKit/537.36 (KHTML, like Gecko) Chrome/137.0.0.0 Safari/537.36"
89.87.59.88 - - [31/May/2025:08:31:46 -0700] "GET /opus/__cart/view.json?instrument=Voyager+ISS&observationtype=Image&target=Uranus&cols=opusid,instrument,planet,target,time1,observationduration&widgets=instrument,observationtype,target&order=time1,opusid&view=cart&browse=gallery&cart_browse=gallery&startobs=2051&cart_startobs=1&detail=&unselected_types=&&reqno=1 HTTP/1.1" 200 4417 "https://opus.pds-rings.seti.org/opus/" "Mozilla/5.0 (Macintosh; Intel Mac OS X 10_15_7) AppleWebKit/537.36 (KHTML, like Gecko) Chrome/137.0.0.0 Safari/537.36"
89.87.59.88 - - [31/May/2025:08:31:47 -0700] "GET /opus/__api/dataimages.json?instrument=Voyager+ISS&observationtype=Image&target=Uranus&cols=opusid,instrument,planet,target,time1,observationduration&widgets=instrument,observationtype,target&order=time1,opusid&browse=gallery&cart_browse=gallery&startobs=2051&detail=&reqno=1&view=cart&cart_startobs=1&limit=480 HTTP/1.1" 200 1077 "https://opus.pds-rings.seti.org/opus/" "Mozilla/5.0 (Macintosh; Intel Mac OS X 10_15_7) AppleWebKit/537.36 (KHTML, like Gecko) Chrome/137.0.0.0 Safari/537.36"
89.87.59.88 - - [31/May/2025:08:31:50 -0700] "GET /opus/__cart/status.json?reqno=3&types=vgiss_cleaned@Current,vgiss_calib@Current,vgiss_geomed@Current,vgiss_resloc@Current,vgiss_geoma@Current,browse_full@Current&download=1 HTTP/1.1" 200 2954 "https://opus.pds-rings.seti.org/opus/" "Mozilla/5.0 (Macintosh; Intel Mac OS X 10_15_7) AppleWebKit/537.36 (KHTML, like Gecko) Chrome/137.0.0.0 Safari/537.36"
89.87.59.88 - - [31/May/2025:08:31:51 -0700] "GET /opus/__cart/status.json?reqno=4&types=vgiss_calib@Current,vgiss_geomed@Current,vgiss_resloc@Current,vgiss_geoma@Current,browse_full@Current&download=1 HTTP/1.1" 200 2615 "https://opus.pds-rings.seti.org/opus/" "Mozilla/5.0 (Macintosh; Intel Mac OS X 10_15_7) AppleWebKit/537.36 (KHTML, like Gecko) Chrome/137.0.0.0 Safari/537.36"
89.87.59.88 - - [31/May/2025:08:31:51 -0700] "GET /opus/__cart/status.json?reqno=5&types=vgiss_geomed@Current,vgiss_resloc@Current,vgiss_geoma@Current,browse_full@Current&download=1 HTTP/1.1" 200 2647 "https://opus.pds-rings.seti.org/opus/" "Mozilla/5.0 (Macintosh; Intel Mac OS X 10_15_7) AppleWebKit/537.36 (KHTML, like Gecko) Chrome/137.0.0.0 Safari/537.36"
89.87.59.88 - - [31/May/2025:08:31:52 -0700] "GET /opus/__cart/status.json?reqno=6&types=vgiss_resloc@Current,vgiss_geoma@Current,browse_full@Current&download=1 HTTP/1.1" 200 2578 "https://opus.pds-rings.seti.org/opus/" "Mozilla/5.0 (Macintosh; Intel Mac OS X 10_15_7) AppleWebKit/537.36 (KHTML, like Gecko) Chrome/137.0.0.0 Safari/537.36"
89.87.59.88 - - [31/May/2025:08:31:53 -0700] "GET /opus/__cart/status.json?reqno=7&types=vgiss_geoma@Current,browse_full@Current&download=1 HTTP/1.1" 200 2945 "https://opus.pds-rings.seti.org/opus/" "Mozilla/5.0 (Macintosh; Intel Mac OS X 10_15_7) AppleWebKit/537.36 (KHTML, like Gecko) Chrome/137.0.0.0 Safari/537.36"
89.87.59.88 - - [31/May/2025:08:31:54 -0700] "GET /opus/__cart/status.json?reqno=8&types=browse_full@Current&download=1 HTTP/1.1" 200 2604 "https://opus.pds-rings.seti.org/opus/" "Mozilla/5.0 (Macintosh; Intel Mac OS X 10_15_7) AppleWebKit/537.36 (KHTML, like Gecko) Chrome/137.0.0.0 Safari/537.36"
89.87.59.88 - - [31/May/2025:08:31:58 -0700] "GET /opus/__cart/status.json?reqno=9&types=vgiss_calib@Current,browse_full@Current&download=1 HTTP/1.1" 200 2983 "https://opus.pds-rings.seti.org/opus/" "Mozilla/5.0 (Macintosh; Intel Mac OS X 10_15_7) AppleWebKit/537.36 (KHTML, like Gecko) Chrome/137.0.0.0 Safari/537.36"
89.87.59.88 - - [31/May/2025:08:31:59 -0700] "GET /opus/__cart/status.json?reqno=10&types=vgiss_calib@Current&download=1 HTTP/1.1" 200 2543 "https://opus.pds-rings.seti.org/opus/" "Mozilla/5.0 (Macintosh; Intel Mac OS X 10_15_7) AppleWebKit/537.36 (KHTML, like Gecko) Chrome/137.0.0.0 Safari/537.36"
89.87.59.88 - - [31/May/2025:08:32:02 -0700] "GET /opus/__cart/download.json?types=vgiss_calib@Current&instrument=Voyager+ISS&observationtype=Image&target=Uranus&cols=opusid,instrument,planet,target,time1,observationduration&widgets=instrument,observationtype,target&order=time1,opusid&view=cart&browse=gallery&cart_browse=gallery&startobs=2051&cart_startobs=1&detail=&hierarchical=0&fmt=zip HTTP/1.1" 200 534 "https://opus.pds-rings.seti.org/opus/" "Mozilla/5.0 (Macintosh; Intel Mac OS X 10_15_7) AppleWebKit/537.36 (KHTML, like Gecko) Chrome/137.0.0.0 Safari/537.36"
89.87.59.88 - - [31/May/2025:08:32:04 -0700] "GET /downloads/pdsrms-2025-05-31T08-32-02-652397-data-h.zip HTTP/1.1" 200 1292932 "https://opus.pds-rings.seti.org/opus/" "Mozilla/5.0 (Macintosh; Intel Mac OS X 10_15_7) AppleWebKit/537.36 (KHTML, like Gecko) Chrome/137.0.0.0 Safari/537.36"
139.162.121.226 - - [31/May/2025:08:33:14 -0700] "GET / HTTP/1.1" 200 25180 "-" "Better Uptime Bot Mozilla/5.0 (Windows NT 10.0; Win64; x64) AppleWebKit/537.36 (KHTML, like Gecko) Chrome/74.0.3729.169 Safari/537.36"
10.1.10.1 - - [31/May/2025:08:35:41 -0700] "GET / HTTP/1.1" 200 25159 "-" "Zabbix"
10.1.10.1 - - [31/May/2025:08:35:46 -0700] "GET / HTTP/1.1" 200 25169 "-" "Zabbix"
194.195.253.108 - - [31/May/2025:08:36:13 -0700] "GET / HTTP/1.1" 200 25229 "-" "Better Uptime Bot Mozilla/5.0 (Windows NT 10.0; Win64; x64) AppleWebKit/537.36 (KHTML, like Gecko) Chrome/74.0.3729.169 Safari/537.36"
89.87.59.88 - - [31/May/2025:08:38:04 -0700] "GET /opus/ HTTP/1.1" 200 25375 "https://pds-rings.seti.org/" "Mozilla/5.0 (Macintosh; Intel Mac OS X 10_15_7) AppleWebKit/537.36 (KHTML, like Gecko) Chrome/137.0.0.0 Safari/537.36"
89.87.59.88 - - [31/May/2025:08:38:04 -0700] "GET /opus/__normalizeurl.json?instrument=Voyager+ISS&observationtype=Image&target=Uranus&cols=opusid,instrument,planet,target,time1,observationduration&widgets=instrument,observationtype,target&order=time1,opusid&view=cart&browse=gallery&cart_browse=gallery&startobs=2051&cart_startobs=1&detail= HTTP/1.1" 200 807 "https://opus.pds-rings.seti.org/opus/" "Mozilla/5.0 (Macintosh; Intel Mac OS X 10_15_7) AppleWebKit/537.36 (KHTML, like Gecko) Chrome/137.0.0.0 Safari/537.36"
89.87.59.88 - - [31/May/2025:08:38:04 -0700] "GET /opus/__notifications.json HTTP/1.1" 200 502 "https://opus.pds-rings.seti.org/opus/" "Mozilla/5.0 (Macintosh; Intel Mac OS X 10_15_7) AppleWebKit/537.36 (KHTML, like Gecko) Chrome/137.0.0.0 Safari/537.36"
89.87.59.88 - - [31/May/2025:08:38:04 -0700] "GET /opus/__api/normalizeinput.json?instrument=Voyager+ISS&observationtype=Image&target=Uranus&reqno=1 HTTP/1.1" 200 3787 "https://opus.pds-rings.seti.org/opus/" "Mozilla/5.0 (Macintosh; Intel Mac OS X 10_15_7) AppleWebKit/537.36 (KHTML, like Gecko) Chrome/137.0.0.0 Safari/537.36"
89.87.59.88 - - [31/May/2025:08:38:05 -0700] "GET /opus/__cart/status.json?reqno=1 HTTP/1.1" 200 476 "https://opus.pds-rings.seti.org/opus/" "Mozilla/5.0 (Macintosh; Intel Mac OS X 10_15_7) AppleWebKit/537.36 (KHTML, like Gecko) Chrome/137.0.0.0 Safari/537.36"
89.87.59.88 - - [31/May/2025:08:38:05 -0700] "GET /opus/__notifications.json HTTP/1.1" 200 502 "https://opus.pds-rings.seti.org/opus/" "Mozilla/5.0 (Macintosh; Intel Mac OS X 10_15_7) AppleWebKit/537.36 (KHTML, like Gecko) Chrome/137.0.0.0 Safari/537.36"
89.87.59.88 - - [31/May/2025:08:38:05 -0700] "GET /opus/__api/meta/result_count.json?instrument=Voyager+ISS&observationtype=Image&target=Uranus&cols=opusid,instrument,planet,target,time1,observationduration&widgets=instrument,observationtype,target&order=time1,opusid&view=cart&browse=gallery&cart_browse=gallery&startobs=2051&cart_startobs=1&detail=&reqno=1 HTTP/1.1" 200 463 "https://opus.pds-rings.seti.org/opus/" "Mozilla/5.0 (Macintosh; Intel Mac OS X 10_15_7) AppleWebKit/537.36 (KHTML, like Gecko) Chrome/137.0.0.0 Safari/537.36"
89.87.59.88 - - [31/May/2025:08:38:05 -0700] "GET /opus/__cart/view.json?instrument=Voyager+ISS&observationtype=Image&target=Uranus&cols=opusid,instrument,planet,target,time1,observationduration&widgets=instrument,observationtype,target&order=time1,opusid&view=cart&browse=gallery&cart_browse=gallery&startobs=2051&cart_startobs=1&detail=&unselected_types=&&reqno=1 HTTP/1.1" 200 4420 "https://opus.pds-rings.seti.org/opus/" "Mozilla/5.0 (Macintosh; Intel Mac OS X 10_15_7) AppleWebKit/537.36 (KHTML, like Gecko) Chrome/137.0.0.0 Safari/537.36"
89.87.59.88 - - [31/May/2025:08:38:05 -0700] "GET /opus/__api/dataimages.json?instrument=Voyager+ISS&observationtype=Image&target=Uranus&cols=opusid,instrument,planet,target,time1,observationduration&widgets=instrument,observationtype,target&order=time1,opusid&browse=gallery&cart_browse=gallery&startobs=2051&detail=&reqno=1&view=cart&cart_startobs=1&limit=480 HTTP/1.1" 200 1121 "https://opus.pds-rings.seti.org/opus/" "Mozilla/5.0 (Macintosh; Intel Mac OS X 10_15_7) AppleWebKit/537.36 (KHTML, like Gecko) Chrome/137.0.0.0 Safari/537.36"
89.87.59.88 - - [31/May/2025:08:38:05 -0700] "GET /opus/__menu.json?instrument=Voyager+ISS&observationtype=Image&target=Uranus&cols=opusid,instrument,planet,target,time1,observationduration&widgets=instrument,observationtype,target&order=time1,opusid&view=cart&browse=gallery&cart_browse=gallery&startobs=2051&cart_startobs=1&detail=&expanded_cats=obs_general&reqno=1 HTTP/1.1" 200 16779 "https://opus.pds-rings.seti.org/opus/" "Mozilla/5.0 (Macintosh; Intel Mac OS X 10_15_7) AppleWebKit/537.36 (KHTML, like Gecko) Chrome/137.0.0.0 Safari/537.36"
89.87.59.88 - - [31/May/2025:08:38:05 -0700] "GET /opus/__metadata_selector.json?instrument=Voyager+ISS&observationtype=Image&target=Uranus&cols=opusid,instrument,planet,target,time1,observationduration&widgets=instrument,observationtype,target&order=time1,opusid&view=cart&browse=gallery&cart_browse=gallery&startobs=2051&cart_startobs=1&detail=&reqno=1 HTTP/1.1" 200 27705 "https://opus.pds-rings.seti.org/opus/" "Mozilla/5.0 (Macintosh; Intel Mac OS X 10_15_7) AppleWebKit/537.36 (KHTML, like Gecko) Chrome/137.0.0.0 Safari/537.36"
139.162.215.114 - - [31/May/2025:08:39:13 -0700] "GET / HTTP/1.1" 200 25149 "-" "Better Uptime Bot Mozilla/5.0 (Windows NT 10.0; Win64; x64) AppleWebKit/537.36 (KHTML, like Gecko) Chrome/74.0.3729.169 Safari/537.36"
20.64.96.40 - - [31/May/2025:08:40:38 -0700] "GET / HTTP/1.1" 200 24954 "-" "Mozilla/5.0 zgrab/0.x"
10.1.10.1 - - [31/May/2025:08:40:41 -0700] "GET / HTTP/1.1" 200 25213 "-" "Zabbix"
10.1.10.1 - - [31/May/2025:08:40:46 -0700] "GET / HTTP/1.1" 200 25174 "-" "Zabbix"
89.87.59.88 - - [31/May/2025:08:41:04 -0700] "GET /opus/__notifications.json HTTP/1.1" 200 842 "https://opus.pds-rings.seti.org/opus/" "Mozilla/5.0 (Macintosh; Intel Mac OS X 10_15_7) AppleWebKit/537.36 (KHTML, like Gecko) Chrome/137.0.0.0 Safari/537.36"
89.87.59.88 - - [31/May/2025:08:41:04 -0700] "GET /opus/__api/dataimages.json?instrument=Voyager+ISS&observationtype=Image&target=Uranus&cols=opusid,instrument,planet,target,time1,observationduration&widgets=instrument,observationtype,target&order=time1,opusid&browse=gallery&cart_browse=gallery&cart_startobs=1&detail=&reqno=1&view=browse&startobs=2051&limit=600 HTTP/1.1" 200 38852 "https://opus.pds-rings.seti.org/opus/" "Mozilla/5.0 (Macintosh; Intel Mac OS X 10_15_7) AppleWebKit/537.36 (KHTML, like Gecko) Chrome/137.0.0.0 Safari/537.36"
89.87.59.88 - - [31/May/2025:08:41:05 -0700] "GET /opus/__api/dataimages.json?instrument=Voyager+ISS&observationtype=Image&target=Uranus&cols=opusid,instrument,planet,target,time1,observationduration&widgets=instrument,observationtype,target&order=time1,opusid&browse=gallery&cart_browse=gallery&cart_startobs=1&detail=&reqno=1&view=browse&startobs=1751&limit=300 HTTP/1.1" 200 19823 "https://opus.pds-rings.seti.org/opus/" "Mozilla/5.0 (Macintosh; Intel Mac OS X 10_15_7) AppleWebKit/537.36 (KHTML, like Gecko) Chrome/137.0.0.0 Safari/537.36"
89.87.59.88 - - [31/May/2025:08:41:08 -0700] "GET /opus/__cart/remove.json?opusid=vg-iss-2-u-c2628529&recyclebin=0&reqno=2 HTTP/1.1" 200 492 "https://opus.pds-rings.seti.org/opus/" "Mozilla/5.0 (Macintosh; Intel Mac OS X 10_15_7) AppleWebKit/537.36 (KHTML, like Gecko) Chrome/137.0.0.0 Safari/537.36"
89.87.59.88 - - [31/May/2025:08:41:12 -0700] "GET /opus/__api/dataimages.json?instrument=Voyager+ISS&observationtype=Image&target=Uranus&cols=opusid,instrument,planet,target,time1,observationduration&widgets=instrument,observationtype,target&order=time1,opusid&browse=gallery&cart_browse=gallery&cart_startobs=1&detail=&reqno=1&view=browse&startobs=2651&limit=300 HTTP/1.1" 200 19948 "https://opus.pds-rings.seti.org/opus/" "Mozilla/5.0 (Macintosh; Intel Mac OS X 10_15_7) AppleWebKit/537.36 (KHTML, like Gecko) Chrome/137.0.0.0 Safari/537.36"
89.87.59.88 - - [31/May/2025:08:41:23 -0700] "GET /opus/__api/dataimages.json?instrument=Voyager+ISS&observationtype=Image&target=Uranus&cols=opusid,instrument,planet,target,time1,observationduration&widgets=instrument,observationtype,target&order=time1,opusid&browse=gallery&cart_browse=gallery&cart_startobs=1&detail=&reqno=1&view=browse&startobs=2951&limit=300 HTTP/1.1" 200 20039 "https://opus.pds-rings.seti.org/opus/" "Mozilla/5.0 (Macintosh; Intel Mac OS X 10_15_7) AppleWebKit/537.36 (KHTML, like Gecko) Chrome/137.0.0.0 Safari/537.36"
89.87.59.88 - - [31/May/2025:08:41:34 -0700] "GET /opus/__api/dataimages.json?instrument=Voyager+ISS&observationtype=Image&target=Uranus&cols=opusid,instrument,planet,target,time1,observationduration&widgets=instrument,observationtype,target&order=time1,opusid&browse=gallery&cart_browse=gallery&cart_startobs=1&detail=&reqno=1&view=browse&startobs=3251&limit=300 HTTP/1.1" 200 19839 "https://opus.pds-rings.seti.org/opus/" "Mozilla/5.0 (Macintosh; Intel Mac OS X 10_15_7) AppleWebKit/537.36 (KHTML, like Gecko) Chrome/137.0.0.0 Safari/537.36"
20.64.96.40 - - [31/May/2025:08:41:38 -0700] "GET / HTTP/1.1" 200 24960 "-" "Mozilla/5.0 zgrab/0.x"
89.87.59.88 - - [31/May/2025:08:41:44 -0700] "GET /opus/__fake/__viewmetadatamodal/vg-iss-2-u-c2663801.json HTTP/1.1" 200 418 "https://opus.pds-rings.seti.org/opus/" "Mozilla/5.0 (Macintosh; Intel Mac OS X 10_15_7) AppleWebKit/537.36 (KHTML, like Gecko) Chrome/137.0.0.0 Safari/537.36"
89.87.59.88 - - [31/May/2025:08:41:53 -0700] "GET /opus/__fake/__viewmetadatamodal/vg-iss-2-u-c2663812.json HTTP/1.1" 200 758 "https://opus.pds-rings.seti.org/opus/" "Mozilla/5.0 (Macintosh; Intel Mac OS X 10_15_7) AppleWebKit/537.36 (KHTML, like Gecko) Chrome/137.0.0.0 Safari/537.36"
89.87.59.88 - - [31/May/2025:08:42:08 -0700] "GET /opus/__fake/__viewmetadatamodal/vg-iss-2-u-c2666322.json HTTP/1.1" 200 758 "https://opus.pds-rings.seti.org/opus/" "Mozilla/5.0 (Macintosh; Intel Mac OS X 10_15_7) AppleWebKit/537.36 (KHTML, like Gecko) Chrome/137.0.0.0 Safari/537.36"
89.87.59.88 - - [31/May/2025:08:42:12 -0700] "GET /opus/__api/dataimages.json?instrument=Voyager+ISS&observationtype=Image&target=Uranus&cols=opusid,instrument,planet,target,time1,observationduration&widgets=instrument,observationtype,target&order=time1,opusid&browse=gallery&cart_browse=gallery&cart_startobs=1&detail=&reqno=1&view=browse&startobs=3551&limit=300 HTTP/1.1" 200 19914 "https://opus.pds-rings.seti.org/opus/" "Mozilla/5.0 (Macintosh; Intel Mac OS X 10_15_7) AppleWebKit/537.36 (KHTML, like Gecko) Chrome/137.0.0.0 Safari/537.36"
139.162.215.114 - - [31/May/2025:08:42:13 -0700] "GET / HTTP/1.1" 200 25201 "-" "Better Uptime Bot Mozilla/5.0 (Windows NT 10.0; Win64; x64) AppleWebKit/537.36 (KHTML, like Gecko) Chrome/74.0.3729.169 Safari/537.36"
89.87.59.88 - - [31/May/2025:08:42:22 -0700] "GET /opus/__api/dataimages.json?instrument=Voyager+ISS&observationtype=Image&target=Uranus&cols=opusid,instrument,planet,target,time1,observationduration&widgets=instrument,observationtype,target&order=time1,opusid&browse=gallery&cart_browse=gallery&cart_startobs=1&detail=&reqno=1&view=browse&startobs=3851&limit=300 HTTP/1.1" 200 20244 "https://opus.pds-rings.seti.org/opus/" "Mozilla/5.0 (Macintosh; Intel Mac OS X 10_15_7) AppleWebKit/537.36 (KHTML, like Gecko) Chrome/137.0.0.0 Safari/537.36"
89.87.59.88 - - [31/May/2025:08:42:23 -0700] "GET /opus/__fake/__viewmetadatamodal/vg-iss-2-u-c2672955.json HTTP/1.1" 200 418 "https://opus.pds-rings.seti.org/opus/" "Mozilla/5.0 (Macintosh; Intel Mac OS X 10_15_7) AppleWebKit/537.36 (KHTML, like Gecko) Chrome/137.0.0.0 Safari/537.36"
89.87.59.88 - - [31/May/2025:08:42:31 -0700] "GET /opus/__fake/__viewmetadatamodal/vg-iss-2-u-c2673119.json HTTP/1.1" 200 417 "https://opus.pds-rings.seti.org/opus/" "Mozilla/5.0 (Macintosh; Intel Mac OS X 10_15_7) AppleWebKit/537.36 (KHTML, like Gecko) Chrome/137.0.0.0 Safari/537.36"
89.87.59.88 - - [31/May/2025:08:42:47 -0700] "GET /opus/__cart/add.json?opusid=vg-iss-2-u-c2673119&reqno=3 HTTP/1.1" 200 832 "https://opus.pds-rings.seti.org/opus/" "Mozilla/5.0 (Macintosh; Intel Mac OS X 10_15_7) AppleWebKit/537.36 (KHTML, like Gecko) Chrome/137.0.0.0 Safari/537.36"
89.87.59.88 - - [31/May/2025:08:42:53 -0700] "GET /opus/__notifications.json HTTP/1.1" 200 842 "https://opus.pds-rings.seti.org/opus/" "Mozilla/5.0 (Macintosh; Intel Mac OS X 10_15_7) AppleWebKit/537.36 (KHTML, like Gecko) Chrome/137.0.0.0 Safari/537.36"
89.87.59.88 - - [31/May/2025:08:42:53 -0700] "GET /opus/__cart/view.json?instrument=Voyager+ISS&observationtype=Image&target=Uranus&cols=opusid,instrument,planet,target,time1,observationduration&widgets=instrument,observationtype,target&order=time1,opusid&view=cart&browse=gallery&cart_browse=gallery&startobs=3526&cart_startobs=1&detail=&unselected_types=vgiss_raw_browse@Current,vgiss_cleaned_browse@Current,vgiss_calib_browse@Current,vgiss_geomed_browse@Current,vgiss_documentation@Current,rms_index@Current,raw_image_index@Current,supplemental_index@Current,inventory@Current,planet_geometry@Current,moon_geometry@Current,ring_geometry@Current,browse_thumb@Current,browse_small@Current,browse_medium@Current&types=vgiss_raw@Current,vgiss_cleaned@Current,vgiss_calib@Current,vgiss_geomed@Current,vgiss_resloc@Current,vgiss_geoma@Current,browse_full@Current&reqno=2 HTTP/1.1" 200 4731 "https://opus.pds-rings.seti.org/opus/" "Mozilla/5.0 (Macintosh; Intel Mac OS X 10_15_7) AppleWebKit/537.36 (KHTML, like Gecko) Chrome/137.0.0.0 Safari/537.36"
89.87.59.88 - - [31/May/2025:08:42:53 -0700] "GET /opus/__api/dataimages.json?instrument=Voyager+ISS&observationtype=Image&target=Uranus&cols=opusid,instrument,planet,target,time1,observationduration&widgets=instrument,observationtype,target&order=time1,opusid&browse=gallery&cart_browse=gallery&startobs=3526&detail=&reqno=2&view=cart&cart_startobs=1&limit=480 HTTP/1.1" 200 1086 "https://opus.pds-rings.seti.org/opus/" "Mozilla/5.0 (Macintosh; Intel Mac OS X 10_15_7) AppleWebKit/537.36 (KHTML, like Gecko) Chrome/137.0.0.0 Safari/537.36"
89.87.59.88 - - [31/May/2025:08:42:56 -0700] "GET /opus/__cart/status.json?reqno=4&types=vgiss_raw@Current,vgiss_cleaned@Current,vgiss_calib@Current,vgiss_geomed@Current,vgiss_resloc@Current,browse_full@Current&download=1 HTTP/1.1" 200 2597 "https://opus.pds-rings.seti.org/opus/" "Mozilla/5.0 (Macintosh; Intel Mac OS X 10_15_7) AppleWebKit/537.36 (KHTML, like Gecko) Chrome/137.0.0.0 Safari/537.36"
89.87.59.88 - - [31/May/2025:08:42:57 -0700] "GET /opus/__cart/status.json?reqno=5&types=vgiss_raw@Current,vgiss_cleaned@Current,vgiss_calib@Current,vgiss_geomed@Current,browse_full@Current&download=1 HTTP/1.1" 200 2649 "https://opus.pds-rings.seti.org/opus/" "Mozilla/5.0 (Macintosh; Intel Mac OS X 10_15_7) AppleWebKit/537.36 (KHTML, like Gecko) Chrome/137.0.0.0 Safari/537.36"
89.87.59.88 - - [31/May/2025:08:42:59 -0700] "GET /opus/__cart/status.json?reqno=6&types=vgiss_raw@Current,vgiss_cleaned@Current,vgiss_calib@Current,browse_full@Current&download=1 HTTP/1.1" 200 2610 "https://opus.pds-rings.seti.org/opus/" "Mozilla/5.0 (Macintosh; Intel Mac OS X 10_15_7) AppleWebKit/537.36 (KHTML, like Gecko) Chrome/137.0.0.0 Safari/537.36"
89.87.59.88 - - [31/May/2025:08:43:03 -0700] "GET /opus/__cart/status.json?reqno=7&types=vgiss_raw@Current,vgiss_cleaned@Current,vgiss_calib@Current&download=1 HTTP/1.1" 200 2621 "https://opus.pds-rings.seti.org/opus/" "Mozilla/5.0 (Macintosh; Intel Mac OS X 10_15_7) AppleWebKit/537.36 (KHTML, like Gecko) Chrome/137.0.0.0 Safari/537.36"
89.87.59.88 - - [31/May/2025:08:43:05 -0700] "GET /opus/__cart/download.json?types=vgiss_raw@Current,vgiss_cleaned@Current,vgiss_calib@Current&instrument=Voyager+ISS&observationtype=Image&target=Uranus&cols=opusid,instrument,planet,target,time1,observationduration&widgets=instrument,observationtype,target&order=time1,opusid&view=cart&browse=gallery&cart_browse=gallery&startobs=3526&cart_startobs=1&detail=&hierarchical=0&fmt=zip HTTP/1.1" 200 534 "https://opus.pds-rings.seti.org/opus/" "Mozilla/5.0 (Macintosh; Intel Mac OS X 10_15_7) AppleWebKit/537.36 (KHTML, like Gecko) Chrome/137.0.0.0 Safari/537.36"
89.87.59.88 - - [31/May/2025:08:43:06 -0700] "GET /downloads/pdsrms-2025-05-31T08-43-05-040274-data-o.zip HTTP/1.1" 200 2771272 "https://opus.pds-rings.seti.org/opus/" "Mozilla/5.0 (Macintosh; Intel Mac OS X 10_15_7) AppleWebKit/537.36 (KHTML, like Gecko) Chrome/137.0.0.0 Safari/537.36"
139.162.215.113 - - [31/May/2025:08:45:16 -0700] "GET / HTTP/1.1" 200 25186 "-" "Better Uptime Bot Mozilla/5.0 (Windows NT 10.0; Win64; x64) AppleWebKit/537.36 (KHTML, like Gecko) Chrome/74.0.3729.169 Safari/537.36"
10.1.10.1 - - [31/May/2025:08:45:41 -0700] "GET / HTTP/1.1" 200 25162 "-" "Zabbix"
10.1.10.1 - - [31/May/2025:08:45:45 -0700] "GET / HTTP/1.1" 200 25243 "-" "Zabbix"
118.100.234.226 - - [31/May/2025:08:46:25 -0700] "GET /opus/ HTTP/1.1" 200 25243 "-" "Mozilla/5.0 (Windows NT 10.0; Win64; x64) AppleWebKit/537.36 (KHTML, like Gecko) Chrome/129.0.0.0 Safari/537.36"
194.195.253.114 - - [31/May/2025:08:48:13 -0700] "GET / HTTP/1.1" 200 25232 "-" "Better Uptime Bot Mozilla/5.0 (Windows NT 10.0; Win64; x64) AppleWebKit/537.36 (KHTML, like Gecko) Chrome/74.0.3729.169 Safari/537.36"
89.87.59.88 - - [31/May/2025:08:50:11 -0700] "GET /opus/__notifications.json HTTP/1.1" 200 3827 "https://opus.pds-rings.seti.org/opus/" "Mozilla/5.0 (Macintosh; Intel Mac OS X 10_15_7) AppleWebKit/537.36 (KHTML, like Gecko) Chrome/137.0.0.0 Safari/537.36"
89.87.59.88 - - [31/May/2025:08:50:16 -0700] "GET /opus/__fake/__viewmetadatamodal/vg-iss-2-u-c2673043.json HTTP/1.1" 200 418 "https://opus.pds-rings.seti.org/opus/" "Mozilla/5.0 (Macintosh; Intel Mac OS X 10_15_7) AppleWebKit/537.36 (KHTML, like Gecko) Chrome/137.0.0.0 Safari/537.36"
89.87.59.88 - - [31/May/2025:08:50:31 -0700] "GET /opus/__fake/__viewmetadatamodal/vg-iss-2-u-c2679155.json HTTP/1.1" 200 758 "https://opus.pds-rings.seti.org/opus/" "Mozilla/5.0 (Macintosh; Intel Mac OS X 10_15_7) AppleWebKit/537.36 (KHTML, like Gecko) Chrome/137.0.0.0 Safari/537.36"
10.1.10.1 - - [31/May/2025:08:50:41 -0700] "GET / HTTP/1.1" 200 25205 "-" "Zabbix"
89.87.59.88 - - [31/May/2025:08:50:41 -0700] "GET /opus/__fake/__viewmetadatamodal/vg-iss-2-u-c2679155.json HTTP/1.1" 200 758 "https://opus.pds-rings.seti.org/opus/" "Mozilla/5.0 (Macintosh; Intel Mac OS X 10_15_7) AppleWebKit/537.36 (KHTML, like Gecko) Chrome/137.0.0.0 Safari/537.36"
10.1.10.1 - - [31/May/2025:08:50:45 -0700] "GET / HTTP/1.1" 200 25224 "-" "Zabbix"
89.87.59.88 - - [31/May/2025:08:50:53 -0700] "GET /opus/__cart/add.json?opusid=vg-iss-2-u-c2679155&reqno=8 HTTP/1.1" 200 832 "https://opus.pds-rings.seti.org/opus/" "Mozilla/5.0 (Macintosh; Intel Mac OS X 10_15_7) AppleWebKit/537.36 (KHTML, like Gecko) Chrome/137.0.0.0 Safari/537.36"
89.87.59.88 - - [31/May/2025:08:50:54 -0700] "GET /opus/__notifications.json HTTP/1.1" 200 502 "https://opus.pds-rings.seti.org/opus/" "Mozilla/5.0 (Macintosh; Intel Mac OS X 10_15_7) AppleWebKit/537.36 (KHTML, like Gecko) Chrome/137.0.0.0 Safari/537.36"
89.87.59.88 - - [31/May/2025:08:50:54 -0700] "GET /opus/__cart/view.json?instrument=Voyager+ISS&observationtype=Image&target=Uranus&cols=opusid,instrument,planet,target,time1,observationduration&widgets=instrument,observationtype,target&order=time1,opusid&view=cart&browse=gallery&cart_browse=gallery&startobs=3751&cart_startobs=1&detail=&unselected_types=vgiss_geomed@Current,vgiss_resloc@Current,vgiss_geoma@Current,vgiss_raw_browse@Current,vgiss_cleaned_browse@Current,vgiss_calib_browse@Current,vgiss_geomed_browse@Current,vgiss_documentation@Current,rms_index@Current,raw_image_index@Current,supplemental_index@Current,inventory@Current,planet_geometry@Current,moon_geometry@Current,ring_geometry@Current,browse_thumb@Current,browse_small@Current,browse_medium@Current,browse_full@Current&types=vgiss_raw@Current,vgiss_cleaned@Current,vgiss_calib@Current&reqno=3 HTTP/1.1" 200 4417 "https://opus.pds-rings.seti.org/opus/" "Mozilla/5.0 (Macintosh; Intel Mac OS X 10_15_7) AppleWebKit/537.36 (KHTML, like Gecko) Chrome/137.0.0.0 Safari/537.36"
89.87.59.88 - - [31/May/2025:08:50:54 -0700] "GET /opus/__api/dataimages.json?instrument=Voyager+ISS&observationtype=Image&target=Uranus&cols=opusid,instrument,planet,target,time1,observationduration&widgets=instrument,observationtype,target&order=time1,opusid&browse=gallery&cart_browse=gallery&startobs=3751&detail=&reqno=3&view=cart&cart_startobs=1&limit=480 HTTP/1.1" 200 1139 "https://opus.pds-rings.seti.org/opus/" "Mozilla/5.0 (Macintosh; Intel Mac OS X 10_15_7) AppleWebKit/537.36 (KHTML, like Gecko) Chrome/137.0.0.0 Safari/537.36"
89.87.59.88 - - [31/May/2025:08:51:03 -0700] "GET /opus/__cart/status.json?reqno=9&types=vgiss_raw@Current,vgiss_cleaned@Current,vgiss_calib@Current,vgiss_geomed@Current,vgiss_resloc@Current,browse_full@Current&download=1 HTTP/1.1" 200 2960 "https://opus.pds-rings.seti.org/opus/" "Mozilla/5.0 (Macintosh; Intel Mac OS X 10_15_7) AppleWebKit/537.36 (KHTML, like Gecko) Chrome/137.0.0.0 Safari/537.36"
89.87.59.88 - - [31/May/2025:08:51:04 -0700] "GET /opus/__cart/status.json?reqno=10&types=vgiss_raw@Current,vgiss_cleaned@Current,vgiss_calib@Current,vgiss_geomed@Current,browse_full@Current&download=1 HTTP/1.1" 200 2587 "https://opus.pds-rings.seti.org/opus/" "Mozilla/5.0 (Macintosh; Intel Mac OS X 10_15_7) AppleWebKit/537.36 (KHTML, like Gecko) Chrome/137.0.0.0 Safari/537.36"
89.87.59.88 - - [31/May/2025:08:51:04 -0700] "GET /opus/__cart/status.json?reqno=11&types=vgiss_raw@Current,vgiss_cleaned@Current,vgiss_calib@Current,browse_full@Current&download=1 HTTP/1.1" 200 2613 "https://opus.pds-rings.seti.org/opus/" "Mozilla/5.0 (Macintosh; Intel Mac OS X 10_15_7) AppleWebKit/537.36 (KHTML, like Gecko) Chrome/137.0.0.0 Safari/537.36"
89.87.59.88 - - [31/May/2025:08:51:06 -0700] "GET /opus/__cart/status.json?reqno=12&types=vgiss_raw@Current,vgiss_cleaned@Current,vgiss_calib@Current,vgiss_geomed@Current,browse_full@Current&download=1 HTTP/1.1" 200 2579 "https://opus.pds-rings.seti.org/opus/" "Mozilla/5.0 (Macintosh; Intel Mac OS X 10_15_7) AppleWebKit/537.36 (KHTML, like Gecko) Chrome/137.0.0.0 Safari/537.36"
89.87.59.88 - - [31/May/2025:08:51:07 -0700] "GET /opus/__cart/status.json?reqno=13&types=vgiss_cleaned@Current,vgiss_calib@Current,vgiss_geomed@Current,browse_full@Current&download=1 HTTP/1.1" 200 2621 "https://opus.pds-rings.seti.org/opus/" "Mozilla/5.0 (Macintosh; Intel Mac OS X 10_15_7) AppleWebKit/537.36 (KHTML, like Gecko) Chrome/137.0.0.0 Safari/537.36"
89.87.59.88 - - [31/May/2025:08:51:09 -0700] "GET /opus/__cart/status.json?reqno=14&types=vgiss_cleaned@Current,vgiss_calib@Current,vgiss_geomed@Current&download=1 HTTP/1.1" 200 2586 "https://opus.pds-rings.seti.org/opus/" "Mozilla/5.0 (Macintosh; Intel Mac OS X 10_15_7) AppleWebKit/537.36 (KHTML, like Gecko) Chrome/137.0.0.0 Safari/537.36"
89.87.59.88 - - [31/May/2025:08:51:10 -0700] "GET /opus/__cart/download.json?types=vgiss_cleaned@Current,vgiss_calib@Current,vgiss_geomed@Current&instrument=Voyager+ISS&observationtype=Image&target=Uranus&cols=opusid,instrument,planet,target,time1,observationduration&widgets=instrument,observationtype,target&order=time1,opusid&view=cart&browse=gallery&cart_browse=gallery&startobs=3751&cart_startobs=1&detail=&hierarchical=0&fmt=zip HTTP/1.1" 200 534 "https://opus.pds-rings.seti.org/opus/" "Mozilla/5.0 (Macintosh; Intel Mac OS X 10_15_7) AppleWebKit/537.36 (KHTML, like Gecko) Chrome/137.0.0.0 Safari/537.36"
139.162.121.226 - - [31/May/2025:08:51:13 -0700] "GET / HTTP/1.1" 200 25237 "-" "Better Uptime Bot Mozilla/5.0 (Windows NT 10.0; Win64; x64) AppleWebKit/537.36 (KHTML, like Gecko) Chrome/74.0.3729.169 Safari/537.36"
89.87.59.88 - - [31/May/2025:08:51:13 -0700] "GET /downloads/pdsrms-2025-05-31T08-51-10-394262-data-h.zip HTTP/1.1" 200 7903189 "https://opus.pds-rings.seti.org/opus/" "Mozilla/5.0 (Macintosh; Intel Mac OS X 10_15_7) AppleWebKit/537.36 (KHTML, like Gecko) Chrome/137.0.0.0 Safari/537.36"
89.87.59.88 - - [31/May/2025:08:52:31 -0700] "GET /opus/__notifications.json HTTP/1.1" 200 842 "https://opus.pds-rings.seti.org/opus/" "Mozilla/5.0 (Macintosh; Intel Mac OS X 10_15_7) AppleWebKit/537.36 (KHTML, like Gecko) Chrome/137.0.0.0 Safari/537.36"
89.87.59.88 - - [31/May/2025:08:52:40 -0700] "GET /opus/__cart/remove.json?opusid=vg-iss-2-u-c2673119&recyclebin=0&reqno=15 HTTP/1.1" 200 833 "https://opus.pds-rings.seti.org/opus/" "Mozilla/5.0 (Macintosh; Intel Mac OS X 10_15_7) AppleWebKit/537.36 (KHTML, like Gecko) Chrome/137.0.0.0 Safari/537.36"
89.87.59.88 - - [31/May/2025:08:52:41 -0700] "GET /opus/__api/dataimages.json?instrument=Voyager+ISS&observationtype=Image&target=Uranus&cols=opusid,instrument,planet,target,time1,observationduration&widgets=instrument,observationtype,target&order=time1,opusid&browse=gallery&cart_browse=gallery&cart_startobs=1&detail=&reqno=1&view=browse&startobs=4151&limit=300 HTTP/1.1" 200 18828 "https://opus.pds-rings.seti.org/opus/" "Mozilla/5.0 (Macintosh; Intel Mac OS X 10_15_7) AppleWebKit/537.36 (KHTML, like Gecko) Chrome/137.0.0.0 Safari/537.36"
89.87.59.88 - - [31/May/2025:08:52:50 -0700] "GET /opus/__fake/__viewmetadatamodal/vg-iss-2-u-c2688320.json HTTP/1.1" 200 418 "https://opus.pds-rings.seti.org/opus/" "Mozilla/5.0 (Macintosh; Intel Mac OS X 10_15_7) AppleWebKit/537.36 (KHTML, like Gecko) Chrome/137.0.0.0 Safari/537.36"
89.87.59.88 - - [31/May/2025:08:52:57 -0700] "GET /opus/__fake/__viewmetadatamodal/vg-iss-2-u-c2682420.json HTTP/1.1" 200 758 "https://opus.pds-rings.seti.org/opus/" "Mozilla/5.0 (Macintosh; Intel Mac OS X 10_15_7) AppleWebKit/537.36 (KHTML, like Gecko) Chrome/137.0.0.0 Safari/537.36"
89.87.59.88 - - [31/May/2025:08:53:05 -0700] "GET /opus/__fake/__viewmetadatamodal/vg-iss-2-u-c2682426.json HTTP/1.1" 200 758 "https://opus.pds-rings.seti.org/opus/" "Mozilla/5.0 (Macintosh; Intel Mac OS X 10_15_7) AppleWebKit/537.36 (KHTML, like Gecko) Chrome/137.0.0.0 Safari/537.36"
89.87.59.88 - - [31/May/2025:08:53:15 -0700] "GET /opus/__fake/__viewmetadatamodal/vg-iss-2-u-c2682444.json HTTP/1.1" 200 758 "https://opus.pds-rings.seti.org/opus/" "Mozilla/5.0 (Macintosh; Intel Mac OS X 10_15_7) AppleWebKit/537.36 (KHTML, like Gecko) Chrome/137.0.0.0 Safari/537.36"
89.87.59.88 - - [31/May/2025:08:53:31 -0700] "GET /opus/__fake/__viewmetadatamodal/vg-iss-2-u-c2682456.json HTTP/1.1" 200 758 "https://opus.pds-rings.seti.org/opus/" "Mozilla/5.0 (Macintosh; Intel Mac OS X 10_15_7) AppleWebKit/537.36 (KHTML, like Gecko) Chrome/137.0.0.0 Safari/537.36"
89.87.59.88 - - [31/May/2025:08:53:52 -0700] "GET /opus/__api/dataimages.json?instrument=Voyager+ISS&observationtype=Image&target=Uranus&cols=opusid,instrument,planet,target,time1,observationduration&widgets=instrument,observationtype,target&order=time1,opusid&browse=gallery&cart_browse=gallery&cart_startobs=1&detail=&reqno=1&view=browse&startobs=4451&limit=300 HTTP/1.1" 200 19712 "https://opus.pds-rings.seti.org/opus/" "Mozilla/5.0 (Macintosh; Intel Mac OS X 10_15_7) AppleWebKit/537.36 (KHTML, like Gecko) Chrome/137.0.0.0 Safari/537.36"
89.87.59.88 - - [31/May/2025:08:54:02 -0700] "GET /opus/__api/dataimages.json?instrument=Voyager+ISS&observationtype=Image&target=Uranus&cols=opusid,instrument,planet,target,time1,observationduration&widgets=instrument,observationtype,target&order=time1,opusid&browse=gallery&cart_browse=gallery&cart_startobs=1&detail=&reqno=1&view=browse&startobs=4751&limit=300 HTTP/1.1" 200 13352 "https://opus.pds-rings.seti.org/opus/" "Mozilla/5.0 (Macintosh; Intel Mac OS X 10_15_7) AppleWebKit/537.36 (KHTML, like Gecko) Chrome/137.0.0.0 Safari/537.36"
89.87.59.88 - - [31/May/2025:08:54:08 -0700] "GET /opus/__api/dataimages.json?instrument=Voyager+ISS&observationtype=Image&target=Uranus&cols=opusid,instrument,planet,target,time1,observationduration&widgets=instrument,observationtype,target&order=time1,opusid&browse=gallery&cart_browse=gallery&cart_startobs=1&detail=&reqno=1&view=browse&startobs=4945&limit=300 HTTP/1.1" 200 844 "https://opus.pds-rings.seti.org/opus/" "Mozilla/5.0 (Macintosh; Intel Mac OS X 10_15_7) AppleWebKit/537.36 (KHTML, like Gecko) Chrome/137.0.0.0 Safari/537.36"
139.162.215.113 - - [31/May/2025:08:54:15 -0700] "GET / HTTP/1.1" 200 25192 "-" "Better Uptime Bot Mozilla/5.0 (Windows NT 10.0; Win64; x64) AppleWebKit/537.36 (KHTML, like Gecko) Chrome/74.0.3729.169 Safari/537.36"
89.87.59.88 - - [31/May/2025:08:54:16 -0700] "GET /opus/__fake/__viewmetadatamodal/vg-iss-2-u-c2709326.json HTTP/1.1" 200 758 "https://opus.pds-rings.seti.org/opus/" "Mozilla/5.0 (Macintosh; Intel Mac OS X 10_15_7) AppleWebKit/537.36 (KHTML, like Gecko) Chrome/137.0.0.0 Safari/537.36"
89.87.59.88 - - [31/May/2025:08:54:25 -0700] "GET /opus/__fake/__viewmetadatamodal/vg-iss-2-u-c2709441.json HTTP/1.1" 200 758 "https://opus.pds-rings.seti.org/opus/" "Mozilla/5.0 (Macintosh; Intel Mac OS X 10_15_7) AppleWebKit/537.36 (KHTML, like Gecko) Chrome/137.0.0.0 Safari/537.36"
89.87.59.88 - - [31/May/2025:08:54:38 -0700] "GET /opus/__fake/__viewmetadatamodal/vg-iss-2-u-c2688326.json HTTP/1.1" 200 758 "https://opus.pds-rings.seti.org/opus/" "Mozilla/5.0 (Macintosh; Intel Mac OS X 10_15_7) AppleWebKit/537.36 (KHTML, like Gecko) Chrome/137.0.0.0 Safari/537.36"
89.87.59.88 - - [31/May/2025:08:54:46 -0700] "GET /opus/__fake/__viewmetadatamodal/vg-iss-2-u-c2686551.json HTTP/1.1" 200 758 "https://opus.pds-rings.seti.org/opus/" "Mozilla/5.0 (Macintosh; Intel Mac OS X 10_15_7) AppleWebKit/537.36 (KHTML, like Gecko) Chrome/137.0.0.0 Safari/537.36"
89.87.59.88 - - [31/May/2025:08:54:57 -0700] "GET /opus/__fake/__viewmetadatamodal/vg-iss-2-u-c2687041.json HTTP/1.1" 200 758 "https://opus.pds-rings.seti.org/opus/" "Mozilla/5.0 (Macintosh; Intel Mac OS X 10_15_7) AppleWebKit/537.36 (KHTML, like Gecko) Chrome/137.0.0.0 Safari/537.36"
89.87.59.88 - - [31/May/2025:08:55:08 -0700] "GET /opus/__fake/__viewmetadatamodal/vg-iss-2-u-c2687029.json HTTP/1.1" 200 758 "https://opus.pds-rings.seti.org/opus/" "Mozilla/5.0 (Macintosh; Intel Mac OS X 10_15_7) AppleWebKit/537.36 (KHTML, like Gecko) Chrome/137.0.0.0 Safari/537.36"
89.87.59.88 - - [31/May/2025:08:55:16 -0700] "GET /opus/__fake/__viewmetadatamodal/vg-iss-2-u-c2683931.json HTTP/1.1" 200 758 "https://opus.pds-rings.seti.org/opus/" "Mozilla/5.0 (Macintosh; Intel Mac OS X 10_15_7) AppleWebKit/537.36 (KHTML, like Gecko) Chrome/137.0.0.0 Safari/537.36"
89.87.59.88 - - [31/May/2025:08:55:22 -0700] "GET /opus/__fake/__viewmetadatamodal/vg-iss-2-u-c2681606.json HTTP/1.1" 200 758 "https://opus.pds-rings.seti.org/opus/" "Mozilla/5.0 (Macintosh; Intel Mac OS X 10_15_7) AppleWebKit/537.36 (KHTML, like Gecko) Chrome/137.0.0.0 Safari/537.36"
89.87.59.88 - - [31/May/2025:08:55:37 -0700] "GET /opus/__cart/add.json?opusid=vg-iss-2-u-c2681606&reqno=16 HTTP/1.1" 200 833 "https://opus.pds-rings.seti.org/opus/" "Mozilla/5.0 (Macintosh; Intel Mac OS X 10_15_7) AppleWebKit/537.36 (KHTML, like Gecko) Chrome/137.0.0.0 Safari/537.36"
89.87.59.88 - - [31/May/2025:08:55:38 -0700] "GET /opus/__notifications.json HTTP/1.1" 200 502 "https://opus.pds-rings.seti.org/opus/" "Mozilla/5.0 (Macintosh; Intel Mac OS X 10_15_7) AppleWebKit/537.36 (KHTML, like Gecko) Chrome/137.0.0.0 Safari/537.36"
89.87.59.88 - - [31/May/2025:08:55:38 -0700] "GET /opus/__cart/view.json?instrument=Voyager+ISS&observationtype=Image&target=Uranus&cols=opusid,instrument,planet,target,time1,observationduration&widgets=instrument,observationtype,target&order=time1,opusid&view=cart&browse=gallery&cart_browse=gallery&startobs=3851&cart_startobs=1&detail=&unselected_types=vgiss_raw@Current,vgiss_resloc@Current,vgiss_geoma@Current,vgiss_raw_browse@Current,vgiss_cleaned_browse@Current,vgiss_calib_browse@Current,vgiss_geomed_browse@Current,vgiss_documentation@Current,rms_index@Current,raw_image_index@Current,supplemental_index@Current,inventory@Current,planet_geometry@Current,moon_geometry@Current,ring_geometry@Current,browse_thumb@Current,browse_small@Current,browse_medium@Current,browse_full@Current&types=vgiss_cleaned@Current,vgiss_calib@Current,vgiss_geomed@Current&reqno=4 HTTP/1.1" 200 4399 "https://opus.pds-rings.seti.org/opus/" "Mozilla/5.0 (Macintosh; Intel Mac OS X 10_15_7) AppleWebKit/537.36 (KHTML, like Gecko) Chrome/137.0.0.0 Safari/537.36"
89.87.59.88 - - [31/May/2025:08:55:39 -0700] "GET /opus/__api/dataimages.json?instrument=Voyager+ISS&observationtype=Image&target=Uranus&cols=opusid,instrument,planet,target,time1,observationduration&widgets=instrument,observationtype,target&order=time1,opusid&browse=gallery&cart_browse=gallery&startobs=3851&detail=&reqno=4&view=cart&cart_startobs=1&limit=480 HTTP/1.1" 200 1190 "https://opus.pds-rings.seti.org/opus/" "Mozilla/5.0 (Macintosh; Intel Mac OS X 10_15_7) AppleWebKit/537.36 (KHTML, like Gecko) Chrome/137.0.0.0 Safari/537.36"
10.1.10.1 - - [31/May/2025:08:55:41 -0700] "GET / HTTP/1.1" 200 25191 "-" "Zabbix"
89.87.59.88 - - [31/May/2025:08:55:42 -0700] "GET /opus/__notifications.json HTTP/1.1" 200 502 "https://opus.pds-rings.seti.org/opus/" "Mozilla/5.0 (Macintosh; Intel Mac OS X 10_15_7) AppleWebKit/537.36 (KHTML, like Gecko) Chrome/137.0.0.0 Safari/537.36"
89.87.59.88 - - [31/May/2025:08:55:44 -0700] "GET /opus/__cart/remove.json?opusid=vg-iss-2-u-c2679155&recyclebin=0&reqno=17 HTTP/1.1" 200 493 "https://opus.pds-rings.seti.org/opus/" "Mozilla/5.0 (Macintosh; Intel Mac OS X 10_15_7) AppleWebKit/537.36 (KHTML, like Gecko) Chrome/137.0.0.0 Safari/537.36"
89.87.59.88 - - [31/May/2025:08:55:45 -0700] "GET /opus/__notifications.json HTTP/1.1" 200 502 "https://opus.pds-rings.seti.org/opus/" "Mozilla/5.0 (Macintosh; Intel Mac OS X 10_15_7) AppleWebKit/537.36 (KHTML, like Gecko) Chrome/137.0.0.0 Safari/537.36"
89.87.59.88 - - [31/May/2025:08:55:45 -0700] "GET /opus/__cart/view.json?instrument=Voyager+ISS&observationtype=Image&target=Uranus&cols=opusid,instrument,planet,target,time1,observationduration&widgets=instrument,observationtype,target&order=time1,opusid&view=cart&browse=gallery&cart_browse=gallery&startobs=3851&cart_startobs=1&detail=&unselected_types=vgiss_raw_browse@Current,vgiss_cleaned_browse@Current,vgiss_calib_browse@Current,vgiss_geomed_browse@Current,vgiss_documentation@Current,rms_index@Current,raw_image_index@Current,supplemental_index@Current,inventory@Current,planet_geometry@Current,moon_geometry@Current,ring_geometry@Current,browse_thumb@Current,browse_small@Current,browse_medium@Current&types=vgiss_raw@Current,vgiss_cleaned@Current,vgiss_calib@Current,vgiss_geomed@Current,vgiss_resloc@Current,vgiss_geoma@Current,browse_full@Current&reqno=5 HTTP/1.1" 200 4708 "https://opus.pds-rings.seti.org/opus/" "Mozilla/5.0 (Macintosh; Intel Mac OS X 10_15_7) AppleWebKit/537.36 (KHTML, like Gecko) Chrome/137.0.0.0 Safari/537.36"
89.87.59.88 - - [31/May/2025:08:55:45 -0700] "GET /opus/__api/dataimages.json?instrument=Voyager+ISS&observationtype=Image&target=Uranus&cols=opusid,instrument,planet,target,time1,observationduration&widgets=instrument,observationtype,target&order=time1,opusid&browse=gallery&cart_browse=gallery&startobs=3851&detail=&reqno=5&view=cart&cart_startobs=1&limit=480 HTTP/1.1" 200 1135 "https://opus.pds-rings.seti.org/opus/" "Mozilla/5.0 (Macintosh; Intel Mac OS X 10_15_7) AppleWebKit/537.36 (KHTML, like Gecko) Chrome/137.0.0.0 Safari/537.36"
10.1.10.1 - - [31/May/2025:08:55:45 -0700] "GET / HTTP/1.1" 200 25186 "-" "Zabbix"
89.87.59.88 - - [31/May/2025:08:56:09 -0700] "GET /opus/__cart/status.json?reqno=18&types=vgiss_cleaned@Current,vgiss_calib@Current,vgiss_geomed@Current,vgiss_resloc@Current,vgiss_geoma@Current,browse_full@Current&download=1 HTTP/1.1" 200 2967 "https://opus.pds-rings.seti.org/opus/" "Mozilla/5.0 (Macintosh; Intel Mac OS X 10_15_7) AppleWebKit/537.36 (KHTML, like Gecko) Chrome/137.0.0.0 Safari/537.36"
89.87.59.88 - - [31/May/2025:08:56:12 -0700] "GET /opus/__cart/status.json?reqno=19&types=vgiss_cleaned@Current,vgiss_calib@Current,vgiss_geomed@Current,vgiss_geoma@Current,browse_full@Current&download=1 HTTP/1.1" 200 2621 "https://opus.pds-rings.seti.org/opus/" "Mozilla/5.0 (Macintosh; Intel Mac OS X 10_15_7) AppleWebKit/537.36 (KHTML, like Gecko) Chrome/137.0.0.0 Safari/537.36"
89.87.59.88 - - [31/May/2025:08:56:13 -0700] "GET /opus/__cart/status.json?reqno=20&types=vgiss_cleaned@Current,vgiss_calib@Current,vgiss_geomed@Current,browse_full@Current&download=1 HTTP/1.1" 200 2619 "https://opus.pds-rings.seti.org/opus/" "Mozilla/5.0 (Macintosh; Intel Mac OS X 10_15_7) AppleWebKit/537.36 (KHTML, like Gecko) Chrome/137.0.0.0 Safari/537.36"
89.87.59.88 - - [31/May/2025:08:56:14 -0700] "GET /opus/__cart/status.json?reqno=21&types=vgiss_cleaned@Current,vgiss_calib@Current,vgiss_geomed@Current&download=1 HTTP/1.1" 200 2555 "https://opus.pds-rings.seti.org/opus/" "Mozilla/5.0 (Macintosh; Intel Mac OS X 10_15_7) AppleWebKit/537.36 (KHTML, like Gecko) Chrome/137.0.0.0 Safari/537.36"
89.87.59.88 - - [31/May/2025:08:56:16 -0700] "GET /opus/__cart/status.json?reqno=22&types=vgiss_raw@Current,vgiss_cleaned@Current,vgiss_calib@Current,vgiss_geomed@Current&download=1 HTTP/1.1" 200 2639 "https://opus.pds-rings.seti.org/opus/" "Mozilla/5.0 (Macintosh; Intel Mac OS X 10_15_7) AppleWebKit/537.36 (KHTML, like Gecko) Chrome/137.0.0.0 Safari/537.36"
89.87.59.88 - - [31/May/2025:08:56:18 -0700] "GET /opus/__cart/download.json?types=vgiss_raw@Current,vgiss_cleaned@Current,vgiss_calib@Current,vgiss_geomed@Current&instrument=Voyager+ISS&observationtype=Image&target=Uranus&cols=opusid,instrument,planet,target,time1,observationduration&widgets=instrument,observationtype,target&order=time1,opusid&view=cart&browse=gallery&cart_browse=gallery&startobs=3851&cart_startobs=1&detail=&hierarchical=0&fmt=zip HTTP/1.1" 200 534 "https://opus.pds-rings.seti.org/opus/" "Mozilla/5.0 (Macintosh; Intel Mac OS X 10_15_7) AppleWebKit/537.36 (KHTML, like Gecko) Chrome/137.0.0.0 Safari/537.36"
89.87.59.88 - - [31/May/2025:08:56:20 -0700] "GET /downloads/pdsrms-2025-05-31T08-56-18-116860-data-i.zip HTTP/1.1" 200 4784896 "https://opus.pds-rings.seti.org/opus/" "Mozilla/5.0 (Macintosh; Intel Mac OS X 10_15_7) AppleWebKit/537.36 (KHTML, like Gecko) Chrome/137.0.0.0 Safari/537.36"
89.87.59.88 - - [31/May/2025:08:56:56 -0700] "GET /opus/__notifications.json HTTP/1.1" 200 842 "https://opus.pds-rings.seti.org/opus/" "Mozilla/5.0 (Macintosh; Intel Mac OS X 10_15_7) AppleWebKit/537.36 (KHTML, like Gecko) Chrome/137.0.0.0 Safari/537.36"
89.87.59.88 - - [31/May/2025:08:57:00 -0700] "GET /opus/__fake/__viewmetadatamodal/vg-iss-2-u-c2681942.json HTTP/1.1" 200 418 "https://opus.pds-rings.seti.org/opus/" "Mozilla/5.0 (Macintosh; Intel Mac OS X 10_15_7) AppleWebKit/537.36 (KHTML, like Gecko) Chrome/137.0.0.0 Safari/537.36"
89.87.59.88 - - [31/May/2025:08:57:10 -0700] "GET /opus/__fake/__viewmetadatamodal/vg-iss-2-u-c2682000.json HTTP/1.1" 200 758 "https://opus.pds-rings.seti.org/opus/" "Mozilla/5.0 (Macintosh; Intel Mac OS X 10_15_7) AppleWebKit/537.36 (KHTML, like Gecko) Chrome/137.0.0.0 Safari/537.36"
139.162.215.113 - - [31/May/2025:08:57:19 -0700] "GET / HTTP/1.1" 200 25238 "-" "Better Uptime Bot Mozilla/5.0 (Windows NT 10.0; Win64; x64) AppleWebKit/537.36 (KHTML, like Gecko) Chrome/74.0.3729.169 Safari/537.36"
89.87.59.88 - - [31/May/2025:08:57:19 -0700] "GET /opus/__cart/remove.json?opusid=vg-iss-2-u-c2681606&recyclebin=0&reqno=23 HTTP/1.1" 200 833 "https://opus.pds-rings.seti.org/opus/" "Mozilla/5.0 (Macintosh; Intel Mac OS X 10_15_7) AppleWebKit/537.36 (KHTML, like Gecko) Chrome/137.0.0.0 Safari/537.36"
89.87.59.88 - - [31/May/2025:08:57:27 -0700] "GET /opus/__fake/__viewmetadatamodal/vg-iss-2-u-c2681942.json HTTP/1.1" 200 758 "https://opus.pds-rings.seti.org/opus/" "Mozilla/5.0 (Macintosh; Intel Mac OS X 10_15_7) AppleWebKit/537.36 (KHTML, like Gecko) Chrome/137.0.0.0 Safari/537.36"
89.87.59.88 - - [31/May/2025:08:57:31 -0700] "GET /opus/__cart/add.json?opusid=vg-iss-2-u-c2681942&reqno=24 HTTP/1.1" 200 493 "https://opus.pds-rings.seti.org/opus/" "Mozilla/5.0 (Macintosh; Intel Mac OS X 10_15_7) AppleWebKit/537.36 (KHTML, like Gecko) Chrome/137.0.0.0 Safari/537.36"
89.87.59.88 - - [31/May/2025:08:57:37 -0700] "GET /opus/__cart/add.json?opusid=vg-iss-2-u-c2682000&reqno=25 HTTP/1.1" 200 833 "https://opus.pds-rings.seti.org/opus/" "Mozilla/5.0 (Macintosh; Intel Mac OS X 10_15_7) AppleWebKit/537.36 (KHTML, like Gecko) Chrome/137.0.0.0 Safari/537.36"
89.87.59.88 - - [31/May/2025:08:57:39 -0700] "GET /opus/__cart/add.json?opusid=vg-iss-2-u-c2682006&reqno=26 HTTP/1.1" 200 493 "https://opus.pds-rings.seti.org/opus/" "Mozilla/5.0 (Macintosh; Intel Mac OS X 10_15_7) AppleWebKit/537.36 (KHTML, like Gecko) Chrome/137.0.0.0 Safari/537.36"
89.87.59.88 - - [31/May/2025:08:57:41 -0700] "GET /opus/__notifications.json HTTP/1.1" 200 502 "https://opus.pds-rings.seti.org/opus/" "Mozilla/5.0 (Macintosh; Intel Mac OS X 10_15_7) AppleWebKit/537.36 (KHTML, like Gecko) Chrome/137.0.0.0 Safari/537.36"
89.87.59.88 - - [31/May/2025:08:57:42 -0700] "GET /opus/__cart/view.json?instrument=Voyager+ISS&observationtype=Image&target=Uranus&cols=opusid,instrument,planet,target,time1,observationduration&widgets=instrument,observationtype,target&order=time1,opusid&view=cart&browse=gallery&cart_browse=gallery&startobs=3851&cart_startobs=1&detail=&unselected_types=vgiss_resloc@Current,vgiss_geoma@Current,vgiss_raw_browse@Current,vgiss_cleaned_browse@Current,vgiss_calib_browse@Current,vgiss_geomed_browse@Current,vgiss_documentation@Current,rms_index@Current,raw_image_index@Current,supplemental_index@Current,inventory@Current,planet_geometry@Current,moon_geometry@Current,ring_geometry@Current,browse_thumb@Current,browse_small@Current,browse_medium@Current,browse_full@Current&types=vgiss_raw@Current,vgiss_cleaned@Current,vgiss_calib@Current,vgiss_geomed@Current&reqno=6 HTTP/1.1" 200 4287 "https://opus.pds-rings.seti.org/opus/" "Mozilla/5.0 (Macintosh; Intel Mac OS X 10_15_7) AppleWebKit/537.36 (KHTML, like Gecko) Chrome/137.0.0.0 Safari/537.36"
89.87.59.88 - - [31/May/2025:08:57:42 -0700] "GET /opus/__api/dataimages.json?instrument=Voyager+ISS&observationtype=Image&target=Uranus&cols=opusid,instrument,planet,target,time1,observationduration&widgets=instrument,observationtype,target&order=time1,opusid&browse=gallery&cart_browse=gallery&startobs=3851&detail=&reqno=6&view=cart&cart_startobs=1&limit=480 HTTP/1.1" 200 1256 "https://opus.pds-rings.seti.org/opus/" "Mozilla/5.0 (Macintosh; Intel Mac OS X 10_15_7) AppleWebKit/537.36 (KHTML, like Gecko) Chrome/137.0.0.0 Safari/537.36"
89.87.59.88 - - [31/May/2025:08:57:43 -0700] "GET /opus/__fake/__api/dataimages.json?instrument=Voyager+ISS&observationtype=Image&target=Uranus&cols=opusid,instrument,planet,target,time1,observationduration&widgets=instrument,observationtype,target&order=time1,opusid&view=cart&browse=gallery&cart_browse=data&startobs=3851&cart_startobs=1&detail= HTTP/1.1" 200 418 "https://opus.pds-rings.seti.org/opus/" "Mozilla/5.0 (Macintosh; Intel Mac OS X 10_15_7) AppleWebKit/537.36 (KHTML, like Gecko) Chrome/137.0.0.0 Safari/537.36"
