20.163.15.43 - - [31/May/2025:03:51:49 -0700] "GET /autodiscover/autodiscover.json?@zdi/Powershell HTTP/1.1" 404 3556 "-" "Mozilla/5.0 zgrab/0.x"
20.163.15.43 - - [31/May/2025:03:52:07 -0700] "GET /autodiscover/autodiscover.json?@zdi/Powershell HTTP/1.1" 404 3602 "-" "Mozilla/5.0 zgrab/0.x"
139.162.121.226 - - [31/May/2025:03:54:13 -0700] "GET / HTTP/1.1" 200 25222 "-" "Better Uptime Bot Mozilla/5.0 (Windows NT 10.0; Win64; x64) AppleWebKit/537.36 (KHTML, like Gecko) Chrome/74.0.3729.169 Safari/537.36"
10.1.10.1 - - [31/May/2025:03:55:41 -0700] "GET / HTTP/1.1" 200 25227 "-" "Zabbix"
10.1.10.1 - - [31/May/2025:03:55:46 -0700] "GET / HTTP/1.1" 200 25179 "-" "Zabbix"
194.195.253.114 - - [31/May/2025:03:57:14 -0700] "GET / HTTP/1.1" 200 25227 "-" "Better Uptime Bot Mozilla/5.0 (Windows NT 10.0; Win64; x64) AppleWebKit/537.36 (KHTML, like Gecko) Chrome/74.0.3729.169 Safari/537.36"
194.195.253.111 - - [31/May/2025:04:00:13 -0700] "GET / HTTP/1.1" 200 25162 "-" "Better Uptime Bot Mozilla/5.0 (Windows NT 10.0; Win64; x64) AppleWebKit/537.36 (KHTML, like Gecko) Chrome/74.0.3729.169 Safari/537.36"
10.1.10.1 - - [31/May/2025:04:00:41 -0700] "GET / HTTP/1.1" 200 25145 "-" "Zabbix"
10.1.10.1 - - [31/May/2025:04:00:46 -0700] "GET / HTTP/1.1" 200 25167 "-" "Zabbix"
66.228.56.140 - - [31/May/2025:04:03:12 -0700] "GET / HTTP/1.1" 200 25196 "-" "Better Uptime Bot Mozilla/5.0 (Windows NT 10.0; Win64; x64) AppleWebKit/537.36 (KHTML, like Gecko) Chrome/74.0.3729.169 Safari/537.36"
10.1.10.1 - - [31/May/2025:04:05:41 -0700] "GET / HTTP/1.1" 200 25165 "-" "Zabbix"
10.1.10.1 - - [31/May/2025:04:05:46 -0700] "GET / HTTP/1.1" 200 25202 "-" "Zabbix"
172.105.162.194 - - [31/May/2025:04:06:13 -0700] "GET / HTTP/1.1" 200 25191 "-" "Better Uptime Bot Mozilla/5.0 (Windows NT 10.0; Win64; x64) AppleWebKit/537.36 (KHTML, like Gecko) Chrome/74.0.3729.169 Safari/537.36"
104.236.32.141 - - [31/May/2025:04:06:51 -0700] "GET /.env HTTP/1.1" 404 3580 "-" "Mozilla/5.0; Keydrop.io/1.0(onlyscans.com/about);"
104.236.32.141 - - [31/May/2025:04:06:52 -0700] "GET / HTTP/1.0" 400 633 "-" "-"
104.236.32.141 - - [31/May/2025:04:06:52 -0700] "GET /.git/config HTTP/1.1" 404 3552 "-" "Mozilla/5.0; Keydrop.io/1.0(onlyscans.com/about);"
104.236.32.141 - - [31/May/2025:04:06:53 -0700] "GET / HTTP/1.0" 400 633 "-" "-"
176.236.160.149 - - [31/May/2025:04:07:14 -0700] "GET /opus/ HTTP/1.1" 200 25280 "-" "Mozilla/5.0 (Windows NT 10.0; Win64; x64) AppleWebKit/537.36 (KHTML, like Gecko) Chrome/129.0.0.0 Safari/537.36"
139.162.215.113 - - [31/May/2025:04:09:20 -0700] "GET / HTTP/1.1" 200 25214 "-" "Better Uptime Bot Mozilla/5.0 (Windows NT 10.0; Win64; x64) AppleWebKit/537.36 (KHTML, like Gecko) Chrome/74.0.3729.169 Safari/537.36"
10.1.10.1 - - [31/May/2025:04:10:02 -0700] "GET /opus/api/fields.json HTTP/1.1" 200 125256 "-" "python-requests/2.32.3"
10.1.10.1 - - [31/May/2025:04:10:41 -0700] "GET / HTTP/1.1" 200 25153 "-" "Zabbix"
10.1.10.1 - - [31/May/2025:04:10:46 -0700] "GET / HTTP/1.1" 200 25220 "-" "Zabbix"
104.210.140.130 - - [31/May/2025:04:10:51 -0700] "GET /robots.txt HTTP/1.1" 200 3691 "-" "Mozilla/5.0 (Macintosh; Intel Mac OS X 10_15_7) AppleWebKit/537.36 (KHTML, like Gecko) Chrome/131.0.0.0 Safari/537.36; compatible; OAI-SearchBot/1.0; +https://openai.com/searchbot"
139.162.121.226 - - [31/May/2025:04:12:13 -0700] "GET / HTTP/1.1" 200 25160 "-" "Better Uptime Bot Mozilla/5.0 (Windows NT 10.0; Win64; x64) AppleWebKit/537.36 (KHTML, like Gecko) Chrome/74.0.3729.169 Safari/537.36"
10.1.10.1 - - [31/May/2025:04:14:28 -0700] "GET /opus/api/fields.json HTTP/1.1" 200 125275 "-" "python-requests/2.32.3"
66.228.56.140 - - [31/May/2025:04:15:13 -0700] "GET / HTTP/1.1" 200 25218 "-" "Better Uptime Bot Mozilla/5.0 (Windows NT 10.0; Win64; x64) AppleWebKit/537.36 (KHTML, like Gecko) Chrome/74.0.3729.169 Safari/537.36"
10.1.10.1 - - [31/May/2025:04:15:40 -0700] "GET / HTTP/1.1" 200 25232 "-" "Zabbix"
10.1.10.1 - - [31/May/2025:04:15:46 -0700] "GET / HTTP/1.1" 200 25152 "-" "Zabbix"
139.162.121.226 - - [31/May/2025:04:18:13 -0700] "GET / HTTP/1.1" 200 25158 "-" "Better Uptime Bot Mozilla/5.0 (Windows NT 10.0; Win64; x64) AppleWebKit/537.36 (KHTML, like Gecko) Chrome/74.0.3729.169 Safari/537.36"
104.236.32.141 - - [31/May/2025:04:20:39 -0700] "GET /.env HTTP/1.1" 404 3612 "-" "Mozilla/5.0; Keydrop.io/1.0(onlyscans.com/about);"
104.236.32.141 - - [31/May/2025:04:20:39 -0700] "GET / HTTP/1.0" 400 633 "-" "-"
104.236.32.141 - - [31/May/2025:04:20:40 -0700] "GET /.git/config HTTP/1.1" 404 3554 "-" "Mozilla/5.0; Keydrop.io/1.0(onlyscans.com/about);"
104.236.32.141 - - [31/May/2025:04:20:41 -0700] "GET / HTTP/1.0" 400 633 "-" "-"
10.1.10.1 - - [31/May/2025:04:20:41 -0700] "GET / HTTP/1.1" 200 25154 "-" "Zabbix"
10.1.10.1 - - [31/May/2025:04:20:46 -0700] "GET / HTTP/1.1" 200 25200 "-" "Zabbix"
170.39.218.58 - - [31/May/2025:04:21:00 -0700] "GET /static_media/cdn_fallback/tooltipster/dist/js/tooltipster.bundle-4.2.8.min.js HTTP/1.1" 200 13892 "-" "Mozilla/5.0 (Windows NT 10.0; Win64; x64) AppleWebKit/537.36 Chrome/121.0.0.0"
194.195.253.111 - - [31/May/2025:04:21:14 -0700] "GET / HTTP/1.1" 200 25165 "-" "Better Uptime Bot Mozilla/5.0 (Windows NT 10.0; Win64; x64) AppleWebKit/537.36 (KHTML, like Gecko) Chrome/74.0.3729.169 Safari/537.36"
202.93.141.18 - - [31/May/2025:04:23:05 -0700] "GET /admin/assets/css/jquery-ui.css HTTP/1.0" 400 3626 "-" "nvdorz"
194.195.253.114 - - [31/May/2025:04:24:22 -0700] "GET / HTTP/1.1" 200 25230 "-" "Better Uptime Bot Mozilla/5.0 (Windows NT 10.0; Win64; x64) AppleWebKit/537.36 (KHTML, like Gecko) Chrome/74.0.3729.169 Safari/537.36"
10.1.10.1 - - [31/May/2025:04:25:41 -0700] "GET / HTTP/1.1" 200 25194 "-" "Zabbix"
10.1.10.1 - - [31/May/2025:04:25:46 -0700] "GET / HTTP/1.1" 200 25207 "-" "Zabbix"
194.195.253.111 - - [31/May/2025:04:27:14 -0700] "GET / HTTP/1.1" 200 25237 "-" "Better Uptime Bot Mozilla/5.0 (Windows NT 10.0; Win64; x64) AppleWebKit/537.36 (KHTML, like Gecko) Chrome/74.0.3729.169 Safari/537.36"
91.107.221.68 - - [31/May/2025:04:30:13 -0700] "GET / HTTP/1.1" 200 25183 "-" "Better Uptime Bot Mozilla/5.0 (Windows NT 10.0; Win64; x64) AppleWebKit/537.36 (KHTML, like Gecko) Chrome/74.0.3729.169 Safari/537.36"
10.1.10.1 - - [31/May/2025:04:30:40 -0700] "GET / HTTP/1.1" 200 25223 "-" "Zabbix"
10.1.10.1 - - [31/May/2025:04:30:46 -0700] "GET / HTTP/1.1" 200 25175 "-" "Zabbix"
183.160.194.168 - - [31/May/2025:04:31:08 -0700] "GET / HTTP/1.1" 200 158692 "-" "-"
180.95.231.183 - - [31/May/2025:04:31:19 -0700] "GET / HTTP/1.1" 200 158711 "-" "Mozilla/5.0 (Windows NT 6.1) AppleWebKit/537.36 (KHTML, like Gecko) Chrome/49.0.2623.112 Safari/537.36"
1.24.16.121 - - [31/May/2025:04:31:21 -0700] "GET /static_media/img/favicon.ico HTTP/1.1" 200 7878 "-" "Mozilla/5.0 (Windows NT 6.1) AppleWebKit/537.36 (KHTML, like Gecko) Chrome/49.0.2623.112 Safari/537.36"
194.195.253.114 - - [31/May/2025:04:33:14 -0700] "GET / HTTP/1.1" 200 25216 "-" "Better Uptime Bot Mozilla/5.0 (Windows NT 10.0; Win64; x64) AppleWebKit/537.36 (KHTML, like Gecko) Chrome/74.0.3729.169 Safari/537.36"
10.1.10.1 - - [31/May/2025:04:35:40 -0700] "GET / HTTP/1.1" 200 25146 "-" "Zabbix"
10.1.10.1 - - [31/May/2025:04:35:46 -0700] "GET / HTTP/1.1" 200 25230 "-" "Zabbix"
173.252.87.116 - - [31/May/2025:04:35:57 -0700] "GET /robots.txt HTTP/1.1" 206 3788 "-" "facebookexternalhit/1.1 (+http://www.facebook.com/externalhit_uatext.php)"
194.195.253.114 - - [31/May/2025:04:36:13 -0700] "GET / HTTP/1.1" 200 25183 "-" "Better Uptime Bot Mozilla/5.0 (Windows NT 10.0; Win64; x64) AppleWebKit/537.36 (KHTML, like Gecko) Chrome/74.0.3729.169 Safari/537.36"
194.195.253.114 - - [31/May/2025:04:39:13 -0700] "GET / HTTP/1.1" 200 25176 "-" "Better Uptime Bot Mozilla/5.0 (Windows NT 10.0; Win64; x64) AppleWebKit/537.36 (KHTML, like Gecko) Chrome/74.0.3729.169 Safari/537.36"
10.1.10.1 - - [31/May/2025:04:40:40 -0700] "GET / HTTP/1.1" 200 25216 "-" "Zabbix"
10.1.10.1 - - [31/May/2025:04:40:46 -0700] "GET / HTTP/1.1" 200 25202 "-" "Zabbix"
139.162.121.226 - - [31/May/2025:04:42:13 -0700] "GET / HTTP/1.1" 200 25152 "-" "Better Uptime Bot Mozilla/5.0 (Windows NT 10.0; Win64; x64) AppleWebKit/537.36 (KHTML, like Gecko) Chrome/74.0.3729.169 Safari/537.36"
139.162.215.114 - - [31/May/2025:04:45:14 -0700] "GET / HTTP/1.1" 200 25187 "-" "Better Uptime Bot Mozilla/5.0 (Windows NT 10.0; Win64; x64) AppleWebKit/537.36 (KHTML, like Gecko) Chrome/74.0.3729.169 Safari/537.36"
10.1.10.1 - - [31/May/2025:04:45:41 -0700] "GET / HTTP/1.1" 200 25240 "-" "Zabbix"
10.1.10.1 - - [31/May/2025:04:45:46 -0700] "GET / HTTP/1.1" 200 25229 "-" "Zabbix"
41.242.48.18 - - [31/May/2025:04:47:41 -0700] "GET /admin/assets/js/views/login.js HTTP/1.0" 400 3626 "-" "nvdorz"
91.107.221.68 - - [31/May/2025:04:48:13 -0700] "GET / HTTP/1.1" 200 25152 "-" "Better Uptime Bot Mozilla/5.0 (Windows NT 10.0; Win64; x64) AppleWebKit/537.36 (KHTML, like Gecko) Chrome/74.0.3729.169 Safari/537.36"
10.1.10.1 - - [31/May/2025:04:50:41 -0700] "GET / HTTP/1.1" 200 25191 "-" "Zabbix"
10.1.10.1 - - [31/May/2025:04:50:46 -0700] "GET / HTTP/1.1" 200 25156 "-" "Zabbix"
194.195.253.111 - - [31/May/2025:04:51:13 -0700] "GET / HTTP/1.1" 200 25161 "-" "Better Uptime Bot Mozilla/5.0 (Windows NT 10.0; Win64; x64) AppleWebKit/537.36 (KHTML, like Gecko) Chrome/74.0.3729.169 Safari/537.36"
43.153.7.191 - - [31/May/2025:04:51:50 -0700] "GET / HTTP/1.0" 400 633 "-" "-"
162.216.149.217 - - [31/May/2025:04:51:56 -0700] "GET / HTTP/1.1" 200 25170 "-" "Expanse, a Palo Alto Networks company, searches across the global IPv4 space multiple times per day to identify customers&#39; presences on the Internet. If you would like to be excluded from our scans, please send IP addresses/domains to: scaninfo@paloaltonetworks.com"
194.195.253.111 - - [31/May/2025:04:54:13 -0700] "GET / HTTP/1.1" 200 25238 "-" "Better Uptime Bot Mozilla/5.0 (Windows NT 10.0; Win64; x64) AppleWebKit/537.36 (KHTML, like Gecko) Chrome/74.0.3729.169 Safari/537.36"
10.1.10.1 - - [31/May/2025:04:55:41 -0700] "GET / HTTP/1.1" 200 25169 "-" "Zabbix"
10.1.10.1 - - [31/May/2025:04:55:45 -0700] "GET / HTTP/1.1" 200 25168 "-" "Zabbix"
194.195.253.114 - - [31/May/2025:04:57:13 -0700] "GET / HTTP/1.1" 200 25204 "-" "Better Uptime Bot Mozilla/5.0 (Windows NT 10.0; Win64; x64) AppleWebKit/537.36 (KHTML, like Gecko) Chrome/74.0.3729.169 Safari/537.36"
172.105.162.194 - - [31/May/2025:05:00:13 -0700] "GET / HTTP/1.1" 200 25152 "-" "Better Uptime Bot Mozilla/5.0 (Windows NT 10.0; Win64; x64) AppleWebKit/537.36 (KHTML, like Gecko) Chrome/74.0.3729.169 Safari/537.36"
10.1.10.1 - - [31/May/2025:05:00:41 -0700] "GET / HTTP/1.1" 200 25244 "-" "Zabbix"
10.1.10.1 - - [31/May/2025:05:00:45 -0700] "GET / HTTP/1.1" 200 25193 "-" "Zabbix"
172.105.162.194 - - [31/May/2025:05:03:13 -0700] "GET / HTTP/1.1" 200 25156 "-" "Better Uptime Bot Mozilla/5.0 (Windows NT 10.0; Win64; x64) AppleWebKit/537.36 (KHTML, like Gecko) Chrome/74.0.3729.169 Safari/537.36"
195.3.221.137 - - [31/May/2025:05:05:25 -0700] "GET / HTTP/1.1" 200 25171 "-" "Mozilla/5.0 (Windows NT 10.0; Win64; x64) AppleWebKit/537.36 (KHTML, like Gecko) Chrome/131.0.6778.140 Safari/537.36"
10.1.10.1 - - [31/May/2025:05:05:41 -0700] "GET / HTTP/1.1" 200 25194 "-" "Zabbix"
10.1.10.1 - - [31/May/2025:05:05:46 -0700] "GET / HTTP/1.1" 200 25244 "-" "Zabbix"
91.107.221.68 - - [31/May/2025:05:06:14 -0700] "GET / HTTP/1.1" 200 25236 "-" "Better Uptime Bot Mozilla/5.0 (Windows NT 10.0; Win64; x64) AppleWebKit/537.36 (KHTML, like Gecko) Chrome/74.0.3729.169 Safari/537.36"
139.162.121.238 - - [31/May/2025:05:09:15 -0700] "GET / HTTP/1.1" 200 25213 "-" "Better Uptime Bot Mozilla/5.0 (Windows NT 10.0; Win64; x64) AppleWebKit/537.36 (KHTML, like Gecko) Chrome/74.0.3729.169 Safari/537.36"
10.1.10.1 - - [31/May/2025:05:10:02 -0700] "GET /opus/api/fields.json HTTP/1.1" 200 125186 "-" "python-requests/2.32.3"
10.1.10.1 - - [31/May/2025:05:10:41 -0700] "GET / HTTP/1.1" 200 25228 "-" "Zabbix"
10.1.10.1 - - [31/May/2025:05:10:46 -0700] "GET / HTTP/1.1" 200 25177 "-" "Zabbix"
176.65.141.224 - - [31/May/2025:05:12:06 -0700] "GET /.env HTTP/1.1" 404 3805 "-" "Mozilla/5.0 (X11; Linux x86_64) AppleWebKit/537.36 (KHTML, like Gecko) Chrome/81.0.4044.129 Safari/537.36"
176.65.141.224 - - [31/May/2025:05:12:07 -0700] "POST / HTTP/1.1" 403 4541 "-" "Mozilla/5.0 (X11; Linux x86_64) AppleWebKit/537.36 (KHTML, like Gecko) Chrome/81.0.4044.129 Safari/537.36"
139.162.215.114 - - [31/May/2025:05:12:13 -0700] "GET / HTTP/1.1" 200 25244 "-" "Better Uptime Bot Mozilla/5.0 (Windows NT 10.0; Win64; x64) AppleWebKit/537.36 (KHTML, like Gecko) Chrome/74.0.3729.169 Safari/537.36"
10.1.10.1 - - [31/May/2025:05:14:21 -0700] "GET /opus/api/fields.json HTTP/1.1" 200 125228 "-" "python-requests/2.32.3"
194.195.253.111 - - [31/May/2025:05:15:13 -0700] "GET / HTTP/1.1" 200 25225 "-" "Better Uptime Bot Mozilla/5.0 (Windows NT 10.0; Win64; x64) AppleWebKit/537.36 (KHTML, like Gecko) Chrome/74.0.3729.169 Safari/537.36"
10.1.10.1 - - [31/May/2025:05:15:41 -0700] "GET / HTTP/1.1" 200 25218 "-" "Zabbix"
10.1.10.1 - - [31/May/2025:05:15:45 -0700] "GET / HTTP/1.1" 200 25172 "-" "Zabbix"
139.162.58.253 - - [31/May/2025:05:18:14 -0700] "GET / HTTP/1.1" 200 25211 "-" "Better Uptime Bot Mozilla/5.0 (Windows NT 10.0; Win64; x64) AppleWebKit/537.36 (KHTML, like Gecko) Chrome/74.0.3729.169 Safari/537.36"
196.251.70.87 - - [31/May/2025:05:18:30 -0700] "GET /.git/refs/tags/ HTTP/1.1" 404 3787 "-" "Mozilla/5.0 (Linux; Android 9; SM-G950F) AppleWebKit/537.36 (KHTML, like Gecko) Chrome/76.0.3809.111 Mobile Safari/537.36"
10.1.10.1 - - [31/May/2025:05:20:40 -0700] "GET / HTTP/1.1" 200 25175 "-" "Zabbix"
10.1.10.1 - - [31/May/2025:05:20:46 -0700] "GET / HTTP/1.1" 200 25230 "-" "Zabbix"
139.162.121.226 - - [31/May/2025:05:21:14 -0700] "GET / HTTP/1.1" 200 25178 "-" "Better Uptime Bot Mozilla/5.0 (Windows NT 10.0; Win64; x64) AppleWebKit/537.36 (KHTML, like Gecko) Chrome/74.0.3729.169 Safari/537.36"
66.228.56.189 - - [31/May/2025:05:24:20 -0700] "GET / HTTP/1.1" 200 25230 "-" "Better Uptime Bot Mozilla/5.0 (Windows NT 10.0; Win64; x64) AppleWebKit/537.36 (KHTML, like Gecko) Chrome/74.0.3729.169 Safari/537.36"
116.12.45.131 - - [31/May/2025:05:25:19 -0700] "GET /admin/assets/js/views/login.js HTTP/1.0" 400 3626 "-" "nvdorz"
10.1.10.1 - - [31/May/2025:05:25:41 -0700] "GET / HTTP/1.1" 200 25199 "-" "Zabbix"
10.1.10.1 - - [31/May/2025:05:25:46 -0700] "GET / HTTP/1.1" 200 25163 "-" "Zabbix"
172.105.162.194 - - [31/May/2025:05:27:13 -0700] "GET / HTTP/1.1" 200 25241 "-" "Better Uptime Bot Mozilla/5.0 (Windows NT 10.0; Win64; x64) AppleWebKit/537.36 (KHTML, like Gecko) Chrome/74.0.3729.169 Safari/537.36"
139.162.215.114 - - [31/May/2025:05:30:14 -0700] "GET / HTTP/1.1" 200 25153 "-" "Better Uptime Bot Mozilla/5.0 (Windows NT 10.0; Win64; x64) AppleWebKit/537.36 (KHTML, like Gecko) Chrome/74.0.3729.169 Safari/537.36"
10.1.10.1 - - [31/May/2025:05:30:41 -0700] "GET / HTTP/1.1" 200 25214 "-" "Zabbix"
10.1.10.1 - - [31/May/2025:05:30:46 -0700] "GET / HTTP/1.1" 200 25209 "-" "Zabbix"
139.162.215.113 - - [31/May/2025:05:33:15 -0700] "GET / HTTP/1.1" 200 25173 "-" "Better Uptime Bot Mozilla/5.0 (Windows NT 10.0; Win64; x64) AppleWebKit/537.36 (KHTML, like Gecko) Chrome/74.0.3729.169 Safari/537.36"
10.1.10.1 - - [31/May/2025:05:35:41 -0700] "GET / HTTP/1.1" 200 25187 "-" "Zabbix"
10.1.10.1 - - [31/May/2025:05:35:46 -0700] "GET / HTTP/1.1" 200 25208 "-" "Zabbix"
139.162.121.226 - - [31/May/2025:05:36:13 -0700] "GET / HTTP/1.1" 200 25243 "-" "Better Uptime Bot Mozilla/5.0 (Windows NT 10.0; Win64; x64) AppleWebKit/537.36 (KHTML, like Gecko) Chrome/74.0.3729.169 Safari/537.36"
139.162.58.253 - - [31/May/2025:05:39:13 -0700] "GET / HTTP/1.1" 200 25148 "-" "Better Uptime Bot Mozilla/5.0 (Windows NT 10.0; Win64; x64) AppleWebKit/537.36 (KHTML, like Gecko) Chrome/74.0.3729.169 Safari/537.36"
10.1.10.1 - - [31/May/2025:05:40:41 -0700] "GET / HTTP/1.1" 200 25219 "-" "Zabbix"
10.1.10.1 - - [31/May/2025:05:40:46 -0700] "GET / HTTP/1.1" 200 25203 "-" "Zabbix"
194.195.253.108 - - [31/May/2025:05:42:13 -0700] "GET / HTTP/1.1" 200 25170 "-" "Better Uptime Bot Mozilla/5.0 (Windows NT 10.0; Win64; x64) AppleWebKit/537.36 (KHTML, like Gecko) Chrome/74.0.3729.169 Safari/537.36"
139.162.121.238 - - [31/May/2025:05:45:14 -0700] "GET / HTTP/1.1" 200 25200 "-" "Better Uptime Bot Mozilla/5.0 (Windows NT 10.0; Win64; x64) AppleWebKit/537.36 (KHTML, like Gecko) Chrome/74.0.3729.169 Safari/537.36"
10.1.10.1 - - [31/May/2025:05:45:41 -0700] "GET / HTTP/1.1" 200 25232 "-" "Zabbix"
10.1.10.1 - - [31/May/2025:05:45:46 -0700] "GET / HTTP/1.1" 200 25182 "-" "Zabbix"
94.26.90.247 - - [31/May/2025:05:46:39 -0700] "GET /.env HTTP/1.1" 404 3766 "-" "Mozilla/5.0 (Windows NT 10.0; Win64; x64) AppleWebKit/537.36 (KHTML, like Gecko) Chrome/136.0.0.0 Safari/537.36"
172.104.181.25 - - [31/May/2025:05:48:13 -0700] "GET / HTTP/1.1" 200 25159 "-" "Better Uptime Bot Mozilla/5.0 (Windows NT 10.0; Win64; x64) AppleWebKit/537.36 (KHTML, like Gecko) Chrome/74.0.3729.169 Safari/537.36"
10.1.10.1 - - [31/May/2025:05:50:40 -0700] "GET / HTTP/1.1" 200 25235 "-" "Zabbix"
10.1.10.1 - - [31/May/2025:05:50:46 -0700] "GET / HTTP/1.1" 200 25160 "-" "Zabbix"
194.195.253.114 - - [31/May/2025:05:51:13 -0700] "GET / HTTP/1.1" 200 25176 "-" "Better Uptime Bot Mozilla/5.0 (Windows NT 10.0; Win64; x64) AppleWebKit/537.36 (KHTML, like Gecko) Chrome/74.0.3729.169 Safari/537.36"
66.228.56.189 - - [31/May/2025:05:54:12 -0700] "GET / HTTP/1.1" 200 25153 "-" "Better Uptime Bot Mozilla/5.0 (Windows NT 10.0; Win64; x64) AppleWebKit/537.36 (KHTML, like Gecko) Chrome/74.0.3729.169 Safari/537.36"
195.3.221.137 - - [31/May/2025:05:54:33 -0700] "GET / HTTP/1.1" 200 25211 "-" "Mozilla/5.0 (Windows NT 10.0; Win64; x64) AppleWebKit/537.36 (KHTML, like Gecko) Chrome/131.0.6778.140 Safari/537.36"
20.246.78.194 - - [31/May/2025:05:54:53 -0700] "GET / HTTP/1.1" 200 25140 "-" "Python/3.9 aiohttp/3.10.6"
10.1.10.1 - - [31/May/2025:05:55:41 -0700] "GET / HTTP/1.1" 200 25232 "-" "Zabbix"
10.1.10.1 - - [31/May/2025:05:55:46 -0700] "GET / HTTP/1.1" 200 25150 "-" "Zabbix"
175.140.25.253 - - [31/May/2025:05:56:38 -0700] "GET /opus/ HTTP/1.1" 200 25243 "-" "Mozilla/5.0 (Windows NT 10.0; Win64; x64) AppleWebKit/537.36 (KHTML, like Gecko) Chrome/129.0.0.0 Safari/537.36"
66.228.56.189 - - [31/May/2025:05:57:14 -0700] "GET / HTTP/1.1" 200 25166 "-" "Better Uptime Bot Mozilla/5.0 (Windows NT 10.0; Win64; x64) AppleWebKit/537.36 (KHTML, like Gecko) Chrome/74.0.3729.169 Safari/537.36"
168.119.178.203 - - [31/May/2025:06:00:13 -0700] "GET / HTTP/1.1" 200 25167 "-" "Better Uptime Bot Mozilla/5.0 (Windows NT 10.0; Win64; x64) AppleWebKit/537.36 (KHTML, like Gecko) Chrome/74.0.3729.169 Safari/537.36"
10.1.10.1 - - [31/May/2025:06:00:41 -0700] "GET / HTTP/1.1" 200 25209 "-" "Zabbix"
10.1.10.1 - - [31/May/2025:06:00:46 -0700] "GET / HTTP/1.1" 200 25157 "-" "Zabbix"
91.107.221.68 - - [31/May/2025:06:03:13 -0700] "GET / HTTP/1.1" 200 25184 "-" "Better Uptime Bot Mozilla/5.0 (Windows NT 10.0; Win64; x64) AppleWebKit/537.36 (KHTML, like Gecko) Chrome/74.0.3729.169 Safari/537.36"
10.1.10.1 - - [31/May/2025:06:05:41 -0700] "GET / HTTP/1.1" 200 25167 "-" "Zabbix"
10.1.10.1 - - [31/May/2025:06:05:46 -0700] "GET / HTTP/1.1" 200 25226 "-" "Zabbix"
139.162.215.113 - - [31/May/2025:06:06:17 -0700] "GET / HTTP/1.1" 200 25159 "-" "Better Uptime Bot Mozilla/5.0 (Windows NT 10.0; Win64; x64) AppleWebKit/537.36 (KHTML, like Gecko) Chrome/74.0.3729.169 Safari/537.36"
14.155.214.144 - - [31/May/2025:06:07:32 -0700] "GET /robots.txt HTTP/1.1" 200 3695 "-" "Mozilla/5.0 (Windows NT 10.0; WOW64) AppleWebKit/537.36 (KHTML, like Gecko) Chrome/90.0.2921.87 Safari/537.36 QIHU 360SE"
14.155.187.28 - - [31/May/2025:06:07:32 -0700] "GET /robots.txt HTTP/1.1" 200 3695 "-" "Mozilla/5.0 (Windows NT 10.0; WOW64) AppleWebKit/537.36 (KHTML, like Gecko) Chrome/48.0.3027.50 Safari/537.36 LBBROWSER"
172.105.162.194 - - [31/May/2025:06:09:15 -0700] "GET / HTTP/1.1" 200 25161 "-" "Better Uptime Bot Mozilla/5.0 (Windows NT 10.0; Win64; x64) AppleWebKit/537.36 (KHTML, like Gecko) Chrome/74.0.3729.169 Safari/537.36"
10.1.10.1 - - [31/May/2025:06:10:02 -0700] "GET /opus/api/fields.json HTTP/1.1" 200 125204 "-" "python-requests/2.32.3"
10.1.10.1 - - [31/May/2025:06:10:40 -0700] "GET / HTTP/1.1" 200 25186 "-" "Zabbix"
10.1.10.1 - - [31/May/2025:06:10:46 -0700] "GET / HTTP/1.1" 200 25149 "-" "Zabbix"
139.162.58.253 - - [31/May/2025:06:12:14 -0700] "GET / HTTP/1.1" 200 25202 "-" "Better Uptime Bot Mozilla/5.0 (Windows NT 10.0; Win64; x64) AppleWebKit/537.36 (KHTML, like Gecko) Chrome/74.0.3729.169 Safari/537.36"
10.1.10.1 - - [31/May/2025:06:14:05 -0700] "GET /opus/api/fields.json HTTP/1.1" 200 125230 "-" "python-requests/2.32.3"
66.228.53.233 - - [31/May/2025:06:15:12 -0700] "GET / HTTP/1.1" 200 25219 "-" "Better Uptime Bot Mozilla/5.0 (Windows NT 10.0; Win64; x64) AppleWebKit/537.36 (KHTML, like Gecko) Chrome/74.0.3729.169 Safari/537.36"
10.1.10.1 - - [31/May/2025:06:15:41 -0700] "GET / HTTP/1.1" 200 25156 "-" "Zabbix"
10.1.10.1 - - [31/May/2025:06:15:45 -0700] "GET / HTTP/1.1" 200 25176 "-" "Zabbix"
66.228.56.140 - - [31/May/2025:06:18:13 -0700] "GET / HTTP/1.1" 200 25231 "-" "Better Uptime Bot Mozilla/5.0 (Windows NT 10.0; Win64; x64) AppleWebKit/537.36 (KHTML, like Gecko) Chrome/74.0.3729.169 Safari/537.36"
10.1.10.1 - - [31/May/2025:06:20:41 -0700] "GET / HTTP/1.1" 200 25188 "-" "Zabbix"
10.1.10.1 - - [31/May/2025:06:20:46 -0700] "GET / HTTP/1.1" 200 25236 "-" "Zabbix"
139.162.215.113 - - [31/May/2025:06:21:15 -0700] "GET / HTTP/1.1" 200 25234 "-" "Better Uptime Bot Mozilla/5.0 (Windows NT 10.0; Win64; x64) AppleWebKit/537.36 (KHTML, like Gecko) Chrome/74.0.3729.169 Safari/537.36"
196.251.87.59 - - [31/May/2025:06:21:25 -0700] "GET /.env HTTP/1.1" 404 3828 "-" "Mozilla/5.0 (Windows NT 10.0; Win64; x64) AppleWebKit/537.36 (KHTML, like Gecko) Chrome/68.0.3440.75 Safari/537.36"
196.251.87.59 - - [31/May/2025:06:21:25 -0700] "GET /.env HTTP/1.1" 404 3762 "-" "Mozilla/5.0 (X11; Linux x86_64) AppleWebKit/537.36 (KHTML, like Gecko) Chrome/31.0.1650.63 Safari/537.36"
66.228.53.233 - - [31/May/2025:06:24:18 -0700] "GET / HTTP/1.1" 200 25243 "-" "Better Uptime Bot Mozilla/5.0 (Windows NT 10.0; Win64; x64) AppleWebKit/537.36 (KHTML, like Gecko) Chrome/74.0.3729.169 Safari/537.36"
137.184.27.27 - - [31/May/2025:06:25:33 -0700] "GET / HTTP/1.1" 200 25221 "-" "Mozilla/5.0 (Macintosh; Intel Mac OS X 11) AppleWebKit/538.41 (KHTML, like Gecko) Chrome/87.0.4280.88 Safari/537.36"
137.184.27.27 - - [31/May/2025:06:25:34 -0700] "GET /favicon.ico HTTP/1.1" 200 7878 "-" "Mozilla/5.0 (Macintosh; Intel Mac OS X 11) AppleWebKit/538.41 (KHTML, like Gecko) Chrome/87.0.4280.88 Safari/537.36"
10.1.10.1 - - [31/May/2025:06:25:40 -0700] "GET / HTTP/1.1" 200 25162 "-" "Zabbix"
10.1.10.1 - - [31/May/2025:06:25:46 -0700] "GET / HTTP/1.1" 200 25227 "-" "Zabbix"
172.104.181.25 - - [31/May/2025:06:27:14 -0700] "GET / HTTP/1.1" 200 25180 "-" "Better Uptime Bot Mozilla/5.0 (Windows NT 10.0; Win64; x64) AppleWebKit/537.36 (KHTML, like Gecko) Chrome/74.0.3729.169 Safari/537.36"
168.119.178.203 - - [31/May/2025:06:30:13 -0700] "GET / HTTP/1.1" 200 25174 "-" "Better Uptime Bot Mozilla/5.0 (Windows NT 10.0; Win64; x64) AppleWebKit/537.36 (KHTML, like Gecko) Chrome/74.0.3729.169 Safari/537.36"
10.1.10.1 - - [31/May/2025:06:30:40 -0700] "GET / HTTP/1.1" 200 25210 "-" "Zabbix"
10.1.10.1 - - [31/May/2025:06:30:46 -0700] "GET / HTTP/1.1" 200 25225 "-" "Zabbix"
66.228.56.189 - - [31/May/2025:06:33:14 -0700] "GET / HTTP/1.1" 200 25229 "-" "Better Uptime Bot Mozilla/5.0 (Windows NT 10.0; Win64; x64) AppleWebKit/537.36 (KHTML, like Gecko) Chrome/74.0.3729.169 Safari/537.36"
128.241.235.55 - - [31/May/2025:06:33:49 -0700] "GET /opus/ HTTP/1.1" 200 25198 "-" "Mozilla/5.0 (Windows NT 10.0; Win64; x64) AppleWebKit/537.36 (KHTML, like Gecko) Chrome/100.0.2852.201 Safari/537.36"
10.1.10.1 - - [31/May/2025:06:35:41 -0700] "GET / HTTP/1.1" 200 25182 "-" "Zabbix"
10.1.10.1 - - [31/May/2025:06:35:45 -0700] "GET / HTTP/1.1" 200 25167 "-" "Zabbix"
139.162.215.113 - - [31/May/2025:06:36:15 -0700] "GET / HTTP/1.1" 200 25222 "-" "Better Uptime Bot Mozilla/5.0 (Windows NT 10.0; Win64; x64) AppleWebKit/537.36 (KHTML, like Gecko) Chrome/74.0.3729.169 Safari/537.36"
137.184.27.27 - - [31/May/2025:06:36:23 -0700] "GET / HTTP/1.1" 200 25196 "-" "Mozilla/5.0 (Macintosh; Intel Mac OS X 11) AppleWebKit/538.41 (KHTML, like Gecko) Chrome/87.0.4280.88 Safari/537.36"
137.184.27.27 - - [31/May/2025:06:36:24 -0700] "GET /favicon.ico HTTP/1.1" 200 7878 "-" "Mozilla/5.0 (Macintosh; Intel Mac OS X 11) AppleWebKit/538.41 (KHTML, like Gecko) Chrome/87.0.4280.88 Safari/537.36"
172.105.162.194 - - [31/May/2025:06:39:13 -0700] "GET / HTTP/1.1" 200 25151 "-" "Better Uptime Bot Mozilla/5.0 (Windows NT 10.0; Win64; x64) AppleWebKit/537.36 (KHTML, like Gecko) Chrome/74.0.3729.169 Safari/537.36"
10.1.10.1 - - [31/May/2025:06:40:40 -0700] "GET / HTTP/1.1" 200 25173 "-" "Zabbix"
10.1.10.1 - - [31/May/2025:06:40:46 -0700] "GET / HTTP/1.1" 200 25192 "-" "Zabbix"
185.177.72.3 - - [31/May/2025:06:41:18 -0700] "GET / HTTP/1.0" 400 633 "-" "-"
185.177.72.3 - - [31/May/2025:06:41:18 -0700] "GET / HTTP/1.0" 400 633 "-" "-"
185.177.72.3 - - [31/May/2025:06:41:18 -0700] "GET / HTTP/1.0" 400 633 "-" "-"
185.177.72.3 - - [31/May/2025:06:41:19 -0700] "GET / HTTP/1.0" 400 633 "-" "-"
185.177.72.3 - - [31/May/2025:06:41:19 -0700] "GET / HTTP/1.0" 400 633 "-" "-"
185.177.72.3 - - [31/May/2025:06:41:19 -0700] "GET / HTTP/1.0" 400 633 "-" "-"
185.177.72.3 - - [31/May/2025:06:41:20 -0700] "GET / HTTP/1.0" 400 633 "-" "-"
185.177.72.3 - - [31/May/2025:06:41:20 -0700] "GET / HTTP/1.0" 400 633 "-" "-"
69.164.207.190 - - [31/May/2025:06:42:13 -0700] "GET / HTTP/1.1" 200 25197 "-" "Better Uptime Bot Mozilla/5.0 (Windows NT 10.0; Win64; x64) AppleWebKit/537.36 (KHTML, like Gecko) Chrome/74.0.3729.169 Safari/537.36"
91.107.221.68 - - [31/May/2025:06:45:14 -0700] "GET / HTTP/1.1" 200 25228 "-" "Better Uptime Bot Mozilla/5.0 (Windows NT 10.0; Win64; x64) AppleWebKit/537.36 (KHTML, like Gecko) Chrome/74.0.3729.169 Safari/537.36"
10.1.10.1 - - [31/May/2025:06:45:41 -0700] "GET / HTTP/1.1" 200 25239 "-" "Zabbix"
10.1.10.1 - - [31/May/2025:06:45:46 -0700] "GET / HTTP/1.1" 200 25217 "-" "Zabbix"
194.195.253.111 - - [31/May/2025:06:48:13 -0700] "GET / HTTP/1.1" 200 25153 "-" "Better Uptime Bot Mozilla/5.0 (Windows NT 10.0; Win64; x64) AppleWebKit/537.36 (KHTML, like Gecko) Chrome/74.0.3729.169 Safari/537.36"
10.1.10.1 - - [31/May/2025:06:50:40 -0700] "GET / HTTP/1.1" 200 25216 "-" "Zabbix"
10.1.10.1 - - [31/May/2025:06:50:46 -0700] "GET / HTTP/1.1" 200 25180 "-" "Zabbix"
194.195.253.111 - - [31/May/2025:06:51:13 -0700] "GET / HTTP/1.1" 200 25189 "-" "Better Uptime Bot Mozilla/5.0 (Windows NT 10.0; Win64; x64) AppleWebKit/537.36 (KHTML, like Gecko) Chrome/74.0.3729.169 Safari/537.36"
172.104.181.25 - - [31/May/2025:06:54:13 -0700] "GET / HTTP/1.1" 200 25195 "-" "Better Uptime Bot Mozilla/5.0 (Windows NT 10.0; Win64; x64) AppleWebKit/537.36 (KHTML, like Gecko) Chrome/74.0.3729.169 Safari/537.36"
10.1.10.1 - - [31/May/2025:06:55:41 -0700] "GET / HTTP/1.1" 200 25221 "-" "Zabbix"
10.1.10.1 - - [31/May/2025:06:55:46 -0700] "GET / HTTP/1.1" 200 25167 "-" "Zabbix"
66.228.53.233 - - [31/May/2025:06:57:14 -0700] "GET / HTTP/1.1" 200 25151 "-" "Better Uptime Bot Mozilla/5.0 (Windows NT 10.0; Win64; x64) AppleWebKit/537.36 (KHTML, like Gecko) Chrome/74.0.3729.169 Safari/537.36"
139.162.121.238 - - [31/May/2025:07:00:13 -0700] "GET / HTTP/1.1" 200 25199 "-" "Better Uptime Bot Mozilla/5.0 (Windows NT 10.0; Win64; x64) AppleWebKit/537.36 (KHTML, like Gecko) Chrome/74.0.3729.169 Safari/537.36"
198.235.24.168 - - [31/May/2025:07:00:28 -0700] "GET / HTTP/1.1" 200 158696 "-" "-"
10.1.10.1 - - [31/May/2025:07:00:41 -0700] "GET / HTTP/1.1" 200 25208 "-" "Zabbix"
10.1.10.1 - - [31/May/2025:07:00:45 -0700] "GET / HTTP/1.1" 200 25148 "-" "Zabbix"
71.72.38.133 - - [31/May/2025:07:01:20 -0700] "GET /opus/ HTTP/1.1" 200 25293 "https://opus.pds-rings.seti.org/opus/" "Mozilla/5.0 (Windows NT 10.0; Win64; x64) AppleWebKit/537.36 (KHTML, like Gecko) Chrome/134.0.0.0 Safari/537.36 OPR/119.0.0.0"
71.72.38.133 - - [31/May/2025:07:01:24 -0700] "GET /static_media/coreui/css/style.css HTTP/1.1" 200 36038 "https://opus.pds-rings.seti.org/opus/" "Mozilla/5.0 (Windows NT 10.0; Win64; x64) AppleWebKit/537.36 (KHTML, like Gecko) Chrome/134.0.0.0 Safari/537.36 OPR/119.0.0.0"
71.72.38.133 - - [31/May/2025:07:01:24 -0700] "GET /static_media/perfect-scrollbar/css/perfect-scrollbar.css HTTP/1.1" 200 4496 "https://opus.pds-rings.seti.org/opus/" "Mozilla/5.0 (Windows NT 10.0; Win64; x64) AppleWebKit/537.36 (KHTML, like Gecko) Chrome/134.0.0.0 Safari/537.36 OPR/119.0.0.0"
71.72.38.133 - - [31/May/2025:07:01:24 -0700] "GET /static_media/css/normalize.css HTTP/1.1" 200 2069 "https://opus.pds-rings.seti.org/opus/" "Mozilla/5.0 (Windows NT 10.0; Win64; x64) AppleWebKit/537.36 (KHTML, like Gecko) Chrome/134.0.0.0 Safari/537.36 OPR/119.0.0.0"
71.72.38.133 - - [31/May/2025:07:01:24 -0700] "GET /static_media/css/opus.css?version=68683a3afb29c9ef1190c76bfef14c844fa77a43 HTTP/1.1" 200 21279 "https://opus.pds-rings.seti.org/opus/" "Mozilla/5.0 (Windows NT 10.0; Win64; x64) AppleWebKit/537.36 (KHTML, like Gecko) Chrome/134.0.0.0 Safari/537.36 OPR/119.0.0.0"
71.72.38.133 - - [31/May/2025:07:01:24 -0700] "GET /static_media/css/loader.css?version=68683a3afb29c9ef1190c76bfef14c844fa77a43 HTTP/1.1" 200 786 "https://opus.pds-rings.seti.org/opus/" "Mozilla/5.0 (Windows NT 10.0; Win64; x64) AppleWebKit/537.36 (KHTML, like Gecko) Chrome/134.0.0.0 Safari/537.36 OPR/119.0.0.0"
71.72.38.133 - - [31/May/2025:07:01:25 -0700] "GET /static_media/feedback/css/feedback.css?version=68683a3afb29c9ef1190c76bfef14c844fa77a43 HTTP/1.1" 200 5411 "https://opus.pds-rings.seti.org/opus/" "Mozilla/5.0 (Windows NT 10.0; Win64; x64) AppleWebKit/537.36 (KHTML, like Gecko) Chrome/134.0.0.0 Safari/537.36 OPR/119.0.0.0"
71.72.38.133 - - [31/May/2025:07:01:25 -0700] "GET /static_media/img/new_25.gif HTTP/1.1" 200 1504 "https://opus.pds-rings.seti.org/opus/" "Mozilla/5.0 (Windows NT 10.0; Win64; x64) AppleWebKit/537.36 (KHTML, like Gecko) Chrome/134.0.0.0 Safari/537.36 OPR/119.0.0.0"
71.72.38.133 - - [31/May/2025:07:01:25 -0700] "GET /static_media/cdn_fallback/touchpunch/js/jquery.ui.touch-punch.0.2.3.min.js HTTP/1.1" 200 968 "https://opus.pds-rings.seti.org/opus/" "Mozilla/5.0 (Windows NT 10.0; Win64; x64) AppleWebKit/537.36 (KHTML, like Gecko) Chrome/134.0.0.0 Safari/537.36 OPR/119.0.0.0"
71.72.38.133 - - [31/May/2025:07:01:25 -0700] "GET /static_media/perfect-scrollbar/dist/perfect-scrollbar.js HTTP/1.1" 200 8150 "https://opus.pds-rings.seti.org/opus/" "Mozilla/5.0 (Windows NT 10.0; Win64; x64) AppleWebKit/537.36 (KHTML, like Gecko) Chrome/134.0.0.0 Safari/537.36 OPR/119.0.0.0"
71.72.38.133 - - [31/May/2025:07:01:25 -0700] "GET /static_media/feedback/js/modernizr-custom.js?version=68683a3afb29c9ef1190c76bfef14c844fa77a43 HTTP/1.1" 200 1971 "https://opus.pds-rings.seti.org/opus/" "Mozilla/5.0 (Windows NT 10.0; Win64; x64) AppleWebKit/537.36 (KHTML, like Gecko) Chrome/134.0.0.0 Safari/537.36 OPR/119.0.0.0"
71.72.38.133 - - [31/May/2025:07:01:25 -0700] "GET /static_media/feedback/js/config.js?version=68683a3afb29c9ef1190c76bfef14c844fa77a43 HTTP/1.1" 200 970 "https://opus.pds-rings.seti.org/opus/" "Mozilla/5.0 (Windows NT 10.0; Win64; x64) AppleWebKit/537.36 (KHTML, like Gecko) Chrome/134.0.0.0 Safari/537.36 OPR/119.0.0.0"
71.72.38.133 - - [31/May/2025:07:01:25 -0700] "GET /static_media/feedback/js/feedback.js?version=68683a3afb29c9ef1190c76bfef14c844fa77a43 HTTP/1.1" 200 6613 "https://opus.pds-rings.seti.org/opus/" "Mozilla/5.0 (Windows NT 10.0; Win64; x64) AppleWebKit/537.36 (KHTML, like Gecko) Chrome/134.0.0.0 Safari/537.36 OPR/119.0.0.0"
71.72.38.133 - - [31/May/2025:07:01:25 -0700] "GET /static_media/js/menu.js?version=68683a3afb29c9ef1190c76bfef14c844fa77a43 HTTP/1.1" 200 2172 "https://opus.pds-rings.seti.org/opus/" "Mozilla/5.0 (Windows NT 10.0; Win64; x64) AppleWebKit/537.36 (KHTML, like Gecko) Chrome/134.0.0.0 Safari/537.36 OPR/119.0.0.0"
71.72.38.133 - - [31/May/2025:07:01:25 -0700] "GET /static_media/js/opus.js?version=68683a3afb29c9ef1190c76bfef14c844fa77a43 HTTP/1.1" 200 17600 "https://opus.pds-rings.seti.org/opus/" "Mozilla/5.0 (Windows NT 10.0; Win64; x64) AppleWebKit/537.36 (KHTML, like Gecko) Chrome/134.0.0.0 Safari/537.36 OPR/119.0.0.0"
71.72.38.133 - - [31/May/2025:07:01:25 -0700] "GET /static_media/js/utils.js?version=68683a3afb29c9ef1190c76bfef14c844fa77a43 HTTP/1.1" 200 3247 "https://opus.pds-rings.seti.org/opus/" "Mozilla/5.0 (Windows NT 10.0; Win64; x64) AppleWebKit/537.36 (KHTML, like Gecko) Chrome/134.0.0.0 Safari/537.36 OPR/119.0.0.0"
71.72.38.133 - - [31/May/2025:07:01:25 -0700] "GET /static_media/js/cart.js?version=68683a3afb29c9ef1190c76bfef14c844fa77a43 HTTP/1.1" 200 10841 "https://opus.pds-rings.seti.org/opus/" "Mozilla/5.0 (Windows NT 10.0; Win64; x64) AppleWebKit/537.36 (KHTML, like Gecko) Chrome/134.0.0.0 Safari/537.36 OPR/119.0.0.0"
71.72.38.133 - - [31/May/2025:07:01:26 -0700] "GET /static_media/js/detail.js?version=68683a3afb29c9ef1190c76bfef14c844fa77a43 HTTP/1.1" 200 4186 "https://opus.pds-rings.seti.org/opus/" "Mozilla/5.0 (Windows NT 10.0; Win64; x64) AppleWebKit/537.36 (KHTML, like Gecko) Chrome/134.0.0.0 Safari/537.36 OPR/119.0.0.0"
71.72.38.133 - - [31/May/2025:07:01:26 -0700] "GET /static_media/js/browse.js?version=68683a3afb29c9ef1190c76bfef14c844fa77a43 HTTP/1.1" 200 36157 "https://opus.pds-rings.seti.org/opus/" "Mozilla/5.0 (Windows NT 10.0; Win64; x64) AppleWebKit/537.36 (KHTML, like Gecko) Chrome/134.0.0.0 Safari/537.36 OPR/119.0.0.0"
71.72.38.133 - - [31/May/2025:07:01:26 -0700] "GET /static_media/js/search.js?version=68683a3afb29c9ef1190c76bfef14c844fa77a43 HTTP/1.1" 200 13121 "https://opus.pds-rings.seti.org/opus/" "Mozilla/5.0 (Windows NT 10.0; Win64; x64) AppleWebKit/537.36 (KHTML, like Gecko) Chrome/134.0.0.0 Safari/537.36 OPR/119.0.0.0"
71.72.38.133 - - [31/May/2025:07:01:26 -0700] "GET /static_media/js/widgets.js?version=68683a3afb29c9ef1190c76bfef14c844fa77a43 HTTP/1.1" 200 18976 "https://opus.pds-rings.seti.org/opus/" "Mozilla/5.0 (Windows NT 10.0; Win64; x64) AppleWebKit/537.36 (KHTML, like Gecko) Chrome/134.0.0.0 Safari/537.36 OPR/119.0.0.0"
71.72.38.133 - - [31/May/2025:07:01:26 -0700] "GET /static_media/js/selectMetadata.js?version=68683a3afb29c9ef1190c76bfef14c844fa77a43 HTTP/1.1" 200 6687 "https://opus.pds-rings.seti.org/opus/" "Mozilla/5.0 (Windows NT 10.0; Win64; x64) AppleWebKit/537.36 (KHTML, like Gecko) Chrome/134.0.0.0 Safari/537.36 OPR/119.0.0.0"
71.72.38.133 - - [31/May/2025:07:01:26 -0700] "GET /static_media/js/sortMetadata.js?version=68683a3afb29c9ef1190c76bfef14c844fa77a43 HTTP/1.1" 200 4221 "https://opus.pds-rings.seti.org/opus/" "Mozilla/5.0 (Windows NT 10.0; Win64; x64) AppleWebKit/537.36 (KHTML, like Gecko) Chrome/134.0.0.0 Safari/537.36 OPR/119.0.0.0"
71.72.38.133 - - [31/May/2025:07:01:26 -0700] "GET /static_media/js/hash.js?version=68683a3afb29c9ef1190c76bfef14c844fa77a43 HTTP/1.1" 200 7361 "https://opus.pds-rings.seti.org/opus/" "Mozilla/5.0 (Windows NT 10.0; Win64; x64) AppleWebKit/537.36 (KHTML, like Gecko) Chrome/134.0.0.0 Safari/537.36 OPR/119.0.0.0"
71.72.38.133 - - [31/May/2025:07:01:26 -0700] "GET /static_media/js/dictionary.js?version=68683a3afb29c9ef1190c76bfef14c844fa77a43 HTTP/1.1" 200 1815 "https://opus.pds-rings.seti.org/opus/" "Mozilla/5.0 (Windows NT 10.0; Win64; x64) AppleWebKit/537.36 (KHTML, like Gecko) Chrome/134.0.0.0 Safari/537.36 OPR/119.0.0.0"
71.72.38.133 - - [31/May/2025:07:01:26 -0700] "GET /static_media/js/mutationObserver.js?version=68683a3afb29c9ef1190c76bfef14c844fa77a43 HTTP/1.1" 200 3754 "https://opus.pds-rings.seti.org/opus/" "Mozilla/5.0 (Windows NT 10.0; Win64; x64) AppleWebKit/537.36 (KHTML, like Gecko) Chrome/134.0.0.0 Safari/537.36 OPR/119.0.0.0"
71.72.38.133 - - [31/May/2025:07:01:26 -0700] "GET /static_media/feedback/image/envelope.jpg HTTP/1.1" 200 1582 "https://opus.pds-rings.seti.org/static_media/feedback/css/feedback.css?version=68683a3afb29c9ef1190c76bfef14c844fa77a43" "Mozilla/5.0 (Windows NT 10.0; Win64; x64) AppleWebKit/537.36 (KHTML, like Gecko) Chrome/134.0.0.0 Safari/537.36 OPR/119.0.0.0"
71.72.38.133 - - [31/May/2025:07:01:26 -0700] "GET /opus/__normalizeurl.json?instrument=Cassini+ISS,Voyager+ISS&observationtype=Image&target=Iapetus&cols=opusid,instrument,planet,target,time1,observationduration&widgets=instrument,observationtype,target&order=time1,opusid&view=detail&browse=gallery&cart_browse=gallery&startobs=1559&cart_startobs=1&detail=co-iss-n1510169456 HTTP/1.1" 200 823 "https://opus.pds-rings.seti.org/opus/" "Mozilla/5.0 (Windows NT 10.0; Win64; x64) AppleWebKit/537.36 (KHTML, like Gecko) Chrome/134.0.0.0 Safari/537.36 OPR/119.0.0.0"
71.72.38.133 - - [31/May/2025:07:01:26 -0700] "GET /opus/__notifications.json HTTP/1.1" 200 502 "https://opus.pds-rings.seti.org/opus/" "Mozilla/5.0 (Windows NT 10.0; Win64; x64) AppleWebKit/537.36 (KHTML, like Gecko) Chrome/134.0.0.0 Safari/537.36 OPR/119.0.0.0"
71.72.38.133 - - [31/May/2025:07:01:26 -0700] "GET /opus/__api/normalizeinput.json?instrument=Cassini+ISS,Voyager+ISS&observationtype=Image&target=Iapetus&reqno=1 HTTP/1.1" 200 476 "https://opus.pds-rings.seti.org/opus/" "Mozilla/5.0 (Windows NT 10.0; Win64; x64) AppleWebKit/537.36 (KHTML, like Gecko) Chrome/134.0.0.0 Safari/537.36 OPR/119.0.0.0"
71.72.38.133 - - [31/May/2025:07:01:26 -0700] "GET /opus/__cart/status.json?reqno=1 HTTP/1.1" 200 476 "https://opus.pds-rings.seti.org/opus/" "Mozilla/5.0 (Windows NT 10.0; Win64; x64) AppleWebKit/537.36 (KHTML, like Gecko) Chrome/134.0.0.0 Safari/537.36 OPR/119.0.0.0"
71.72.38.133 - - [31/May/2025:07:01:26 -0700] "GET /opus/__api/image/thumb/co-iss-n1510169456.json HTTP/1.1" 200 4105 "https://opus.pds-rings.seti.org/opus/" "Mozilla/5.0 (Windows NT 10.0; Win64; x64) AppleWebKit/537.36 (KHTML, like Gecko) Chrome/134.0.0.0 Safari/537.36 OPR/119.0.0.0"
71.72.38.133 - - [31/May/2025:07:01:26 -0700] "GET /opus/__notifications.json HTTP/1.1" 200 502 "https://opus.pds-rings.seti.org/opus/" "Mozilla/5.0 (Windows NT 10.0; Win64; x64) AppleWebKit/537.36 (KHTML, like Gecko) Chrome/134.0.0.0 Safari/537.36 OPR/119.0.0.0"
71.72.38.133 - - [31/May/2025:07:01:26 -0700] "GET /opus/__api/meta/result_count.json?instrument=Cassini+ISS,Voyager+ISS&observationtype=Image&target=Iapetus&cols=opusid,instrument,planet,target,time1,observationduration&widgets=instrument,observationtype,target&order=time1,opusid&view=detail&browse=gallery&cart_browse=gallery&startobs=1559&cart_startobs=1&detail=co-iss-n1510169456&reqno=1 HTTP/1.1" 200 463 "https://opus.pds-rings.seti.org/opus/" "Mozilla/5.0 (Windows NT 10.0; Win64; x64) AppleWebKit/537.36 (KHTML, like Gecko) Chrome/134.0.0.0 Safari/537.36 OPR/119.0.0.0"
71.72.38.133 - - [31/May/2025:07:01:26 -0700] "GET /opus/__api/image/thumb/co-iss-n1510169456.json HTTP/1.1" 200 759 "https://opus.pds-rings.seti.org/opus/" "Mozilla/5.0 (Windows NT 10.0; Win64; x64) AppleWebKit/537.36 (KHTML, like Gecko) Chrome/134.0.0.0 Safari/537.36 OPR/119.0.0.0"
71.72.38.133 - - [31/May/2025:07:01:26 -0700] "GET /opus/__initdetail/co-iss-n1510169456.html HTTP/1.1" 200 3170 "https://opus.pds-rings.seti.org/opus/" "Mozilla/5.0 (Windows NT 10.0; Win64; x64) AppleWebKit/537.36 (KHTML, like Gecko) Chrome/134.0.0.0 Safari/537.36 OPR/119.0.0.0"
71.72.38.133 - - [31/May/2025:07:01:27 -0700] "GET /opus/__api/metadata/co-iss-n1510169456.html?instrument=Cassini+ISS,Voyager+ISS&observationtype=Image&target=Iapetus&cols=opusid,instrument,planet,target,time1,observationduration&widgets=instrument,observationtype,target&order=time1,opusid&view=detail&browse=gallery&cart_browse=gallery&startobs=1559&cart_startobs=1&detail=co-iss-n1510169456&url_cols=opusid,instrument,planet,target,time1,observationduration HTTP/1.1" 200 1561 "https://opus.pds-rings.seti.org/opus/" "Mozilla/5.0 (Windows NT 10.0; Win64; x64) AppleWebKit/537.36 (KHTML, like Gecko) Chrome/134.0.0.0 Safari/537.36 OPR/119.0.0.0"
71.72.38.133 - - [31/May/2025:07:01:27 -0700] "GET /opus/__api/categories/co-iss-n1510169456.json?instrument=Cassini+ISS,Voyager+ISS&observationtype=Image&target=Iapetus&cols=opusid,instrument,planet,target,time1,observationduration&widgets=instrument,observationtype,target&order=time1,opusid&view=detail&browse=gallery&cart_browse=gallery&startobs=1559&cart_startobs=1&detail=co-iss-n1510169456 HTTP/1.1" 200 717 "https://opus.pds-rings.seti.org/opus/" "Mozilla/5.0 (Windows NT 10.0; Win64; x64) AppleWebKit/537.36 (KHTML, like Gecko) Chrome/134.0.0.0 Safari/537.36 OPR/119.0.0.0"
71.72.38.133 - - [31/May/2025:07:01:27 -0700] "GET /opus/__menu.json?instrument=Cassini+ISS,Voyager+ISS&observationtype=Image&target=Iapetus&cols=opusid,instrument,planet,target,time1,observationduration&widgets=instrument,observationtype,target&order=time1,opusid&view=detail&browse=gallery&cart_browse=gallery&startobs=1559&cart_startobs=1&detail=co-iss-n1510169456&expanded_cats=obs_general&reqno=1 HTTP/1.1" 200 14455 "https://opus.pds-rings.seti.org/opus/" "Mozilla/5.0 (Windows NT 10.0; Win64; x64) AppleWebKit/537.36 (KHTML, like Gecko) Chrome/134.0.0.0 Safari/537.36 OPR/119.0.0.0"
71.72.38.133 - - [31/May/2025:07:01:27 -0700] "GET /opus/__api/metadata/co-iss-n1510169456.html?cats=obs_type_image&url_cols=opusid,instrument,planet,target,time1,observationduration HTTP/1.1" 200 1402 "https://opus.pds-rings.seti.org/opus/" "Mozilla/5.0 (Windows NT 10.0; Win64; x64) AppleWebKit/537.36 (KHTML, like Gecko) Chrome/134.0.0.0 Safari/537.36 OPR/119.0.0.0"
71.72.38.133 - - [31/May/2025:07:01:27 -0700] "GET /opus/__api/metadata/co-iss-n1510169456.html?cats=obs_pds&url_cols=opusid,instrument,planet,target,time1,observationduration HTTP/1.1" 200 2161 "https://opus.pds-rings.seti.org/opus/" "Mozilla/5.0 (Windows NT 10.0; Win64; x64) AppleWebKit/537.36 (KHTML, like Gecko) Chrome/134.0.0.0 Safari/537.36 OPR/119.0.0.0"
71.72.38.133 - - [31/May/2025:07:01:27 -0700] "GET /opus/__api/metadata/co-iss-n1510169456.html?cats=obs_wavelength&url_cols=opusid,instrument,planet,target,time1,observationduration HTTP/1.1" 200 1698 "https://opus.pds-rings.seti.org/opus/" "Mozilla/5.0 (Windows NT 10.0; Win64; x64) AppleWebKit/537.36 (KHTML, like Gecko) Chrome/134.0.0.0 Safari/537.36 OPR/119.0.0.0"
71.72.38.133 - - [31/May/2025:07:01:27 -0700] "GET /opus/__api/metadata/co-iss-n1510169456.html?cats=obs_general&url_cols=opusid,instrument,planet,target,time1,observationduration HTTP/1.1" 200 2255 "https://opus.pds-rings.seti.org/opus/" "Mozilla/5.0 (Windows NT 10.0; Win64; x64) AppleWebKit/537.36 (KHTML, like Gecko) Chrome/134.0.0.0 Safari/537.36 OPR/119.0.0.0"
71.72.38.133 - - [31/May/2025:07:01:27 -0700] "GET /opus/__api/metadata/co-iss-n1510169456.html?cats=obs_surface_geometry&url_cols=opusid,instrument,planet,target,time1,observationduration HTTP/1.1" 200 1004 "https://opus.pds-rings.seti.org/opus/" "Mozilla/5.0 (Windows NT 10.0; Win64; x64) AppleWebKit/537.36 (KHTML, like Gecko) Chrome/134.0.0.0 Safari/537.36 OPR/119.0.0.0"
71.72.38.133 - - [31/May/2025:07:01:27 -0700] "GET /opus/__api/metadata/co-iss-n1510169456.html?cats=obs_profile&url_cols=opusid,instrument,planet,target,time1,observationduration HTTP/1.1" 200 5462 "https://opus.pds-rings.seti.org/opus/" "Mozilla/5.0 (Windows NT 10.0; Win64; x64) AppleWebKit/537.36 (KHTML, like Gecko) Chrome/134.0.0.0 Safari/537.36 OPR/119.0.0.0"
71.72.38.133 - - [31/May/2025:07:01:28 -0700] "GET /static_media/img/spinner.gif HTTP/1.1" 200 1849 "https://opus.pds-rings.seti.org/static_media/css/opus.css?version=68683a3afb29c9ef1190c76bfef14c844fa77a43" "Mozilla/5.0 (Windows NT 10.0; Win64; x64) AppleWebKit/537.36 (KHTML, like Gecko) Chrome/134.0.0.0 Safari/537.36 OPR/119.0.0.0"
71.72.38.133 - - [31/May/2025:07:01:27 -0700] "GET /opus/__api/metadata/co-iss-n1510169456.html?cats=obs_mission_cassini&url_cols=opusid,instrument,planet,target,time1,observationduration HTTP/1.1" 200 2712 "https://opus.pds-rings.seti.org/opus/" "Mozilla/5.0 (Windows NT 10.0; Win64; x64) AppleWebKit/537.36 (KHTML, like Gecko) Chrome/134.0.0.0 Safari/537.36 OPR/119.0.0.0"
71.72.38.133 - - [31/May/2025:07:01:27 -0700] "GET /opus/__api/metadata/co-iss-n1510169456.html?cats=obs_instrument_coiss&url_cols=opusid,instrument,planet,target,time1,observationduration HTTP/1.1" 200 2901 "https://opus.pds-rings.seti.org/opus/" "Mozilla/5.0 (Windows NT 10.0; Win64; x64) AppleWebKit/537.36 (KHTML, like Gecko) Chrome/134.0.0.0 Safari/537.36 OPR/119.0.0.0"
71.72.38.133 - - [31/May/2025:07:01:27 -0700] "GET /opus/__api/metadata/co-iss-n1510169456.html?cats=obs_surface_geometry__iapetus&url_cols=opusid,instrument,planet,target,time1,observationduration HTTP/1.1" 200 3128 "https://opus.pds-rings.seti.org/opus/" "Mozilla/5.0 (Windows NT 10.0; Win64; x64) AppleWebKit/537.36 (KHTML, like Gecko) Chrome/134.0.0.0 Safari/537.36 OPR/119.0.0.0"
71.72.38.133 - - [31/May/2025:07:01:27 -0700] "GET /opus/__api/metadata/co-iss-n1510169456.html?cats=obs_surface_geometry__saturn&url_cols=opusid,instrument,planet,target,time1,observationduration HTTP/1.1" 200 2972 "https://opus.pds-rings.seti.org/opus/" "Mozilla/5.0 (Windows NT 10.0; Win64; x64) AppleWebKit/537.36 (KHTML, like Gecko) Chrome/134.0.0.0 Safari/537.36 OPR/119.0.0.0"
71.72.38.133 - - [31/May/2025:07:01:27 -0700] "GET /opus/__api/metadata/co-iss-n1510169456.html?cats=obs_ring_geometry&url_cols=opusid,instrument,planet,target,time1,observationduration HTTP/1.1" 200 4658 "https://opus.pds-rings.seti.org/opus/" "Mozilla/5.0 (Windows NT 10.0; Win64; x64) AppleWebKit/537.36 (KHTML, like Gecko) Chrome/134.0.0.0 Safari/537.36 OPR/119.0.0.0"
104.131.35.70 - - [31/May/2025:07:01:34 -0700] "GET /opus/api/meta/result_count.json?instrumentid=Cassini+ISS,Galileo+SSI,New+Horizons+LORRI,Voyager+ISS HTTP/1.0" 200 3432 "-" "Python-urllib/1.17"
104.131.35.70 - - [31/May/2025:07:01:35 -0700] "GET /opus/api/images/full.json?instrumentid=Cassini+ISS,Galileo+SSI,New+Horizons+LORRI,Voyager+ISS&page=1651 HTTP/1.0" 200 56683 "-" "Python-urllib/1.17"
104.131.35.70 - - [31/May/2025:07:01:36 -0700] "GET /opus/api/metadata/S_IMG_CO_ISS_1490509012_N.json?cols=planet,target,targetclass,time1,instrument HTTP/1.0" 200 3653 "-" "Python-urllib/1.17"
185.191.171.19 - - [31/May/2025:07:02:57 -0700] "GET /robots.txt HTTP/1.1" 200 3695 "-" "Mozilla/5.0 (compatible; SemrushBot/7~bl; +http://www.semrush.com/bot.html)"
185.191.171.19 - - [31/May/2025:07:02:58 -0700] "GET /opus/?ring_obs_id=S%252FIMG%252FCO%252FISS%252F1697707537%252FN HTTP/1.1" 200 25218 "-" "Mozilla/5.0 (compatible; SemrushBot/7~bl; +http://www.semrush.com/bot.html)"
66.228.56.189 - - [31/May/2025:07:03:13 -0700] "GET / HTTP/1.1" 200 25158 "-" "Better Uptime Bot Mozilla/5.0 (Windows NT 10.0; Win64; x64) AppleWebKit/537.36 (KHTML, like Gecko) Chrome/74.0.3729.169 Safari/537.36"
10.1.10.1 - - [31/May/2025:07:05:41 -0700] "GET / HTTP/1.1" 200 25211 "-" "Zabbix"
10.1.10.1 - - [31/May/2025:07:05:45 -0700] "GET / HTTP/1.1" 200 25228 "-" "Zabbix"
168.119.178.203 - - [31/May/2025:07:06:13 -0700] "GET / HTTP/1.1" 200 25177 "-" "Better Uptime Bot Mozilla/5.0 (Windows NT 10.0; Win64; x64) AppleWebKit/537.36 (KHTML, like Gecko) Chrome/74.0.3729.169 Safari/537.36"
69.164.207.190 - - [31/May/2025:07:09:14 -0700] "GET / HTTP/1.1" 200 25178 "-" "Better Uptime Bot Mozilla/5.0 (Windows NT 10.0; Win64; x64) AppleWebKit/537.36 (KHTML, like Gecko) Chrome/74.0.3729.169 Safari/537.36"
10.1.10.1 - - [31/May/2025:07:10:02 -0700] "GET /opus/api/fields.json HTTP/1.1" 200 125189 "-" "python-requests/2.32.3"
10.1.10.1 - - [31/May/2025:07:10:41 -0700] "GET / HTTP/1.1" 200 25197 "-" "Zabbix"
10.1.10.1 - - [31/May/2025:07:10:46 -0700] "GET / HTTP/1.1" 200 25150 "-" "Zabbix"
45.80.158.209 - - [31/May/2025:07:12:11 -0700] "GET / HTTP/1.1" 200 25207 "-" "Mozilla/5.0 (Windows NT 10.0; Win64; x64) AppleWebKit/537.36 (KHTML, like Gecko) Chrome/58.0.3029.110 Safari/537.3"
194.195.253.108 - - [31/May/2025:07:12:13 -0700] "GET / HTTP/1.1" 200 25193 "-" "Better Uptime Bot Mozilla/5.0 (Windows NT 10.0; Win64; x64) AppleWebKit/537.36 (KHTML, like Gecko) Chrome/74.0.3729.169 Safari/537.36"
10.1.10.1 - - [31/May/2025:07:14:11 -0700] "GET /opus/api/fields.json HTTP/1.1" 200 125270 "-" "python-requests/2.32.3"
66.228.56.140 - - [31/May/2025:07:15:12 -0700] "GET / HTTP/1.1" 200 25215 "-" "Better Uptime Bot Mozilla/5.0 (Windows NT 10.0; Win64; x64) AppleWebKit/537.36 (KHTML, like Gecko) Chrome/74.0.3729.169 Safari/537.36"
10.1.10.1 - - [31/May/2025:07:15:41 -0700] "GET / HTTP/1.1" 200 25194 "-" "Zabbix"
10.1.10.1 - - [31/May/2025:07:15:46 -0700] "GET / HTTP/1.1" 200 25181 "-" "Zabbix"
97.107.140.120 - - [31/May/2025:07:17:40 -0700] "GET / HTTP/1.1" 200 158715 "-" "Mozilla/5.0 (iPhone; CPU iPhone OS 17_1_1 like Mac OS X) AppleWebKit/537.36 (KHTML"
97.107.140.120 - - [31/May/2025:07:17:41 -0700] "GET /favicon.ico HTTP/1.1" 200 7882 "-" "Mozilla/5.0 (iPhone; CPU iPhone OS 17_1_1 like Mac OS X) AppleWebKit/537.36 (KHTML"
66.228.56.140 - - [31/May/2025:07:18:13 -0700] "GET / HTTP/1.1" 200 25189 "-" "Better Uptime Bot Mozilla/5.0 (Windows NT 10.0; Win64; x64) AppleWebKit/537.36 (KHTML, like Gecko) Chrome/74.0.3729.169 Safari/537.36"
10.1.10.1 - - [31/May/2025:07:20:41 -0700] "GET / HTTP/1.1" 200 25204 "-" "Zabbix"
10.1.10.1 - - [31/May/2025:07:20:46 -0700] "GET / HTTP/1.1" 200 25158 "-" "Zabbix"
194.195.253.114 - - [31/May/2025:07:21:15 -0700] "GET / HTTP/1.1" 200 25166 "-" "Better Uptime Bot Mozilla/5.0 (Windows NT 10.0; Win64; x64) AppleWebKit/537.36 (KHTML, like Gecko) Chrome/74.0.3729.169 Safari/537.36"
195.3.221.137 - - [31/May/2025:07:21:19 -0700] "GET /smartdomuspad/error.php HTTP/1.1" 404 3815 "-" "Mozilla/5.0 (Windows NT 10.0; Win64; x64) AppleWebKit/537.36 (KHTML, like Gecko) Chrome/131.0.6778.140 Safari/537.36"
54.36.148.195 - - [31/May/2025:07:21:51 -0700] "GET /robots.txt HTTP/1.1" 200 3691 "-" "Mozilla/5.0 (compatible; AhrefsBot/7.0; +http://ahrefs.com/robot/)"
